https://www.nike.com/t/kd17-basketball-shoes-t6HTr6/FJ9487-500
https://www.nike.com/t/kd17-basketball-shoes-t6HTr6/HF1811-700
https://www.nike.com/t/wio-11-mens-road-running-shoes-sZJDFJ/FJ9509-004
https://www.nike.com/t/wio-11-mens-road-running-shoes-sZJDFJ/FJ9509-102
https://www.nike.com/t/wio-11-mens-road-running-shoes-sZJDFJ/FJ9509-105
https://www.nike.com/t/wio-11-mens-road-running-shoes-sZJDFJ/FJ9509-200
https://www.nike.com/t/wio-11-mens-road-running-shoes-sZJDFJ/FJ9509-400
https://www.nike.com/t/wio-11-prm-mens-road-running-shoes-sZJDFJ/HQ2940-800
https://www.nike.com/t/wio-11-se-mens-road-running-shoes-sZJDFJ/HQ7975-100
https://www.nike.com/t/wio-11-mens-road-running-shoes-sZJDFJ/FJ9509-002
https://www.nike.com/t/wio-11-mens-road-running-shoes-sZJDFJ/FJ9509-001
https://www.nike.com/t/nikecourt-heritage-mens-short-sleeve-tennis-top-cx0GrK/FN0318-010
https://www.nike.com/t/nikecourt-heritage-mens-short-sleeve-tennis-top-cx0GrK/FN0318-101
https://www.nike.com/t/nikecourt-heritage-mens-short-sleeve-tennis-top-cx0GrK/FN0318-429
https://www.nike.com/t/precision-7-easyon-mens-basketball-shoes-779glM/FN0324-006
https://www.nike.com/t/precision-7-easyon-mens-basketball-shoes-779glM/FN0324-400
https://www.nike.com/t/free-golf-nn-golf-shoes-dNtN9Ag5/FN0332-003
https://www.nike.com/t/free-golf-nn-golf-shoes-dNtN9Ag5/FN0332-101
https://www.nike.com/t/free-golf-nn-golf-shoes-dNtN9Ag5/FN0332-001
https://www.nike.com/t/free-golf-nn-golf-shoes-dNtN9Ag5/FN0332-103
https://www.nike.com/t/free-golf-nn-golf-shoes-dNtN9Ag5/FN0332-300
https://www.nike.com/t/free-golf-nn-golf-shoes-dNtN9Ag5/FN0332-401
https://www.nike.com/t/dri-fit-mens-long-sleeve-trail-running-t-shirt-6Jcff1/FN0827-078
https://www.nike.com/t/dri-fit-mens-long-sleeve-trail-running-t-shirt-6Jcff1/FN0827-652
https://www.nike.com/t/strike-mens-dri-fit-short-sleeve-soccer-top-bmC0FD/FN2399-702
https://www.nike.com/t/strike-mens-dri-fit-short-sleeve-soccer-top-bmC0FD/FN2399-010
https://www.nike.com/t/strike-mens-dri-fit-short-sleeve-soccer-top-bmC0FD/FN2399-652
https://www.nike.com/t/strike-mens-dri-fit-soccer-1-2-zip-drill-top-FKZXl4/FN2403-025
https://www.nike.com/t/strike-mens-dri-fit-soccer-pants-PSKdKT/FN2405-060
https://www.nike.com/t/strike-mens-dri-fit-soccer-pants-PSKdKT/FN2405-010
https://www.nike.com/t/strike-mens-dri-fit-soccer-pants-PSKdKT/FN2405-015
https://www.nike.com/t/sportswear-chill-terry-womens-loose-full-zip-french-terry-hoodie-rw97uV9Y/FN2415-233
https://www.nike.com/t/sportswear-chill-terry-womens-loose-full-zip-french-terry-hoodie-rw97uV9Y/FN2415-010
https://www.nike.com/t/sportswear-chill-terry-womens-loose-full-zip-french-terry-hoodie-plus-size-rw97uV9Y/FN2421-233
https://www.nike.com/t/sportswear-chill-terry-womens-loose-full-zip-french-terry-hoodie-plus-size-rw97uV9Y/FN2421-051
https://www.nike.com/t/sportswear-chill-terry-womens-slim-high-waisted-french-terry-sweatpants-LcJSpQ/FN2434-233
https://www.nike.com/t/sportswear-chill-terry-womens-slim-high-waisted-french-terry-sweatpants-LcJSpQ/FN2434-051
https://www.nike.com/t/one-classic-womens-dri-fit-short-sleeve-top-kSeuckXX/FN2798-338
https://www.nike.com/t/one-classic-womens-dri-fit-short-sleeve-top-kSeuckXX/FN2798-494
https://www.nike.com/t/one-classic-womens-dri-fit-short-sleeve-top-kSeuckXX/FN2798-657
https://www.nike.com/t/one-classic-womens-dri-fit-short-sleeve-top-kSeuckXX/FN2798-699
https://www.nike.com/t/one-classic-womens-dri-fit-short-sleeve-top-kSeuckXX/FN2798-010
https://www.nike.com/t/one-classic-womens-dri-fit-short-sleeve-top-kSeuckXX/FN2798-478
https://www.nike.com/t/one-classic-womens-dri-fit-short-sleeve-top-kSeuckXX/FN2798-233
https://www.nike.com/launch/r/FV6946-400
https://www.nike.com/launch/r/HV2021-200
https://www.nike.com/launch/r/HF0974-001
https://www.nike.com/launch/r/AR3565-005
https://www.nike.com/launch/r/HF9117-400
https://www.nike.com/launch/r/HF9117-003
https://www.nike.com/t/washington-spirit-soccer-scarf-C2rKHP/A21591069-WAS
https://www.nike.com/t/toronto-blue-jays-authentic-collection-practice-velocity-mens-dri-fit-t-shirt-ZJWGv1/NKM54EWTOR-J37
https://www.nike.com/t/roberto-clemente-pittsburgh-pirates-city-connect-womens-dri-fit-adv-nzvCwT/T7LW01O1QBT-UJS
https://www.nike.com/t/minnesota-twins-authentic-collection-city-connect-player-mens-dri-fit-pullover-jacket-Hw9c21/015C08XATIS-KZ8
https://www.nike.com/t/colorado-rockies-city-connect-charlie-blackmon-womens-replica-baseball-jersey-DjSjGc/T773DNCCDN7-B19
https://www.nike.com/t/boston-red-sox-authentic-collection-player-mens-dri-fit-pullover-jacket-nnG3Cp/015C160NBQ-5Z2
https://www.nike.com/t/miami-marlins-authentic-collection-dugout-mens-full-zip-bomber-jacket-R5dN6P/02F303M8MQM-TZ7
https://www.nike.com/t/angel-city-fc-2025-big-kids-nwsl-short-sleeve-pre-match-top-5FfYUgn3/B21568ANFC-LSB
https://www.nike.com/t/chicago-stars-fc-2025-big-kids-nwsl-short-sleeve-pre-match-top-uCVxsID0/B21568CHRS-BAH
https://www.nike.com/t/kc-current-2025-big-kids-nwsl-short-sleeve-pre-match-top-8CT0spas/B21568KCSL-HYD
https://www.nike.com/t/north-carolina-courage-2025-big-kids-nwsl-short-sleeve-pre-match-top-yjix356E/B21568NCCS-BLY
https://www.nike.com/t/san-diego-wave-fc-2025-big-kids-nwsl-short-sleeve-pre-match-top-cXcqmdJa/B21568SDWF-CHL
https://www.nike.com/t/babe-ruth-new-york-yankees-cooperstown-mens-dri-fit-adv-mS6Xlg/CO25009XQAE-K04
https://www.nike.com/t/jackie-robinson-brooklyn-dodgers-cooperstown-mens-dri-fit-adv-sh5FFr/CO2500CBQBK-YQU
https://www.nike.com/t/jackie-robinson-brooklyn-dodgers-cooperstown-mens-dri-fit-adv-tlWlvJ/CO2500CJQBK-YQU
https://www.nike.com/t/randy-johnson-arizona-diamondbacks-cooperstown-mens-dri-fit-adv-q2TRvL/CO25DIC1QTB-E23
https://www.nike.com/t/darryl-strawberry-new-york-mets-cooperstown-mens-dri-fit-adv-tD87gF/CO25NMC1QAS-F9Z
https://www.nike.com/t/ken-griffey-jr-seattle-mariners-cooperstown-mens-dri-fit-adv-0lhKsn/CO25S9C1QFK-ECE
https://www.nike.com/t/ken-griffey-jr-seattle-mariners-cooperstown-mens-dri-fit-adv-nHVvKQ/CO25S9C2QFK-ECE
https://www.nike.com/t/nolan-ryan-texas-rangers-cooperstown-mens-dri-fit-adv-xqm3jG/CO25TXC1Q45-HD8
https://www.nike.com/t/club-mens-full-zip-fleece-hoodie-ZDkscJ/HV4614-060
https://www.nike.com/t/club-mens-full-zip-fleece-hoodie-ZDkscJ/HV4614-640
https://www.nike.com/t/club-mens-full-zip-fleece-hoodie-ZDkscJ/HV4614-464
https://www.nike.com/t/cj-abrams-washington-nationals-mens-dri-fit-adv-WiAn9yKa/LM250ED2WT9-496
https://www.nike.com/t/mike-trout-los-angeles-angels-city-connect-mens-dri-fit-adv-ZrxfZB/LM25ANCCAN9-2ZQ
https://www.nike.com/t/jose-altuve-houston-astros-mens-dri-fit-adv-Fx3MpfzN/LM25HUA2HU9-457
https://www.nike.com/t/jp-crawford-seattle-mariners-mens-dri-fit-adv-1WmBXx/LM25MVHOMV9-5CD
https://www.nike.com/t/adley-rutschman-baltimore-orioles-mens-dri-fit-adv-yp2tGVM2/LM25OLA2OL9-YN0
https://www.nike.com/t/adley-rutschman-baltimore-orioles-mens-dri-fit-adv-iyZdTBk0/LM25OLRDOL9-YN0
https://www.nike.com/t/baltimore-orioles-mens-dri-fit-adv-QJPuLeJV/LM25OLRDOLE-1U2
https://www.nike.com/t/bo-jackson-kansas-city-royals-mens-dri-fit-adv-tVc3X023/LM25ROHOQA3-CXJ
https://www.nike.com/t/shohei-ohtani-los-angeles-dodgers-city-connect-womens-dri-fit-adv-6jCSBf/LM2WLDC1LD9-HU4
https://www.nike.com/t/jt-realmuto-philadelphia-phillies-womens-dri-fit-adv-9Bw34j/LM2WPPHOPP9-V90
https://www.nike.com/t/mens-dri-fit-tennis-t-shirt-IfRluv24/M11843IW25-BLK
https://www.nike.com/t/mens-dri-fit-tennis-t-shirt-IfRluv24/M11843IW25-TMC
https://www.nike.com/t/bay-fc-2025-mens-nwsl-short-sleeve-pre-match-top-nYbMdcrl/M21556SFFC-RCO
https://www.nike.com/t/nolan-ryan-houston-astros-cooperstown-mens-t-shirt-APFPKg9x/NJFD10AQ44-WP7
https://www.nike.com/t/adley-rutschman-baltimore-orioles-city-connect-fuse-womens-t-shirt-6cllML/NKAF00AOL9-UR4
https://www.nike.com/t/ronald-acuña-jr-atlanta-braves-city-connect-fuse-womens-t-shirt-wt8b0q/NKAF10AAW9-QR1
https://www.nike.com/t/bobby-witt-jr-kansas-city-royals-city-connect-fuse-womens-t-shirt-T59Hlp/NKAF44BRO9-1U4
https://www.nike.com/t/orlando-pride-fc-2025-stadium-home-mens-dri-fit-nwsl-replica-jersey-SekViToL/P35556ORLP-CBL
https://www.nike.com/t/orlando-pride-2025-stadium-away-mens-dri-fit-nwsl-replica-jersey-SekViToL/P35556ORLP-AGF
https://www.nike.com/t/racing-louisville-fc-2025-stadium-home-mens-dri-fit-nwsl-replica-jersey-Hdrfi3Rp/P35556RLFC-LVM
https://www.nike.com/t/nj-ny-gotham-fc-2025-stadium-home-mens-dri-fit-nwsl-replica-jersey-UIHsG6xu/P35556SBFC-BLK
https://www.nike.com/t/washington-spirit-2025-stadium-home-mens-dri-fit-nwsl-replica-jersey-fl69ryVd/P35556WSNS-BLK
https://www.nike.com/t/washington-spirit-2025-stadium-away-mens-dri-fit-nwsl-replica-jersey-fl69ryVd/P35556WSNS-LVD
https://www.nike.com/t/north-carolina-courage-2025-stadium-home-womens-dri-fit-nwsl-replica-jersey-aqJlJV68/P35557NCCS-GYB
https://www.nike.com/t/north-carolina-courage-2025-stadium-away-womens-dri-fit-nwsl-replica-jersey-aqJlJV68/P35557NCCS-APV
https://www.nike.com/t/angel-city-fc-2025-stadium-home-womens-dri-fit-nwsl-replica-jersey-GjLyzP4B/P35560ANFC-BLK
https://www.nike.com/t/angel-city-fc-2025-stadium-away-womens-dri-fit-nwsl-replica-jersey-GjLyzP4B/P35560ANFC-LSA
https://www.nike.com/t/chicago-red-stars-2025-stadium-home-womens-dri-fit-nwsl-replica-jersey-9lQGvUQM/P35560CHRS-BAL
https://www.nike.com/t/houston-dash-2025-stadium-goalkeeper-mens-nwsl-replica-jersey-ieihET7o/P35600HODS-GRS
https://www.nike.com/t/north-carolina-courage-2025-stadium-goalkeeper-mens-nwsl-replica-jersey-N8w22KnA/P35600NCCS-BAL
https://www.nike.com/t/orlando-pride-2025-stadium-goalkeeper-mens-nwsl-replica-jersey-rcybphLr/P35600ORLP-BAL
https://www.nike.com/t/racing-louisville-fc-2025-stadium-goalkeeper-mens-nwsl-replica-jersey-W4Xlo6Y4/P35600RLFC-CCM
https://www.nike.com/t/washington-spirit-2025-stadium-goalkeeper-mens-nwsl-replica-jersey-KgmwqiT3/P35600WSNS-BAL
https://www.nike.com/t/orlando-pride-fc-2025-stadium-home-big-kids-dri-fit-nwsl-replica-jersey-wIIKLMXH/P45558ORLP-CBL
https://www.nike.com/t/orlando-pride-2025-stadium-away-big-kids-dri-fit-nwsl-replica-jersey-wIIKLMXH/P45558ORLP-AGF
https://www.nike.com/t/nj-ny-gotham-fc-2025-stadium-home-big-kids-dri-fit-nwsl-replica-jersey-EGppL2CB/P45558SBFC-BLK
https://www.nike.com/t/utah-royals-fc-2025-stadium-home-big-kids-dri-fit-nwsl-replica-jersey-cy8DLMHp/P45558UTRO-VMZ
https://www.nike.com/t/utah-royals-fc-2025-stadium-away-big-kids-dri-fit-nwsl-replica-jersey-cy8DLMHp/P45558UTRO-DRG
https://www.nike.com/t/angel-city-fc-2025-stadium-home-big-kids-dri-fit-nwsl-replica-jersey-EYtewWyK/P45561ANFC-BLK
https://www.nike.com/t/angel-city-fc-2025-stadium-away-big-kids-dri-fit-nwsl-replica-jersey-EYtewWyK/P45561ANFC-LSA
https://www.nike.com/t/chicago-red-stars-2025-stadium-home-big-kids-dri-fit-nwsl-replica-jersey-AmEm96jy/P45561CHRS-BAL
https://www.nike.com/t/alabama-crimson-tide-menslimited-baseball-jersey-Nk7JeQKG/UNBB0DUYABN-0YS
https://www.nike.com/t/womens-tennis-boxy-t-shirt-Y1sJRZd6/W11122IW25-BLK
https://www.nike.com/t/womens-tennis-boxy-t-shirt-Y1sJRZd6/W11122IW25-DKH
https://www.nike.com/t/chicago-stars-fc-2025-womens-nwsl-short-sleeve-pre-match-top-kvq7yinh/W21567CHRS-BAH
https://www.nike.com/t/houston-dash-2025-womens-nwsl-short-sleeve-pre-match-top-eV8fV8RS/W21567HODS-BOB
https://www.nike.com/t/seattle-reign-2025-womens-nwsl-short-sleeve-pre-match-top-v7QQ0aH1/W21567SRFC-SWB
https://www.nike.com/t/shox-r4-big-kids-shoes-TFqKVt/CW2626-101
https://www.nike.com/t/shox-r4-big-kids-shoes-TFqKVt/CW2626-005
https://www.nike.com/t/shox-r4-big-kids-shoes-TFqKVt/CW2626-003
https://www.nike.com/t/air-max-nova-big-kids-shoes-kvs5rj/FN4446-100
https://www.nike.com/t/air-max-nova-big-kids-shoes-kvs5rj/FN4446-001
https://www.nike.com/t/sportswear-windrunner-womens-storm-fit-adv-oversized-trench-coat-PNHsK3/FV6307-010
https://www.nike.com/t/tour-womens-dri-fit-adv-golf-skirt-KT3kKT/FZ6312-010
https://www.nike.com/t/tour-womens-dri-fit-adv-golf-skirt-KT3kKT/FZ6312-422
https://www.nike.com/t/air-max-dn8-womens-shoes-Hjv9mj/HF5509-601
https://www.nike.com/t/air-max-dn8-womens-shoes-Hjv9mj/HF5509-001
https://www.nike.com/t/air-max-dn8-womens-shoes-Hjv9mj/HF5509-002
https://www.nike.com/t/air-max-dn8-womens-shoes-Hjv9mj/HF5509-600
https://www.nike.com/t/air-max-dn8-womens-shoes-Hjv9mj/HF5509-900
https://www.nike.com/t/air-max-dn8-mens-shoes-YPsmAOxu/HQ4681-010
https://www.nike.com/t/air-max-dn8-mens-shoes-YPsmAOxu/FQ7860-002
https://www.nike.com/t/air-max-dn8-mens-shoes-YPsmAOxu/FQ7860-003
https://www.nike.com/t/air-max-dn8-mens-shoes-YPsmAOxu/FQ7860-006
https://www.nike.com/t/air-max-dn8-mens-shoes-YPsmAOxu/FQ7860-008
https://www.nike.com/t/air-max-dn8-mens-shoes-YPsmAOxu/FQ7860-100
https://www.nike.com/t/air-max-dn8-mens-shoes-YPsmAOxu/FQ7860-500
https://www.nike.com/t/air-max-dn8-mens-shoes-YPsmAOxu/FQ7860-001
https://www.nike.com/t/air-max-dn8-mens-shoes-YPsmAOxu/FQ7860-009
https://www.nike.com/t/air-max-dn8-mens-shoes-YPsmAOxu/FQ7860-800
https://www.nike.com/t/air-max-dn8-big-kids-shoes-IhSXDA2w/HV5258-001
https://www.nike.com/t/air-max-dn8-big-kids-shoes-IhSXDA2w/HF7310-001
https://www.nike.com/t/air-max-dn8-big-kids-shoes-IhSXDA2w/HF7310-004
https://www.nike.com/t/air-max-dn8-big-kids-shoes-IhSXDA2w/HF7310-005
https://www.nike.com/t/air-max-dn8-big-kids-shoes-IhSXDA2w/HF7310-003
https://www.nike.com/t/air-max-dn8-big-kids-shoes-IhSXDA2w/HF7310-800
https://www.nike.com/launch/r/HV5776-200
https://www.nike.com/t/jordan-4-retro-abundance-little-kids-shoes-5q0DmbMI/HV4385-003
https://www.nike.com/t/air-jordan-4-retro-abundance-womens-shoes-80jPMmEm/HV0823-003
https://www.nike.com/t/jordan-4-retro-abundance-baby-toddler-shoes-5q0DmbMI/HV4384-003
https://www.nike.com/launch/r/CZ8065-600
https://www.nike.com/t/texas-rangers-authentic-collection-mens-dri-fit-sleeveless-pullover-hoodie-bd1n366u/013U198NTER-2G5
https://www.nike.com/t/georgia-bulldogs-victory-mens-dri-fit1-2-zip-long-sleeve-top-u1H9XPW2/0343074MNGB-GYY
https://www.nike.com/t/florida-state-seminoles-victory-mens-dri-fit1-2-zip-long-sleeve-top-NbP0DzVn/03430C4BFTN-GYY
https://www.nike.com/t/houston-dash-2025-big-kids-nwsl-short-sleeve-pre-match-top-AMiv5FRs/B21568HODS-BOB
https://www.nike.com/t/portland-thorns-fc-2025-big-kids-nwsl-short-sleeve-pre-match-top-7BtCsJAU/B21568PTOR-LFI
https://www.nike.com/t/racing-louisville-fc-2025-big-kids-nwsl-short-sleeve-pre-match-top-7STacpBy/B21568RLFC-FOM
https://www.nike.com/t/nj-ny-gotham-fc-2025-big-kids-nwsl-short-sleeve-pre-match-top-8wwaoGVF/B21568SBFC-MAB
https://www.nike.com/t/bay-fc-2025-big-kids-nwsl-short-sleeve-pre-match-top-zf8pSjTE/B21568SFFC-RCO
https://www.nike.com/t/seattle-reign-2025-big-kids-nwsl-short-sleeve-pre-match-top-KLXuGuR7/B21568SRFC-SWB
https://www.nike.com/t/utah-royals-fc-2025-big-kids-nwsl-short-sleeve-pre-match-top-Ugc5q99H/B21568UTRO-BUG
https://www.nike.com/t/washington-spirit-2025-big-kids-nwsl-short-sleeve-pre-match-top-KC67cvue/B21568WSNS-BDT
https://www.nike.com/t/club-unstructured-tennis-cap-9JmmNDec/C11350IW25-BLK
https://www.nike.com/t/club-unstructured-tennis-cap-9JmmNDec/C11350IW25-ROY
https://www.nike.com/t/rise-tennis-trucker-cap-W0fE2WC8/C11724IW25-BLK
https://www.nike.com/t/rise-tennis-trucker-cap-W0fE2WC8/C11724IW25-NVY
https://www.nike.com/t/jordan-nu-retro-1-g-golf-shoes-VNgL2v/FZ4153-101
https://www.nike.com/t/jordan-nu-retro-1-g-golf-shoes-VNgL2v/FZ4153-001
https://www.nike.com/t/jordan-nu-retro-1-g-golf-shoes-VNgL2v/FZ4153-003
https://www.nike.com/t/jordan-nu-retro-1-g-golf-shoes-VNgL2v/FZ4153-100
https://www.nike.com/t/corbin-carroll-arizona-diamondbacks-mens-dri-fit-adv-U0T0Pb9C/LM25DKA5DQ9-FZD
https://www.nike.com/t/adley-rutschman-baltimore-orioles-mens-dri-fit-adv-2MQlOaO4/LM25OLHOOL9-YN0
https://www.nike.com/t/gunnar-henderson-baltimore-orioles-mens-dri-fit-adv-2MQlOaO4/LM25OLHOOL9-YN1
https://www.nike.com/t/angel-city-fc-2025-mens-nwsl-short-sleeve-pre-match-top-7ar8xG3j/M21556ANFC-LSB
https://www.nike.com/t/chicago-stars-fc-2025-mens-nwsl-short-sleeve-pre-match-top-dBRh2nuR/M21556CHRS-BAH
https://www.nike.com/t/houston-dash-2025-mens-nwsl-short-sleeve-pre-match-top-luDk9qfP/M21556HODS-BOB
https://www.nike.com/t/kc-current-2025-mens-nwsl-short-sleeve-pre-match-top-HLuf1OKP/M21556KCSL-HYD
https://www.nike.com/t/north-carolina-courage-2025-mens-nwsl-short-sleeve-pre-match-top-lQ74V6o3/M21556NCCS-BLY
https://www.nike.com/t/portland-thorns-fc-2025-mens-nwsl-short-sleeve-pre-match-top-fIDNOtvL/M21556PTOR-LFI
https://www.nike.com/t/racing-louisville-fc-2025-mens-nwsl-short-sleeve-pre-match-top-zT827ISa/M21556RLFC-FOM
https://www.nike.com/t/nj-ny-gotham-fc-2025-mens-nwsl-short-sleeve-pre-match-top-YTKioJ2c/M21556SBFC-MAB
https://www.nike.com/t/san-diego-wave-fc-2025-mens-nwsl-short-sleeve-pre-match-top-3YLxTF48/M21556SDWF-CHL
https://www.nike.com/t/seattle-reign-2025-mens-nwsl-short-sleeve-pre-match-top-QSNHONjL/M21556SRFC-SWB
https://www.nike.com/t/utah-royals-fc-2025-mens-nwsl-short-sleeve-pre-match-top-R1Chaxjt/M21556UTRO-BUG
https://www.nike.com/t/washington-spirit-2025-mens-nwsl-short-sleeve-pre-match-top-Zh0R2qwr/M21556WSNS-BDT
https://www.nike.com/t/angel-city-fc-nwsl-anthem-jacket-ywjSxF3b/M62604ANFC-BKC
https://www.nike.com/t/chicago-stars-fc-nwsl-anthem-jacket-b0e7ZvKi/M62604CHRS-BLL
https://www.nike.com/t/houston-dash-nwsl-anthem-jacket-fXumTqKQ/M62604HODS-BUK
https://www.nike.com/t/kc-current-nwsl-anthem-jacket-1HRh1FCd/M62604KCSL-HYD
https://www.nike.com/t/north-carolina-courage-nwsl-anthem-jacket-Ueluzixs/M62604NCCS-VYB
https://www.nike.com/t/portland-thorns-fc-nwsl-anthem-jacket-wv21cPQd/M62604PTOR-BBC
https://www.nike.com/t/racing-louisville-fc-nwsl-anthem-jacket-1S31tOI0/M62604RLFC-FIM
https://www.nike.com/t/nj-ny-gotham-fc-nwsl-anthem-jacket-kHI1m0I2/M62604SBFC-BCO
https://www.nike.com/t/san-diego-wave-fc-nwsl-anthem-jacket-vr7YJ3Vy/M62604SDWF-BJB
https://www.nike.com/t/bay-fc-nwsl-anthem-jacket-LmXTo9qe/M62604SFFC-ONS
https://www.nike.com/t/seattle-reign-nwsl-anthem-jacket-dPHqeM2q/M62604SRFC-BBB
https://www.nike.com/t/utah-royals-fc-nwsl-anthem-jacket-wJG24gLH/M62604UTRO-DRG
https://www.nike.com/t/washington-spirit-nwsl-anthem-jacket-bdZiAZ82/M62604WSNS-SPN
https://www.nike.com/t/st-louis-cardinals-cooperstown-retro-mens-t-shirt-Q1Mxx0/N1994EYS67-CUE
https://www.nike.com/t/kc-current-2025-stadium-home-mens-dri-fit-nwsl-replica-jersey-dztAtYDB/P35556KCSL-RED
https://www.nike.com/t/kc-current-2025-stadium-away-mens-dri-fit-nwsl-replica-jersey-dztAtYDB/P35556KCSL-HYT
https://www.nike.com/t/utah-royals-fc-2025-stadium-home-mens-dri-fit-nwsl-replica-jersey-ur90TQ4p/P35556UTRO-VMZ
https://www.nike.com/t/utah-royals-fc-2025-stadium-away-mens-dri-fit-nwsl-replica-jersey-ur90TQ4p/P35556UTRO-DRG
https://www.nike.com/t/orlando-pride-fc-2025-stadium-home-womens-dri-fit-nwsl-replica-jersey-RMrN8MDm/P35557ORLP-CBL
https://www.nike.com/t/orlando-pride-2025-stadium-away-womens-dri-fit-nwsl-replica-jersey-RMrN8MDm/P35557ORLP-AGF
https://www.nike.com/t/racing-louisville-fc-2025-stadium-home-womens-dri-fit-nwsl-replica-jersey-r1fSMdcO/P35557RLFC-LVM
https://www.nike.com/t/nj-ny-gotham-fc-2025-stadium-home-womens-dri-fit-nwsl-replica-jersey-ZlvHdW5Y/P35557SBFC-BLK
https://www.nike.com/t/utah-royals-fc-2025-stadium-home-womens-dri-fit-nwsl-replica-jersey-TXbQccJ7/P35557UTRO-VMZ
https://www.nike.com/t/utah-royals-fc-2025-stadium-away-womens-dri-fit-nwsl-replica-jersey-TXbQccJ7/P35557UTRO-DRG
https://www.nike.com/t/angel-city-fc-2025-stadium-home-mens-dri-fit-nwsl-replica-jersey-WAEIXRbA/P35559ANFC-BLK
https://www.nike.com/t/angel-city-fc-2025-stadium-away-mens-dri-fit-nwsl-replica-jersey-WAEIXRbA/P35559ANFC-LSA
https://www.nike.com/t/chicago-red-stars-2025-stadium-home-mens-dri-fit-nwsl-replica-jersey-o4R56Ij5/P35559CHRS-BAL
https://www.nike.com/t/houston-dash-2025-stadium-home-mens-dri-fit-nwsl-replica-jersey-qi3bGVbb/P35559HODS-VOR
https://www.nike.com/t/san-diego-wave-fc-2025-stadium-home-mens-dri-fit-nwsl-replica-jersey-58OjfI7W/P35559SDWF-WHT
https://www.nike.com/t/houston-dash-2025-stadium-home-womens-dri-fit-nwsl-replica-jersey-cPnuALtF/P35560HODS-VOR
https://www.nike.com/t/san-diego-wave-fc-2025-stadium-home-womens-dri-fit-nwsl-replica-jersey-YKxctCUQ/P35560SDWF-WHT
https://www.nike.com/t/angel-city-fc-2025-stadium-goalkeeper-mens-nwsl-replica-jersey-OYEmmc5e/P35600ANFC-BAL
https://www.nike.com/t/kc-current-2025-stadium-goalkeeper-mens-nwsl-replica-jersey-vZMpWWLr/P35600KCSL-CCM
https://www.nike.com/t/nj-ny-gotham-gc-2025-stadium-goalkeeper-mens-nwsl-replica-jersey-t0kWRoYc/P35600SBFC-GRS
https://www.nike.com/t/san-deigo-wave-fc-2025-stadium-goalkeeper-mens-nwsl-replica-jersey-fIIMk45W/P35600SDWF-GRS
https://www.nike.com/t/bay-fc-2025-stadium-goalkeeper-mens-nwsl-replica-jersey-GwhWIDxk/P35600SFFC-GRS
https://www.nike.com/t/utah-royals-fc-2025-stadium-goalkeeper-mens-nwsl-replica-jersey-HUksiePh/P35600UTRO-GRS
https://www.nike.com/t/kc-current-2025-stadium-home-big-kids-dri-fit-nwsl-replica-jersey-Y4zZUEGm/P45558KCSL-RED
https://www.nike.com/t/kc-current-2025-stadium-away-big-kids-dri-fit-nwsl-replica-jersey-Y4zZUEGm/P45558KCSL-HYT
https://www.nike.com/t/racing-louisville-fc-2025-stadium-home-big-kids-dri-fit-nwsl-replica-jersey-N9KTUNej/P45558RLFC-LVM
https://www.nike.com/t/houston-dash-2025-stadium-home-big-kids-dri-fit-nwsl-replica-jersey-E4iV66d8/P45561HODS-VOR
https://www.nike.com/t/san-diego-wave-fc-2025-stadium-home-big-kids-dri-fit-nwsl-replica-jersey-0ihWOIg2/P45561SDWF-WHT
https://www.nike.com/t/angel-city-fc-2025-womens-nwsl-short-sleeve-pre-match-top-gFWzdmd4/W21567ANFC-LSB
https://www.nike.com/t/kc-current-2025-womens-nwsl-short-sleeve-pre-match-top-bWhukHkl/W21567KCSL-HYD
https://www.nike.com/t/north-carolina-courage-2025-womens-nwsl-short-sleeve-pre-match-top-Xuh0alXr/W21567NCCS-BLY
https://www.nike.com/t/portland-thorns-fc-2025-womens-nwsl-short-sleeve-pre-match-top-CgtDa50d/W21567PTOR-LFI
https://www.nike.com/t/racing-louisville-fc-2025-womens-nwsl-short-sleeve-pre-match-top-tQpYkyzM/W21567RLFC-FOM
https://www.nike.com/t/nj-ny-gotham-fc-2025-womens-nwsl-short-sleeve-pre-match-top-qv5AQOI9/W21567SBFC-MAB
https://www.nike.com/t/san-diego-wave-fc-2025-womens-nwsl-short-sleeve-pre-match-top-WWhEDcKs/W21567SDWF-CHL
https://www.nike.com/t/bay-fc-2025-womens-nwsl-short-sleeve-pre-match-top-wSciWoIh/W21567SFFC-RCO
https://www.nike.com/t/utah-royals-fc-2025-womens-nwsl-short-sleeve-pre-match-top-85r3N32O/W21567UTRO-BUG
https://www.nike.com/t/washington-spirit-2025-womens-nwsl-short-sleeve-pre-match-top-OennPsfX/W21567WSNS-BDT
https://www.nike.com/t/swim-womens-cover-up-shorts-ykjZ7bhO/NESSF320-001
https://www.nike.com/t/swim-womens-cover-up-shorts-ykjZ7bhO/NESSF320-440
https://www.nike.com/t/swim-womens-cover-up-shorts-ykjZ7bhO/NESSF320-678
https://www.nike.com/t/swim-womens-cover-up-shorts-ykjZ7bhO/NESSF320-100
https://www.nike.com/t/swim-womens-cover-up-shorts-ykjZ7bhO/NESSF320-576
https://www.nike.com/t/swim-breaker-mens-7-fully-lined-volley-shorts-1Rtgko0w/NESSF507-001
https://www.nike.com/t/swim-breaker-mens-7-fully-lined-volley-shorts-1Rtgko0w/NESSF507-054
https://www.nike.com/t/swim-breaker-mens-7-fully-lined-volley-shorts-1Rtgko0w/NESSF507-440
https://www.nike.com/t/swim-breaker-mens-5-brief-lined-volley-shorts-QcyKZnXb/NESSF560-241
https://www.nike.com/t/swim-breaker-mens-5-brief-lined-volley-shorts-QcyKZnXb/NESSF560-001
https://www.nike.com/t/washington-nationals-authentic-collection-game-time-mens-dri-fit-pullover-crew-Sb3rvT/013D195NWTL-HHA
https://www.nike.com/t/atlanta-braves-authentic-collection-player-mens-dri-fit-pullover-sweatshirt-0nvmlzvh/015C046NAW-KK2
https://www.nike.com/t/miami-marlins-authentic-collection-player-mens-dri-fit-pullover-sweatshirt-YTPHYNfF/015C092NMQM-KK2
https://www.nike.com/t/tennessee-volunteers-victory-mens-dri-fit1-2-zip-long-sleeve-top-FQNjOaMP/034304WTUTN-GYY
https://www.nike.com/t/alabama-crimson-tide-victory-mens-dri-fit1-2-zip-long-sleeve-top-Oo9LU4kE/034308GNABN-GYY
https://www.nike.com/t/florida-gators-victory-mens-dri-fit1-2-zip-long-sleeve-top-llhRTyMf/03430B2AUFN-YEH
https://www.nike.com/t/cleveland-guardians-authentic-collection-mens-short-sleeve-windshirt-Vb55TM0h/034D4FAGUA-R2D
https://www.nike.com/t/usmnt-standard-issue-mens-dri-fit-soccer-pants-32Sldj/FJ7325-113
https://www.nike.com/t/air-max-dn-baby-toddler-shoes-bsiOux6d/FN4452-006
https://www.nike.com/t/air-max-dn-baby-toddler-shoes-bsiOux6d/FN4452-007
https://www.nike.com/t/air-max-dn-baby-toddler-shoes-bsiOux6d/FN4452-402
https://www.nike.com/t/air-max-dn-little-kids-shoes-bsiOux6d/FN4453-006
https://www.nike.com/t/air-max-dn-little-kids-shoes-bsiOux6d/FN4453-004
https://www.nike.com/t/air-max-dn-little-kids-shoes-bsiOux6d/FN4453-007
https://www.nike.com/t/air-max-dn-little-kids-shoes-bsiOux6d/FN4453-402
https://www.nike.com/t/air-max-dn-little-kids-shoes-bsiOux6d/HV6420-001
https://www.nike.com/t/jordan-13-retro-court-of-legends-little-kids-shoes-T684TLKG/HQ0779-103
https://www.nike.com/t/mike-trout-los-angeles-angels-mens-dri-fit-adv-llptmF/LM25ANHOAN9-2ZQ
https://www.nike.com/t/riley-greene-detroit-tigers-mens-dri-fit-adv-wfPX1V/LM25DGHODG9-L33
https://www.nike.com/t/tarik-skubal-detroit-tigers-mens-dri-fit-adv-wfPX1V/LM25DGHODG9-L34
https://www.nike.com/t/jung-hoo-lee-san-francisco-giants-mens-dri-fit-adv-Zk9r04/LM25GIA6GI9-W43
https://www.nike.com/t/logan-webb-san-francisco-giants-mens-dri-fit-adv-r3fJ6C/LM25GIHOGI9-W42
https://www.nike.com/t/jung-hoo-lee-san-francisco-giants-mens-dri-fit-adv-r3fJ6C/LM25GIHOGI9-W43
https://www.nike.com/t/shohei-ohtani-los-angeles-dodgers-mens-dri-fit-adv-sjzG0K/LM25LDA1LD9-HU4
https://www.nike.com/t/mookie-betts-los-angeles-dodgers-mens-dri-fit-adv-SR35FG/LM25LDHOLD9-HU2
https://www.nike.com/t/bryce-harper-philadelphia-phillies-mens-dri-fit-adv-vd7Gxv/LM25PPA1PP9-V91
https://www.nike.com/t/trea-turner-philadelphia-phillies-mens-dri-fit-adv-vd7Gxv/LM25PPA1PP9-V99
https://www.nike.com/t/bryce-harper-philadelphia-phillies-mens-dri-fit-adv-HD6bbJ/LM25PPHOPP9-V91
https://www.nike.com/t/st-louis-cardinals-2-hit-mens-t-shirt-cld61d/N1994EYSCN-9UX
https://www.nike.com/t/dri-fit-tour-mens-floral-golf-polo-vnxcKr/DX6089-422
https://www.nike.com/t/dri-fit-tour-mens-floral-golf-polo-vnxcKr/DX6089-101
https://www.nike.com/t/jordan-essentials-chicago-mens-jacket-Ccwpfd/HF9317-257
https://www.nike.com/t/jordan-essentials-chicago-mens-jacket-Ccwpfd/HF9317-010
https://www.nike.com/t/tech-mens-woven-cargo-pants-VQwbmf/HJ2940-010
https://www.nike.com/t/tech-mens-woven-cargo-pants-VQwbmf/HJ2940-355
https://www.nike.com/t/traveler-flow-blue-light-glasses-G9yGx2Xw/IB3677X-054
https://www.nike.com/t/traveler-flow-blue-light-glasses-G9yGx2Xw/IB3677X-031
https://www.nike.com/t/traveler-flow-blue-light-glasses-G9yGx2Xw/IB3677X-722
https://www.nike.com/t/traveler-flow-blue-light-glasses-G9yGx2Xw/IB3677X-912
https://www.nike.com/t/traveler-drift-blue-light-glasses-8Cldfnbk/IB3678X-666
https://www.nike.com/t/traveler-drift-blue-light-glasses-8Cldfnbk/IB3678X-010
https://www.nike.com/t/traveler-drift-blue-light-glasses-8Cldfnbk/IB3678X-757
https://www.nike.com/t/traveler-drift-blue-light-glasses-8Cldfnbk/IB3678X-923
https://www.nike.com/t/vapor-12-hypersmash-mens-hard-court-tennis-shoes-scfKKl/HJ0549-100
https://www.nike.com/t/philadelphia-phillies-mens-dri-fit-adv-6LDSPpfO/LM2503K2PP-1U2
https://www.nike.com/t/mookie-betts-los-angeles-dodgers-mens-dri-fit-adv-h4jVxV/LM25LDA2LD9-HU2
https://www.nike.com/t/2025-world-tour-tokyo-series-matchup-mens-t-shirt-qKIBX8Pt/N19906FMW5-QLU
https://www.nike.com/t/los-angeles-dodgers-2025-world-tour-tokyo-series-baseball-mens-t-shirt-jjRtiQ62/N1994EWMW5-RHN
https://www.nike.com/t/chicago-cubs-2025-world-tour-tokyo-series-baseball-mens-t-shirt-jjRtiQ62/N1994EWMW5-S5G
https://www.nike.com/t/chicago-cubs-2025-world-tour-tokyo-series-local-logo-club-mens-pullover-hoodie-p6i0ySnZ/NKDK4EWMW5-D8V
https://www.nike.com/t/los-angeles-dodgers-2025-world-tour-tokyo-series-local-logo-club-mens-pullover-hoodie-p6i0ySnZ/NKDK4EWMW5-UN8
https://www.nike.com/t/los-angeles-dodgers-2025-world-tour-tokyo-series-local-logo-legend-mens-dri-fit-t-shirt-CBOAGYR4/NKGK4EWMW5-BKH
https://www.nike.com/t/chicago-cubs-2025-world-tour-tokyo-series-local-logo-legend-mens-dri-fit-t-shirt-CBOAGYR4/NKGK4EWMW5-LS4
https://www.nike.com/t/pittsburgh-pirates-velocity-mens-dri-fit-t-shirt-04f0SmIp/NKPQ00APTB-3UD
https://www.nike.com/t/san-diego-wave-fc-2025-stadium-away-mens-dri-fit-nwsl-replica-jersey-tOzeR2HL/P35556SDWF-BJB
https://www.nike.com/t/san-diego-wave-fc-2025-stadium-away-womens-dri-fit-nwsl-replica-jersey-SkBwvucF/P35557SDWF-BJB
https://www.nike.com/t/chicago-cubs-2025-world-tour-tokyo-series-mens-replica-jersey-6BHwkj/T770EJWHEJ-YW8
https://www.nike.com/t/los-angeles-dodgers-2025-world-tour-tokyo-series-mens-replica-jersey-cNWZXn/T770LDWHLD-YW8
https://www.nike.com/t/toddler-femme-sport-t-shirt-wFYeBEms/26L030-ACG
https://www.nike.com/t/toddler-femme-sport-t-shirt-wFYeBEms/26L030-F00
https://www.nike.com/t/toddler-femme-sport-t-shirt-wFYeBEms/26L030-UAV
https://www.nike.com/t/essentials-toddler-graphic-t-shirt-jvZx4v0R/26M603-P6I
https://www.nike.com/t/flow-ral-toddler-boxy-graphic-t-shirt-JRjuHCb3/26M612-001
https://www.nike.com/t/toddler-game-swoosh-match-boxy-t-shirt-OL7PpKbF/26M636-X58
https://www.nike.com/t/jordan-little-kids-six-flowers-t-shirt-wIVsBLgo/35D731-001
https://www.nike.com/t/little-kids-femme-sport-t-shirt-wFYeBEms/36L030-ACG
https://www.nike.com/t/little-kids-femme-sport-t-shirt-wFYeBEms/36L030-F00
https://www.nike.com/t/little-kids-femme-sport-t-shirt-wFYeBEms/36L030-UAV
https://www.nike.com/t/dri-fit-little-kids-graphic-t-shirt-1eFatilq/36M389-023
https://www.nike.com/t/essentials-little-kids-graphic-t-shirt-jvZx4v0R/36M603-GAK
https://www.nike.com/t/essentials-little-kids-graphic-t-shirt-jvZx4v0R/36M603-P6I
https://www.nike.com/t/flow-ral-little-kids-boxy-graphic-t-shirt-JRjuHCb3/36M612-001
https://www.nike.com/t/flow-ral-little-kids-boxy-graphic-t-shirt-JRjuHCb3/36M612-UAV
https://www.nike.com/t/little-kids-game-swoosh-match-boxy-t-shirt-OL7PpKbF/36M636-X58
https://www.nike.com/t/little-kids-lover-to-the-max-graphic-t-shirt-EYIDcuaE/36M834-001
https://www.nike.com/t/little-kids-lover-to-the-max-graphic-t-shirt-EYIDcuaE/36M834-P3R
https://www.nike.com/t/baby-essentials-baby-0-9m-3-piece-bodysuits-and-pants-set-rRljHCqV/56M165-W7S
https://www.nike.com/t/e1d1-baby-short-sleeve-bodysuit-and-pants-set-eaiSYrV5/56M657-P3R
https://www.nike.com/t/e1d1-baby-short-sleeve-bodysuit-and-pants-set-eaiSYrV5/56M657-UAV
https://www.nike.com/t/baby-12-24m-2-piece-full-zip-club-set-2UvLEHy1/66L445-ACG
https://www.nike.com/t/baby-12-24m-2-piece-full-zip-club-set-2UvLEHy1/66L445-X5C
https://www.nike.com/t/baby-12-24m-2-piece-full-zip-club-set-2UvLEHy1/66L445-023
https://www.nike.com/t/little-kids-music-boxy-pals-t-shirt-Ekkp3DXT/86M842-001
https://www.nike.com/t/little-kids-music-boxy-pals-t-shirt-Ekkp3DXT/86M842-UAV
https://www.nike.com/t/kawa-big-kids-slides-fVDxXM/FJ8812-402
https://www.nike.com/t/kawa-big-kids-slides-fVDxXM/FJ8812-800
https://www.nike.com/t/jordan-23-72-easyon-little-kids-shoes-UjKv7LWL/HF3415-600
https://www.nike.com/t/jordan-23-72-easyon-little-kids-shoes-UjKv7LWL/HF3415-001
https://www.nike.com/t/academy-big-kids-dri-fit-soccer-top-j3gxWp/HJ3716-492
https://www.nike.com/t/academy-big-kids-dri-fit-soccer-top-j3gxWp/HJ3716-025
https://www.nike.com/t/academy-womens-dri-fit-soccer-top-fzgT0f/HM0815-100
https://www.nike.com/t/academy-womens-dri-fit-soccer-top-fzgT0f/HM0815-010
https://www.nike.com/t/field-general-womens-shoes-SDTBm0k1/IB2323-001
https://www.nike.com/t/field-general-womens-shoes-SDTBm0k1/IB2323-600
https://www.nike.com/t/field-general-womens-shoes-SDTBm0k1/FZ5593-101
https://www.nike.com/t/field-general-womens-shoes-SDTBm0k1/HJ6000-200
https://www.nike.com/t/field-general-womens-shoes-SDTBm0k1/HJ6000-500
https://www.nike.com/t/field-general-womens-shoes-SDTBm0k1/FZ5593-002
https://www.nike.com/t/field-general-womens-shoes-SDTBm0k1/FZ5593-103
https://www.nike.com/t/field-general-womens-shoes-SDTBm0k1/FZ5593-600
https://www.nike.com/t/field-general-womens-shoes-SDTBm0k1/HV5763-324
https://www.nike.com/t/orlando-pride-2025-mens-nwsl-short-sleeve-pre-match-top-TDTR2UTv/M21556ORLP-FLW
https://www.nike.com/t/jordan-hip-bag-1l-w1YtBY9L/MA9041-E6F
https://www.nike.com/t/jordan-hip-bag-1l-w1YtBY9L/MA9041-U3C
https://www.nike.com/launch/r/HF3056-100
https://www.nike.com/t/atlanta-braves-authentic-collection-dugout-mens-full-zip-bomber-jacket-sSfCnW/02F3EW06AW-TZ7
https://www.nike.com/t/jalen-hurts-philadelphia-eagles-super-bowl-lix-big-kids-t-shirt-6B6PQPNn/7NFPRER9EAGJU-NDO
https://www.nike.com/t/saquon-barkley-philadelphia-eagles-super-bowl-lix-big-kids-t-shirt-QCOz5HlF/7NFPRER9EAGSR-NDO
https://www.nike.com/t/tatum-3-basketball-shoes-nYWcchIm/HV5882-100
https://www.nike.com/t/tatum-3-basketball-shoes-nYWcchIm/HV6384-400
https://www.nike.com/t/tatum-3-zen-basketball-shoes-nYWcchIm/FZ6598-001
https://www.nike.com/t/tatum-3-zero-days-off-basketball-shoes-nYWcchIm/FZ6598-002
https://www.nike.com/t/tatum-3-lny-basketball-shoes-nYWcchIm/HF3084-103
https://www.nike.com/t/tatum-3-basketball-shoes-nYWcchIm/HV5884-300
https://www.nike.com/t/tatum-3-big-kids-basketball-shoes-tT4EGi0a/HV5893-100
https://www.nike.com/t/tatum-3-big-kids-basketball-shoes-tT4EGi0a/HF3136-001
https://www.nike.com/t/tatum-3-big-kids-basketball-shoes-tT4EGi0a/HF3136-002
https://www.nike.com/t/tatum-3-big-kids-basketball-shoes-tT4EGi0a/HF3136-008
https://www.nike.com/t/tatum-3-big-kids-basketball-shoes-tT4EGi0a/HF3136-103
https://www.nike.com/t/tatum-3-big-kids-basketball-shoes-tT4EGi0a/HV5894-300
https://www.nike.com/t/pro-mens-hyperstrong-shorts-rFbvX9/N1013489-153
https://www.nike.com/t/kansas-city-royals-local-legend-mens-dri-fit-t-shirt-4SZc63/NKGK4EYROY-WWX
https://www.nike.com/t/jordan-big-kids-six-flowers-t-shirt-GXVJCzTV/45D731-001
https://www.nike.com/t/futura-toddler-evergreen-t-shirt-3FFcvL/76J575-BA2
https://www.nike.com/t/futura-toddler-evergreen-t-shirt-3FFcvL/76J575-001
https://www.nike.com/t/toddler-just-do-it-wrap-t-shirt-Bn210YFd/76M782-C87
https://www.nike.com/t/toddler-air-boxy-t-shirt-arUOnZko/76M841-023
https://www.nike.com/t/toddler-air-boxy-t-shirt-arUOnZko/76M841-042
https://www.nike.com/t/toddler-misic-boxy-pals-t-shirt-Ekkp3DXT/76M842-UAV
https://www.nike.com/t/jordan-little-kids-3peat-t-shirt-p9f8QImv/85D735-001
https://www.nike.com/t/jordan-little-kids-3peat-t-shirt-p9f8QImv/85D735-023
https://www.nike.com/t/jordan-little-kids-jersey-collage-t-shirt-cq5EJqKX/85D737-001
https://www.nike.com/t/jordan-little-kids-jersey-collage-t-shirt-cq5EJqKX/85D737-023
https://www.nike.com/t/little-kids-air-boxy-t-shirt-arUOnZko/86M841-042
https://www.nike.com/t/jordan-big-kids-3peat-t-shirt-PQrusQVk/95D735-001
https://www.nike.com/t/jordan-big-kids-jersey-collage-t-shirt-BbxSr83z/95D737-023
https://www.nike.com/t/big-kids-crew-undershirt-2-pack-zx3yYYhV/9N0968-WG2
https://www.nike.com/t/jordan-sport-gym-sack-98l-6sqGAqfZ/MA0915-E69
https://www.nike.com/t/jordan-sport-gym-sack-98l-6sqGAqfZ/MA0915-E4K
https://www.nike.com/t/jordan-sport-gym-sack-98l-6sqGAqfZ/MA0915-R78
https://www.nike.com/t/jordan-tote-bag-40l-Ebndi9z7/MA9016-023
https://www.nike.com/t/jordan-tote-bag-40l-Ebndi9z7/MA9016-XA3
https://www.nike.com/t/toronto-blue-jays-authentic-collection-game-time-mens-dri-fit-pullover-crew-MWFsNW/013D002PTOR-HHA
https://www.nike.com/t/houston-astros-authentic-collection-game-time-mens-dri-fit-pullover-crew-GmLvP5/013D032NHUS-HHA
https://www.nike.com/t/baltimore-orioles-authentic-collection-game-time-mens-dri-fit-pullover-crew-h2VctS/013D035NOLE-HHA
https://www.nike.com/t/atlanta-braves-authentic-collection-game-time-mens-dri-fit-pullover-crew-S9QW9K/013D036NAW-HHA
https://www.nike.com/t/atlanta-braves-authentic-collection-game-time-mens-dri-fit-long-sleeve-t-shirt-S9QW9K/013D036NAW-RHE
https://www.nike.com/t/boston-red-sox-authentic-collection-game-time-mens-dri-fit-pullover-crew-DwOk3hQm/013D036NBQ-HHA
https://www.nike.com/t/arizona-diamondbacks-authentic-collection-game-time-mens-dri-fit-pullover-crew-hvfcrFay/013D042NDQS-HHA
https://www.nike.com/t/cincinnati-reds-authentic-collection-game-time-mens-dri-fit-pullover-crew-6jv30l/013D089NRED-HHA
https://www.nike.com/t/texas-rangers-authentic-collection-game-time-mens-dri-fit-pullover-crew-QSEHRRPs/013D11AFTER-HHA
https://www.nike.com/t/athletics-authentic-collection-game-time-mens-dri-fit-pullover-crew-Sl0wvs/013D11E6FZ-HHA
https://www.nike.com/t/detroit-tigers-authentic-collection-game-time-mens-dri-fit-pullover-crew-ssTV93/013D11L5DG-HHA
https://www.nike.com/t/new-york-yankees-authentic-collection-game-time-mens-dri-fit-pullover-crew-xFMzgG/013D11L5NK-HHA
https://www.nike.com/t/los-angeles-dodgers-authentic-collection-game-time-mens-dri-fit-pullover-crew-tSbrql/013D11L6LD-HHA
https://www.nike.com/t/new-york-mets-authentic-collection-game-time-mens-dri-fit-pullover-crew-xBQJTs/013D11TUNME-HHA
https://www.nike.com/t/kansas-city-royals-authentic-collection-game-time-mens-dri-fit-pullover-crew-3Zw7js/013D11TUROY-HHA
https://www.nike.com/t/seattle-mariners-authentic-collection-game-time-mens-dri-fit-pullover-crew-PvMLSW/013D160NMVR-HHA
https://www.nike.com/t/seattle-mariners-authentic-collection-game-time-mens-dri-fit-long-sleeve-t-shirt-PvMLSW/013D160NMVR-RHE
https://www.nike.com/t/milwaukee-brewers-authentic-collection-game-time-mens-dri-fit-pullover-crew-5rhmPB/013D160NMZB-HHA
https://www.nike.com/t/cleveland-guardians-authentic-collection-game-time-mens-dri-fit-pullover-crew-NzuAIx44/013D162NGUA-HHA
https://www.nike.com/t/minnesota-twins-authentic-collection-game-time-mens-dri-fit-pullover-crew-k4h2Vm/013D162NTIS-HHA
https://www.nike.com/t/detroit-tigers-authentic-collection-game-time-mens-dri-fit-pullover-crew-HKTZjI91/013D195RDG-HHA
https://www.nike.com/t/philadelphia-phillies-authentic-collection-game-time-mens-dri-fit-pullover-crew-rDh0pb/013D199NPP-HHA
https://www.nike.com/t/colorado-rockies-authentic-collection-game-time-mens-dri-fit-pullover-crew-9TJ49g/013D912ZDNV-HHA
https://www.nike.com/t/miami-marlins-authentic-collection-game-time-mens-dri-fit-pullover-crew-LwlRTp/013D912ZMQM-HHA
https://www.nike.com/t/chicago-white-sox-authentic-collection-game-time-mens-dri-fit-pullover-crew-L6P0CQ/013D912ZRX-HHA
https://www.nike.com/t/tampa-bay-rays-authentic-collection-game-time-mens-dri-fit-pullover-crew-ALIjTbGq/013D912ZTPA-HHA
https://www.nike.com/t/seattle-mariners-authentic-collection-player-mens-dri-fit-pullover-sweatshirt-TNmGdNN8/015C015NMVR-KK2
https://www.nike.com/t/milwaukee-brewers-authentic-collection-player-mens-dri-fit-pullover-sweatshirt-avolwNnJ/015C10MIMZB-KK2
https://www.nike.com/t/kansas-city-royals-authentic-collection-player-mens-dri-fit-pullover-sweatshirt-14L9gm8J/015C153NROY-KK2
https://www.nike.com/t/new-york-mets-authentic-collection-player-mens-dri-fit-pullover-sweatshirt-UMLUVB2D/015C156NNME-KK2
https://www.nike.com/t/washington-nationals-authentic-collection-player-mens-dri-fit-pullover-sweatshirt-4tb6NifV/015C162NWTL-KK2
https://www.nike.com/t/houston-astros-authentic-collection-dugout-mens-full-zip-bomber-jacket-BX5lHr/02F30BASHUS-TZ7
https://www.nike.com/t/san-diego-padres-authentic-collection-dugout-mens-full-zip-bomber-jacket-Vlk3M8/02F30C7OPYP-TZ7
https://www.nike.com/t/los-angeles-dodgers-authentic-collection-dugout-mens-full-zip-bomber-jacket-eQLwvSgm/02F3902ZLD-TZ7
https://www.nike.com/t/new-york-yankees-flowy-womens-dri-fit-t-shirt-xUNGyF2m/0346012NNK-449
https://www.nike.com/t/paris-saint-germain-strike-fourth-big-kids-jordan-dri-fit-soccer-knit-short-sleeve-top-cnhVTD/HJ3402-660
https://www.nike.com/t/liverpool-fc-premium-essentials-mens-soccer-t-shirt-MLGFKD/HQ0798-010
https://www.nike.com/t/mercurial-vapor-1-rgn-se-fg-low-top-soccer-cleats-SSpzM0/HV0888-200
https://www.nike.com/t/colorado-rockies-mens-dri-fit-adv-OF3f9zls/LM25DNA1DNV-1U2
https://www.nike.com/t/aaron-judge-new-york-yankees-mens-dri-fit-adv-r6mpVK/LM25NKHONK9-WJ9
https://www.nike.com/t/aaron-judge-new-york-yankees-mens-dri-fit-adv-jSfltZ/LM25NKRDNK9-WJ9
https://www.nike.com/t/philadelphia-phillies-mens-dri-fit-adv-h0w0cd9h/LM25PPA1PP-1U2
https://www.nike.com/t/babe-ruth-new-york-yankees-cooperstown-mens-t-shirt-pK9Nptxa/NJFD06GQAE-2SM
https://www.nike.com/t/texas-rangers-wordmark-womens-t-shirt-g6MmQC/NKAF4EWTER-0U5
https://www.nike.com/t/chicago-cubs-local-legend-mens-dri-fit-t-shirt-vsTmPF/NKGK10AEJ-WWX
https://www.nike.com/t/san-francisco-giants-velocity-mens-dri-fit-t-shirt-vp54kRpy/NKPQ00AGIA-3UD
https://www.nike.com/t/baltimore-orioles-velocity-mens-dri-fit-t-shirt-p1dYrcS6/NKPQ00AOLE-3UD
https://www.nike.com/t/jordan-brooklyn-essentials-big-kids-pullover-hoodie-i2XcYHCR/45D292-A0Y
https://www.nike.com/t/jordan-big-kids-ring-stack-t-shirt-ei1obIiK/45D642-023
https://www.nike.com/t/jordan-big-kids-ring-stack-t-shirt-ei1obIiK/45D642-EH2
https://www.nike.com/t/jordan-mvp-big-kids-fleece-pullover-hoodie-FZauOo7d/95D607-782
https://www.nike.com/t/jordan-mvp-big-kids-fleece-pullover-hoodie-FZauOo7d/95D607-G0T
https://www.nike.com/t/jordan-dri-fit-big-kids-baseline-mesh-shorts-ae9FeV8W/95D667-023
https://www.nike.com/t/jordan-dri-fit-big-kids-baseline-mesh-shorts-ae9FeV8W/95D667-R78
https://www.nike.com/t/jordan-dri-fit-big-kids-baseline-mesh-shorts-ae9FeV8W/95D667-U3C
https://www.nike.com/t/jordan-big-kids-23-elevated-jersey-PR73jIA7/95D680-023
https://www.nike.com/t/jordan-big-kids-23-elevated-jersey-PR73jIA7/95D680-001
https://www.nike.com/t/vapor-elite-1-football-cleats-D4Xfoq7v/HF1099-600
https://www.nike.com/t/vapor-elite-1-football-cleats-D4Xfoq7v/FB3288-002
https://www.nike.com/t/vapor-elite-1-football-cleats-D4Xfoq7v/FB3288-100
https://www.nike.com/t/air-jordan-skyline-gore-tex-mens-loose-jacket-Kq1l57/HF9285-010
https://www.nike.com/t/air-jordan-skyline-gore-tex-mens-pants-Zg0DSr/HF9287-010
https://www.nike.com/t/sportswear-phoenix-fleece-womens-oversized-graphic-crew-neck-sweatshirt-plus-size-2ihACkwt/HJ0951-233
https://www.nike.com/t/life-mens-oxford-shirt-Xffl4T/HJ7270-234
https://www.nike.com/t/sportswear-womens-mid-rise-oversized-camo-cargo-pants-BMN5J8/HM9015-104
https://www.nike.com/t/leak-protection-period-girls-briefs-3-pack-Wg4vmk/HM9496-010
https://www.nike.com/t/club-mens-1-2-zip-pullover-long-sleeve-top-b0zMlP/HV4628-254
https://www.nike.com/t/club-mens-1-2-zip-pullover-long-sleeve-top-b0zMlP/HV4628-247
https://www.nike.com/t/club-mens-1-2-zip-pullover-long-sleeve-top-b0zMlP/HV4628-359
https://www.nike.com/t/club-mens-pullover-fleece-hoodie-FVHdW6/HV5065-010
https://www.nike.com/t/club-mens-pullover-fleece-hoodie-FVHdW6/HV5065-492
https://www.nike.com/u/custom-nike-air-max-90-shoes-by-you-10002073/6951657121
https://www.nike.com/t/gt-jump-academy-basketball-shoes-jC7gwS/FV5524-002
https://www.nike.com/t/gt-jump-academy-basketball-shoes-jC7gwS/FV5524-001
https://www.nike.com/t/gt-jump-academy-basketball-shoes-jC7gwS/FV5524-600
https://www.nike.com/t/gt-jump-academy-basketball-shoes-jC7gwS/FV5524-100
https://www.nike.com/t/ja-2-big-kids-basketball-shoes-m1bqSz/FV5633-402
https://www.nike.com/t/jordan-1-mid-se-little-kids-shoes-bGYky2Af/HF3194-102
https://www.nike.com/t/jordan-1-mid-se-baby-toddler-shoes-bGYky2Af/HF3195-102
https://www.nike.com/t/jordan-1-mid-se-little-kids-shoes-MnXEWSMa/HF3199-300
https://www.nike.com/t/jordan-1-mid-se-baby-toddler-shoes-MnXEWSMa/HF3201-300
https://www.nike.com/t/air-jordan-13-retro-court-of-legends-big-kids-shoes-x7iV3sie/HQ0780-103
https://www.nike.com/launch/r/IB2994-104
https://www.nike.com/t/jordan-flight-origin-3-baby-toddler-shoes-oS4Q50sF/IB7907-002
https://www.nike.com/t/jordan-flight-origin-3-baby-toddler-shoes-oS4Q50sF/IB7907-001
https://www.nike.com/t/juju-watkins-usc-adult-basketball-t-shirt-U5O2qlTP/IO8280-010
https://www.nike.com/t/ja-2-little-kids-shoes-RKRtvJ/FV5634-402
https://www.nike.com/t/air-max-1-87-womens-shoes-WGQk58/HF5338-100
https://www.nike.com/t/v2k-run-womens-shoes-qGcZd1/HV4314-030
https://www.nike.com/t/dunk-low-womens-shoes-Sl4VX3/HV5231-133
https://www.nike.com/t/colorado-rockies-authentic-collection-dugout-mens-full-zip-bomber-jacket-Srr84z/02F303M8DNV-TZ7
https://www.nike.com/t/los-angeles-dodgers-authentic-collection-dugout-mens-full-zip-bomber-jacket-PMW2pllf/02F303M8LD-TZ7
https://www.nike.com/t/chicago-white-sox-authentic-collection-dugout-mens-full-zip-bomber-jacket-Qp9M5g/02F303M8RX-TZ7
https://www.nike.com/t/toronto-blue-jays-authentic-collection-dugout-mens-full-zip-bomber-jacket-mWQkGz/02F306QTTOR-TZ7
https://www.nike.com/t/chicago-cubs-authentic-collection-dugout-mens-full-zip-bomber-jacket-Pbtf3z/02F307D6EJ-TZ7
https://www.nike.com/t/detroit-tigers-authentic-collection-dugout-mens-full-zip-bomber-jacket-ZHntM4/02F30C7MDG-TZ7
https://www.nike.com/t/detroit-tigers-authentic-collection-dugout-mens-full-zip-bomber-jacket-t08hZw/02F30CKVDG-TZ7
https://www.nike.com/t/st-louis-cardinals-authentic-collection-dugout-mens-full-zip-bomber-jacket-NfllJX/02F311B5SCN-TZ7
https://www.nike.com/t/lsu-tigers-victory-mens-dri-fit1-2-zip-long-sleeve-top-uW6pTGTN/0343043NLSN-GYY
https://www.nike.com/t/oklahoma-sooners-victory-mens-dri-fit1-2-zip-long-sleeve-top-JJnxKz2K/034308GNOKN-YEH
https://www.nike.com/t/texas-longhorns-victory-mens-dri-fit1-2-zip-long-sleeve-top-cFs0gZI5/03430B28TXE-GYY
https://www.nike.com/t/atlanta-braves-cooperstown-womens-dri-fit-mid-sleeve-t-shirt-9g4mIBAA/03AN199NATB-55E
https://www.nike.com/t/air-jordan-mule-golf-shoes-BBsgPK/FJ1214-102
https://www.nike.com/t/air-jordan-mule-golf-shoes-BBsgPK/FJ1214-101
https://www.nike.com/t/aaron-judge-new-york-yankees-mens-dri-fit-adv-9vgHpp/LM25NKA1NK9-WJ9
https://www.nike.com/t/aaron-judge-new-york-yankees-mens-dri-fit-adv-dlTRm2/LM25NKA2NK9-WJ9
https://www.nike.com/t/mookie-betts-los-angeles-dodgers-womens-dri-fit-adv-09bHNp/LM2WLDA2LD9-HU2
https://www.nike.com/t/aaron-judge-new-york-yankees-womens-dri-fit-adv-w5rhwX/LM2WNKHONK9-WJ9
https://www.nike.com/t/jackie-robinson-brooklyn-dodgers-cooperstown-mens-t-shirt-P8h7StSU/NJFD10AQBK-CAN
https://www.nike.com/t/san-francisco-giants-fuse-wordmark-legend-mens-dri-fit-t-shirt-rdWtWF/NKGK00AGIA-KX8
https://www.nike.com/t/houston-dash-2025-stadium-away-mens-dri-fit-nwsl-replica-jersey-C1mArejd/P35556HODS-VGP
https://www.nike.com/t/bay-fc-2025-stadium-away-mens-dri-fit-nwsl-replica-jersey-dmGgufcx/P35556SFFC-THO
https://www.nike.com/t/bay-fc-2025-stadium-home-mens-dri-fit-nwsl-replica-jersey-dmGgufcx/P35556SFFC-WNS
https://www.nike.com/t/houston-dash-2025-stadium-away-womens-dri-fit-nwsl-replica-jersey-xkgIqL8g/P35557HODS-VGP
https://www.nike.com/t/bay-fc-2025-stadium-away-womens-dri-fit-nwsl-replica-jersey-lsVj08FB/P35557SFFC-THO
https://www.nike.com/t/bay-fc-2025-stadium-home-womens-dri-fit-nwsl-replica-jersey-lsVj08FB/P35557SFFC-WNS
https://www.nike.com/t/chicago-stars-fc-2025-stadium-away-mens-dri-fit-nwsl-replica-jersey-sHMISuOC/P35562CHRS-BLH
https://www.nike.com/t/racing-louisville-fc-2025-stadium-away-mens-dri-fit-nwsl-replica-jersey-LN1peIdy/P35562RLFC-FIF
https://www.nike.com/t/nj-ny-gotham-fc-2025-stadium-away-mens-dri-fit-nwsl-replica-jersey-bDTdQjem/P35562SBFC-COB
https://www.nike.com/t/chicago-stars-fc-2025-stadium-away-womens-dri-fit-nwsl-replica-jersey-PGBabJir/P35564CHRS-BLH
https://www.nike.com/t/racing-louisville-fc-2025-stadium-away-womens-dri-fit-nwsl-replica-jersey-9O9wdENp/P35564RLFC-FIF
https://www.nike.com/t/nj-ny-gotham-fc-2025-stadium-away-womens-dri-fit-nwsl-replica-jersey-H6r3xuWM/P35564SBFC-COB
https://www.nike.com/t/houston-dash-2025-stadium-away-big-kids-dri-fit-nwsl-replica-jersey-RE7sgSih/P45558HODS-VGP
https://www.nike.com/t/san-diego-wave-fc-2025-stadium-away-big-kids-dri-fit-nwsl-replica-jersey-DwHJS0bq/P45558SDWF-BJB
https://www.nike.com/t/bay-fc-2025-stadium-away-big-kids-dri-fit-nwsl-replica-jersey-FrvVdKcc/P45558SFFC-THO
https://www.nike.com/t/bay-fc-2025-stadium-home-big-kids-dri-fit-nwsl-replica-jersey-FrvVdKcc/P45558SFFC-WNS
https://www.nike.com/t/chicago-stars-fc-2025-stadium-away-big-kids-dri-fit-nwsl-replica-jersey-wsuIQboE/P45565CHRS-BLH
https://www.nike.com/t/racing-louisville-fc-2025-stadium-away-big-kids-dri-fit-nwsl-replica-jersey-aeB4Cndt/P45565RLFC-FIF
https://www.nike.com/t/nj-ny-gotham-fc-2025-stadium-away-big-kids-dri-fit-nwsl-replica-jersey-WuSJz8hx/P45565SBFC-COB
https://www.nike.com/t/duke-blue-devils-menslimited-baseball-jersey-VaLhkwjX/UNBB0DUTDU-0YS
https://www.nike.com/t/luka-dončić-los-angeles-lakers-big-kids-nba-t-shirt-uVzdwPIO/Z2B7BCMWLAKLD-NFG
https://www.nike.com/t/sportswear-womens-crew-neck-t-shirt-1fWOn7vA/IM0452-010
https://www.nike.com/t/sportswear-womens-crew-neck-t-shirt-1fWOn7vA/IM0452-100
https://www.nike.com/t/sportswear-womens-crew-neck-t-shirt-Mkrs8lyk/IM0453-045
https://www.nike.com/t/sportswear-womens-crew-neck-t-shirt-Mkrs8lyk/IM0453-133
https://www.nike.com/t/sportswear-womens-crew-neck-t-shirt-Mkrs8lyk/IM0453-698
https://www.nike.com/t/san-francisco-giants-authentic-collection-dugout-mens-full-zip-bomber-jacket-6FgqTP/02F303M8GIA-TZ7
https://www.nike.com/t/ryne-sandberg-chicago-cubs-cooperstown-mens-dri-fit-adv-5DhWn3/CO25009WQBZ-ZS8
https://www.nike.com/t/metcon-1-og-mens-workout-shoes-sCMrkS/FQ1854-800
https://www.nike.com/t/vomero-18-mens-road-running-shoes-NzWnvcC8/HM6803-001
https://www.nike.com/t/vomero-18-mens-road-running-shoes-NzWnvcC8/HM6803-002
https://www.nike.com/t/vomero-18-mens-road-running-shoes-NzWnvcC8/HM6803-100
https://www.nike.com/t/vomero-18-mens-road-running-shoes-NzWnvcC8/HM6803-101
https://www.nike.com/t/vomero-18-mens-road-running-shoes-NzWnvcC8/HM6803-103
https://www.nike.com/t/vomero-18-womens-road-running-shoes-7rbVWb/HM6804-100
https://www.nike.com/t/vomero-18-womens-road-running-shoes-7rbVWb/HM6804-101
https://www.nike.com/t/vomero-18-womens-road-running-shoes-7rbVWb/HM6804-102
https://www.nike.com/t/vomero-18-womens-road-running-shoes-7rbVWb/HM6804-105
https://www.nike.com/t/vomero-18-big-kids-road-running-shoes-rZhmNJ/HQ2157-102
https://www.nike.com/t/vomero-18-big-kids-road-running-shoes-rZhmNJ/HQ2157-103
https://www.nike.com/t/julio-rodríguez-seattle-mariners-city-connect-mens-dri-fit-adv-N4nGnx/LM2501N7MV9-5C4
https://www.nike.com/t/ronald-acuña-jr-atlanta-braves-city-connect-mens-dri-fit-adv-34Sjmc/LM2501O2AW9-6Y0
https://www.nike.com/t/austin-riley-atlanta-braves-city-connect-mens-dri-fit-adv-34Sjmc/LM2501O2AW9-6Y1
https://www.nike.com/t/matt-olson-atlanta-braves-city-connect-mens-dri-fit-adv-34Sjmc/LM2501O2AW9-6Y3
https://www.nike.com/t/bryce-harper-philadelphia-phillies-city-connect-mens-dri-fit-adv-mvJc4M/LM2507YIPP9-V91
https://www.nike.com/t/trea-turner-philadelphia-phillies-city-connect-mens-dri-fit-adv-mvJc4M/LM2507YIPP9-V99
https://www.nike.com/t/francisco-lindor-new-york-mets-city-connect-mens-dri-fit-adv-hp1TTr/LM2507YJNM9-8U0
https://www.nike.com/t/shohei-ohtani-los-angeles-dodgers-city-connect-mens-dri-fit-adv-31xdT4/LM25LDC1LD9-HU4
https://www.nike.com/t/corey-seager-texas-rangers-city-connect-mens-dri-fit-adv-18sblV/LM25TECCTE9-155
https://www.nike.com/t/jacob-degrom-texas-rangers-city-connect-mens-dri-fit-adv-18sblV/LM25TECCTE9-15B
https://www.nike.com/t/julio-rodríguez-seattle-mariners-city-connect-womens-dri-fit-adv-Z7JC6N/LM2W01N7MV9-5C4
https://www.nike.com/t/bryce-harper-philadelphia-phillies-city-connect-womens-dri-fit-adv-kF8tPD/LM2W07YIPP9-V91
https://www.nike.com/t/kansas-city-royals-city-connect-wordmark-mens-t-shirt-TmCcWL/N1994EYROY-11T
https://www.nike.com/t/kansas-city-royals-2-hit-mens-t-shirt-TmCcWL/N1994EYROY-9UX
https://www.nike.com/t/phoenix-fleece-womens-tennis-crew-neck-sweatshirt-Iq7EGTD7/W33302IW25-SAL
https://www.nike.com/t/jordan-dri-fit-sport-big-kids-pullover-hoodie-gLpbuEUZ/45D655-AAK
https://www.nike.com/t/jordan-dri-fit-sport-big-kids-pullover-hoodie-gLpbuEUZ/45D655-023
https://www.nike.com/t/sportswear-little-kids-on-the-move-french-terry-shorts-YkAeSHMP/86M720-U89
https://www.nike.com/t/sportswear-little-kids-on-the-move-french-terry-shorts-YkAeSHMP/86M720-023
https://www.nike.com/launch/r/HF1199-001
https://www.nike.com/u/custom-nike-sabrina-2-by-you-10001991/6641407635
https://www.nike.com/u/custom-nike-sabrina-2-by-you-10001991/6787948999
https://www.nike.com/t/duke-blue-devils-menslimited-baseball-jersey-ZgzTCcXj/UNBB0DUSDU-0YS
https://www.nike.com/u/custom-nike-mercurial-vapor-16-academy-by-you-10002035/6287906694
https://www.nike.com/u/custom-nike-mercurial-vapor-16-academy-by-you-10002035/1523755740
https://www.nike.com/u/custom-nike-mercurial-vapor-16-academy-by-you-10002035/2816155680
https://www.nike.com/u/custom-nike-mercurial-vapor-16-academy-by-you-10002035/3720346542
https://www.nike.com/u/custom-nike-mercurial-vapor-16-academy-by-you-10002035/3946260959
https://www.nike.com/u/custom-nike-mercurial-vapor-16-academy-by-you-10002035/4409151373
https://www.nike.com/u/custom-nike-mercurial-vapor-16-academy-by-you-10002035/9161265687
https://www.nike.com/u/custom-nike-mercurial-vapor-16-elite-by-you-10002045/8896714402
https://www.nike.com/u/custom-nike-mercurial-vapor-16-elite-by-you-10002045/2479598158
https://www.nike.com/u/custom-nike-mercurial-vapor-16-elite-by-you-10002045/2992063175
https://www.nike.com/u/custom-nike-mercurial-vapor-16-elite-by-you-10002045/3812676192
https://www.nike.com/u/custom-nike-mercurial-vapor-16-elite-by-you-10002045/7047791592
https://www.nike.com/u/custom-nike-mercurial-superfly-10-elite-by-you-10002060/6715987162
https://www.nike.com/u/custom-nike-mercurial-superfly-10-elite-by-you-10002060/2501566163
https://www.nike.com/u/custom-nike-mercurial-superfly-10-elite-by-you-10002060/2841966089
https://www.nike.com/u/custom-nike-mercurial-superfly-10-elite-by-you-10002060/4912244558
https://www.nike.com/u/custom-nike-mercurial-superfly-10-elite-by-you-10002060/6807152579
https://www.nike.com/u/custom-nike-mercurial-superfly-10-elite-by-you-10002060/7649798699
https://www.nike.com/u/custom-nike-mercurial-superfly-10-elite-by-you-10002060/7793887997
https://www.nike.com/u/custom-nike-air-max-90-shoes-by-you-10002041/2893046077
https://www.nike.com/u/custom-nike-air-max-90-shoes-by-you-10002041/2667687259
https://www.nike.com/u/custom-nike-air-max-90-shoes-by-you-10002041/3529692820
https://www.nike.com/u/custom-nike-air-max-90-shoes-by-you-10002041/4103055326
https://www.nike.com/u/custom-nike-air-max-90-shoes-by-you-10002041/6812554240
https://www.nike.com/u/custom-nike-air-max-90-shoes-by-you-10002041/6829103509
https://www.nike.com/u/custom-nike-air-max-90-shoes-by-you-10002041/8578854136
https://www.nike.com/t/pull-kick-swim-accessory-Xqjctl/NESSB170-919
https://www.nike.com/launch/r/HJ8080-401
https://www.nike.com/t/jordan-fly-lock-2-football-gloves-k2HL91/J1011811-663
https://www.nike.com/t/jordan-fly-lock-2-football-gloves-k2HL91/J1011811-091
https://www.nike.com/t/jordan-fly-lock-2-football-gloves-k2HL91/J1011811-102
https://www.nike.com/t/recharge-stainless-steel-chug-bottle-24-oz-t8hNmM/N1007629-520
https://www.nike.com/t/premium-tag-fob-qQT7R8/N1009737-451
https://www.nike.com/t/premium-tag-fob-qQT7R8/N1009737-036
https://www.nike.com/t/vapor-jet-8-football-gloves-RfLvvz/N1010838-683
https://www.nike.com/t/vapor-jet-8-football-gloves-RfLvvz/N1010838-093
https://www.nike.com/t/vapor-jet-8-football-gloves-1-pair-RfLvvz/N1010838-479
https://www.nike.com/t/pro-mens-baseball-10-slider-shorts-cfXvPt/N1013435-017
https://www.nike.com/t/pro-mens-baseball-10-slider-shorts-cfXvPt/N1013435-016
https://www.nike.com/t/big-kids-girls-dri-fit-softball-slider-shorts-sTkSJB/N1013439-152
https://www.nike.com/t/big-kids-girls-dri-fit-softball-slider-shorts-sTkSJB/N1013439-091
https://www.nike.com/u/custom-nike-air-max-90-shoes-by-you-10002087/2281367133
https://www.nike.com/u/custom-nike-air-max-90-shoes-by-you-10002087/5776989065
https://www.nike.com/u/custom-nike-air-max-90-shoes-by-you-10002087/9508593424
https://www.nike.com/u/custom-nike-air-max-1-by-you-10002084/3371056600
https://www.nike.com/u/custom-nike-air-max-1-by-you-10002084/5086790780
https://www.nike.com/u/custom-nike-air-max-1-by-you-10002084/5362562509
https://www.nike.com/u/custom-nike-air-max-1-by-you-10002084/5594156988
https://www.nike.com/u/custom-nike-air-max-1-by-you-10002084/7433737822
https://www.nike.com/u/custom-nike-air-max-90-shoes-by-you-10002086/4961358008
https://www.nike.com/u/custom-nike-air-max-90-shoes-by-you-10002086/5979664932
https://www.nike.com/u/custom-nike-air-max-90-shoes-by-you-10002086/6815958438
https://www.nike.com/u/custom-nike-air-max-1-by-you-10002085/6792965955
https://www.nike.com/u/custom-nike-air-max-1-by-you-10002085/7306441395
https://www.nike.com/u/custom-nike-air-max-1-by-you-10002085/7581887180
https://www.nike.com/u/custom-nike-air-max-1-by-you-10002085/9221398086
https://www.nike.com/u/custom-nike-air-max-1-by-you-10002085/9786638885
https://www.nike.com/launch/r/HM9432-001
https://www.nike.com/t/baltimore-orioles-authentic-collection-player-mens-dri-fit-pullover-sweatshirt-6sT457Gf/015C088NOLE-KK2
https://www.nike.com/t/philadelphia-phillies-authentic-collection-player-mens-dri-fit-pullover-sweatshirt-CtMpytOt/015C161NPP-KK2
https://www.nike.com/t/detroit-tigers-womens-pullover-crew-NP9nXC6q/01D703ANDG-H3K
https://www.nike.com/t/houston-astros-womens-pullover-crew-yy7xqIlY/01D703ANHUS-H3K
https://www.nike.com/t/new-york-mets-womens-pullover-crew-lCIlupZU/01D703ANNME-H3K
https://www.nike.com/t/baltimore-orioles-womens-pullover-crew-SvdNl83z/01D703ANOLE-H3K
https://www.nike.com/t/san-diego-padres-womens-pullover-crew-ku3qH3Zn/01D703APPYP-H3K
https://www.nike.com/t/milwaukee-brewers-womens-pullover-crew-JxwcQuS2/01D703ASMZB-H3K
https://www.nike.com/t/seattle-mariners-womens-pullover-crew-wZb23UVM/01D703VVMVR-H3K
https://www.nike.com/t/st-louis-cardinals-womens-pullover-crew-4xpKgzJS/01D711T1SCN-H3K
https://www.nike.com/t/chicago-cubs-womens-pullover-crew-TJrdEU4s/01D711TUEJ-H3K
https://www.nike.com/t/philadelphia-phillies-womens-pullover-crew-aGQ0pS3y/01D711TUPP-H3K
https://www.nike.com/t/atlanta-braves-womens-pullover-crew-nL7OatWz/01D7163NAW-H3K
https://www.nike.com/t/boston-red-sox-womens-pullover-crew-tby1JM8l/01D7163NBQ-H3K
https://www.nike.com/t/texas-rangers-womens-pullover-crew-t8stZPzw/01D7163NTER-H3K
https://www.nike.com/t/los-angeles-dodgers-womens-pullover-crew-xN8S9UcK/01D7912ZLD-H3K
https://www.nike.com/t/cincinnati-reds-womens-pullover-crew-GWgXePdd/01D7912ZRED-H3K
https://www.nike.com/t/new-york-yankees-womens-pullover-crew-ThQLlg09/01D7CY51NK-H3K
https://www.nike.com/t/houston-astros-womens-full-zip-hoodie-vdrqy3sk/035D160NHUS-HVV
https://www.nike.com/t/houston-texans-mens-dri-fit-hooded-t-shirt-HPqCcrTa/03NB06F9H-2B7
https://www.nike.com/t/chicago-cubs-cooperstown-mens-dri-fit-adv-gfsxcyQK/CO25009WCGC-A3F
https://www.nike.com/t/houston-astros-cooperstown-mens-dri-fit-adv-ZDMrhEXl/CO2500CAH94-A3F
https://www.nike.com/t/ian-happ-chicago-cubs-fuse-mens-t-shirt-jZL1EsfP/N1994EYEJ9-WQ0
https://www.nike.com/t/michael-busch-chicago-cubs-fuse-mens-t-shirt-jZL1EsfP/N1994EYEJ9-BAN
https://www.nike.com/t/seiya-suzuki-chicago-cubs-fuse-mens-t-shirt-jZL1EsfP/N1994EYEJ9-DJ3
https://www.nike.com/t/dansby-swanson-chicago-cubs-fuse-mens-t-shirt-jZL1EsfP/N1994EYEJ9-VBX
https://www.nike.com/t/shota-imanaga-chicago-cubs-fuse-mens-t-shirt-jZL1EsfP/N1994EYEJ9-X0B
https://www.nike.com/t/penn-state-nittany-lions-menslimited-baseball-jersey-YJLZPDTi/UNBB0DWXPSN-0YS
https://www.nike.com/t/e1d1-toddler-quarter-zip-top-and-pants-set-CG8cHy8b/26M660-P6I
https://www.nike.com/t/sportswear-baby-air-fleece-2-piece-crew-set-7wNpdr3Z/66M846-023
https://www.nike.com/t/sportswear-baby-air-fleece-2-piece-crew-set-7wNpdr3Z/66M846-B9F
https://www.nike.com/t/big-kids-reversible-double-row-stitch-belt-iN6WlB0u/BS5001-215
https://www.nike.com/t/big-kids-reversible-double-row-stitch-belt-iN6WlB0u/BS5001-002
https://www.nike.com/t/nikecourt-ace-advantage-womens-dri-fit-tennis-shorts-mWNDH9/FZ6723-100
https://www.nike.com/t/nikecourt-ace-advantage-womens-dri-fit-tennis-shorts-mWNDH9/FZ6723-010
https://www.nike.com/t/sportswear-phoenix-fleece-womens-high-waisted-wide-leg-graphic-pants-plus-size-uwAYQma8/HJ0911-233
https://www.nike.com/t/sportswear-phoenix-fleece-womens-high-waisted-wide-leg-graphic-pants-plus-size-uwAYQma8/HJ0911-010
https://www.nike.com/t/pacific-womens-shoes-h2vWRN/HM4771-401
https://www.nike.com/t/pacific-womens-shoes-h2vWRN/HM4771-103
https://www.nike.com/t/pacific-womens-shoes-h2vWRN/HM4771-105
https://www.nike.com/t/pacific-womens-shoes-h2vWRN/HM4771-602
https://www.nike.com/t/limitless-shield-sunglasses-uxkdHQAb/IB3521X-492
https://www.nike.com/t/limitless-shield-sunglasses-uxkdHQAb/IB3521X-538
https://www.nike.com/t/limitless-shield-mirrored-sunglasses-uxkdHQAb/IB3521X-009
https://www.nike.com/t/limitless-shield-sunglasses-uxkdHQAb/IB3521X-355
https://www.nike.com/t/tour-core-mens-golf-reversible-belt-eznOWB24/112590-101
https://www.nike.com/t/mens-reversible-belt-mvG7wjE0/S5003A-006
https://www.nike.com/t/mens-reversible-belt-mvG7wjE0/S5003A-215
https://www.nike.com/t/mens-reversible-perforated-belt-Mb5FGC23/S5005A-004
https://www.nike.com/t/mens-reversible-perforated-belt-Mb5FGC23/S5005A-249
https://www.nike.com/t/los-angeles-angels-authentic-collection-player-mens-dri-fit-pullover-sweatshirt-74y4ZRbk/015C036NANG-KK2
https://www.nike.com/t/st-louis-cardinals-authentic-collection-player-mens-dri-fit-pullover-sweatshirt-E097YP9n/015C036NSCN-KK2
https://www.nike.com/t/cincinnati-reds-authentic-collection-player-mens-dri-fit-pullover-sweatshirt-uYVZllWm/015C041NRED-KK2
https://www.nike.com/t/pittsburgh-pirates-authentic-collection-player-mens-dri-fit-pullover-sweatshirt-jqOSF5wO/015C087NPTB-KK2
https://www.nike.com/t/san-francisco-giants-authentic-collection-player-mens-dri-fit-pullover-sweatshirt-qOyHkHZ4/015C088NGIA-KK2
https://www.nike.com/t/arizona-diamondbacks-authentic-collection-player-mens-dri-fit-pullover-sweatshirt-8cLYMWfG/015C090NDQS-KK2
https://www.nike.com/t/colorado-rockies-authentic-collection-player-mens-dri-fit-pullover-sweatshirt-WCakvAnH/015C091NDNV-KK2
https://www.nike.com/t/los-angeles-dodgers-authentic-collection-player-mens-dri-fit-pullover-sweatshirt-Nfqtqx/015C11L6LD-KK2
https://www.nike.com/t/chicago-white-sox-authentic-collection-player-mens-dri-fit-pullover-sweatshirt-t96CPRMi/015C12DARX-KK2
https://www.nike.com/t/minnesota-twins-authentic-collection-player-mens-dri-fit-pullover-sweatshirt-XVunDhO0/015C195NTIS-KK2
https://www.nike.com/t/detroit-tigers-authentic-collection-player-mens-dri-fit-pullover-sweatshirt-h8PgZJII/015C196NDG-KK2
https://www.nike.com/t/chicago-cubs-authentic-collection-player-mens-dri-fit-pullover-sweatshirt-ouQoLJpj/015C199NEJ-KK2
https://www.nike.com/t/san-diego-padres-authentic-collection-player-mens-dri-fit-pullover-jacket-1Je9PEL0/015C917ZPYP-KK2
https://www.nike.com/t/pittsburgh-pirates-authentic-collection-mens-therma-full-zip-jacket-5XQ5lx5l/01GM031NPTB-P92
https://www.nike.com/t/arizona-diamondbacks-authentic-collection-mens-therma-full-zip-jacket-OCckOfx0/01GM042NDQS-P92
https://www.nike.com/t/tampa-bay-rays-authentic-collection-mens-therma-full-zip-jacket-kH1WyRB4/01GM057NTPA-P92
https://www.nike.com/t/san-diego-padres-authentic-collection-mens-therma-full-zip-jacket-Z05VkqTk/01GM0C6YPYP-P92
https://www.nike.com/t/new-york-yankees-authentic-collection-mens-therma-full-zip-jacket-93ruWzrn/01GM0CKTNK-P92
https://www.nike.com/t/athletics-authentic-collection-mens-therma-full-zip-jacket-zPocDhAm/01GM11E6FZ-P92
https://www.nike.com/t/cleveland-guardians-authentic-collection-mens-therma-full-zip-jacket-vv91k1hh/01GM162NGUA-P92
https://www.nike.com/t/minnesota-twins-authentic-collection-mens-therma-full-zip-jacket-nPzdSq5Z/01GM162NTIS-P92
https://www.nike.com/t/philadelphia-phillies-authentic-collection-mens-therma-full-zip-jacket-715qTEhg/01GM199NPP-P92
https://www.nike.com/t/los-angeles-dodgers-authentic-collection-mens-therma-full-zip-jacket-7y0ue1UW/01GM912ZLD-P92
https://www.nike.com/t/new-york-mets-authentic-collection-mens-therma-full-zip-jacket-HvppTuUQ/01GM912ZNME-P92
https://www.nike.com/t/atlanta-braves-knockout-script-mens-full-zip-hoodie-zwtuzpAL/01NC046NAW-F9S
https://www.nike.com/t/los-angeles-angels-authentic-collection-travel-mens-dri-fit-full-zip-hoodie-jBg6nP/02FD0BN3ANG-T6T
https://www.nike.com/t/atlanta-braves-authentic-collection-travel-mens-dri-fit-full-zip-hoodie-7zc9DQ/02FD0BN3AW-T6T
https://www.nike.com/t/boston-red-sox-authentic-collection-travel-mens-dri-fit-full-zip-hoodie-lLh987/02FD0BN3BQ-T6T
https://www.nike.com/t/detroit-tigers-authentic-collection-travel-mens-dri-fit-full-zip-hoodie-5L1c2x/02FD0BN3DG-T6T
https://www.nike.com/t/colorado-rockies-authentic-collection-travel-mens-dri-fit-full-zip-hoodie-bLVd9s/02FD0BN3DNV-T6T
https://www.nike.com/t/arizona-diamondbacks-authentic-collection-travel-mens-dri-fit-full-zip-hoodie-Q7Jxqt/02FD0BN3DQS-T6T
https://www.nike.com/t/chicago-cubs-authentic-collection-travel-mens-dri-fit-full-zip-hoodie-6W9mVw/02FD0BN3EJ-T6T
https://www.nike.com/t/athletics-authentic-collection-travel-mens-dri-fit-full-zip-hoodie-PqhW1r/02FD0BN3FZ-T6T
https://www.nike.com/t/san-francisco-giants-authentic-collection-travel-mens-dri-fit-full-zip-hoodie-xF6T3H/02FD0BN3GIA-T6T
https://www.nike.com/t/cleveland-guardians-authentic-collection-travel-mens-dri-fit-full-zip-hoodie-l7lgRh/02FD0BN3GUA-T6T
https://www.nike.com/t/houston-astros-authentic-collection-travel-mens-dri-fit-full-zip-hoodie-TsRnLd/02FD0BN3HUS-T6T
https://www.nike.com/t/miami-marlins-authentic-collection-travel-mens-dri-fit-full-zip-hoodie-wZqPhL/02FD0BN3MQM-T6T
https://www.nike.com/t/seattle-mariners-authentic-collection-travel-mens-dri-fit-full-zip-hoodie-D7PPMd/02FD0BN3MVR-T6T
https://www.nike.com/t/milwaukee-brewers-authentic-collection-travel-mens-dri-fit-full-zip-hoodie-rvjGrF/02FD0BN3MZB-T6T
https://www.nike.com/t/new-york-yankees-authentic-collection-travel-mens-dri-fit-full-zip-hoodie-37pnp6/02FD0BN3NK-T6T
https://www.nike.com/t/new-york-mets-authentic-collection-travel-mens-dri-fit-full-zip-hoodie-6VHM8k/02FD0BN3NME-T6T
https://www.nike.com/t/baltimore-orioles-authentic-collection-travel-mens-dri-fit-full-zip-hoodie-k7PFqw/02FD0BN3OLE-T6T
https://www.nike.com/t/philadelphia-phillies-authentic-collection-travel-mens-dri-fit-full-zip-hoodie-kKx0L9/02FD0BN3PP-T6T
https://www.nike.com/t/pittsburgh-pirates-authentic-collection-travel-mens-dri-fit-full-zip-hoodie-xxNKr9/02FD0BN3PTB-T6T
https://www.nike.com/t/san-diego-padres-authentic-collection-travel-mens-dri-fit-full-zip-hoodie-Jkck8C/02FD0BN3PYP-T6T
https://www.nike.com/t/cincinnati-reds-authentic-collection-travel-mens-dri-fit-full-zip-hoodie-W9fWBF/02FD0BN3RED-T6T
https://www.nike.com/t/kansas-city-royals-authentic-collection-travel-mens-dri-fit-full-zip-hoodie-X6CjW5/02FD0BN3ROY-T6T
https://www.nike.com/t/chicago-white-sox-authentic-collection-travel-mens-dri-fit-full-zip-hoodie-8Q1cFm/02FD0BN3RX-T6T
https://www.nike.com/t/st-louis-cardinals-authentic-collection-travel-mens-dri-fit-full-zip-hoodie-3rj5GN/02FD0BN3SCN-T6T
https://www.nike.com/t/texas-rangers-authentic-collection-travel-mens-dri-fit-full-zip-hoodie-rfMkJ7/02FD0BN3TER-T6T
https://www.nike.com/t/minnesota-twins-authentic-collection-travel-mens-dri-fit-full-zip-hoodie-v9q4zh/02FD0BN3TIS-T6T
https://www.nike.com/t/toronto-blue-jays-authentic-collection-travel-mens-dri-fit-full-zip-hoodie-wdkWr3/02FD0BN3TOR-T6T
https://www.nike.com/t/tampa-bay-rays-authentic-collection-travel-mens-dri-fit-full-zip-hoodie-4rmJ9X/02FD0BN3TPA-T6T
https://www.nike.com/t/washington-nationals-authentic-collection-travel-mens-dri-fit-full-zip-hoodie-R30Gw9/02FD0BN3WTL-T6T
https://www.nike.com/t/los-angeles-dodgers-flowy-womens-dri-fit-t-shirt-T2cMlJFp/0346155NLD-449
https://www.nike.com/t/philadelphia-phillies-flowy-womens-dri-fit-t-shirt-gp79AIPj/0346161NPP-449
https://www.nike.com/t/texas-rangers-flowy-womens-dri-fit-t-shirt-iWlNs0Av/0346199NTER-449
https://www.nike.com/t/san-diego-padres-flowy-womens-dri-fit-t-shirt-u3u9idBb/0346992ZPYP-449
https://www.nike.com/t/los-angeles-dodgers-womens-full-zip-hoodie-d8WykgUg/035D11TULD-HVV
https://www.nike.com/t/boston-red-sox-womens-full-zip-hoodie-iTho2Bvh/035D160NBQ-HVV
https://www.nike.com/t/seattle-mariners-womens-full-zip-hoodie-rnmVOGog/035D160NMVR-HVV
https://www.nike.com/t/philadelphia-phillies-cooperstown-womens-dri-fit-mid-sleeve-t-shirt-535oSLFA/03AN033TPHP-55E
https://www.nike.com/t/san-diego-padres-cooperstown-womens-dri-fit-mid-sleeve-t-shirt-AreFXJPN/03AN992ZSDP-55E
https://www.nike.com/t/boston-red-sox-authentic-collection-womens-therma-pullover-hoodie-fnJS16ck/22MN046NBQ-N80
https://www.nike.com/t/seattle-mariners-authentic-collection-city-connect-womens-therma-pullover-hoodie-4fI6JHEh/22MN154NMVR-XJK
https://www.nike.com/t/baltimore-orioles-authentic-collection-city-connect-womens-therma-pullover-hoodie-OijujCQs/22MN166NOLE-XJK
https://www.nike.com/t/jalen-hurts-philadelphia-eagles-super-bowl-lix-mens-vkmCqkh9/67NM0DSQF86-3A3
https://www.nike.com/t/vapor-pro-3-mens-hard-court-tennis-shoes-dmNMlQ/FZ2161-400
https://www.nike.com/t/vapor-pro-3-mens-hard-court-tennis-shoes-dmNMlQ/FZ2161-600
https://www.nike.com/t/vapor-pro-3-mens-hard-court-tennis-shoes-dmNMlQ/FZ2161-002
https://www.nike.com/t/vapor-pro-3-mens-hard-court-tennis-shoes-dmNMlQ/FZ2161-100
https://www.nike.com/t/vapor-pro-3-mens-hard-court-tennis-shoes-dmNMlQ/FZ2161-101
https://www.nike.com/t/liverpool-fc-strike-special-edition-mens-dri-fit-soccer-short-sleeve-knit-top-Pm9L9K/HJ3388-013
https://www.nike.com/t/liverpool-fc-strike-special-edition-mens-dri-fit-soccer-short-sleeve-knit-top-Pm9L9K/HJ3388-114
https://www.nike.com/t/jordan-spizike-low-little-kids-shoes-LbLRPX/HQ1671-183
https://www.nike.com/t/jordan-spizike-low-baby-toddler-shoes-vhWzFD/HQ1672-183
https://www.nike.com/t/vapor-pro-3-mens-clay-court-tennis-shoes-ZfzhFJ/HQ6034-400
https://www.nike.com/t/vapor-pro-3-mens-clay-court-tennis-shoes-ZfzhFJ/HQ6034-001
https://www.nike.com/t/247-perfectstretch-mens-dri-fit-5-pocket-slim-fit-pants-STShmV/HQ6928-251
https://www.nike.com/t/247-perfectstretch-mens-dri-fit-5-pocket-slim-fit-pants-STShmV/HQ6928-010
https://www.nike.com/t/247-perfectstretch-mens-dri-fit-5-pocket-slim-fit-pants-STShmV/HQ6928-320
https://www.nike.com/t/247-perfectstretch-mens-dri-fit-5-pocket-slim-fit-pants-STShmV/HQ6928-084
https://www.nike.com/t/247-perfectstretch-mens-dri-fit-5-pocket-slim-fit-pants-STShmV/HQ6928-451
https://www.nike.com/t/247-perfectstretch-mens-dri-fit-5-pocket-regular-pants-xXHsMv/HQ6930-320
https://www.nike.com/t/247-perfectstretch-mens-dri-fit-5-pocket-regular-pants-xXHsMv/HQ6930-451
https://www.nike.com/t/247-perfectstretch-mens-dri-fit-5-pocket-regular-pants-xXHsMv/HQ6930-010
https://www.nike.com/t/247-perfectstretch-mens-dri-fit-5-pocket-regular-pants-xXHsMv/HQ6930-084
https://www.nike.com/t/247-perfectstretch-mens-dri-fit-5-pocket-regular-pants-xXHsMv/HQ6930-251
https://www.nike.com/t/pittsburgh-pirates-mens-dri-fit-adv-Zg2wxf04/LM25PTA1PTB-1U2
https://www.nike.com/t/chicago-cubs-alternate-logo-mens-t-shirt-5pLP60/N1994EYEJ-5R4
https://www.nike.com/t/tampa-bay-rays-cooperstown-retro-mens-t-shirt-wpmVR5/N19951LTDV-CUE
https://www.nike.com/t/vladimir-guerrero-los-angeles-angels-cooperstown-fuse-mens-t-shirt-3eANFCHw/N19962QQW3-6LB
https://www.nike.com/t/atlanta-braves-club-mens-adjustable-hat-cwmHvXlU/NB010FTRAW-ZNK
https://www.nike.com/t/cleveland-guardians-rise-mens-dri-fit-adjustable-hat-H3pkD8/NB462FJGUA-HUA
https://www.nike.com/t/tampa-bay-rays-rise-mens-dri-fit-adjustable-hat-488WVC/NB462FJTPA-HUA
https://www.nike.com/t/jalen-hurts-philadelphia-eagles-super-bowl-lix-womens-t-shirt-J0Ckx4/NKAF00AF86-4HW
https://www.nike.com/t/saquon-barkley-philadelphia-eagles-super-bowl-lix-womens-t-shirt-J0Ckx4/NKAF00AF86-4H5
https://www.nike.com/t/shohei-ohtani-los-angeles-dodgers-fuse-womens-t-shirt-pCFhopPW/NKAF06GLD9-41P
https://www.nike.com/t/seiya-suzuki-chicago-cubs-fuse-womens-t-shirt-TORV9zAx/NKAF4EYEJ9-DJ3
https://www.nike.com/t/dansby-swanson-chicago-cubs-fuse-womens-t-shirt-TORV9zAx/NKAF4EYEJ9-VBX
https://www.nike.com/t/shota-imanaga-chicago-cubs-fuse-womens-t-shirt-TORV9zAx/NKAF4EYEJ9-X0B
https://www.nike.com/t/aaron-judge-new-york-yankees-legend-mens-dri-fit-t-shirt-QJrRHLx9/NKGK44BNK3-SAR
https://www.nike.com/t/derek-jeter-new-york-yankees-legend-mens-dri-fit-t-shirt-kd3cSF4T/NKGK44BQDJ-9GN
https://www.nike.com/t/st-louis-cardinals-local-legend-mens-dri-fit-t-shirt-05jgcM/NKGK4EYSCN-WWX
https://www.nike.com/t/bryce-harper-philadelphia-phillies-legend-mens-dri-fit-t-shirt-RQcCwGox/NKGK62QPP3-UUM
https://www.nike.com/t/philadelphia-eagles-super-bowl-lix-champions-trophy-collection-club-mens-pullover-hoodie-46tx8M/NPAQ06F86Z-9MB
https://www.nike.com/t/tennessee-volunteers-menslimited-baseball-jersey-kTaS5BLd/UNBB0DV6UTN-0YS
https://www.nike.com/t/one-convertible-womens-light-support-lightly-lined-sports-bra-plus-size-KNNwstbr/HF5368-699
https://www.nike.com/t/jordan-essentials-mens-woven-shorts-PzFP8F/HF9335-010
https://www.nike.com/t/jordan-essentials-mens-woven-shorts-PzFP8F/HF9335-231
https://www.nike.com/t/jordan-essentials-mens-woven-shorts-PzFP8F/HF9335-257
https://www.nike.com/t/serena-williams-design-crew-womens-oversized-knit-jacket-FfkgpK/HF9597-010
https://www.nike.com/t/club-mens-tennis-fleece-pullover-hoodie-23NPzlH2/M31777IW25-BLK
https://www.nike.com/t/air-jordan-3-retro-lucky-shorts-big-kids-shoes-XkPGwYd3/DM0967-101
https://www.nike.com/t/air-jordan-3-retro-lucky-shorts-mens-shoes-5M3ZlK/CT8532-101
https://www.nike.com/t/kansas-city-royals-authentic-collection-velocity-mens-dri-fit-t-shirt-RUQkebej/02ER4EWROY-WLZ
https://www.nike.com/t/texas-rangers-authentic-collection-velocity-mens-dri-fit-t-shirt-RAuqfQxx/02ER62QTER-WLZ
https://www.nike.com/t/alabama-crimson-tide-primetime-victory-legacy-vault-logo-mens-dri-fitpolo-R3VSK4/35869WABV-J2A
https://www.nike.com/t/texas-longhorns-primetime-victory-legacy-vault-logo-mens-dri-fitpolo-6MDblt/35881FTXV-J2A
https://www.nike.com/t/air-jordan-14-g-golf-shoes-d6vBGX/HJ7710-100
https://www.nike.com/t/club-mens-french-terry-hoodie-P7qCcz/HQ8594-451
https://www.nike.com/t/club-mens-french-terry-hoodie-P7qCcz/HQ8594-010
https://www.nike.com/t/cal-ripken-jr-baltimore-orioles-cooperstown-fuse-mens-t-shirt-KfTqtV/N19900AQAJ-XRE
https://www.nike.com/t/royce-lewis-minnesota-twins-fuse-mens-t-shirt-PZKgNKvR/N19944BTI9-2G9
https://www.nike.com/t/julio-rodríguez-seattle-mariners-fuse-inline-mens-t-shirt-rNFw2V/N1994DZMV9-00B
https://www.nike.com/t/ken-griffey-jr-seattle-mariners-cooperstown-mens-t-shirt-0zWehNKW/N1994DZQFK-KDZ
https://www.nike.com/t/ken-griffey-jr-seattle-mariners-fuse-cooperstown-mens-t-shirt-0zWehNKW/N1994DZQFK-S8B
https://www.nike.com/t/atlanta-braves-authentic-collection-mens-therma-pullover-hoodie-OMAjKKBZ/NAC3036NAW-N80
https://www.nike.com/t/boston-red-sox-authentic-collection-mens-therma-pullover-hoodie-cJTXc1/NAC3036NBQ-N80
https://www.nike.com/t/cincinnati-reds-authentic-collection-mens-therma-pullover-hoodie-sHfQXw/NAC3041NRED-N80
https://www.nike.com/t/arizona-diamondbacks-authentic-collection-mens-therma-pullover-hoodie-p3uBZkEn/NAC3042NDQS-N80
https://www.nike.com/t/houston-astros-authentic-collection-mens-therma-pullover-hoodie-609zSh/NAC3045NHUS-N80
https://www.nike.com/t/boston-red-sox-authentic-collection-mens-therma-pullover-hoodie-LTNGjS/NAC3046NBQ-N80
https://www.nike.com/t/pittsburgh-pirates-authentic-collection-mens-therma-pullover-hoodie-wMcQPX/NAC3087NPTB-N80
https://www.nike.com/t/san-francisco-giants-authentic-collection-mens-therma-pullover-hoodie-gzd01Z/NAC3088NGIA-N80
https://www.nike.com/t/baltimore-orioles-authentic-collection-mens-therma-pullover-hoodie-jWKBZ9/NAC3088NOLE-N80
https://www.nike.com/t/arizona-diamondbacks-authentic-collection-mens-therma-pullover-hoodie-zJU9hFJk/NAC3090NDQS-N80
https://www.nike.com/t/tampa-bay-rays-authentic-collection-mens-therma-pullover-hoodie-8doMkekN/NAC3091NTPA-YGE
https://www.nike.com/t/miami-marlins-authentic-collection-mens-therma-pullover-hoodie-Dx7BlP/NAC3092NMQM-N80
https://www.nike.com/t/milwaukee-brewers-authentic-collection-mens-therma-pullover-hoodie-PNgpQV/NAC310MIMZB-N80
https://www.nike.com/t/toronto-blue-jays-authentic-collection-mens-therma-pullover-hoodie-ZbfDpD/NAC311AETOR-N80
https://www.nike.com/t/new-york-yankees-authentic-collection-mens-therma-pullover-hoodie-r44q6K/NAC311L5NK-N80
https://www.nike.com/t/los-angeles-dodgers-authentic-collection-mens-therma-pullover-hoodie-WxtWv6/NAC311L6LD-N80
https://www.nike.com/t/new-york-yankees-authentic-collection-mens-therma-pullover-hoodie-xhGt1z3r/NAC311TQNK-N80
https://www.nike.com/t/chicago-white-sox-authentic-collection-mens-therma-pullover-hoodie-cOGiYJ7o/NAC312DARX-N80
https://www.nike.com/t/kansas-city-royals-authentic-collection-mens-therma-pullover-hoodie-BLPsql/NAC3153NROY-N80
https://www.nike.com/t/seattle-mariners-authentic-collection-mens-therma-pullover-hoodie-Sx8F4m/NAC3154NMVR-N80
https://www.nike.com/t/philadelphia-phillies-authentic-collection-mens-therma-pullover-hoodie-xTmwjL/NAC3161NPP-N80
https://www.nike.com/t/cleveland-guardians-authentic-collection-mens-therma-pullover-hoodie-8lSqWcRM/NAC3162NGUA-N80
https://www.nike.com/t/washington-nationals-authentic-collection-mens-therma-pullover-hoodie-2rbT0cvH/NAC3162NWTL-N80
https://www.nike.com/t/cleveland-guardians-authentic-collection-mens-therma-pullover-hoodie-ulii1eK3/NAC3195NGUA-N80
https://www.nike.com/t/minnesota-twins-authentic-collection-mens-therma-pullover-hoodie-XEHAbdRd/NAC3195NTIS-YGE
https://www.nike.com/t/detroit-tigers-authentic-collection-mens-therma-pullover-hoodie-D5C8bk/NAC3196NDG-N80
https://www.nike.com/t/chicago-cubs-authentic-collection-mens-therma-pullover-hoodie-2RvxFB/NAC3199NEJ-N80
https://www.nike.com/t/new-york-mets-authentic-collection-mens-therma-pullover-hoodie-7Zmh4B/NAC3912ZNME-N80
https://www.nike.com/t/san-diego-padres-authentic-collection-mens-therma-pullover-hoodie-wPgc4N/NAC3917ZPYP-N80
https://www.nike.com/t/athletics-authentic-collection-mens-therma-pullover-hoodie-cpb4Gdid/NAC3990HFZ-N80
https://www.nike.com/t/colorado-rockies-authentic-collection-mens-dri-fit-pullover-hoodie-pzDbZL/NACQ00HDNV-FT3
https://www.nike.com/t/arizona-diamondbacks-authentic-collection-mens-dri-fit-pullover-hoodie-1zjyiAZJ/NACQ00HDQS-FT3
https://www.nike.com/t/san-francisco-giants-authentic-collection-mens-dri-fit-pullover-hoodie-nPzG1w/NACQ00HGIA-FT3
https://www.nike.com/t/los-angeles-dodgers-authentic-collection-mens-dri-fit-pullover-hoodie-zgQKPP/NACQ00HLD-FT3
https://www.nike.com/t/miami-marlins-authentic-collection-mens-dri-fit-pullover-hoodie-bSXBQk/NACQ00HMQM-FT3
https://www.nike.com/t/new-york-mets-authentic-collection-mens-dri-fit-pullover-hoodie-mTRjC4/NACQ00HNME-FT3
https://www.nike.com/t/baltimore-orioles-authentic-collection-mens-dri-fit-pullover-hoodie-0FRX02/NACQ00HOLE-FT3
https://www.nike.com/t/pittsburgh-pirates-authentic-collection-mens-dri-fit-pullover-hoodie-rFfbtm/NACQ00HPTB-FT3
https://www.nike.com/t/chicago-white-sox-authentic-collection-mens-dri-fit-pullover-hoodie-VxM0w3/NACQ00HRX-FT3
https://www.nike.com/t/tampa-bay-rays-authentic-collection-mens-dri-fit-pullover-hoodie-GiYwDwDM/NACQ00HTPA-FT3
https://www.nike.com/t/atlanta-braves-authentic-collection-mens-dri-fit-pullover-hoodie-PN43yolp/NACQ07THAW-FT3
https://www.nike.com/t/san-diego-padres-authentic-collection-mens-dri-fit-pullover-hoodie-scClBb/NACQ20QHPYP-FT3
https://www.nike.com/t/athletics-authentic-collection-mens-dri-fit-pullover-hoodie-Hr3h4Q/NACQ3EHFZ-FT3
https://www.nike.com/t/boston-red-sox-authentic-collection-mens-dri-fit-pullover-hoodie-RspkGz/NACQ44HBQ-FT3
https://www.nike.com/t/houston-astros-authentic-collection-mens-dri-fit-pullover-hoodie-jWsQvK/NACQ44HHUS-FT3
https://www.nike.com/t/seattle-mariners-authentic-collection-mens-dri-fit-pullover-hoodie-d2STfL/NACQ44HMVR-FT3
https://www.nike.com/t/milwaukee-brewers-authentic-collection-mens-dri-fit-pullover-hoodie-NNwSTg/NACQ44HMZB-FT3
https://www.nike.com/t/toronto-blue-jays-authentic-collection-mens-dri-fit-pullover-hoodie-vmDqRw/NACQ44HTOR-FT3
https://www.nike.com/t/tampa-bay-rays-authentic-collection-mens-dri-fit-pullover-hoodie-DMMdHxov/NACQ44HTPA-FT3
https://www.nike.com/t/los-angeles-dodgers-authentic-collection-mens-dri-fit-pullover-hoodie-W9vgFN/NACQ47XHLD-FT3
https://www.nike.com/t/texas-rangers-authentic-collection-mens-dri-fit-pullover-hoodie-PPpkxr/NACQ47XHTER-FT3
https://www.nike.com/t/detroit-tigers-authentic-collection-mens-dri-fit-pullover-hoodie-PKMpNK/NACQ4FAHDG-FT3
https://www.nike.com/t/cleveland-guardians-authentic-collection-mens-dri-fit-pullover-hoodie-xZyZhAO1/NACQ4FAHGUA-FT3
https://www.nike.com/t/new-york-yankees-authentic-collection-mens-dri-fit-pullover-hoodie-2mxWF4/NACQ4FAHNK-FT3
https://www.nike.com/t/minnesota-twins-authentic-collection-mens-dri-fit-pullover-hoodie-91P1Wp/NACQ4FAHTIS-FT3
https://www.nike.com/t/chicago-cubs-authentic-collection-mens-dri-fit-pullover-hoodie-Kd5Fh1/NACQ4WHEJ-FT3
https://www.nike.com/t/new-york-mets-authentic-collection-mens-dri-fit-pullover-hoodie-wmHdkr/NACQ4WHNME-FT3
https://www.nike.com/t/kansas-city-royals-authentic-collection-mens-dri-fit-pullover-hoodie-Z8VvP7/NACQ4WHROY-FT3
https://www.nike.com/t/los-angeles-angels-authentic-collection-mens-dri-fit-pullover-hoodie-sVm8QB/NACQ62HANG-FT3
https://www.nike.com/t/philadelphia-phillies-authentic-collection-mens-dri-fit-pullover-hoodie-PDbeqYeg/NACQ62HPP-FT3
https://www.nike.com/t/cincinnati-reds-authentic-collection-mens-dri-fit-pullover-hoodie-kmDgFJ/NACQ62HRED-FT3
https://www.nike.com/t/st-louis-cardinals-authentic-collection-mens-dri-fit-pullover-hoodie-0mzKZm/NACQ62HSCN-FT3
https://www.nike.com/t/washington-nationals-authentic-collection-mens-dri-fit-pullover-hoodie-F9QM85/NACQ62HWTL-FT3
https://www.nike.com/t/philadelphia-phillies-authentic-collection-mens-dri-fit-pullover-hoodie-2xTAMLWY/NACQ69XHPP-FT3
https://www.nike.com/t/leak-protection-period-girls-hipster-3-pack-6bCXnF/HM9498-010
https://www.nike.com/t/jordan-flight-fleece-lny-mens-pullover-crew-neck-sweater-GG5tNZ/HQ8825-025
https://www.nike.com/t/jordan-flight-fleece-lny-mens-pullover-crew-neck-sweater-GG5tNZ/HQ8825-010
https://www.nike.com/t/jordan-flight-fleece-lny-mens-pants-kGHfrs/HQ8827-010
https://www.nike.com/t/jordan-flight-fleece-lny-mens-pants-kGHfrs/HQ8827-025
https://www.nike.com/t/houston-astros-authentic-collection-player-mens-dri-fit-pullover-sweatshirt-Coxcqqqw/015C045NHUS-KK2
https://www.nike.com/t/los-angeles-dodgers-authentic-collection-velocity-mens-dri-fit-t-shirt-nlLYbrKT/02ER00ALD-WLZ
https://www.nike.com/t/houston-astros-authentic-collection-velocity-mens-dri-fit-t-shirt-UsRunyfl/02ER44BHUS-WLZ
https://www.nike.com/t/los-angeles-dodgers-authentic-collection-velocity-mens-dri-fit-t-shirt-49jZn0um/02ER47XLD-WLZ
https://www.nike.com/t/kansas-city-royals-authentic-collection-velocity-mens-dri-fit-t-shirt-z9HzXq0W/02ER4EYROY-WLZ
https://www.nike.com/t/detroit-tigers-authentic-collection-velocity-mens-dri-fit-t-shirt-c4fRTffp/02ER4FADG-WLZ
https://www.nike.com/t/colorado-rockies-authentic-collection-velocity-mens-dri-fit-t-shirt-eNWutSNq/02ER51LDNV-WLZ
https://www.nike.com/t/los-angeles-angels-authentic-collection-velocity-mens-dri-fit-t-shirt-0lGVwto1/02ER62QANG-WLZ
https://www.nike.com/t/detroit-tigers-authentic-collection-velocity-mens-dri-fit-t-shirt-JojohQuE/02ER89LDG-WLZ
https://www.nike.com/t/houston-astros-authentic-collection-velocity-mens-dri-fit-t-shirt-EWmdIJxV/02ER89LHUS-WLZ
https://www.nike.com/t/sb-stefan-janoski-big-kids-skate-shoes-7Wpr2X/525104-028
https://www.nike.com/t/shox-tl-womens-shoes-TH65kqnj/AR3566-201
https://www.nike.com/t/shox-tl-womens-shoes-TH65kqnj/AR3566-003
https://www.nike.com/t/shox-tl-womens-shoes-TH65kqnj/AR3566-006
https://www.nike.com/t/shox-tl-womens-shoes-TH65kqnj/AR3566-100
https://www.nike.com/t/shox-tl-shoes-TH65kqnj/HQ4049-001
https://www.nike.com/t/shox-tl-womens-shoes-TH65kqnj/HV2520-001
https://www.nike.com/t/air-jordan-1-mid-womens-shoes-TB9sVQ/BQ6472-008
https://www.nike.com/t/air-jordan-1-mid-womens-shoes-TB9sVQ/BQ6472-109
https://www.nike.com/t/air-jordan-1-mid-womens-shoes-TB9sVQ/BQ6472-400
https://www.nike.com/t/air-jordan-1-mid-womens-shoes-TB9sVQ/BQ6472-620
https://www.nike.com/t/blazer-mid-77-big-kids-shoes-Wv40TF/DA4086-127
https://www.nike.com/t/jordan-flight-club-91-little-kids-shoes-e89sjamf/DM1686-400
https://www.nike.com/t/team-hustle-d-11-little-kids-shoes-nVs0XX/DV8994-105
https://www.nike.com/t/mc-trainer-3-womens-workout-shoes-vl82DH/FQ1830-101
https://www.nike.com/t/club-mens-french-terry-alumni-shorts-5w8T7g/FQ4950-657
https://www.nike.com/t/club-mens-french-terry-alumni-shorts-5w8T7g/FQ4950-063
https://www.nike.com/t/club-mens-french-terry-alumni-shorts-5w8T7g/FQ4950-133
https://www.nike.com/t/club-mens-french-terry-alumni-shorts-5w8T7g/FQ4950-010
https://www.nike.com/t/pegasus-easyon-mens-road-running-shoes-tgsg6x/FQ7837-201
https://www.nike.com/t/pegasus-easyon-mens-road-running-shoes-tgsg6x/FQ7837-001
https://www.nike.com/t/pegasus-easyon-mens-road-running-shoes-tgsg6x/FQ7837-002
https://www.nike.com/t/pegasus-easyon-mens-road-running-shoes-tgsg6x/FQ7837-101
https://www.nike.com/t/jordan-4-rm-little-kids-shoes-x3rHKulR/FQ7936-101
https://www.nike.com/t/jordan-4-rm-little-kids-shoes-x3rHKulR/FQ7936-002
https://www.nike.com/t/jordan-4-rm-little-kids-shoes-x3rHKulR/FQ7936-004
https://www.nike.com/t/jordan-4-rm-little-kids-shoes-x3rHKulR/FQ7936-006
https://www.nike.com/t/jr-mercurial-vapor-16-club-little-big-kids-mg-low-top-soccer-cleats-cwRMQ8/FQ8286-800
https://www.nike.com/t/acg-skull-peak-womens-storm-fit-jacket-W8pHvp/FV7327-009
https://www.nike.com/t/air-max-plus-g-golf-shoes-N6qFdg/FZ4150-100
https://www.nike.com/t/air-max-plus-g-golf-shoes-N6qFdg/FZ4150-001
https://www.nike.com/t/air-max-plus-g-golf-shoes-N6qFdg/FZ4150-400
https://www.nike.com/t/air-jordan-1-low-se-mens-shoes-r4hJb1/HF3148-102
https://www.nike.com/t/air-jordan-1-low-se-mens-shoes-r4hJb1/HF3148-011
https://www.nike.com/t/air-jordan-1-low-se-mens-shoes-r4hJb1/HF3148-106
https://www.nike.com/t/air-jordan-1-mid-se-mens-shoes-Zn07hL/HF3216-102
https://www.nike.com/t/air-jordan-1-mid-se-mens-shoes-Zn07hL/HV5177-010
https://www.nike.com/t/air-jordan-1-mid-se-mens-shoes-Zn07hL/HF3216-100
https://www.nike.com/t/air-jordan-1-low-se-womens-shoes-5QFR7K/HF4078-100
https://www.nike.com/t/air-jordan-wordmark-mens-chicago-fleece-pullover-hoodie-Qc5XTr/HF9289-010
https://www.nike.com/t/air-jordan-mens-pants-3cgKDf/HF9291-010
https://www.nike.com/t/air-jordan-mens-pants-3cgKDf/HF9291-029
https://www.nike.com/t/acg-womens-uv-protection-repel-hiking-pants-3XBDh9/HJ0243-009
https://www.nike.com/t/acg-womens-uv-protection-repel-hiking-pants-3XBDh9/HJ0243-010
https://www.nike.com/t/sportswear-max90-t-shirt-tvVTZG/HJ0584-010
https://www.nike.com/t/sportswear-max90-t-shirt-tvVTZG/HJ0584-100
https://www.nike.com/t/sportswear-max90-t-shirt-tvVTZG/HJ0584-663
https://www.nike.com/t/sportswear-mens-t-shirt-KPZq2n/HJ0590-474
https://www.nike.com/t/sportswear-mens-t-shirt-KPZq2n/HJ0590-657
https://www.nike.com/t/club-mens-french-terry-hoodie-9SqRPv/HJ2177-010
https://www.nike.com/t/club-mens-french-terry-hoodie-9SqRPv/HJ2177-677
https://www.nike.com/t/air-jordan-85-mens-gradient-t-shirt-6JtmTj/HJ2316-045
https://www.nike.com/t/jordan-flight-essentials-mens-t-shirt-PrXsfT/HJ2340-407
https://www.nike.com/t/jordan-flight-essentials-mens-t-shirt-PrXsfT/HJ2340-010
https://www.nike.com/t/jordan-flight-essentials-mens-t-shirt-PrXsfT/HJ2340-100
https://www.nike.com/t/jordan-flight-essentials-mens-t-shirt-PrXsfT/HJ2340-231
https://www.nike.com/t/jordan-brand-mens-photo-t-shirt-lXkhcb/HJ2354-091
https://www.nike.com/t/jordan-brand-mens-photo-t-shirt-lXkhcb/HJ2354-100
https://www.nike.com/t/jordan-brand-mens-photo-t-shirt-lXkhcb/HJ2354-010
https://www.nike.com/t/jordan-brand-mens-photo-t-shirt-lXkhcb/HJ2354-231
https://www.nike.com/t/infinity-tour-2-golf-shoes-wide-nX1szz/HQ2159-400
https://www.nike.com/t/infinity-tour-2-golf-shoes-wide-nX1szz/HQ2159-001
https://www.nike.com/t/infinity-tour-2-golf-shoes-wide-nX1szz/HQ2159-100
https://www.nike.com/t/vapor-12-mens-clay-court-tennis-shoes-h8kRLs/HQ6026-001
https://www.nike.com/t/vapor-12-mens-clay-court-tennis-shoes-h8kRLs/HQ6026-400
https://www.nike.com/t/vapor-12-womens-clay-court-tennis-shoes-zpFxpd/HQ6027-001
https://www.nike.com/t/court-borough-mid-2-little-kids-shoes-hl71Sd/HV0935-100
https://www.nike.com/t/p-6000-big-kids-shoes-tkP1mt/HV5064-701
https://www.nike.com/t/p-6000-big-kids-shoes-tkP1mt/HV5064-002
https://www.nike.com/t/p-6000-big-kids-shoes-tkP1mt/HV5064-003
https://www.nike.com/t/p-6000-big-kids-shoes-tkP1mt/HV5064-004
https://www.nike.com/t/p-6000-big-kids-shoes-tkP1mt/HV5064-200
https://www.nike.com/t/air-max-excee-womens-shoes-BHqXDn/IB4018-133
https://www.nike.com/t/court-borough-mid-2-baby-toddler-shoes-QZMPt9/IB4399-100
https://www.nike.com/t/air-force-1-big-kids-shoes-qkkMcw/IB4411-100
https://www.nike.com/t/force-1-low-easyon-little-kids-shoes-tWcz3m/IB4412-100
https://www.nike.com/t/jordan-spizike-low-mens-shoes-thc5vc/IB4464-025
https://www.nike.com/t/jordan-spizike-low-mens-shoes-thc5vc/FQ1759-003
https://www.nike.com/t/killshot-2-big-kids-shoe-l58E3abg/IF0500-101
https://www.nike.com/t/killshot-2-big-kids-shoe-l58E3abg/IF0500-001
https://www.nike.com/t/killshot-2-big-kids-shoe-l58E3abg/IF0500-100
https://www.nike.com/t/killshot-2-big-kids-shoes-l58E3abg/IF1614-300
https://www.nike.com/t/killshot-2-big-kids-shoes-l58E3abg/IF1614-400
https://www.nike.com/t/killshot-2-big-kids-shoes-l58E3abg/IF1614-403
https://www.nike.com/t/arizona-menslong-sleeve-t-shirt-fwILE6yt/M22284MMAW-WHT
https://www.nike.com/t/baylor-menslong-sleeve-t-shirt-Tni6jXGl/M22284MMBB-WHT
https://www.nike.com/t/creighton-menslong-sleeve-t-shirt-JP4QL2hI/M22284MMBJ-WHT
https://www.nike.com/t/colorado-menslong-sleeve-t-shirt-WLdBsp0M/M22284MMCB-WHT
https://www.nike.com/t/clemson-menslong-sleeve-t-shirt-HKcgmgyZ/M22284MMCT-WHT
https://www.nike.com/t/duke-menslong-sleeve-t-shirt-HIhraNHr/M22284MMDB-WHT
https://www.nike.com/t/dayton-menslong-sleeve-t-shirt-93L8L2rw/M22284MMDF-WHT
https://www.nike.com/t/gonzaga-menslong-sleeve-t-shirt-S6aAgxoe/M22284MMGB-WHT
https://www.nike.com/t/houston-mens-jordanlong-sleeve-t-shirt-j86rPmHo/M22284MMHC-WHT
https://www.nike.com/t/iowa-state-menslong-sleeve-t-shirt-ISFGmkSC/M22284MMIC-WHT
https://www.nike.com/t/iowa-menslong-sleeve-t-shirt-yTLGuKL2/M22284MMIH-WHT
https://www.nike.com/t/kentucky-menslong-sleeve-t-shirt-0zX0tqWh/M22284MMKW-WHT
https://www.nike.com/t/lsu-menslong-sleeve-t-shirt-7VP4KyhL/M22284MMLT-WHT
https://www.nike.com/t/marquette-menslong-sleeve-t-shirt-94tdyTCU/M22284MMME-WHT
https://www.nike.com/t/memphis-menslong-sleeve-t-shirt-MXZaGLEa/M22284MMMT-WHT
https://www.nike.com/t/michigan-mens-jordanlong-sleeve-t-shirt-ovkgaj6m/M22284MMMW-WHT
https://www.nike.com/t/unc-mens-jordanlong-sleeve-t-shirt-lEDSAaug/M22284MMNC-WHT
https://www.nike.com/t/oregon-state-menslong-sleeve-t-shirt-fEPAISd2/M22284MMOB-WHT
https://www.nike.com/t/oregon-menslong-sleeve-t-shirt-ksVUjpAa/M22284MMOD-WHT
https://www.nike.com/t/ohio-state-menslong-sleeve-t-shirt-TycxZVf9/M22284MMOS-WHT
https://www.nike.com/t/purdue-menslong-sleeve-t-shirt-87j3Hih4/M22284MMPB-WHT
https://www.nike.com/t/sdsu-menslong-sleeve-t-shirt-IDm2uQhm/M22284MMSA-WHT
https://www.nike.com/t/texas-menslong-sleeve-t-shirt-2ykwzUry/M22284MMTL-WHT
https://www.nike.com/t/tennessee-menslong-sleeve-t-shirt-SlT32tmv/M22284MMTS-WHT
https://www.nike.com/t/ucla-mens-jordanlong-sleeve-t-shirt-tTgRX9lV/M22284MMUB-WHT
https://www.nike.com/t/uconn-menslong-sleeve-t-shirt-bzPmCZ3j/M22284MMUC-WHT
https://www.nike.com/t/usc-menslong-sleeve-t-shirt-ym1gRJDl/M22284MMUT-WHT
https://www.nike.com/t/virginia-tech-menslong-sleeve-t-shirt-kZRHuj20/M22284MMVT-WHT
https://www.nike.com/t/washington-state-menslong-sleeve-t-shirt-mQBvXlX2/M22284MMWS-WHT
https://www.nike.com/t/florida-state-primetime-logo-menst-shirt-9qc5VN/N1994KBFTN-PTF
https://www.nike.com/t/jordan-mvp-big-kids-fleece-printed-pants-Itpw1uc2/95D605-J34
https://www.nike.com/t/jordan-mvp-big-kids-fleece-printed-pants-Itpw1uc2/95D605-G0T
https://www.nike.com/t/jordan-mvp-big-kids-airbrushed-jordan-t-shirt-BjqaEMhK/95D622-023
https://www.nike.com/t/jordan-mvp-big-kids-airbrushed-jordan-t-shirt-BjqaEMhK/95D622-J34
https://www.nike.com/t/sb-loose-double-knee-denim-skate-pants-TPTgRG/HJ4266-491
https://www.nike.com/t/jordan-baby-jersey-henley-3-piece-set-wgz3koWl/NJ0750-001
https://www.nike.com/t/jordan-baby-jersey-henley-3-piece-set-wgz3koWl/NJ0750-R78
https://www.nike.com/t/sb-dunk-low-pro-skate-shoes-q8sYPUT8/HF3063-400
https://www.nike.com/t/new-york-yankees-womens-full-zip-hoodie-8GgARuqo/035D160NNK-HVV
https://www.nike.com/t/v5-rnr-mens-shoes-p4dZTm/HJ5228-001
https://www.nike.com/t/v5-rnr-mens-shoes-p4dZTm/HJ5228-100
https://www.nike.com/t/v5-rnr-mens-shoes-p4dZTm/HJ5228-101
https://www.nike.com/t/v5-rnr-mens-shoes-p4dZTm/HJ5228-102
https://www.nike.com/t/mercurial-lite-superlock-soccer-shin-guards-xd2FgP/DV1770-850
https://www.nike.com/t/jordan-chicago-womens-pants-vk20ng/FV7098-222
https://www.nike.com/t/nikecourt-mens-tennis-t-shirt-qd21Cg/HQ0790-113
https://www.nike.com/t/nikecourt-mens-tennis-t-shirt-qd21Cg/HQ0790-402
https://www.nike.com/t/nikecourt-mens-tennis-t-shirt-qd21Cg/HQ0790-478
https://www.nike.com/t/swim-silicone-cap-SULbu2rH/NESSF122-959
https://www.nike.com/t/jordan-fly-lock-2-football-gloves-ld8RCv/J1013233-143
https://www.nike.com/t/alpha-2-big-kids-football-lip-protecting-mouthguard-1hsKBS/N1012623-010
https://www.nike.com/t/alpha-2-big-kids-football-lip-protecting-mouthguard-1hsKBS/N1012623-101
https://www.nike.com/t/alpha-2-big-kids-football-one-piece-lip-protecting-mouthguard-p53zPB/N1012624-010
https://www.nike.com/t/alpha-2-big-kids-football-one-piece-lip-protecting-mouthguard-p53zPB/N1012624-101
https://www.nike.com/t/georgia-bulldogs-primetime-victory-legacy-vault-logo-mens-dri-fitpolo-gEyw9uQE/035800AUGV-J2A
https://www.nike.com/t/lsu-tigers-primetime-victory-legacy-vault-logo-mens-dri-fitpolo-HnVYBjWm/035806FLOV-J2A
https://www.nike.com/t/zoom-kd-4-mens-shoes-R5mcMq/IB3546-100
https://www.nike.com/t/zoom-kd-4-mens-shoes-4mkpGG/FZ3540-400
https://www.nike.com/t/atlanta-braves-authentic-collection-mens-dri-fit-sleeveless-pullover-hoodie-TdXMWwh0/013U046NAW-2G5
https://www.nike.com/t/tampa-bay-rays-authentic-collection-mens-dri-fit-sleeveless-pullover-hoodie-pGDC5FNt/013U091NTPA-2G5
https://www.nike.com/t/miami-marlins-authentic-collection-mens-dri-fit-sleeveless-pullover-hoodie-bZAmSDMx/013U092NMQM-2G5
https://www.nike.com/t/philadelphia-phillies-authentic-collection-mens-dri-fit-sleeveless-pullover-hoodie-AXGvQO2a/013U161NPP-2G5
https://www.nike.com/t/cleveland-guardians-authentic-collection-mens-dri-fit-1-2-zip-long-sleeve-top-Dg3Rf56A/014G195NGUA-2G4
https://www.nike.com/t/athletics-authentic-collection-player-mens-dri-fit-pullover-sweatshirt-3IELj2JV/015C023NFZ-KK2
https://www.nike.com/t/boston-red-sox-authentic-collection-player-mens-dri-fit-pullover-sweatshirt-boOxyGqN/015C036NBQ-KK2
https://www.nike.com/t/boston-red-sox-authentic-collection-player-mens-dri-fit-pullover-jacket-hMR82oks/015C046NBQ-KK2
https://www.nike.com/t/tampa-bay-rays-authentic-collection-player-mens-dri-fit-pullover-sweatshirt-mjhbBRL6/015C047NTPA-KK2
https://www.nike.com/t/toronto-blue-jays-authentic-collection-player-mens-dri-fit-pullover-sweatshirt-ywZAYcVB/015C158NTOR-KK2
https://www.nike.com/t/cleveland-guardians-authentic-collection-player-mens-dri-fit-pullover-sweatshirt-IdqKBPXf/015C195NGUA-KK2
https://www.nike.com/t/los-angeles-dodgers-authentic-collection-player-mens-dri-fit-pullover-sweatshirt-owjfvqGL/015C912ZLD-KK2
https://www.nike.com/t/arizona-diamondbacks-authentic-collection-velocity-mens-dri-fit-t-shirt-6fuk1f01/02ER00ADQS-WLZ
https://www.nike.com/t/san-francisco-giants-authentic-collection-velocity-mens-dri-fit-t-shirt-8Ai0bl5H/02ER00AGIA-WLZ
https://www.nike.com/t/new-york-mets-authentic-collection-velocity-mens-dri-fit-t-shirt-JnkKqSMU/02ER00ANME-WLZ
https://www.nike.com/t/baltimore-orioles-authentic-collection-velocity-mens-dri-fit-t-shirt-G2Y5987Z/02ER00AOLE-WLZ
https://www.nike.com/t/pittsburgh-pirates-authentic-collection-velocity-mens-dri-fit-t-shirt-P5AxxYZ7/02ER00APTB-WLZ
https://www.nike.com/t/cincinnati-reds-authentic-collection-velocity-mens-dri-fit-t-shirt-9RDop6Dn/02ER00ARED-WLZ
https://www.nike.com/t/chicago-white-sox-authentic-collection-velocity-mens-dri-fit-t-shirt-c6pRr3Ma/02ER00ARX-WLZ
https://www.nike.com/t/atlanta-braves-authentic-collection-velocity-mens-dri-fit-t-shirt-3OYJJFEu/02ER06FAW-WLZ
https://www.nike.com/t/chicago-cubs-authentic-collection-velocity-mens-dri-fit-t-shirt-Q4DwecVH/02ER10AEJ-WLZ
https://www.nike.com/t/new-york-yankees-authentic-collection-velocity-mens-dri-fit-t-shirt-WFwKB5GO/02ER10ANK-WLZ
https://www.nike.com/t/tampa-bay-rays-authentic-collection-velocity-mens-dri-fit-t-shirt-d4OxHIoN/02ER10ATPA-YGE
https://www.nike.com/t/san-diego-padres-authentic-collection-velocity-mens-dri-fit-t-shirt-ZiYu0r8y/02ER20QPYP-WLZ
https://www.nike.com/t/athletics-authentic-collection-velocity-mens-dri-fit-t-shirt-Ca8PVQVl/02ER3EYFZ-WLZ
https://www.nike.com/t/atlanta-braves-authentic-collection-velocity-mens-dri-fit-t-shirt-6KEtfyoW/02ER44BAW-WLZ
https://www.nike.com/t/boston-red-sox-authentic-collection-velocity-mens-dri-fit-t-shirt-OIJABDvq/02ER44BBQ-WLZ
https://www.nike.com/t/seattle-mariners-authentic-collection-velocity-mens-dri-fit-t-shirt-hrtD4qry/02ER44BMVR-WLZ
https://www.nike.com/t/milwaukee-brewers-authentic-collection-velocity-mens-dri-fit-t-shirt-sQgx96S8/02ER44BMZB-WLZ
https://www.nike.com/t/tampa-bay-rays-authentic-collection-velocity-mens-dri-fit-t-shirt-bQeKoWdj/02ER44BTPA-WLZ
https://www.nike.com/t/miami-marlins-authentic-collection-velocity-mens-dri-fit-t-shirt-nyTX9inl/02ER44IMQM-WLZ
https://www.nike.com/t/texas-rangers-authentic-collection-velocity-mens-dri-fit-t-shirt-bq5p2CMP/02ER47XTER-WLZ
https://www.nike.com/t/seattle-mariners-authentic-collection-velocity-mens-dri-fit-t-shirt-17G1oloT/02ER4DZMVR-WLZ
https://www.nike.com/t/chicago-cubs-authentic-collection-velocity-mens-dri-fit-t-shirt-ePByLpY4/02ER4EWEJ-WLZ
https://www.nike.com/t/new-york-mets-authentic-collection-velocity-mens-dri-fit-t-shirt-BfODztyf/02ER4EWNME-WLZ
https://www.nike.com/t/toronto-blue-jays-authentic-collection-velocity-mens-dri-fit-t-shirt-rSI6lPbw/02ER4EWTOR-WLZ
https://www.nike.com/t/tampa-bay-rays-authentic-collection-velocity-mens-dri-fit-t-shirt-njYTMM0I/02ER4EYTPA-WLZ
https://www.nike.com/t/cleveland-guardians-authentic-collection-velocity-mens-dri-fit-t-shirt-Fz9JoI1n/02ER4FAGUA-WLZ
https://www.nike.com/t/new-york-yankees-authentic-collection-velocity-mens-dri-fit-t-shirt-fqtQ0n3p/02ER4FANK-WLZ
https://www.nike.com/t/minnesota-twins-authentic-collection-velocity-mens-dri-fit-t-shirt-IUQWfZEE/02ER4FATIS-YGE
https://www.nike.com/t/washington-nationals-authentic-collection-velocity-mens-dri-fit-t-shirt-mwVQDXBe/02ER4FAWTL-WLZ
https://www.nike.com/t/toronto-blue-jays-authentic-collection-velocity-mens-dri-fit-t-shirt-y186FqVf/02ER4NATOR-WLZ
https://www.nike.com/t/atlanta-braves-authentic-collection-velocity-mens-dri-fit-t-shirt-g0qRyWhT/02ER62QAW-WLZ
https://www.nike.com/t/cleveland-guardians-authentic-collection-velocity-mens-dri-fit-t-shirt-dMA2lOsw/02ER62QGUA-WLZ
https://www.nike.com/t/philadelphia-phillies-authentic-collection-velocity-mens-dri-fit-t-shirt-BbCsImE7/02ER62QPP-WLZ
https://www.nike.com/t/cincinnati-reds-authentic-collection-velocity-mens-dri-fit-t-shirt-V0qq6zhR/02ER62QRED-WLZ
https://www.nike.com/t/st-louis-cardinals-authentic-collection-velocity-mens-dri-fit-t-shirt-soMioaJI/02ER62QSCN-WLZ
https://www.nike.com/t/minnesota-twins-authentic-collection-velocity-mens-dri-fit-t-shirt-KnoqGbPM/02ER62QTIS-YGE
https://www.nike.com/t/arizona-diamondbacks-authentic-collection-velocity-mens-dri-fit-t-shirt-czlIXj9V/02ER69WDQS-WLZ
https://www.nike.com/t/philadelphia-phillies-authentic-collection-velocity-mens-dri-fit-t-shirt-D6U9hioH/02ER69XPP-YGE
https://www.nike.com/t/san-francisco-giants-authentic-collection-velocity-mens-dri-fit-t-shirt-2BTCziuI/02ER89LGIA-WLZ
https://www.nike.com/t/baltimore-orioles-authentic-collection-velocity-mens-dri-fit-t-shirt-1OXj56Mh/02ER89LOLE-WLZ
https://www.nike.com/t/milwaukee-brewers-womens-full-zip-hoodie-2Nd0coHu/035D160NMZB-HVV
https://www.nike.com/t/philadelphia-phillies-womens-full-zip-hoodie-o7vsZyeP/035D163NPP-HVV
https://www.nike.com/t/jayden-daniels-washington-commanders-mens-game-fashion-jersey-QMQvlaCh/22NM00A9EF-EE1
https://www.nike.com/t/jayden-daniels-washington-commanders-mens-game-fashion-jersey-vrBkfjNL/22NM10A9EF-1YX
https://www.nike.com/t/vapor-speed-3-football-cleats-f9zw10/FB3303-100
https://www.nike.com/t/vapor-speed-3-football-cleats-f9zw10/FB3303-002
https://www.nike.com/t/vapor-speed-3-football-cleats-f9zw10/FB3303-001
https://www.nike.com/t/luka-3-little-kids-shoes-446QZP/FQ8187-500
https://www.nike.com/t/luka-3-baby-toddler-shoes-Gd0wKd/FQ8188-500
https://www.nike.com/t/field-general-mens-shoes-jfXSNb/HF3165-401
https://www.nike.com/t/field-general-mens-shoes-jfXSNb/HF3165-001
https://www.nike.com/t/field-general-mens-shoes-jfXSNb/HF3165-102
https://www.nike.com/t/field-general-mens-shoes-jfXSNb/HF3165-104
https://www.nike.com/t/field-general-mens-shoes-jfXSNb/HF3165-300
https://www.nike.com/t/field-general-mens-shoes-jfXSNb/HF3165-002
https://www.nike.com/t/air-jordan-1-brooklyn-low-womens-shoes-w9oBV6oC/HF3184-200
https://www.nike.com/t/air-jordan-1-brooklyn-low-womens-shoes-w9oBV6oC/IB7210-006
https://www.nike.com/t/boston-red-sox-2-hit-mens-t-shirt-1TnQ2G/N19962QBQ-9UX
https://www.nike.com/t/boston-red-sox-fuse-wordmark-mens-t-shirt-1TnQ2G/N19962QBQ-0U5
https://www.nike.com/t/chicago-cubs-authentic-collection-mens-therma-pullover-hoodie-DGThN8Me/NAC3010PEJ-N80
https://www.nike.com/t/athletics-authentic-collection-mens-therma-pullover-hoodie-7G3DmhhV/NAC3023NFZ-N80
https://www.nike.com/t/houston-astros-authentic-collection-mens-therma-pullover-hoodie-UjFYxgpv/NAC3032NHUS-N80
https://www.nike.com/t/los-angeles-angels-authentic-collection-mens-therma-pullover-hoodie-bZMbz5/NAC3036NANG-N80
https://www.nike.com/t/st-louis-cardinals-authentic-collection-mens-therma-pullover-hoodie-9D15Sv/NAC3036NSCN-N80
https://www.nike.com/t/atlanta-braves-authentic-collection-mens-therma-pullover-hoodie-k8gDjR/NAC3046NAW-N80
https://www.nike.com/t/st-louis-cardinals-authentic-collection-mens-therma-pullover-hoodie-mj6dKD/NAC3046NSCN-N80
https://www.nike.com/t/tampa-bay-rays-authentic-collection-mens-therma-pullover-hoodie-lqAPLibR/NAC3047NTPA-N80
https://www.nike.com/t/minnesota-twins-authentic-collection-mens-therma-pullover-hoodie-hXGn4IaA/NAC30DBLTIS-YGE
https://www.nike.com/t/new-york-mets-authentic-collection-mens-therma-pullover-hoodie-DhdRXG/NAC3156NNME-N80
https://www.nike.com/t/texas-rangers-authentic-collection-mens-therma-pullover-hoodie-PVSbzK/NAC3198NTER-N80
https://www.nike.com/t/los-angeles-dodgers-authentic-collection-mens-therma-pullover-hoodie-ZZ59Vt/NAC3912ZLD-N80
https://www.nike.com/t/philadelphia-phillies-authentic-collection-mens-therma-pullover-hoodie-9kS0Gh/NAC399RIPP-YGE
https://www.nike.com/t/atlanta-braves-true-mens-dri-fit-fitted-hat-Gctkxl/NB184FAAW-JES
https://www.nike.com/t/manny-machado-san-diego-padres-legend-home-mens-dri-fit-t-shirt-rKlz2H/NKGK20QPY3-00G
https://www.nike.com/t/ronald-acuña-jr-atlanta-braves-legend-home-mens-dri-fit-t-shirt-K8jZ73/NKGK44BAW9-DAR
https://www.nike.com/t/jackie-robinson-brooklyn-dodgers-legend-home-mens-dri-fit-t-shirt-pkPtB7/NKGK4EWQBK-7RG
https://www.nike.com/t/philadelphia-eagles-super-bowl-lix-champions-trophy-collection-club-mens-pullover-hoodie-9jgctYZR/NPDK06F86Z-9MB
https://www.nike.com/t/jayden-daniels-washington-commanders-big-kids-rJm3uEsD/Z1B7N1P9DCFDJ-000
https://www.nike.com/t/toddler-brandmark-swoosh-t-shirt-DJKaGC9W/76M843-023
https://www.nike.com/t/toddler-brandmark-swoosh-t-shirt-DJKaGC9W/76M843-G3O
https://www.nike.com/t/toddler-brandmark-stack-t-shirt-iqpRROgC/76M844-023
https://www.nike.com/t/toddler-brandmark-stack-t-shirt-iqpRROgC/76M844-X3E
https://www.nike.com/t/sportswear-toddler-air-fleece-2-piece-crew-set-7wNpdr3Z/76M846-023
https://www.nike.com/t/sportswear-toddler-air-fleece-2-piece-crew-set-7wNpdr3Z/76M846-B9F
https://www.nike.com/t/sportswear-little-kids-nike-air-tee-and-shorts-set-cZuwD1jZ/86M753-023
https://www.nike.com/t/sportswear-little-kids-nike-air-tee-and-shorts-set-cZuwD1jZ/86M753-B9F
https://www.nike.com/t/little-kids-brandmark-swoosh-t-shirt-DJKaGC9W/86M843-023
https://www.nike.com/t/little-kids-brandmark-swoosh-t-shirt-DJKaGC9W/86M843-G3O
https://www.nike.com/t/little-kids-brandmark-stack-t-shirt-iqpRROgC/86M844-023
https://www.nike.com/t/little-kids-brandmark-stack-t-shirt-iqpRROgC/86M844-X3E
https://www.nike.com/t/sportswear-little-kids-air-fleece-2-piece-crew-set-7wNpdr3Z/86M846-023
https://www.nike.com/t/sportswear-little-kids-air-fleece-2-piece-crew-set-7wNpdr3Z/86M846-B9F
https://www.nike.com/t/united-jr-phantom-gx-2-academy-big-kids-tf-low-top-soccer-shoes-SZHMRn/HF1505-500
https://www.nike.com/t/jordan-essentials-mens-vest-mjH0jr/HF9327-222
https://www.nike.com/t/jordan-essentials-mens-vest-mjH0jr/HF9327-010
https://www.nike.com/t/jordan-essentials-mens-vest-mjH0jr/HF9327-257
https://www.nike.com/t/academy-mens-dri-fit-soccer-shorts-GXqlV1/HJ3796-100
https://www.nike.com/t/academy-mens-dri-fit-soccer-shorts-GXqlV1/HJ3796-025
https://www.nike.com/t/academy-mens-dri-fit-soccer-shorts-GXqlV1/HJ3796-010
https://www.nike.com/t/academy-mens-dri-fit-soccer-shorts-GXqlV1/HJ3796-492
https://www.nike.com/t/erling-haaland-club-fleece-big-kids-joggers-WhnzDB/HJ3836-492
https://www.nike.com/t/erling-haaland-club-fleece-big-kids-joggers-WhnzDB/HJ3836-643
https://www.nike.com/t/kansas-city-chiefs-mens-dri-fit-hooded-t-shirt-1trdJwAe/03NB06F7G-2B7
https://www.nike.com/t/pittsburgh-steelers-mens-dri-fit-hooded-t-shirt-q9cJTa3Q/03NB06F7L-2B7
https://www.nike.com/t/chicago-bears-mens-dri-fit-hooded-t-shirt-rf1N6wWA/03NB06F7Q-2B7
https://www.nike.com/t/cincinnati-bengals-mens-dri-fit-hooded-t-shirt-F0BbSmvZ/03NB06F9A-2B7
https://www.nike.com/t/cleveland-browns-mens-dri-fit-hooded-t-shirt-lYQRd54s/03NB06F9I-2B7
https://www.nike.com/t/detroit-lions-mens-dri-fit-hooded-t-shirt-AhFhxVz8/03NB06F9J-2B7
https://www.nike.com/t/v5-rnr-womens-shoes-4Lts7n/HQ7901-100
https://www.nike.com/t/v5-rnr-womens-shoes-4Lts7n/HQ7901-101
https://www.nike.com/t/v5-rnr-womens-shoes-4Lts7n/HQ7901-102
https://www.nike.com/t/dansby-swanson-chicago-cubs-mens-dri-fit-adv-Nx5xZ1/LM25EJRDEJ9-6K4
https://www.nike.com/t/julio-rodríguez-seattle-mariners-mens-dri-fit-adv-bgr6gr/LM25MVA2MV9-5C4
https://www.nike.com/t/julio-rodríguez-seattle-mariners-mens-dri-fit-adv-v75lHV/LM25MVROMV9-5C4
https://www.nike.com/t/juan-soto-new-york-mets-fuse-mens-t-shirt-Jv0HqN/N1994EWNM9-YKM
https://www.nike.com/t/juan-soto-new-york-mets-mens-replica-jersey-CwDzlc/T770NMRENM7-D35
https://www.nike.com/t/juan-soto-new-york-mets-mens-replica-jersey-2Px0cg/T770NMW1NM7-D35
https://www.nike.com/t/cleveland-guardians-authentic-collection-pregame-mens-dri-fit-t-shirt-kJe64UZx/013B4FAGUA-FT3
https://www.nike.com/t/chicago-cubs-script-womens-dri-fit-cropped-t-shirt-pjR4w3YI/01D4007PEJ-G64
https://www.nike.com/t/los-angeles-dodgers-script-womens-dri-fit-cropped-t-shirt-2aAa6Aut/01D4007PLD-G64
https://www.nike.com/t/new-york-yankees-script-womens-dri-fit-cropped-t-shirt-GISQadc9/01D4022NNK-G64
https://www.nike.com/t/houston-astros-script-womens-dri-fit-cropped-t-shirt-VOxta5A4/01D4032NHUS-G64
https://www.nike.com/t/atlanta-braves-script-womens-dri-fit-cropped-t-shirt-sDZ4TPwL/01D4036NAW-G64
https://www.nike.com/t/universa-womens-medium-support-high-waisted-full-length-leggings-with-pockets-gJ4Gcm/HQ6810-233
https://www.nike.com/t/universa-womens-medium-support-high-waisted-full-length-leggings-with-pockets-gJ4Gcm/HQ6810-478
https://www.nike.com/t/universa-womens-medium-support-high-waisted-full-length-leggings-with-pockets-gJ4Gcm/HQ6810-010
https://www.nike.com/u/custom-nike-p-6000-by-you-10002069/9121564373
https://www.nike.com/u/custom-nike-air-max-97-shoes-by-you-10001830/4987375102
https://www.nike.com/u/custom-nike-cortez-by-you-10002074/6935420831
https://www.nike.com/u/custom-nike-cortez-by-you-10002074/5386449355
https://www.nike.com/t/dunk-low-retro-se-mens-shoes-szLXM3/HV5749-110
https://www.nike.com/t/air-force-1-07-lv8-mens-shoes-mt28Xb/HV5752-410
https://www.nike.com/t/jordan-1-retro-high-og-black-toe-baby-toddler-shoes-KVpEM9a8/FD1413-106
https://www.nike.com/t/air-jordan-1-high-og-black-toe-big-kids-shoes-KVpEM9a8/FD1437-106
https://www.nike.com/t/jordan-1-baby-crib-bootie-hSRBZR/HJ9289-061
https://www.nike.com/t/baltimore-orioles-authentic-collection-mens-dri-fit-sleeveless-pullover-hoodie-y4d6fPPU/013U088NOLE-2G5
https://www.nike.com/t/washington-nationals-authentic-collection-mens-dri-fit-sleeveless-pullover-hoodie-iwpYkEIG/013U162NWTL-2G5
https://www.nike.com/t/cleveland-guardians-womens-pullover-crew-Y0M1UbxK/01D7163NGUA-H3K
https://www.nike.com/t/atlanta-braves-womens-full-zip-hoodie-d8o72Yqm/035D160NAW-HVV
https://www.nike.com/t/detroit-tigers-womens-full-zip-hoodie-8KzWdjNK/035D160NDG-HVV
https://www.nike.com/t/cleveland-guardians-womens-full-zip-hoodie-g7VNa35i/035D160NGUA-HVV
https://www.nike.com/t/cleveland-guardians-2-hit-mens-t-shirt-MKtKkW/N19962QGUA-9UX
https://www.nike.com/t/cincinnati-reds-cooperstown-retro-mens-t-shirt-xz4Hxz/N19962QR75-CUE
https://www.nike.com/t/minnesota-twins-2-hit-mens-t-shirt-R5lKKK/N19962QTIS-9UX
https://www.nike.com/t/milwaukee-brewers-2-hit-mens-t-shirt-WhQ6gm/N19979QMZB-9UX
https://www.nike.com/t/pittsburgh-pirates-cooperstown-wordmark-mens-t-shirt-Nv9OFUDI/N19979QPBB-0B5
https://www.nike.com/t/boston-red-sox-club-mens-adjustable-hat-pnhbWMHz/NB010FTRBQ-ZNK
https://www.nike.com/t/detroit-tigers-club-mens-adjustable-hat-HX433bWc/NB010FTRDG-ZNK
https://www.nike.com/t/chicago-cubs-club-mens-adjustable-hat-TmT5Mpto/NB010FTREJ-ZNK
https://www.nike.com/t/san-francisco-giants-club-mens-adjustable-hat-WvBnsjGh/NB010FTRGIA-ZNK
https://www.nike.com/t/houston-astros-club-mens-adjustable-hat-ZPLqOYQb/NB010FTRHUS-ZNK
https://www.nike.com/t/new-york-yankees-club-mens-adjustable-hat-Quuv4lEo/NB010FTRNK-ZNK
https://www.nike.com/t/philadelphia-phillies-club-mens-adjustable-hat-ed2rYqUq/NB010FTRPP-ZNK
https://www.nike.com/t/san-diego-padres-club-mens-adjustable-hat-MuBiklsd/NB010FTRPYP-ZNK
https://www.nike.com/t/zoom-kd-4-mens-shoes-Hj6c06/FZ5916-400
https://www.nike.com/t/ja-2-scratch-black-label-basketball-shoes-jkWopkuW/IB3859-001
https://www.nike.com/t/gt-hustle-3-black-label-victor-wembanyama-basketball-shoes-Pyadb8Sz/IB4170-001
https://www.nike.com/t/gt-cut-3-turbo-black-label-basketball-shoes-475pnn/IB9632-001
https://www.nike.com/t/swoosh-peak-baseball-beanie-3jzwsc/C16645BS125-00A
https://www.nike.com/t/swoosh-peak-football-beanie-fVDSll/C16645FB121-00A
https://www.nike.com/t/swoosh-peak-golf-beanie-8bqwtH/C16645GO132-00A
https://www.nike.com/t/swoosh-peak-gymnastics-beanie-69RqJv/C16645GY143-00A
https://www.nike.com/t/swoosh-peak-lacrosse-beanie-hmxMMC/C16645LX131-00A
https://www.nike.com/t/swoosh-peak-pickleball-beanie-RjqbLR/C16645PB141-00A
https://www.nike.com/t/swoosh-peak-softball-beanie-81CCPD/C16645SB137-00A
https://www.nike.com/t/swoosh-peak-soccer-beanie-v7CRQh/C16645SC128-00A
https://www.nike.com/t/swoosh-peak-tennis-beanie-8jqMjP/C16645TN135-00A
https://www.nike.com/t/swoosh-peak-baseball-beanie-sXFFgK/C16646BS126-00A
https://www.nike.com/t/swoosh-peak-baseball-beanie-sXFFgK/C16646BS126-01V
https://www.nike.com/t/swoosh-peak-football-beanie-7G6gPF/C16646FB122-00A
https://www.nike.com/t/swoosh-peak-football-beanie-7G6gPF/C16646FB122-01V
https://www.nike.com/t/swoosh-peak-golf-beanie-Cw3bZd/C16646GO133-00A
https://www.nike.com/t/swoosh-peak-golf-beanie-Cw3bZd/C16646GO133-01V
https://www.nike.com/t/swoosh-peak-gymnastics-beanie-cjkpW6/C16646GY144-00A
https://www.nike.com/t/swoosh-peak-gymnastics-beanie-cjkpW6/C16646GY144-01V
https://www.nike.com/t/swoosh-peak-lacrosse-beanie-3Sw9Rr/C16646LX151-00A
https://www.nike.com/t/swoosh-peak-lacrosse-beanie-3Sw9Rr/C16646LX151-01V
https://www.nike.com/t/swoosh-peak-pickleball-beanie-bVCgg4/C16646PB142-00A
https://www.nike.com/t/swoosh-peak-pickleball-beanie-bVCgg4/C16646PB142-01V
https://www.nike.com/t/swoosh-peak-softball-beanie-Kl9kh8/C16646SB140-00A
https://www.nike.com/t/swoosh-peak-softball-beanie-Kl9kh8/C16646SB140-01V
https://www.nike.com/t/swoosh-peak-soccer-beanie-dgmcTf/C16646SC129-00A
https://www.nike.com/t/swoosh-peak-soccer-beanie-dgmcTf/C16646SC129-01V
https://www.nike.com/t/swoosh-peak-tennis-beanie-T5Tdhz/C16646TN136-00A
https://www.nike.com/t/swoosh-peak-tennis-beanie-T5Tdhz/C16646TN136-01V
https://www.nike.com/t/golf-trucker-cap-dPv0dJ/C16710WM25H-BLK
https://www.nike.com/t/golf-trucker-cap-dPv0dJ/C16710WM25H-WHT
https://www.nike.com/t/vapor-pro-1-football-cleats-BNDJTB2D/FB3298-002
https://www.nike.com/t/vapor-pro-1-football-cleats-BNDJTB2D/FB3298-100
https://www.nike.com/t/vapor-pro-1-football-cleats-BNDJTB2D/HF9409-600
https://www.nike.com/t/vapor-shark-3-football-cleats-zwzB8V/FB3304-002
https://www.nike.com/t/vapor-shark-3-football-cleats-zwzB8V/FB3304-100
https://www.nike.com/t/247-perfectstretch-mens-dri-fit-slim-chino-pants-rlLNpL/HQ6918-084
https://www.nike.com/t/247-perfectstretch-mens-dri-fit-slim-chino-pants-rlLNpL/HQ6918-010
https://www.nike.com/t/247-perfectstretch-mens-dri-fit-slim-chino-pants-rlLNpL/HQ6918-251
https://www.nike.com/t/247-perfectstretch-mens-dri-fit-slim-chino-pants-rlLNpL/HQ6918-320
https://www.nike.com/t/247-perfectstretch-mens-dri-fit-slim-chino-pants-rlLNpL/HQ6918-451
https://www.nike.com/t/seattle-mariners-authentic-collection-mens-dri-fit-sleeveless-pullover-hoodie-k7T9CgYb/013U015NMVR-2G5
https://www.nike.com/t/new-york-yankees-authentic-collection-dugout-mens-full-zip-bomber-jacket-TjKW5X/02F309GMNK-TZ7
https://www.nike.com/t/texas-rangers-authentic-collection-dugout-mens-full-zip-bomber-jacket-SGBhqp/02F30C7ATER-TZ7
https://www.nike.com/t/seattle-mariners-authentic-collection-dugout-mens-full-zip-bomber-jacket-69DBQW/02F30C7CMVR-TZ7
https://www.nike.com/t/baltimore-orioles-authentic-collection-dugout-mens-full-zip-bomber-jacket-xbFmzS/02F30C7DOLE-TZ7
https://www.nike.com/t/new-york-mets-authentic-collection-dugout-mens-full-zip-bomber-jacket-NPbV6b/02F30C7HNME-TZ7
https://www.nike.com/t/milwaukee-brewers-authentic-collection-dugout-mens-full-zip-bomber-jacket-b78WXX/02F30C7JMZB-TZ7
https://www.nike.com/t/pittsburgh-pirates-authentic-collection-womens-therma-pullover-hoodie-V0slG8O3/22MN087NPTB-N80
https://www.nike.com/t/pittsburgh-pirates-authentic-collection-city-connect-womens-therma-pullover-hoodie-V0slG8O3/22MN087NPTB-XJK
https://www.nike.com/t/texas-rangers-authentic-collection-womens-therma-pullover-hoodie-Mkkp0aiG/22MN198NTER-N80
https://www.nike.com/t/san-diego-padres-authentic-collection-womens-therma-pullover-hoodie-dl917YjM/22MN917ZPYP-N80
https://www.nike.com/t/toronto-blue-jays-club-mens-adjustable-hat-0JvPK9/NB014EWTOR-HBX
https://www.nike.com/t/texas-rangers-pro-mens-dri-fit-adjustable-hat-Nq544L/NB13199NTER-8KY
https://www.nike.com/t/ken-griffey-jr-seattle-mariners-cooperstown-womens-t-shirt-jcm4cg2Q/NKAF4DZQFK-KDZ
https://www.nike.com/t/kentucky-wildcats-spring-break-flow-mensshorts-isTwg3N0/01D3054NNKY-FE3
https://www.nike.com/t/ohio-state-buckeyes-spring-break-flow-mensshorts-59uVsKbk/01D3064YOH-FE3
https://www.nike.com/t/texas-longhorns-spring-break-flow-mensshorts-iRZtN1QH/01D308D9TXE-FE3
https://www.nike.com/t/ohio-state-buckeyes-victory-mens-dri-fit1-2-zip-long-sleeve-top-9O7LreA7/0343074MOH-GYY
https://www.nike.com/t/west-virginia-mountaineers-victory-mens-dri-fit1-2-zip-long-sleeve-top-kI3IzrKF/034309IVWVN-GYY
https://www.nike.com/t/west-virginia-mountaineers-primetime-victory-legacy-vault-logo-mens-dri-fitpolo-oVhO6rKd/035841SWVV-J2A
https://www.nike.com/t/kentucky-wildcats-primetime-victory-legacy-vault-logo-mens-dri-fitpolo-3MRNY4js/03584EVUKV-J2A
https://www.nike.com/t/north-carolina-tar-heels-primetime-victory-legacy-vault-logo-mens-dri-fitpolo-mfXoiG5H/03584EYNCV-J2A
https://www.nike.com/t/michigan-state-spartans-primetime-victory-legacy-vault-logo-mens-dri-fitpolo-mZc9Kj/3583EYMSV-J2A
https://www.nike.com/t/tennessee-volunteers-primetime-victory-legacy-vault-logo-mens-dri-fitpolo-nVsJKq/35887FTNV-J2A
https://www.nike.com/t/michigan-wolverines-core-club-mascot-wordmark-mens-jordan-brandadjustable-hat-d3rZCX/JC0110AMWN-V72
https://www.nike.com/t/north-carolina-tar-heels-primetime-club-mens-jordan-brandadjustable-hat-jfTsBK/JC0110ANCN-PS0
https://www.nike.com/t/north-carolina-tar-heels-core-club-mascot-wordmark-mens-jordan-brandadjustable-hat-jfTsBK/JC0110ANCN-V72
https://www.nike.com/t/oklahoma-sooners-primetime-club-mens-jordan-brandadjustable-hat-3GvMLs/JC0110AOKN-PS0
https://www.nike.com/t/oklahoma-sooners-core-club-mascot-wordmark-mens-jordan-brandadjustable-hat-3GvMLs/JC0110AOKN-V72
https://www.nike.com/t/ucla-bruins-core-club-mascot-wordmark-mens-jordan-brandadjustable-hat-zkxT3D/JC0110AUCL-V72
https://www.nike.com/t/florida-gators-core-club-mascot-wordmark-mens-jordan-brandadjustable-hat-bnT9Hm/JC0110AUFN-V72
https://www.nike.com/t/michigan-wolverines-primetime-club-mens-jordan-brandadjustable-hat-Twwp5Aj5/JC0178HMWN-PS0
https://www.nike.com/t/ucla-bruins-primetime-club-mens-jordan-brandadjustable-hat-iFUw0I8i/JC0179VUCL-PS0
https://www.nike.com/t/florida-gators-primetime-club-mens-jordan-brandadjustable-hat-K0Iv3zLM/JC0189MUFN-PS0
https://www.nike.com/t/michigan-wolverines-primetime-ace-mens-jordan-brand-dri-fitadjustable-visor-Ga1ewDIV/JC050C38MWN-J5D
https://www.nike.com/t/oklahoma-sooners-primetime-ace-mens-jordan-brand-dri-fitadjustable-visor-8yNxHEPI/JC050C3BOKN-J5D
https://www.nike.com/t/ucla-bruins-primetime-ace-mens-jordan-brand-dri-fitadjustable-visor-6nll5HAF/JC050C3HUCL-J5D
https://www.nike.com/t/michigan-wolverines-primetime-true-mens-jordan-brand-dri-fitfitted-hat-oe9abLXz/JC110C38MWN-4EN
https://www.nike.com/t/oklahoma-sooners-primetime-true-mens-jordan-brand-dri-fitfitted-hat-wJtOYcvV/JC110C3BOKN-4EN
https://www.nike.com/t/ucla-bruins-primetime-true-mens-jordan-brand-dri-fitfitted-hat-fOfXi6Ww/JC110C3HUCL-4EN
https://www.nike.com/t/michigan-wolverines-primetime-rise-mens-jordan-brandadjustable-hat-BLf3xTl6/JC230C38MWN-WR3
https://www.nike.com/t/ucla-bruins-primetime-rise-mens-jordan-brandadjustable-hat-eKiRhKIZ/JC230C3HUCL-WR3
https://www.nike.com/t/duke-blue-devils-primetime-club-mensadjustable-hat-G3hhBf/NC0100ADU-PS0
https://www.nike.com/t/duke-blue-devils-core-club-mascot-wordmark-mensadjustable-hat-G3hhBf/NC0100ADU-V72
https://www.nike.com/t/georgia-bulldogs-primetime-club-mensadjustable-hat-CcRLjzPn/NC0100ANGB-PS0
https://www.nike.com/t/georgia-bulldogs-core-club-mascot-wordmark-mensadjustable-hat-CcRLjzPn/NC0100ANGB-V72
https://www.nike.com/t/ohio-state-buckeyes-primetime-club-mensadjustable-hat-MtQbl4Yg/NC0100AOH-PS0
https://www.nike.com/t/stanford-cardinal-primetime-club-mensadjustable-hat-KRzmiaO5/NC0100ASDN-PS0
https://www.nike.com/t/alabama-crimson-tide-primetime-club-mensadjustable-hat-7dXT4t/NC0110AABN-PS0
https://www.nike.com/t/alabama-crimson-tide-core-club-mascot-wordmark-mensadjustable-hat-7dXT4t/NC0110AABN-V72
https://www.nike.com/t/clemson-tigers-core-club-mascot-wordmark-mensadjustable-hat-3xC1HP/NC0110ACLN-V72
https://www.nike.com/t/florida-state-seminoles-core-club-mascot-wordmark-mensadjustable-hat-Bz8GCv/NC0110AFTN-V72
https://www.nike.com/t/iowa-hawkeyes-core-club-mascot-wordmark-mensadjustable-hat-Xnc1jw/NC0110AIA-V72
https://www.nike.com/t/michigan-state-spartans-primetime-club-mensadjustable-hat-rn3w18/NC0110AMST-PS0
https://www.nike.com/t/michigan-state-spartans-core-club-mascot-wordmark-mensadjustable-hat-rn3w18/NC0110AMST-V72
https://www.nike.com/t/kentucky-wildcats-primetime-club-mensadjustable-hat-DN5GZd/NC0110ANKY-PS0
https://www.nike.com/t/kentucky-wildcats-core-club-mascot-wordmark-mensadjustable-hat-DN5GZd/NC0110ANKY-V72
https://www.nike.com/t/ohio-state-buckeyes-core-club-mascot-wordmark-mensadjustable-hat-pnMPkB/NC0110AOH-V72
https://www.nike.com/t/penn-state-nittany-lions-primetime-club-mensadjustable-hat-QZhBm9/NC0110APSN-PS0
https://www.nike.com/t/usc-trojans-core-club-mascot-wordmark-mensadjustable-hat-GNfk5q/NC0110ASCJ-V72
https://www.nike.com/t/stanford-cardinal-core-club-mascot-wordmark-mensadjustable-hat-2tZ6DV/NC0110ASDN-V72
https://www.nike.com/t/texas-longhorns-primetime-club-mensadjustable-hat-K6743M/NC0110ATXE-PS0
https://www.nike.com/t/texas-longhorns-core-club-mascot-wordmark-mensadjustable-hat-K6743M/NC0110ATXE-V72
https://www.nike.com/t/arizona-wildcats-core-club-mascot-wordmark-mensadjustable-hat-sUcd7PVm/NC0110AUAN-V72
https://www.nike.com/t/oregon-ducks-core-club-mascot-wordmark-mensadjustable-hat-CMzGKS/NC0110AUON-V72
https://www.nike.com/t/tennessee-volunteers-primetime-club-mensadjustable-hat-xBF5Xx/NC0110AUTN-PS0
https://www.nike.com/t/tennessee-volunteers-core-club-mascot-wordmark-mensadjustable-hat-xBF5Xx/NC0110AUTN-V72
https://www.nike.com/t/west-virginia-mountaineers-core-club-mascot-wordmark-mensadjustable-hat-6JznMF/NC0110AWVN-V72
https://www.nike.com/t/clemson-tigers-primetime-club-mensadjustable-hat-QDx8UWsL/NC0152MCLN-PS0
https://www.nike.com/t/arizona-wildcats-primetime-club-mensadjustable-hat-tAEfkpwX/NC0165NUAN-PS0
https://www.nike.com/t/iowa-hawkeyes-primetime-club-mensadjustable-hat-TABF1gnZ/NC0176IIA-PS0
https://www.nike.com/t/lsu-tigers-primetime-club-mensadjustable-hat-o8CzZ2gm/NC0176ILSN-PS0
https://www.nike.com/t/usc-trojans-primetime-club-mensadjustable-hat-YhXqxU73/NC0176ISCJ-PS0
https://www.nike.com/t/west-virginia-mountaineers-primetime-club-mensadjustable-hat-d3zUTPaD/NC0176IWVN-PS0
https://www.nike.com/t/oregon-ducks-primetime-club-mensadjustable-hat-suWjtXjJ/NC0179SUON-PS0
https://www.nike.com/t/florida-state-seminoles-primetime-club-mensadjustable-hat-E5LD8R7I/NC0179WFTN-PS0
https://www.nike.com/t/clemson-tigers-core-rise-vault-mens-dri-fitadjustable-hat-vrs7MiPI/NC0806FCLV-84C
https://www.nike.com/t/florida-state-seminoles-core-rise-vault-mens-dri-fitadjustable-hat-NmULrJAG/NC0806FFSH-84C
https://www.nike.com/t/michigan-wolverines-core-rise-vault-mens-dri-fitadjustable-hat-rzU2E4jG/NC0806FMWV-84C
https://www.nike.com/t/oklahoma-sooners-core-rise-vault-mens-dri-fitadjustable-hat-buqfWPlK/NC0806FOKV-84C
https://www.nike.com/t/penn-state-nittany-lions-core-rise-vault-mens-dri-fitadjustable-hat-r4SfFq27/NC0806FPSV-84C
https://www.nike.com/t/usc-trojans-core-rise-vault-mens-dri-fitadjustable-hat-q68kUvyz/NC0806FSCV-84C
https://www.nike.com/t/stanford-cardinal-core-rise-vault-mens-dri-fitadjustable-hat-duqwF2Q7/NC0806FSVV-84C
https://www.nike.com/t/arizona-wildcats-core-rise-vault-mens-dri-fitadjustable-hat-CSYPAMoS/NC0806FUAV-84C
https://www.nike.com/t/georgia-bulldogs-core-rise-vault-mens-dri-fitadjustable-hat-GNkneol3/NC0806FUGV-84C
https://www.nike.com/t/oregon-ducks-core-rise-vault-mens-dri-fitadjustable-hat-meMxworr/NC0806FUOV-84C
https://www.nike.com/t/west-virginia-mountaineers-core-rise-vault-mens-dri-fitadjustable-hat-B2vVU1w2/NC0806FWVV-84C
https://www.nike.com/t/iowa-hawkeyes-primetime-true-mens-dri-fitfitted-hat-zGLqurKH/NC11014MIA-4EN
https://www.nike.com/t/duke-blue-devils-primetime-true-mens-dri-fitfitted-hat-gVEfeeq5/NC110BP1DU-4EN
https://www.nike.com/t/florida-gators-primetime-true-mens-dri-fitfitted-hat-BaBWFltq/NC110BP1UFN-4EN
https://www.nike.com/t/north-carolina-tar-heels-primetime-true-mens-dri-fitfitted-hat-CV0fgiZ7/NC110C25NCN-4EN
https://www.nike.com/t/penn-state-nittany-lions-primetime-true-mens-dri-fitfitted-hat-Y9fiOPUv/NC110C38PSN-4EN
https://www.nike.com/t/arizona-wildcats-primetime-true-mens-dri-fitfitted-hat-B8p1OPvN/NC110C38UAN-4EN
https://www.nike.com/t/west-virginia-mountaineers-primetime-true-mens-dri-fitfitted-hat-nX2d9w8H/NC110C38WVN-4EN
https://www.nike.com/t/alabama-crimson-tide-primetime-true-mens-dri-fitfitted-hat-xOj2VlrA/NC110C3BABN-4EN
https://www.nike.com/t/usc-trojans-primetime-true-mens-dri-fitfitted-hat-s8DrT5Mp/NC110C3BSCJ-4EN
https://www.nike.com/t/stanford-cardinal-primetime-true-mens-dri-fitfitted-hat-g3HaQv6u/NC110C3BSDN-4EN
https://www.nike.com/t/georgia-bulldogs-primetime-true-mens-dri-fitfitted-hat-BDzgkdau/NC110C3CNGB-4EN
https://www.nike.com/t/ohio-state-buckeyes-primetime-true-mens-dri-fitfitted-hat-5nTnqorN/NC110C3COH-4EN
https://www.nike.com/t/michigan-state-spartans-primetime-true-mens-dri-fitfitted-hat-vLCycqgg/NC110C3DMST-4EN
https://www.nike.com/t/lsu-tigers-primetime-true-mens-dri-fitfitted-hat-qMJSVTjD/NC110C3ELSN-4EN
https://www.nike.com/t/florida-state-seminoles-primetime-true-mens-dri-fitfitted-hat-t2FmhGd5/NC110C3FFTN-4EN
https://www.nike.com/t/clemson-tigers-primetime-true-mens-dri-fitfitted-hat-HTuq2rFU/NC110C3GCLN-4EN
https://www.nike.com/t/iowa-hawkeyes-primetime-rise-mensadjustable-hat-nzgHjGNt/NC23014MIA-WR3
https://www.nike.com/t/kentucky-wildcats-primetime-rise-mensadjustable-hat-l3OK2GMh/NC230BP1NKY-WR3
https://www.nike.com/t/florida-gators-primetime-rise-mensadjustable-hat-LnGHbuiJ/NC230BP1UFN-WR3
https://www.nike.com/t/north-carolina-tar-heels-primetime-rise-mensadjustable-hat-u4U5T0wm/NC230C25NCN-WR3
https://www.nike.com/t/penn-state-nittany-lions-primetime-rise-mensadjustable-hat-XVLMZCYV/NC230C38PSN-WR3
https://www.nike.com/t/arizona-wildcats-primetime-rise-mensadjustable-hat-s08WoFrt/NC230C38UAN-WR3
https://www.nike.com/t/west-virginia-mountaineers-primetime-rise-mensadjustable-hat-SqDOUMLJ/NC230C38WVN-WR3
https://www.nike.com/t/texas-longhorns-primetime-rise-mensadjustable-hat-lNFqdQj0/NC230C39TXE-WR3
https://www.nike.com/t/alabama-crimson-tide-primetime-rise-mensadjustable-hat-TOSF5oQ1/NC230C3BABN-WR3
https://www.nike.com/t/usc-trojans-primetime-rise-mensadjustable-hat-jqLcShAb/NC230C3BSCJ-WR3
https://www.nike.com/t/stanford-cardinal-primetime-rise-mensadjustable-hat-tp7lE4vd/NC230C3BSDN-WR3
https://www.nike.com/t/georgia-bulldogs-primetime-rise-mensadjustable-hat-NGj3Taew/NC230C3CNGB-WR3
https://www.nike.com/t/ohio-state-buckeyes-primetime-rise-mensadjustable-hat-PZaUNYaw/NC230C3COH-WR3
https://www.nike.com/t/michigan-state-spartans-primetime-rise-mensadjustable-hat-ee8XsVya/NC230C3DMST-WR3
https://www.nike.com/t/lsu-tigers-primetime-rise-mensadjustable-hat-dcAlDzvZ/NC230C3ELSN-WR3
https://www.nike.com/t/florida-state-seminoles-primetime-rise-mensadjustable-hat-82BWaq6q/NC230C3FFTN-WR3
https://www.nike.com/t/clemson-tigers-primetime-rise-mensadjustable-hat-iI7rBfK7/NC230C3GCLN-WR3
https://www.nike.com/t/oregon-ducks-primetime-rise-mensadjustable-hat-KZHSOv9r/NC230C3IUON-WR3
https://www.nike.com/t/duke-blue-devils-primetime-ace-mens-dri-fitadjustable-visor-dU5USlhi/NC5A0BP1DU-J5D
https://www.nike.com/t/florida-gators-primetime-ace-mens-dri-fitadjustable-visor-KDskSdOb/NC5A0BP1UFN-J5D
https://www.nike.com/t/north-carolina-tar-heels-primetime-ace-mens-dri-fitadjustable-visor-BqYdTH8P/NC5A0C25NCN-J5D
https://www.nike.com/t/penn-state-nittany-lions-primetime-ace-mens-dri-fitadjustable-visor-zrPnqaUw/NC5A0C38PSN-J5D
https://www.nike.com/t/arizona-wildcats-primetime-ace-mens-dri-fitadjustable-visor-dDgWojGO/NC5A0C38UAN-J5D
https://www.nike.com/t/west-virginia-mountaineers-primetime-ace-mens-dri-fitadjustable-visor-xPlr7Ib9/NC5A0C38WVN-J5D
https://www.nike.com/t/texas-longhorns-primetime-ace-mens-dri-fitadjustable-visor-VOeIw1pj/NC5A0C39TXE-J5D
https://www.nike.com/t/tennessee-volunteers-primetime-ace-mens-dri-fitadjustable-visor-gLbURxXn/NC5A0C3AUTN-J5D
https://www.nike.com/t/alabama-crimson-tide-primetime-ace-mens-dri-fitadjustable-visor-gOTvAjMd/NC5A0C3BABN-J5D
https://www.nike.com/t/usc-trojans-primetime-ace-mens-dri-fitadjustable-visor-mlYulAYk/NC5A0C3BSCJ-J5D
https://www.nike.com/t/georgia-bulldogs-primetime-ace-mens-dri-fitadjustable-visor-WbMrq7H8/NC5A0C3CNGB-J5D
https://www.nike.com/t/ohio-state-buckeyes-primetime-ace-mens-dri-fitadjustable-visor-aIaID7Ap/NC5A0C3COH-J5D
https://www.nike.com/t/lsu-tigers-primetime-ace-mens-dri-fitadjustable-visor-Vv0CDyOv/NC5A0C3ELSN-J5D
https://www.nike.com/t/florida-state-seminoles-primetime-ace-mens-dri-fitadjustable-visor-7OiLTsMI/NC5A0C3FFTN-J5D
https://www.nike.com/t/clemson-tigers-primetime-ace-mens-dri-fitadjustable-visor-x5PQ3Kge/NC5A0C3GCLN-J5D
https://www.nike.com/t/oregon-ducks-primetime-ace-mens-dri-fitadjustable-visor-QDKc3LWI/NC5A0C3IUON-J5D
https://www.nike.com/t/kobe-big-kids-girls-pleated-dress-5BRd7wmy/IB0019-133
https://www.nike.com/launch/r/IB0019-010
https://www.nike.com/t/alphafly-3-mens-road-racing-shoes-5gZBgL/FD8311-600
https://www.nike.com/t/alphafly-3-premium-mens-road-racing-shoes-5gZBgL/HQ3501-100
https://www.nike.com/t/alphafly-3-mens-road-racing-shoes-5gZBgL/FD8311-103
https://www.nike.com/t/alphafly-3-premium-mens-road-racing-shoes-5gZBgL/HV4318-320
https://www.nike.com/t/zoom-fly-6-mens-road-racing-shoes-wn2ALjkm/FN8454-601
https://www.nike.com/t/zoom-fly-6-road-racing-shoes-wn2ALjkm/HQ1718-400
https://www.nike.com/t/zoom-fly-6-mens-road-racing-shoes-wn2ALjkm/FN8454-001
https://www.nike.com/t/zoom-fly-6-mens-road-racing-shoes-wn2ALjkm/FN8454-102
https://www.nike.com/t/zoom-fly-6-premium-mens-road-running-shoes-wn2ALjkm/HQ3498-100
https://www.nike.com/t/jordan-6-rings-big-kids-shoes-pCOxD84S/323419-026
https://www.nike.com/t/sportswear-chill-knit-womens-slim-striped-t-shirt-l49M7K/HF9524-010
https://www.nike.com/t/sportswear-chill-knit-womens-slim-striped-t-shirt-l49M7K/HF9524-100
https://www.nike.com/t/sportswear-chill-knit-womens-slim-striped-t-shirt-l49M7K/HF9524-233
https://www.nike.com/t/sportswear-chill-knit-womens-slim-striped-t-shirt-l49M7K/HF9524-657
https://www.nike.com/t/247-perfectstretch-womens-dri-fit-pleated-skirt-JxK8DR/HQ8153-004
https://www.nike.com/t/247-perfectstretch-womens-dri-fit-pleated-skirt-JxK8DR/HQ8153-010
https://www.nike.com/t/dunk-low-lx-womens-shoes-331PXf/HV5991-171
https://www.nike.com/t/sportswear-club-fleece-big-kids-joggers-PrLXbG/IB2659-010
https://www.nike.com/t/sportswear-club-fleece-big-kids-joggers-PrLXbG/IB2659-100
https://www.nike.com/u/custom-nike-sabrina-2-by-you-10002075/3984147738
https://www.nike.com/u/custom-nike-sabrina-2-by-you-10002075/4437340897
https://www.nike.com/u/custom-freak-5-by-you-10002078/7036190376
https://www.nike.com/u/custom-nike-kd-16-by-you-10002076/7424981666
https://www.nike.com/u/custom-nike-gt-cut-academy-10002077/8810667519
https://www.nike.com/t/kobe-therma-fit-insulated-jacket-9HabM5yx/HQ4695-133
https://www.nike.com/t/kobe-therma-fit-basketball-pants-03BYndNG/HQ4699-010
https://www.nike.com/t/st-louis-cardinals-authentic-collection-mens-dri-fit-sleeveless-pullover-hoodie-HrIKTeCR/013U036NSCN-2G5
https://www.nike.com/t/pittsburgh-pirates-authentic-collection-mens-dri-fit-sleeveless-pullover-hoodie-wlZlETuc/013U087NPTB-2G5
https://www.nike.com/t/arizona-diamondbacks-authentic-collection-mens-dri-fit-sleeveless-pullover-hoodie-if6tuAu4/013U090NDQS-2G5
https://www.nike.com/t/new-york-mets-authentic-collection-mens-dri-fit-sleeveless-pullover-hoodie-Z1GaeBAL/013U156NNME-2G5
https://www.nike.com/t/minnesota-twins-authentic-collection-mens-dri-fit-sleeveless-pullover-hoodie-WPaRe9iF/013U195NTIS-2G5
https://www.nike.com/t/philadelphia-phillies-cooperstown-phoenix-womens-cropped-1-2-zip-crew-Aw585NPS/01N903AQPHP-STB
https://www.nike.com/t/st-louis-cardinals-cooperstown-phoenix-womens-cropped-1-2-zip-crew-0ASERzIM/01N911T1S67-STB
https://www.nike.com/t/atlanta-braves-cooperstown-phoenix-womens-cropped-1-2-zip-crew-NMQS28WI/01N911TUATB-STB
https://www.nike.com/t/chicago-cubs-cooperstown-phoenix-womens-cropped-1-2-zip-crew-LgZT2jfH/01N911TUC78-STB
https://www.nike.com/t/milwaukee-brewers-cooperstown-phoenix-womens-cropped-1-2-zip-crew-x55OyDKp/01N911TUMIB-STB
https://www.nike.com/t/seattle-mariners-cooperstown-phoenix-womens-cropped-1-2-zip-crew-6vieANiw/01N911TUS77-STB
https://www.nike.com/t/houston-astros-cooperstown-phoenix-womens-cropped-1-2-zip-crew-yMrNoNxJ/01N9160NH94-STB
https://www.nike.com/t/new-york-yankees-cooperstown-phoenix-womens-cropped-1-2-zip-crew-je22vTv4/01N9160NN27-STB
https://www.nike.com/t/san-diego-padres-cooperstown-phoenix-womens-cropped-1-2-zip-crew-hgVDq83s/01N9927ZSDP-STB
https://www.nike.com/t/washington-nationals-authentic-collection-dugout-mens-full-zip-bomber-jacket-T3GBNM/02F30C78WTL-TZ7
https://www.nike.com/t/cleveland-guardians-authentic-collection-city-connect-womens-therma-pullover-hoodie-x6t72lO1/22MN046NGUA-XJK
https://www.nike.com/t/los-angeles-dodgers-authentic-collection-womens-therma-pullover-hoodie-WtK5WvGZ/22MN0C77LD-N80
https://www.nike.com/t/san-diego-padres-authentic-collection-city-connect-womens-therma-pullover-hoodie-yquvVA1s/22MN11QRPYP-XJK
https://www.nike.com/t/jordan-flight-fleece-mens-graphic-pullover-hoodie-tqHlrg/HJ4396-045
https://www.nike.com/t/jordan-flight-fleece-mens-graphic-pullover-hoodie-tqHlrg/HJ4396-050
https://www.nike.com/t/jordan-flight-fleece-mens-graphic-pullover-hoodie-tqHlrg/HJ4396-133
https://www.nike.com/t/pittsburgh-pirates-cooperstown-retro-mens-t-shirt-BWJ1VC/N19900APBB-CUE
https://www.nike.com/t/pittsburgh-pirates-cooperstown-team-logo-mens-t-shirt-BWJ1VC/N19900APBB-UTY
https://www.nike.com/t/usc-trojans-primetime-logo-menst-shirt-hSzsQV/N19906FSCJ-PTF
https://www.nike.com/t/usc-trojans-primetime-wordmark-menst-shirt-hSzsQV/N19906FSCJ-UY7
https://www.nike.com/t/ronald-acuña-jr-atlanta-braves-fuse-mens-t-shirt-R7PnCodJ/N19906GAW9-K9E
https://www.nike.com/t/alabama-crimson-tide-campus-local-menst-shirt-drjkqX/N19910AABN-0P1
https://www.nike.com/t/reggie-jackson-athletics-cooperstown-fuse-mens-t-shirt-7KAobwib/N1993EYQDR-XJV
https://www.nike.com/t/arizona-wildcats-campus-local-menst-shirt-S0K5cZgq/N19941SUAN-HFN
https://www.nike.com/t/josé-ramírez-cleveland-guardians-city-connect-fuse-mens-t-shirt-yTdLVUO1/N19944BGU9-3TL
https://www.nike.com/t/philadelphia-phillies-cooperstown-retro-mens-t-shirt-P532V0/N1994EYPHP-CUE
https://www.nike.com/t/usc-trojans-campus-local-menst-shirt-7LHFzB/N19976ISCJ-0P1
https://www.nike.com/t/usc-trojans-primetime-logo-menst-shirt-7LHFzB/N19976ISCJ-PTF
https://www.nike.com/t/usc-trojans-primetime-wordmark-menst-shirt-7LHFzB/N19976ISCJ-UY7
https://www.nike.com/t/tampa-bay-rays-club-mens-adjustable-hat-x1sX4B/NB0141STPA-HBX
https://www.nike.com/t/cleveland-guardians-pro-mens-dri-fit-adjustable-hat-ztjWgv/NB1319MAGUA-8KY
https://www.nike.com/t/tampa-bay-rays-pro-mens-dri-fit-adjustable-hat-tw65tF/NB1399MKTPA-8KY
https://www.nike.com/t/oklahoma-sooners-2-hit-classic-location-menslong-sleeve-t-shirt-2vBY2qS4/NKAC10AOKN-PRX
https://www.nike.com/t/ohio-state-buckeyes-legend-baseball-icon-mens-dri-fitt-shirt-gLmRzodg/NKGK15AOH-W6G
https://www.nike.com/t/chicago-cubs-velocity-mens-dri-fit-t-shirt-qFgrqZ/NKPQ4EWEJ-3UD
https://www.nike.com/t/ohio-state-buckeyes-velocity-baseball-wordmark-stack-mens-dri-fitt-shirt-n1pqj12J/NKPQ65NOH-XRD
https://www.nike.com/t/blazer-mid-77-se-d-big-kids-shoes-QPfnBX/HF0954-400
https://www.nike.com/t/dunk-low-se-big-kids-shoes-V8OdzYeW/HF0970-100
https://www.nike.com/t/dunk-low-se-little-kids-shoes-V8OdzYeW/HF0971-100
https://www.nike.com/t/dunk-low-se-baby-toddler-shoes-V8OdzYeW/HF3252-100
https://www.nike.com/t/247-perfectstretch-womens-dri-fit-oversized-long-sleeve-shirt-gskXG1/HM8385-004
https://www.nike.com/t/247-perfectstretch-womens-dri-fit-oversized-long-sleeve-shirt-gskXG1/HM8385-010
https://www.nike.com/t/247-perfectstretch-womens-dri-fit-oversized-long-sleeve-shirt-gskXG1/HM8385-133
https://www.nike.com/t/247-perfectstretch-womens-dri-fit-oversized-long-sleeve-shirt-gskXG1/HM8385-455
https://www.nike.com/t/universa-womens-medium-support-high-waisted-5-biker-shorts-with-pockets-sfXqHz/HQ6832-657
https://www.nike.com/t/universa-womens-medium-support-high-waisted-5-biker-shorts-with-pockets-sfXqHz/HQ6832-010
https://www.nike.com/t/universa-womens-medium-support-high-waisted-5-biker-shorts-with-pockets-sfXqHz/HQ6832-233
https://www.nike.com/t/universa-womens-medium-support-high-waisted-5-biker-shorts-with-pockets-sfXqHz/HQ6832-478
https://www.nike.com/t/universa-womens-medium-support-high-waisted-5-biker-shorts-with-pockets-sfXqHz/HQ6832-814
https://www.nike.com/t/lebron-xxii-big-kids-basketball-shoes-xrvQXd/HV8615-200
https://www.nike.com/t/lsu-tigers-vapor-mens-dri-fitpolo-fde2JkF7/00HT0C33LSN-B3F
https://www.nike.com/t/athletics-authentic-collection-mens-dri-fit-sleeveless-pullover-hoodie-UJDcxJCU/013U023NFZ-2G5
https://www.nike.com/t/los-angeles-angels-authentic-collection-mens-dri-fit-sleeveless-pullover-hoodie-N4Ac0Vhk/013U036NANG-2G5
https://www.nike.com/t/cincinnati-reds-authentic-collection-mens-dri-fit-sleeveless-pullover-hoodie-U7AINzw0/013U041NRED-2G5
https://www.nike.com/t/houston-astros-authentic-collection-mens-dri-fit-sleeveless-pullover-hoodie-UKBMejGL/013U045NHUS-2G5
https://www.nike.com/t/boston-red-sox-authentic-collection-mens-dri-fit-sleeveless-pullover-hoodie-OxEM5UaS/013U046NBQ-2G5
https://www.nike.com/t/san-francisco-giants-authentic-collection-mens-dri-fit-sleeveless-pullover-hoodie-rZ0AvN2U/013U088NGIA-2G5
https://www.nike.com/t/colorado-rockies-authentic-collection-mens-dri-fit-sleeveless-pullover-hoodie-N9b5QkGU/013U091NDNV-2G5
https://www.nike.com/t/milwaukee-brewers-authentic-collection-mens-dri-fit-sleeveless-pullover-hoodie-SCuttWal/013U10MIMZB-2G5
https://www.nike.com/t/chicago-white-sox-authentic-collection-mens-dri-fit-sleeveless-pullover-hoodie-Y28DGTN1/013U12DARX-2G5
https://www.nike.com/t/kansas-city-royals-authentic-collection-mens-dri-fit-sleeveless-pullover-hoodie-cRKncmTg/013U153NROY-2G5
https://www.nike.com/t/toronto-blue-jays-authentic-collection-mens-dri-fit-sleeveless-pullover-hoodie-COvKV6Zj/013U158NTOR-2G5
https://www.nike.com/t/cleveland-guardians-authentic-collection-mens-dri-fit-sleeveless-pullover-hoodie-cieUgDUM/013U195NGUA-2G5
https://www.nike.com/t/chicago-cubs-authentic-collection-mens-dri-fit-sleeveless-pullover-hoodie-XVoNcDPJ/013U199NEJ-2G5
https://www.nike.com/t/san-diego-padres-authentic-collection-mens-dri-fit-sleeveless-pullover-hoodie-CBYPHgHU/013U917ZPYP-2G5
https://www.nike.com/t/iowa-hawkeyes-boxy-womenslong-sleeve-t-shirt-b12SWjx6/01N2014MIA-30R
https://www.nike.com/t/texas-longhorns-boxy-womenslong-sleeve-t-shirt-SwmqtSfJ/01N20C39TXE-30R
https://www.nike.com/t/ohio-state-buckeyes-boxy-womenslong-sleeve-t-shirt-fNpBc0aj/01N20C3COH-30R
https://www.nike.com/t/new-york-mets-knockout-script-mens-full-zip-hoodie-pkP1nUek/01NC156NNME-F9S
https://www.nike.com/t/tampa-bay-rays-authentic-collection-dugout-mens-full-zip-bomber-jacket-WcrV2P/02F30C7BTPA-TZ7
https://www.nike.com/t/boston-red-sox-authentic-collection-dugout-mens-full-zip-bomber-jacket-tghLlz/02F3EW06BQ-TZ7
https://www.nike.com/t/houston-astros-flowy-womens-dri-fit-t-shirt-gq6hWbxH/0346045NHUS-449
https://www.nike.com/t/milwaukee-brewers-authentic-collection-city-connect-velocity-womens-dri-fit-t-shirt-uGjYkT4d/03EY4QMMZB-2UL
https://www.nike.com/t/new-york-jets-mens-dri-fit-hooded-t-shirt-Ixfg61bw/03NB06F72-2B7
https://www.nike.com/t/san-francisco-49ers-mens-dri-fit-hooded-t-shirt-6PGweXj5/03NB06F73-2B7
https://www.nike.com/t/green-bay-packers-mens-dri-fit-hooded-t-shirt-1R8HIe3Y/03NB06F7T-2B7
https://www.nike.com/t/buffalo-bills-mens-dri-fit-hooded-t-shirt-GVZH3c91/03NB06F81-2B7
https://www.nike.com/t/las-vegas-raiders-mens-dri-fit-hooded-t-shirt-mICpeQre/03NB06F8D-2B7
https://www.nike.com/t/baltimore-ravens-mens-dri-fit-hooded-t-shirt-SsAEKcYZ/03NB06F8G-2B7
https://www.nike.com/t/miami-dolphins-mens-dri-fit-hooded-t-shirt-EuNy4OjM/03NB06F9P-2B7
https://www.nike.com/t/florida-state-seminoles-baseball-script-mens-dri-fithooded-t-shirt-T3BB4eub/03NB08FVFTN-Y1D
https://www.nike.com/t/arizona-wildcats-baseball-script-mens-dri-fithooded-t-shirt-h1Oz2c0A/03NB0C38UAN-Y1D
https://www.nike.com/t/georgia-bulldogs-baseball-script-mens-dri-fithooded-t-shirt-0lZVj4Ow/03NB0C3CNGB-Y1D
https://www.nike.com/t/ohio-state-buckeyes-baseball-script-mens-dri-fithooded-t-shirt-y6XtkOkn/03NB0C3COH-Y1D
https://www.nike.com/t/cincinnati-reds-authentic-collection-womens-therma-pullover-hoodie-BglYiJAD/22MN041NRED-N80
https://www.nike.com/t/toronto-blue-jays-authentic-collection-city-connect-womens-therma-pullover-hoodie-pDSzhlat/22MN09BTTOR-XJK
https://www.nike.com/t/milwaukee-brewers-authentic-collection-womens-therma-pullover-hoodie-c9LaZ77c/22MN10MIMZB-N80
https://www.nike.com/t/minnesota-twins-authentic-collection-city-connect-womens-therma-pullover-hoodie-se79pHR0/22MN112NTIS-XJK
https://www.nike.com/t/cleveland-guardians-authentic-collection-womens-therma-pullover-hoodie-wQ4S3Gju/22MN195NGUA-N80
https://www.nike.com/t/chicago-cubs-authentic-collection-womens-therma-pullover-hoodie-LSN3wakH/22MN199NEJ-N80
https://www.nike.com/t/malik-nabers-new-york-giants-mens-dri-fit-legend-jersey-peUBelLi/94NM0AAL8IF-KZ5
https://www.nike.com/t/air-jordan-xxxix-basketball-shoes-J4Bb2cEi/FQ0213-601
https://www.nike.com/t/air-jordan-xxxix-noir-basketball-shoes-J4Bb2cEi/HF0370-001
https://www.nike.com/t/air-jordan-xxxix-croix-basketball-shoes-J4Bb2cEi/FQ0213-100
https://www.nike.com/t/vapor-12-mens-hard-court-tennis-shoes-XPDP0C/FV5552-400
https://www.nike.com/t/vapor-12-mens-hard-court-tennis-shoes-XPDP0C/FV5552-001
https://www.nike.com/t/vapor-12-mens-hard-court-tennis-shoes-XPDP0C/FV5552-100
https://www.nike.com/t/vapor-12-mens-hard-court-tennis-shoes-XPDP0C/FV5552-101
https://www.nike.com/t/vapor-12-mens-hard-court-tennis-shoes-XPDP0C/FV5552-600
https://www.nike.com/t/liverpool-fc-strike-elite-special-edition-mens-dri-fit-adv-soccer-knit-drill-top-Zg2NJP/HJ1826-114
https://www.nike.com/t/liverpool-fc-strike-special-edition-mens-dri-fit-soccer-knit-pants-71mn7k/HJ1993-010
https://www.nike.com/t/chelsea-fc-academy-pro-se-mens-dri-fit-soccer-pre-match-short-sleeve-top-ZjcG3D/HJ2502-452
https://www.nike.com/t/chelsea-fc-academy-pro-se-womens-dri-fit-soccer-pre-match-short-sleeve-top-zTrMms/HJ3139-452
https://www.nike.com/t/chelsea-fc-strike-mens-dri-fit-soccer-short-sleeve-top-tHXZv0/HJ3387-845
https://www.nike.com/t/chelsea-fc-strike-special-edition-mens-dri-fit-soccer-drill-top-1817Hm/HJ3393-845
https://www.nike.com/t/liverpool-fc-strike-special-edition-mens-dri-fit-soccer-drill-top-HfmGKf/HJ3394-013
https://www.nike.com/t/liverpool-fc-strike-special-edition-mens-dri-fit-soccer-drill-top-HfmGKf/HJ3394-114
https://www.nike.com/t/paris-saint-germain-strike-fourth-mens-jordan-dri-fit-soccer-knit-drill-top-fGNcBv/HJ3395-660
https://www.nike.com/t/premier-league-heritage-geo-merlin-soccer-ball-zllpfW/HQ0333-100
https://www.nike.com/t/premier-league-heritage-seitiro-soccer-ball-nKMCr7/HQ0336-100
https://www.nike.com/t/paris-saint-germain-premium-essentials-mens-soccer-t-shirt-fpCD8X/HQ0768-410
https://www.nike.com/t/paris-saint-germain-swoosh-mens-soccer-t-shirt-SrqKZb/HQ0770-100
https://www.nike.com/t/paris-saint-germain-heritage-mens-soccer-t-shirt-PfQVH4/HQ0775-410
https://www.nike.com/t/paris-saint-germain-heritage-big-kids-soccer-t-shirt-1DJ4Ct/HQ0788-410
https://www.nike.com/t/chelsea-fc-club-special-edition-big-kids-boys-soccer-pullover-hoodie-dZPBKv/HQ1766-844
https://www.nike.com/t/chelsea-fc-club-special-edition-mens-soccer-joggers-ZXx45v/HQ1770-451
https://www.nike.com/t/baltimore-orioles-cooperstown-retro-mens-t-shirt-g2l5kb/N19900ABBI-CUE
https://www.nike.com/t/georgia-bulldogs-baseball-arch-menst-shirt-S01tNRon/N19900ANGB-4AG
https://www.nike.com/t/cincinnati-reds-cooperstown-wordmark-mens-t-shirt-L6CzVCB5/N19900AR75-0B5
https://www.nike.com/t/boston-red-sox-arched-mens-t-shirt-WTWcMT/N19906GBQ-LXS
https://www.nike.com/t/detroit-tigers-arched-mens-t-shirt-2HdncP/N19906GDG-LXS
https://www.nike.com/t/chicago-cubs-arched-mens-t-shirt-fDCKTN/N19906GEJ-LXS
https://www.nike.com/t/cleveland-guardians-arched-mens-t-shirt-Q68Csx/N19906GGUA-LXS
https://www.nike.com/t/milwaukee-brewers-arched-mens-t-shirt-K0G1Zk/N19906GMZB-LXS
https://www.nike.com/t/new-york-yankees-arched-mens-t-shirt-RkpqTx/N19906GNK-LXS
https://www.nike.com/t/new-york-mets-arched-mens-t-shirt-NQwVbN/N19906GNME-LXS
https://www.nike.com/t/baltimore-orioles-arched-mens-t-shirt-Z94fp2/N19906GOLE-LXS
https://www.nike.com/t/philadelphia-phillies-arched-mens-t-shirt-c4PbRM/N19906GPP-LXS
https://www.nike.com/t/pittsburgh-pirates-arched-mens-t-shirt-95KjBb/N19906GPTB-LXS
https://www.nike.com/t/cincinnati-reds-arched-mens-t-shirt-P8vnxV/N19906GRED-LXS
https://www.nike.com/t/bobby-witt-jr-kansas-city-royals-fuse-mens-t-shirt-qBJ48hEn/N19906GRO9-U90
https://www.nike.com/t/st-louis-cardinals-arched-mens-t-shirt-SP3S8f/N19906GSCN-LXS
https://www.nike.com/t/minnesota-twins-arched-mens-t-shirt-kfRXjs/N19906GTIS-LXS
https://www.nike.com/t/washington-nationals-arched-mens-t-shirt-F8P61P/N19906GWTL-LXS
https://www.nike.com/t/chicago-cubs-2-hit-mens-t-shirt-f3vH63/N19910AEJ-9UX
https://www.nike.com/t/new-york-yankees-2-hit-mens-t-shirt-MtS8cd/N19910ANK-9UX
https://www.nike.com/t/new-york-yankees-fuse-large-logo-mens-t-shirt-MtS8cd/N19910ANK-CJP
https://www.nike.com/t/oregon-ducks-baseball-wordmark-menst-shirt-xB7Qzyqx/N19930DUON-Q8A
https://www.nike.com/t/north-carolina-tar-heels-baseball-wordmark-menst-shirt-CPsKL1/N19941SNCN-Q8A
https://www.nike.com/t/north-carolina-tar-heels-mens-jordant-shirt-CPsKL1/N19941SNCN-BCV
https://www.nike.com/t/west-virginia-mountaineers-baseball-wordmark-menst-shirt-UQbEytNS/N19941SWVN-Q8A
https://www.nike.com/t/boston-red-sox-cooperstown-retro-mens-t-shirt-nPk4bt/N19944BBRS-CUE
https://www.nike.com/t/detroit-tigers-cooperstown-retro-mens-t-shirt-P8lxTs/N19944BD61-CUE
https://www.nike.com/t/minnesota-twins-cooperstown-retro-mens-t-shirt-qnmFHh/N19944BMNT-CUE
https://www.nike.com/t/minnesota-twins-cooperstown-team-logo-mens-t-shirt-qnmFHh/N19944BMNT-UTY
https://www.nike.com/t/milwaukee-brewers-fuse-large-logo-mens-t-shirt-mkDXhc/N19944BMZB-CJP
https://www.nike.com/t/new-york-yankees-cooperstown-retro-mens-t-shirt-Gc2PRT/N19944BN27-CUE
https://www.nike.com/t/greg-maddux-atlanta-braves-fuse-cooperstown-mens-t-shirt-q6gdb9/N19944BQR3-R99
https://www.nike.com/t/washington-nationals-2-hit-mens-t-shirt-BT8hDl/N19944BWTL-9UX
https://www.nike.com/t/chicago-cubs-cooperstown-retro-mens-t-shirt-BB2hzt/N1994EWC78-CUE
https://www.nike.com/t/new-york-mets-cooperstown-retro-mens-t-shirt-P7Sz1S/N1994EWM89-CUE
https://www.nike.com/t/montreal-expos-cooperstown-retro-mens-t-shirt-5FfGQ4/N1994EWMEX-CUE
https://www.nike.com/t/milwaukee-brewers-cooperstown-retro-mens-t-shirt-hN5fMC/N1994EWMIB-CUE
https://www.nike.com/t/new-york-mets-cooperstown-team-logo-mens-t-shirt-XVHdwj/N1994EWNMT-UTY
https://www.nike.com/t/philadelphia-phillies-2-hit-mens-t-shirt-cQ4swv/N1994EWPP-9UX
https://www.nike.com/t/hank-aaron-atlanta-braves-cooperstown-fuse-mens-t-shirt-XWDXpg/N1994EWQFJ-0FP
https://www.nike.com/t/ken-griffey-jr-seattle-mariners-city-connect-fuse-mens-t-shirt-fst6b8/N1994EWQFK-AJP
https://www.nike.com/t/seattle-mariners-cooperstown-retro-mens-t-shirt-BzSwnc/N1994EWS77-CUE
https://www.nike.com/t/chicago-cubs-cooperstown-wordmark-mens-t-shirt-DKk7pj/N1994EYC78-0B5
https://www.nike.com/t/kansas-city-royals-cooperstown-retro-mens-t-shirt-0L5bkJ/N1994EYKCA-CUE
https://www.nike.com/t/montreal-expos-cooperstown-wordmark-mens-t-shirt-J43G9K/N1994EYMEX-0B5
https://www.nike.com/t/milwaukee-brewers-cooperstown-wordmark-mens-t-shirt-BUhlEFJK/N1994EYMIB-0B5
https://www.nike.com/t/minnesota-twins-cooperstown-wordmark-mens-t-shirt-tNw7Sv/N1994EYMNT-0B5
https://www.nike.com/t/north-carolina-tar-heels-baseball-arch-menst-shirt-pfBDlN74/N1994EYNCN-4AG
https://www.nike.com/t/north-carolina-tar-heels-baseball-wordmark-menst-shirt-pfBDlN74/N1994EYNCN-Q8A
https://www.nike.com/t/toronto-blue-jays-2-hit-mens-t-shirt-sS0LKr/N1994EYTOR-9UX
https://www.nike.com/t/lsu-tigers-baseball-wordmark-menst-shirt-V2gnbwWI/N19951LLSN-Q8A
https://www.nike.com/t/alabama-crimson-tide-baseball-arch-menst-shirt-paflCpVw/N19969WABN-4AG
https://www.nike.com/t/florida-state-seminoles-baseball-wordmark-menst-shirt-NmPh2TUu/N19969XFTN-Q8A
https://www.nike.com/t/florida-state-seminoles-baseball-logo-menst-shirt-NmPh2TUu/N19969XFTN-VM7
https://www.nike.com/t/lsu-tigers-baseball-wordmark-menst-shirt-TNSnRQ/N19976ILSN-Q8A
https://www.nike.com/t/lsu-tigers-baseball-logo-menst-shirt-TNSnRQ/N19976ILSN-VM7
https://www.nike.com/t/lsu-tigers-primetime-wordmark-menst-shirt-TNSnRQ/N19976ILSN-UY7
https://www.nike.com/t/west-virginia-mountaineers-baseball-wordmark-menst-shirt-P2pMzM/N19976IWVN-Q8A
https://www.nike.com/t/west-virginia-mountaineers-primetime-logo-menst-shirt-P2pMzM/N19976IWVN-PTF
https://www.nike.com/t/tennessee-volunteers-baseball-arch-menst-shirt-pX9VaHEo/N19987FUTN-4AG
https://www.nike.com/t/clemson-tigers-baseball-arch-menst-shirt-bLkSJuXg/N19989MCLN-4AG
https://www.nike.com/t/clemson-tigers-baseball-logo-menst-shirt-bLkSJuXg/N19989MCLN-VM7
https://www.nike.com/t/baltimore-orioles-club-mens-adjustable-hat-3DjD5s/NB0100AOLE-HBX
https://www.nike.com/t/cleveland-guardians-club-mens-adjustable-hat-tqbQR3/NB0141SGUA-HBX
https://www.nike.com/t/new-york-mets-club-mens-adjustable-hat-0VlKp0/NB014EWNME-HBX
https://www.nike.com/t/atlanta-braves-club-mens-adjustable-hat-qJN01M/NB014FAAW-HBX
https://www.nike.com/t/boston-red-sox-club-mens-adjustable-hat-2PcKRX/NB014FABQ-HBX
https://www.nike.com/t/new-york-yankees-club-mens-adjustable-hat-DXTSKW/NB014FANK-HBX
https://www.nike.com/t/minnesota-twins-club-mens-adjustable-hat-RCMKvZ/NB014FATIS-HBX
https://www.nike.com/t/philadelphia-phillies-club-mens-adjustable-hat-tsjLdm/NB0162QPP-HBX
https://www.nike.com/t/st-louis-cardinals-club-mens-adjustable-hat-sQbSTH/NB016DLSCN-HBX
https://www.nike.com/t/washington-nationals-club-mens-adjustable-hat-VnBctW/NB016DLWTL-HBX
https://www.nike.com/t/atlanta-braves-pro-mens-dri-fit-adjustable-hat-kRXcSt/NB090FNYAW-B77
https://www.nike.com/t/pittsburgh-pirates-pro-mens-dri-fit-adjustable-hat-85Pvvf/NB13087NPTB-8KY
https://www.nike.com/t/philadelphia-phillies-pro-mens-dri-fit-adjustable-hat-M4wJmK/NB13161NPP-8KY
https://www.nike.com/t/arizona-diamondbacks-true-mens-dri-fit-fitted-hat-RV4wpOM0/NB1800ADQS-5BG
https://www.nike.com/t/arizona-diamondbacks-true-mens-dri-fit-fitted-hat-RV4wpOM0/NB1800ADQS-JES
https://www.nike.com/t/baltimore-orioles-true-mens-dri-fit-fitted-hat-vHGlYGIC/NB1800AOLE-JES
https://www.nike.com/t/los-angeles-dodgers-true-mens-dri-fit-fitted-hat-es3gcLr2/NB1810ALD-5BG
https://www.nike.com/t/new-york-yankees-true-mens-dri-fit-fitted-hat-yFX0ISFU/NB1810ANK-5BG
https://www.nike.com/t/chicago-white-sox-true-mens-dri-fit-fitted-hat-OXFQrcWU/NB1810ARX-5BG
https://www.nike.com/t/san-diego-padres-true-mens-dri-fit-fitted-hat-mXytcvLl/NB1820QPYP-JES
https://www.nike.com/t/athletics-true-mens-dri-fit-fitted-hat-ZlLGCZzp/NB183EYFZ-5BG
https://www.nike.com/t/houston-astros-true-mens-dri-fit-fitted-hat-Pr9dcd/NB1841SHUS-JES
https://www.nike.com/t/chicago-cubs-true-mens-dri-fit-fitted-hat-Sktf75/NB184EUEJ-JES
https://www.nike.com/t/los-angeles-dodgers-true-mens-dri-fit-fitted-hat-4JRpGSou/NB184EULD-JES
https://www.nike.com/t/texas-rangers-true-mens-dri-fit-fitted-hat-7ovM0Xkb/NB184EWTER-JES
https://www.nike.com/t/boston-red-sox-true-mens-dri-fit-fitted-hat-GpzjRg/NB184FABQ-JES
https://www.nike.com/t/detroit-tigers-true-mens-dri-fit-fitted-hat-nBsQD3/NB184FADG-JES
https://www.nike.com/t/new-york-yankees-true-mens-dri-fit-fitted-hat-WPr1kc/NB184FANK-JES
https://www.nike.com/t/philadelphia-phillies-true-mens-dri-fit-fitted-hat-PPDQ1ojC/NB1862QPP-5BG
https://www.nike.com/t/philadelphia-phillies-true-mens-dri-fit-fitted-hat-PPDQ1ojC/NB1862QPP-JES
https://www.nike.com/t/atlanta-braves-true-mens-dri-fit-fitted-hat-kC9TOhdv/NB186DLAW-5BG
https://www.nike.com/t/chicago-cubs-true-mens-dri-fit-fitted-hat-mgzfubo6/NB186DLEJ-5BG
https://www.nike.com/t/st-louis-cardinals-true-mens-dri-fit-fitted-hat-VYBACFwX/NB186DLSCN-JES
https://www.nike.com/t/san-francisco-giants-true-mens-dri-fit-fitted-hat-YViYK85L/NB1889LGIA-5BG
https://www.nike.com/t/atlanta-braves-rise-mens-dri-fit-adjustable-hat-zjfRZg/NB462FJAW-HUA
https://www.nike.com/t/miami-marlins-rise-mens-dri-fit-adjustable-hat-XZQhrt/NB462FJMQM-HUA
https://www.nike.com/t/new-york-mets-rise-mens-dri-fit-adjustable-hat-NGLhv9/NB462FJNME-HUA
https://www.nike.com/t/baltimore-orioles-rise-mens-dri-fit-adjustable-hat-kSdgxR/NB462FJOLE-HUA
https://www.nike.com/t/philadelphia-phillies-rise-mens-dri-fit-adjustable-hat-WXdkx1/NB462FJPP-HUA
https://www.nike.com/t/washington-nationals-rise-mens-dri-fit-adjustable-hat-hzPKlh/NB462FJWTL-HUA
https://www.nike.com/t/boston-red-sox-club-mens-adjustable-hat-341FAPLy/NB470FNZBQ-CHS
https://www.nike.com/t/texas-longhorns-baseball-arch-menslong-sleeve-t-shirt-TXqqHn/NKAC81FTXE-4AG
https://www.nike.com/t/texas-longhorns-basketball-icon-menslong-sleeve-t-shirt-TXqqHn/NKAC81FTXE-JQQ
https://www.nike.com/t/tennessee-volunteers-baseball-arch-menslong-sleeve-t-shirt-MTVv35/NKAC87FUTN-4AG
https://www.nike.com/t/clemson-tigers-baseball-arch-menslong-sleeve-t-shirt-apviztnL/NKAC89MCLN-4AG
https://www.nike.com/t/los-angeles-dodgers-wordmark-womens-t-shirt-hbkXWS/NKAF00ALD-0U5
https://www.nike.com/t/gunnar-henderson-baltimore-orioles-city-connect-fuse-womens-t-shirt-3Ng1lGHT/NKAF00AOL9-UR5
https://www.nike.com/t/adley-rutschman-baltimore-orioles-fuse-womens-t-shirt-3Ng1lGHT/NKAF00AOL9-2H4
https://www.nike.com/t/athletics-wordmark-womens-t-shirt-dhFSdv/NKAF3EYFZ-0U5
https://www.nike.com/t/trea-turner-philadelphia-phillies-city-connect-fuse-womens-t-shirt-IQmqZ5EW/NKAF44BPP9-006
https://www.nike.com/t/bryce-harper-philadelphia-phillies-city-connect-fuse-womens-t-shirt-IQmqZ5EW/NKAF44BPP9-004
https://www.nike.com/t/toronto-blue-jays-wordmark-womens-t-shirt-6tVwMG/NKAF44BTOR-0U5
https://www.nike.com/t/mike-trout-los-angeles-angels-fuse-womens-t-shirt-8QdYZDVl/NKAF62QAN9-168
https://www.nike.com/t/cleveland-guardians-wordmark-womens-t-shirt-oNSzkiBZ/NKAF62QGUA-0U5
https://www.nike.com/t/roberto-clemente-pittsburgh-pirates-legend-home-mens-dri-fit-t-shirt-zZvqKj/NKGK00AQBT-J0G
https://www.nike.com/t/iowa-hawkeyes-legend-baseball-icon-mens-dri-fitt-shirt-UTiaujFL/NKGK15AIA-W6G
https://www.nike.com/t/michigan-state-spartans-legend-baseball-icon-mens-dri-fitt-shirt-ykjjqE8q/NKGK15AMST-W6G
https://www.nike.com/t/kentucky-wildcats-legend-baseball-icon-mens-dri-fitt-shirt-lzORnbjb/NKGK15ANKY-W6G
https://www.nike.com/t/arizona-wildcats-legend-baseball-icon-mens-dri-fitt-shirt-qaj699a1/NKGK15AUAN-W6G
https://www.nike.com/t/west-virginia-mountaineers-legend-baseball-icon-mens-dri-fitt-shirt-9jjP36h4/NKGK15AWVN-W6G
https://www.nike.com/t/ohio-state-buckeyes-velocity-baseball-wordmark-stack-mens-dri-fitt-shirt-dTkFJouN/NKPQ00AOH-XRD
https://www.nike.com/t/duke-blue-devils-velocity-baseball-wordmark-stack-mens-dri-fitt-shirt-d6m91PFT/NKPQ10ADU-XRD
https://www.nike.com/t/michigan-state-spartans-velocity-baseball-wordmark-stack-mens-dri-fitt-shirt-mD6CBPKb/NKPQ10AMST-XRD
https://www.nike.com/t/kentucky-wildcats-velocity-baseball-wordmark-stack-mens-dri-fitt-shirt-WlvPBhXD/NKPQ10ANKY-XRD
https://www.nike.com/t/ohio-state-buckeyes-velocity-baseball-wordmark-stack-mens-dri-fitt-shirt-knj9TNVe/NKPQ10AOH-XRD
https://www.nike.com/t/arizona-wildcats-velocity-baseball-wordmark-stack-mens-dri-fitt-shirt-QLAqewLr/NKPQ10AUAN-XRD
https://www.nike.com/t/west-virginia-mountaineers-velocity-baseball-wordmark-stack-mens-dri-fitt-shirt-ZocOh8tW/NKPQ10AWVN-XRD
https://www.nike.com/t/michigan-state-spartans-velocity-baseball-wordmark-stack-mens-dri-fitt-shirt-cZ3gzYaP/NKPQ3EYMST-XRD
https://www.nike.com/t/michigan-wolverines-velocity-baseball-wordmark-stack-mens-dri-fitt-shirt-zDvRubqx/NKPQ41SMWN-XRD
https://www.nike.com/t/penn-state-nittany-lions-velocity-baseball-wordmark-stack-mens-dri-fitt-shirt-JI4XtMlo/NKPQ41SPSN-XRD
https://www.nike.com/t/boston-red-sox-velocity-mens-dri-fit-t-shirt-5xQ80z/NKPQ44BBQ-3UD
https://www.nike.com/t/detroit-tigers-velocity-mens-dri-fit-t-shirt-ZCchJW/NKPQ44BDG-3UD
https://www.nike.com/t/cleveland-guardians-velocity-mens-dri-fit-t-shirt-6DIca6Jd/NKPQ44BGUA-3UD
https://www.nike.com/t/milwaukee-brewers-velocity-mens-dri-fit-t-shirt-5vH3Fr/NKPQ44BMZB-3UD
https://www.nike.com/t/new-york-yankees-velocity-mens-dri-fit-t-shirt-8wB2tQ/NKPQ44BNK-3UD
https://www.nike.com/t/duke-blue-devils-velocity-baseball-wordmark-stack-mens-dri-fitt-shirt-jUgDHa9g/NKPQ4EVDU-XRD
https://www.nike.com/t/new-york-mets-velocity-mens-dri-fit-t-shirt-V7c7BC/NKPQ4EWNME-3UD
https://www.nike.com/t/north-carolina-tar-heels-velocity-baseball-wordmark-stack-mens-dri-fitt-shirt-KoS8I5dO/NKPQ4EYNCN-XRD
https://www.nike.com/t/philadelphia-phillies-velocity-mens-dri-fit-t-shirt-k4GPTH/NKPQ62QPP-3UD
https://www.nike.com/t/ja-2-se-big-kids-basketball-shoes-nmfm66/HM5061-400
https://www.nike.com/t/therma-fit-kobe-bryant-toddler-hoodie-HIe9okjI/76M828-023
https://www.nike.com/t/therma-fit-kobe-bryant-toddler-hoodie-HIe9okjI/76M828-P51
https://www.nike.com/t/dri-fit-kobe-bryant-toddler-shorts-sS310iDa/76M829-P51
https://www.nike.com/t/therma-fit-kobe-bryant-little-kids-hoodie-HIe9okjI/86M828-023
https://www.nike.com/t/therma-fit-kobe-bryant-little-kids-hoodie-HIe9okjI/86M828-P51
https://www.nike.com/t/dri-fit-kobe-bryant-little-kids-shorts-sS310iDa/86M829-023
https://www.nike.com/t/dri-fit-kobe-bryant-little-kids-shorts-sS310iDa/86M829-P51
https://www.nike.com/t/charged-shield-sunglasses-uS8XrgM9/IB3518X-084
https://www.nike.com/t/charged-shield-sunglasses-uS8XrgM9/IB3518X-009
https://www.nike.com/t/charged-shield-sunglasses-uS8XrgM9/IB3518X-300
https://www.nike.com/t/charged-shield-sunglasses-uS8XrgM9/IB3518X-010
https://www.nike.com/t/charged-shield-mirrored-sunglasses-uS8XrgM9/IB3518X-492
https://www.nike.com/t/victori-one-womens-slides-J9ZHvX/FZ3111-100
https://www.nike.com/t/air-force-1-07-x-serena-williams-design-crew-shoes-B7jV6s/HJ4399-400
https://www.nike.com/t/jordan-23-monogram-sling-bag-3l-eTpXzpFl/MA9042-782
https://www.nike.com/t/jordan-everyday-essentials-baby-toddler-ankle-socks-6-pairs-6LlMBM/NJ0734-H24
https://www.nike.com/t/jordan-everyday-essentials-baby-toddler-ankle-socks-6-pairs-6LlMBM/NJ0734-A2B
https://www.nike.com/t/jordan-everyday-essentials-baby-toddler-ankle-socks-6-pairs-6LlMBM/NJ0734-695
https://www.nike.com/t/swim-essential-womens-bralette-bikini-top-Zm7qnvZK/NESSF240-678
https://www.nike.com/t/swim-essential-womens-bralette-bikini-top-Zm7qnvZK/NESSF240-576
https://www.nike.com/t/swim-essential-womens-bralette-bikini-top-Zm7qnvZK/NESSF240-740
https://www.nike.com/t/swim-essential-womens-bralette-bikini-top-Zm7qnvZK/NESSF240-001
https://www.nike.com/t/swim-big-kids-girls-lace-up-bikini-set-veGvFLyL/NESSF727-438
https://www.nike.com/t/swim-big-kids-girls-lace-up-bikini-set-veGvFLyL/NESSF727-560
https://www.nike.com/t/swim-big-kids-girls-lace-up-bikini-set-veGvFLyL/NESSF727-740
https://www.nike.com/t/swim-big-kids-girls-crossback-midkini-set-Jt1jQxhO/NESSF730-438
https://www.nike.com/t/swim-big-kids-girls-crossback-midkini-set-Jt1jQxhO/NESSF730-001
https://www.nike.com/t/swim-big-kids-girls-crossback-midkini-set-Jt1jQxhO/NESSF730-678
https://www.nike.com/t/swim-big-kids-girls-3-volley-shorts-2eBnBpah/NESSF742-678
https://www.nike.com/t/swim-big-kids-girls-3-volley-shorts-2eBnBpah/NESSF742-438
https://www.nike.com/t/swim-big-kids-girls-3-volley-shorts-2eBnBpah/NESSF742-001
https://www.nike.com/t/swim-hand-paddles-s1oRyoE4/NESS9173-919
https://www.nike.com/t/swim-essential-womens-high-waisted-bottoms-extended-sizing-Jgno2EWo/NESSC368-001
https://www.nike.com/t/swim-hyper-flow-goggles-yyyGECVK/NESSD132-000
https://www.nike.com/t/swim-hyper-flow-goggles-yyyGECVK/NESSD132-014
https://www.nike.com/t/swim-victory-womens-full-coverage-dress-3LANwMw1/NESSE200-001
https://www.nike.com/t/swim-victory-womens-straight-leggings-8X6DB9Me/NESSE205-001
https://www.nike.com/t/swim-essential-womens-u-back-one-piece-swimsuit-B0IOBcxn/NESSE267-001
https://www.nike.com/t/swim-essential-womens-u-back-one-piece-swimsuit-B0IOBcxn/NESSE267-438
https://www.nike.com/t/swim-essential-womens-lace-up-high-neck-tankini-3ArlckWO/NESSE281-001
https://www.nike.com/t/swim-essential-womens-lace-up-high-neck-tankini-3ArlckWO/NESSE281-614
https://www.nike.com/t/swim-essential-womens-lace-up-high-neck-tankini-3ArlckWO/NESSE281-438
https://www.nike.com/t/swim-valiant-mirrored-goggles-9IJyHNtg/NESSF131-001
https://www.nike.com/t/swim-valiant-mirrored-goggles-9IJyHNtg/NESSF131-438
https://www.nike.com/t/swim-legacy-comfort-goggles-NWwMJdwj/NESSF133-440
https://www.nike.com/t/swim-dry-bag-5l-LYEEHmGb/NESSF147-001
https://www.nike.com/t/swim-dry-bag-10l-DrAeRxTs/NESSF148-001
https://www.nike.com/t/swim-essential-womens-v-neck-one-piece-WvZF5S/NESSF232-100
https://www.nike.com/t/swim-essential-womens-v-neck-one-piece-WvZF5S/NESSF232-678
https://www.nike.com/t/swim-essential-womens-v-neck-one-piece-WvZF5S/NESSF232-001
https://www.nike.com/t/swim-essential-womens-v-neck-one-piece-WvZF5S/NESSF232-576
https://www.nike.com/t/swim-essential-womens-triangle-bikini-top-jfvtdIO5/NESSF239-100
https://www.nike.com/t/swim-essential-womens-triangle-bikini-top-jfvtdIO5/NESSF239-678
https://www.nike.com/t/swim-essential-womens-triangle-bikini-top-jfvtdIO5/NESSF239-001
https://www.nike.com/t/swim-essential-womens-triangle-bikini-top-jfvtdIO5/NESSF239-576
https://www.nike.com/t/swim-essential-womens-v-neck-midkini-qDNgbqUn/NESSF241-206
https://www.nike.com/t/swim-essential-womens-v-neck-midkini-qDNgbqUn/NESSF241-440
https://www.nike.com/t/swim-essential-womens-v-neck-midkini-qDNgbqUn/NESSF241-678
https://www.nike.com/t/swim-essential-womens-v-neck-midkini-qDNgbqUn/NESSF241-001
https://www.nike.com/t/swim-essential-womens-v-neck-midkini-qDNgbqUn/NESSF241-364
https://www.nike.com/t/swim-essential-womens-v-neck-midkini-qDNgbqUn/NESSF241-576
https://www.nike.com/t/swim-essential-womens-v-neck-midkini-qDNgbqUn/NESSF241-740
https://www.nike.com/t/swim-essential-womens-tie-string-bikini-bottom-4n0PqhMK/NESSF245-001
https://www.nike.com/t/swim-essential-womens-tie-string-bikini-bottom-4n0PqhMK/NESSF245-576
https://www.nike.com/t/swim-essential-womens-tie-string-bikini-bottom-4n0PqhMK/NESSF245-100
https://www.nike.com/t/swim-essential-womens-tie-string-bikini-bottom-4n0PqhMK/NESSF245-678
https://www.nike.com/t/swim-essential-womens-sling-bikini-bottom-kCdTCUIC/NESSF246-001
https://www.nike.com/t/swim-essential-womens-sling-bikini-bottom-kCdTCUIC/NESSF246-614
https://www.nike.com/t/swim-essential-womens-sling-bikini-bottom-kCdTCUIC/NESSF246-206
https://www.nike.com/t/swim-essential-womens-sling-bikini-bottom-kCdTCUIC/NESSF246-678
https://www.nike.com/t/swim-essential-womens-hipster-bikini-bottom-xoDjmILa/NESSF247-001
https://www.nike.com/t/swim-essential-womens-hipster-bikini-bottom-xoDjmILa/NESSF247-440
https://www.nike.com/t/swim-essential-womens-hipster-bikini-bottom-xoDjmILa/NESSF247-678
https://www.nike.com/t/swim-essential-womens-hipster-bikini-bottom-xoDjmILa/NESSF247-100
https://www.nike.com/t/swim-essential-womens-hipster-bikini-bottom-xoDjmILa/NESSF247-576
https://www.nike.com/t/swim-essential-womens-hipster-bikini-bottom-xoDjmILa/NESSF247-740
https://www.nike.com/t/swim-womens-v-neck-tankini-5aaAszmO/NESSF295-001
https://www.nike.com/t/swim-womens-v-neck-tankini-5aaAszmO/NESSF295-614
https://www.nike.com/t/swim-womens-v-neck-tankini-5aaAszmO/NESSF295-440
https://www.nike.com/t/swim-womens-triangle-bikini-top-Ctc0NjPP/NESSF296-438
https://www.nike.com/t/swim-womens-triangle-bikini-top-Ctc0NjPP/NESSF296-614
https://www.nike.com/t/swim-womens-triangle-bikini-top-Ctc0NjPP/NESSF296-001
https://www.nike.com/t/swim-womens-triangle-bikini-top-Ctc0NjPP/NESSF296-576
https://www.nike.com/t/swim-voyage-womens-cover-up-shorts-irZjN9xz/NESSF322-206
https://www.nike.com/t/swim-voyage-womens-cover-up-shorts-irZjN9xz/NESSF322-001
https://www.nike.com/t/swim-voyage-womens-cover-up-shorts-irZjN9xz/NESSF322-438
https://www.nike.com/t/swim-essential-womens-long-sleeve-zip-hydroguard-Itskzlxt/NESSF325-001
https://www.nike.com/t/swim-essential-womens-long-sleeve-zip-hydroguard-Itskzlxt/NESSF325-678
https://www.nike.com/t/swim-mens-mesh-tank-top-Hevikkcu/NESSF515-001
https://www.nike.com/t/swim-mens-mesh-tank-top-Hevikkcu/NESSF515-100
https://www.nike.com/t/swim-mens-mesh-tank-top-Hevikkcu/NESSF515-438
https://www.nike.com/t/swim-mens-mesh-tank-top-Hevikkcu/NESSF515-656
https://www.nike.com/t/swim-big-kids-girls-lace-up-bikini-set-XdXhA17r/NESSF725-678
https://www.nike.com/t/swim-big-kids-girls-lace-up-bikini-set-XdXhA17r/NESSF725-001
https://www.nike.com/t/swim-big-kids-girls-lace-up-bikini-set-XdXhA17r/NESSF725-438
https://www.nike.com/t/swim-big-kids-girls-long-sleeve-one-piece-q4dHfHHL/NESSF738-678
https://www.nike.com/t/swim-big-kids-girls-long-sleeve-one-piece-q4dHfHHL/NESSF738-560
https://www.nike.com/t/swim-little-kids-girls-u-back-one-piece-VsSCx9Z2/NESSF768-560
https://www.nike.com/t/swim-little-kids-girls-u-back-one-piece-VsSCx9Z2/NESSF768-678
https://www.nike.com/t/swim-breaker-big-kids-boys-7-brief-lined-volley-shorts-POZbtwZM/NESSF801-001
https://www.nike.com/t/swim-breaker-big-kids-boys-7-brief-lined-volley-shorts-POZbtwZM/NESSF801-440
https://www.nike.com/t/swim-breaker-big-kids-boys-7-brief-lined-volley-shorts-AyfcXYmp/NESSF806-400
https://www.nike.com/t/swim-breaker-big-kids-boys-7-brief-lined-volley-shorts-AyfcXYmp/NESSF806-107
https://www.nike.com/t/huarache-9-elite-tf-lax-se-lacrosse-shoes-HzkQZG/FV6148-100
https://www.nike.com/t/liverpool-fc-strike-special-edition-big-kids-dri-fit-soccer-short-sleeve-knit-top-MWQmQ8/HJ3401-013
https://www.nike.com/t/liverpool-fc-strike-special-edition-big-kids-dri-fit-soccer-short-sleeve-knit-top-MWQmQ8/HJ3401-114
https://www.nike.com/t/academy-mens-dri-fit-soccer-drill-top-FS28sN/HJ3783-025
https://www.nike.com/t/academy-mens-dri-fit-soccer-drill-top-FS28sN/HJ3783-010
https://www.nike.com/t/academy-mens-dri-fit-soccer-drill-top-FS28sN/HJ3783-100
https://www.nike.com/t/academy-mens-dri-fit-soccer-drill-top-FS28sN/HJ3783-492
https://www.nike.com/t/premier-league-heritage-ordem-3-soccer-ball-TKVfcJ/HQ0325-100
https://www.nike.com/t/pro-mens-hyperstrong-4-pad-top-jkFR3h/N1013487-031
https://www.nike.com/t/pro-mens-hyperstrong-4-pad-top-jkFR3h/N1013487-110
https://www.nike.com/t/essentials-baby-12-24m-3-piece-striped-swooshfetti-set-3xpthF2A/66M800-AAR
https://www.nike.com/t/essentials-baby-12-24m-3-piece-striped-swooshfetti-set-3xpthF2A/66M800-R78
https://www.nike.com/t/essentials-baby-12-24m-3-piece-striped-swooshfetti-set-3xpthF2A/66M800-BA2
https://www.nike.com/t/essentials-baby-12-24m-3-piece-striped-swooshfetti-set-3xpthF2A/66M800-Y6X
https://www.nike.com/t/sportswear-toddler-sportswear-swoosh-t-shirt-KoWCjfpo/76M845-001
https://www.nike.com/t/sportswear-toddler-sportswear-swoosh-t-shirt-KoWCjfpo/76M845-U89
https://www.nike.com/t/sportswear-little-kids-sportswear-swoosh-t-shirt-KoWCjfpo/86M845-001
https://www.nike.com/t/sportswear-little-kids-sportswear-swoosh-t-shirt-KoWCjfpo/86M845-U89
https://www.nike.com/t/therma-fit-academy-big-kids-soccer-pants-F45zDh/FJ6182-013
https://www.nike.com/t/therma-fit-academy-big-kids-soccer-pants-F45zDh/FJ6182-010
https://www.nike.com/t/united-jr-tiempo-legend-10-academy-big-kids-tf-low-top-soccer-shoes-GMMgvr/HF1499-500
https://www.nike.com/t/zion-mens-t-shirt-64F006/HJ2360-100
https://www.nike.com/t/zion-mens-t-shirt-64F006/HJ2360-010
https://www.nike.com/t/academy-big-kids-dri-fit-soccer-tracksuit-lrrrvs/HJ3715-010
https://www.nike.com/t/academy-mens-repel-soccer-pants-PRfzbJ/HJ3756-025
https://www.nike.com/t/academy-mens-repel-soccer-pants-PRfzbJ/HJ3756-010
https://www.nike.com/t/academy-mens-repel-soccer-pants-PRfzbJ/HJ3756-492
https://www.nike.com/t/academy-womens-dri-fit-crew-neck-long-sleeve-soccer-top-6c37kx/HM0744-010
https://www.nike.com/t/cortez-womens-shoes-FV4f0x/HV6012-161
https://www.nike.com/t/philadelphia-eagles-super-bowl-lix-champions-tailsweep-womens-pullover-hoodie-BZF6Pz/0PZ500A86X-KDW
https://www.nike.com/t/philadelphia-eagles-super-bowl-lix-champions-trophy-collection-club-womens-pullover-hoodie-nKhpjz/0PZ506F86Z-9MB
https://www.nike.com/t/philadelphia-eagles-super-bowl-lix-champions-trophy-collection-big-kids-pullover-hoodie-v8CoNU6H/7NFPKAA5EAG-NEG
https://www.nike.com/t/philadelphia-eagles-super-bowl-lix-champions-trophy-collection-big-kids-t-shirt-1omk2Hb4/7NFPKER9EAG-NEG
https://www.nike.com/t/philadelphia-eagles-super-bowl-lix-champions-trophy-collection-big-kids-long-sleeve-t-shirt-915n8IWX/7NFPKNK7EAG-NAW
https://www.nike.com/t/philadelphia-eagles-super-bowl-lix-champions-lombardi-trophy-big-kids-t-shirt-qI2etF2w/7NFPUER9EAG-NAW
https://www.nike.com/t/philadelphia-eagles-super-bowl-lix-champions-parade-big-kids-pullover-hoodie-BwtnIaWF/7NFPVAA5EAG-NAW
https://www.nike.com/t/philadelphia-eagles-super-bowl-lix-champions-parade-big-kids-t-shirt-WKKAe6gh/7NFPVER9EAG-NAW
https://www.nike.com/t/philadelphia-eagles-super-bowl-lix-champions-big-kids-t-shirt-AR4E8TEl/7NFPWER9EAG-NAW
https://www.nike.com/t/philadelphia-eagles-super-bowl-lix-champions-parade-mens-t-shirt-sMVFWX/NP9900A86X-6XS
https://www.nike.com/t/philadelphia-eagles-super-bowl-lix-champions-lombardi-trophy-mens-t-shirt-sMVFWX/NP9900A86X-STG
https://www.nike.com/t/philadelphia-eagles-super-bowl-lix-champions-90s-inspired-mens-t-shirt-sMVFWX/NP9900A86X-Y06
https://www.nike.com/t/philadelphia-eagles-super-bowl-lix-champions-trophy-collection-mens-t-shirt-LvJGWH/NP9906F86Z-9MB
https://www.nike.com/t/philadelphia-eagles-super-bowl-lix-champions-90s-inspired-mens-long-sleeve-t-shirt-16hqwp/NPAC00A86X-Y06
https://www.nike.com/t/philadelphia-eagles-super-bowl-lix-champions-trophy-collection-mens-long-sleeve-t-shirt-kKlf6g/NPAC06F86Z-9MB
https://www.nike.com/t/philadelphia-eagles-super-bowl-lix-champions-local-womens-t-shirt-g6Q6Sd/NPAF00A86X-JM8
https://www.nike.com/t/philadelphia-eagles-super-bowl-lix-champions-tailsweep-womens-t-shirt-g6Q6Sd/NPAF00A86X-KDW
https://www.nike.com/t/philadelphia-eagles-super-bowl-lix-champions-lombardi-trophy-womens-t-shirt-g6Q6Sd/NPAF00A86X-STG
https://www.nike.com/t/philadelphia-eagles-super-bowl-lix-champions-90s-inspired-womens-t-shirt-g6Q6Sd/NPAF00A86X-Y06
https://www.nike.com/t/philadelphia-eagles-super-bowl-lix-champions-trophy-collection-womens-t-shirt-mNxcQC/NPAF06F86Z-9MB
https://www.nike.com/t/philadelphia-eagles-super-bowl-lix-champions-multi-champs-ring-womens-t-shirt-SsvGhs/NPAF10A86X-HLV
https://www.nike.com/t/philadelphia-eagles-super-bowl-lix-champions-womens-t-shirt-LCB0kN/NPAF3JD86X-56B
https://www.nike.com/t/philadelphia-eagles-super-bowl-lix-champions-parade-womens-t-shirt-LCB0kN/NPAF3JD86X-6XS
https://www.nike.com/t/philadelphia-eagles-super-bowl-lix-champions-mens-pullover-hoodie-W6pKnxoq/NPDK00A86X-56B
https://www.nike.com/t/philadelphia-eagles-super-bowl-lix-champions-parade-mens-pullover-hoodie-W6pKnxoq/NPDK00A86X-6XS
https://www.nike.com/t/philadelphia-eagles-super-bowl-lix-champions-90s-inspired-mens-pullover-hoodie-W6pKnxoq/NPDK00A86X-Y06
https://www.nike.com/t/philadelphia-eagles-super-bowl-lix-champions-local-mens-dri-fit-t-shirt-kzXdZNBq/NPGK00A86X-JM8
https://www.nike.com/t/vaporfly-4-womens-road-racing-shoes-Yq9RaVmL/HF6412-001
https://www.nike.com/t/vaporfly-4-womens-road-racing-shoes-Yq9RaVmL/HF6412-600
https://www.nike.com/t/air-max-muse-womens-shoes-3UwPeIAU/FV1920-601
https://www.nike.com/t/air-max-muse-womens-shoes-3UwPeIAU/FV1920-001
https://www.nike.com/t/air-max-muse-womens-shoes-3UwPeIAU/HV5758-289
https://www.nike.com/launch/r/HJ8082-601
https://www.nike.com/launch/r/IB0014-010
https://www.nike.com/t/dunk-low-retro-se-mens-shoes-pjkvbb/HV5750-133
https://www.nike.com/t/sabrina-2-se-big-kids-basketball-shoes-pw59rN/HF1188-100
https://www.nike.com/t/lebron-xxii-se-big-kids-basketball-shoes-lWrk8J/HQ3673-400
https://www.nike.com/t/swim-essential-womens-tank-top-2ykCbo43/NESSD349-100
https://www.nike.com/t/swim-essential-womens-tank-top-2ykCbo43/NESSD349-001
https://www.nike.com/t/swim-essential-womens-tank-top-2ykCbo43/NESSD349-438
https://www.nike.com/t/swim-water-resistant-bag-1l-Pr1G85/NESSE139-006
https://www.nike.com/t/swim-kickboard-rHIUBf2N/NESSF139-001
https://www.nike.com/t/swim-goggle-case-685mYaxP/NESSF142-011
https://www.nike.com/t/swim-goggle-case-685mYaxP/NESSF142-438
https://www.nike.com/t/swim-sailboat-womens-triangle-bikini-top-pCNHfBzt/NESSF221-990
https://www.nike.com/t/swim-sneakerkini-2-womens-crossback-one-piece-eklYuCHy/NESSF227-001
https://www.nike.com/t/swim-sneakerkini-2-womens-crossback-one-piece-eklYuCHy/NESSF227-678
https://www.nike.com/t/swim-sneakerkini-2-womens-bralette-bikini-top-XW24XP9u/NESSF228-001
https://www.nike.com/t/swim-sneakerkini-2-womens-bralette-bikini-top-XW24XP9u/NESSF228-678
https://www.nike.com/t/swim-womens-v-neck-one-piece-DDs9IZWX/NESSF272-440
https://www.nike.com/t/swim-womens-v-neck-one-piece-DDs9IZWX/NESSF272-001
https://www.nike.com/t/swim-womens-v-neck-midkini-ZBUBULIA/NESSF275-440
https://www.nike.com/t/swim-womens-v-neck-midkini-ZBUBULIA/NESSF275-001
https://www.nike.com/t/swim-womens-hipster-bikini-bottom-fiMzIZjn/NESSF276-440
https://www.nike.com/t/swim-womens-hipster-bikini-bottom-fiMzIZjn/NESSF276-001
https://www.nike.com/t/swim-womens-square-neck-tankini-LQSXW40J/NESSF284-440
https://www.nike.com/t/swim-womens-square-neck-tankini-LQSXW40J/NESSF284-001
https://www.nike.com/t/swim-womens-square-neck-tankini-LQSXW40J/NESSF284-614
https://www.nike.com/t/swim-womens-layered-tankini-LPhxSH7a/NESSF285-001
https://www.nike.com/t/swim-womens-layered-tankini-LPhxSH7a/NESSF285-614
https://www.nike.com/t/swim-womens-layered-tankini-LPhxSH7a/NESSF285-440
https://www.nike.com/t/swim-breaker-big-kids-boys-7-brief-lined-volley-shorts-odR2arv3/NESSF797-440
https://www.nike.com/t/swim-breaker-big-kids-boys-7-brief-lined-volley-shorts-odR2arv3/NESSF797-051
https://www.nike.com/t/swim-breaker-big-kids-boys-7-brief-lined-volley-shorts-qVSgjwLQ/NESSF799-001
https://www.nike.com/t/swim-breaker-big-kids-boys-7-brief-lined-volley-shorts-qVSgjwLQ/NESSF799-463
https://www.nike.com/t/swim-breaker-big-kids-boys-7-brief-lined-volley-shorts-G3O82xP3/NESSF803-001
https://www.nike.com/t/swim-breaker-big-kids-boys-7-brief-lined-volley-shorts-G3O82xP3/NESSF803-840
https://www.nike.com/t/swim-breaker-big-kids-boys-7-brief-lined-volley-shorts-G3O82xP3/NESSF803-438
https://www.nike.com/t/sb-stretch-web-belt-zW4WHA4P/620130-001
https://www.nike.com/t/sb-stretch-web-belt-zW4WHA4P/620130-050
https://www.nike.com/t/sb-stretch-web-belt-zW4WHA4P/620130-201
https://www.nike.com/launch/r/IB5824-001
https://www.nike.com/t/air-jordan-womens-full-zip-knit-top-dqrZDp/HF9438-540
https://www.nike.com/t/pro-mens-hyperstrong-3-4-length-tights-PCXSNj/N1013486-068
https://www.nike.com/t/pro-mens-hyperstrong-3-4-length-tights-PCXSNj/N1013486-153
https://www.nike.com/t/pro-big-kids-boys-hyperstrong-football-shorts-33FPvL/N1013491-068
https://www.nike.com/t/pro-big-kids-boys-hyperstrong-football-shorts-33FPvL/N1013491-153
https://www.nike.com/t/recruit-big-kids-boys-dri-fit-football-pants-264ZCl/N1013492-010
https://www.nike.com/t/recruit-big-kids-boys-dri-fit-football-pants-264ZCl/N1013492-101
https://www.nike.com/t/vapor-lite-3-mens-hard-court-tennis-shoes-QD8HrANI/FZ2155-001
https://www.nike.com/t/vapor-lite-3-mens-hard-court-tennis-shoes-QD8HrANI/FZ2155-600
https://www.nike.com/t/vapor-lite-3-mens-hard-court-tennis-shoes-QD8HrANI/HF7831-200
https://www.nike.com/t/vapor-lite-3-mens-hard-court-tennis-shoes-QD8HrANI/FZ2155-101
https://www.nike.com/t/vapor-lite-3-mens-hard-court-tennis-shoes-QD8HrANI/FZ2155-100
https://www.nike.com/t/nikecourt-ace-advantage-womens-dri-fit-tennis-skirt-3hMx5l/FZ6726-010
https://www.nike.com/t/nikecourt-ace-advantage-womens-dri-fit-tennis-skirt-3hMx5l/FZ6726-478
https://www.nike.com/t/nikecourt-ace-advantage-womens-dri-fit-tennis-skirt-3hMx5l/FZ6726-100
https://www.nike.com/t/jordan-sport-womens-shorts-nQSR4R/HF9486-010
https://www.nike.com/t/mens-max90-long-sleeve-basketball-t-shirt-RCkdZX/HJ3348-010
https://www.nike.com/t/mens-max90-long-sleeve-basketball-t-shirt-RCkdZX/HJ3348-100
https://www.nike.com/t/cosmic-runner-baby-toddler-shoes-CWmuID5Q/HM4401-601
https://www.nike.com/t/cosmic-runner-baby-toddler-shoes-CWmuID5Q/HM4401-001
https://www.nike.com/t/cosmic-runner-baby-toddler-shoes-CWmuID5Q/HM4401-002
https://www.nike.com/t/cosmic-runner-baby-toddler-shoes-CWmuID5Q/HM4401-003
https://www.nike.com/t/cosmic-runner-baby-toddler-shoes-CWmuID5Q/HM4401-005
https://www.nike.com/t/cosmic-runner-baby-toddler-shoes-CWmuID5Q/HM4401-500
https://www.nike.com/t/cosmic-runner-baby-toddler-shoes-CWmuID5Q/HM4401-600
https://www.nike.com/t/cosmic-runner-baby-toddler-shoes-CWmuID5Q/HM4401-602
https://www.nike.com/t/swim-sailboat-womens-tie-string-bikini-bottom-usFggewC/NESSF222-990
https://www.nike.com/t/swim-womens-lace-up-one-piece-E4Jjg3ut/NESSF286-001
https://www.nike.com/t/detroit-tigers-authentic-collection-mens-dri-fit-sleeveless-pullover-hoodie-5bGPKY1l/013U196NDG-2G5
https://www.nike.com/t/new-york-yankees-knockout-script-mens-full-zip-hoodie-hAHPNhpA/01NC012NNK-F9S
https://www.nike.com/t/seattle-mariners-knockout-script-mens-full-zip-hoodie-DrrnZdgS/01NC015NMVR-F9S
https://www.nike.com/t/st-louis-cardinals-knockout-script-mens-full-zip-hoodie-XpEAWo5L/01NC036NSCN-F9S
https://www.nike.com/t/detroit-tigers-knockout-script-mens-full-zip-hoodie-kihVS9oF/01NC045NDG-F9S
https://www.nike.com/t/boston-red-sox-knockout-script-mens-full-zip-hoodie-u6ssYavM/01NC046NBQ-F9S
https://www.nike.com/t/cleveland-guardians-knockout-script-mens-full-zip-hoodie-jEuVe7x4/01NC046NGUA-F9S
https://www.nike.com/t/minnesota-twins-knockout-script-mens-full-zip-hoodie-lUyeHPA1/01NC046NTIS-F9S
https://www.nike.com/t/san-francisco-giants-knockout-script-mens-full-zip-hoodie-XLctyTvP/01NC088NGIA-F9S
https://www.nike.com/t/baltimore-orioles-knockout-script-mens-full-zip-hoodie-A8KAHpjl/01NC088NOLE-F9S
https://www.nike.com/t/milwaukee-brewers-knockout-script-mens-full-zip-hoodie-zapg0nJb/01NC10MIMZB-F9S
https://www.nike.com/t/los-angeles-dodgers-knockout-script-mens-full-zip-hoodie-eVudu6Yg/01NC155NLD-F9S
https://www.nike.com/t/philadelphia-phillies-knockout-script-mens-full-zip-hoodie-t83iWHpW/01NC161NPP-F9S
https://www.nike.com/t/chicago-cubs-knockout-script-mens-full-zip-hoodie-c6K08hmi/01NC199NEJ-F9S
https://www.nike.com/t/san-diego-padres-knockout-script-mens-full-zip-hoodie-nreaLFDU/01NC992ZPYP-F9S
https://www.nike.com/t/seattle-mariners-authentic-collection-early-work-womens-t-shirt-z00qlM98/02G5015NMVR-L84
https://www.nike.com/t/athletics-authentic-collection-early-work-womens-t-shirt-Qfst5muG/02G5023NFZ-L84
https://www.nike.com/t/los-angeles-angels-authentic-collection-early-work-womens-t-shirt-POwxORn9/02G5036NANG-L84
https://www.nike.com/t/st-louis-cardinals-authentic-collection-early-work-womens-t-shirt-jlowWizh/02G5036NSCN-L84
https://www.nike.com/t/cincinnati-reds-authentic-collection-early-work-womens-t-shirt-PAXE2vb1/02G5041NRED-L84
https://www.nike.com/t/houston-astros-authentic-collection-early-work-womens-t-shirt-RmCarGfz/02G5045NHUS-L84
https://www.nike.com/t/atlanta-braves-authentic-collection-early-work-womens-t-shirt-fgWKMlFk/02G5046NAW-L84
https://www.nike.com/t/boston-red-sox-authentic-collection-early-work-womens-t-shirt-0T1Wompb/02G5046NBQ-L84
https://www.nike.com/t/tampa-bay-rays-authentic-collection-early-work-womens-t-shirt-mvf3V5za/02G5047NTPA-L84
https://www.nike.com/t/pittsburgh-pirates-authentic-collection-early-work-womens-t-shirt-djk2Q3Ai/02G5087NPTB-L84
https://www.nike.com/t/san-francisco-giants-authentic-collection-early-work-womens-t-shirt-ynKe2MAY/02G5088NGIA-L84
https://www.nike.com/t/baltimore-orioles-authentic-collection-early-work-womens-t-shirt-evY9YXmF/02G5088NOLE-L84
https://www.nike.com/t/colorado-rockies-authentic-collection-early-work-womens-t-shirt-3iUlyGCd/02G5091NDNV-L84
https://www.nike.com/t/miami-marlins-authentic-collection-early-work-womens-t-shirt-8fCM74dL/02G5092NMQM-L84
https://www.nike.com/t/los-angeles-dodgers-authentic-collection-early-work-womens-t-shirt-w8VyuR8C/02G50C6ZLD-L84
https://www.nike.com/t/new-york-yankees-authentic-collection-early-work-womens-t-shirt-z4oVBw7T/02G50CKSNK-L84
https://www.nike.com/t/milwaukee-brewers-authentic-collection-early-work-womens-t-shirt-XGILdM1e/02G510MIMZB-L84
https://www.nike.com/t/chicago-white-sox-authentic-collection-early-work-womens-t-shirt-TUFDMf6C/02G512DARX-L84
https://www.nike.com/t/kansas-city-royals-authentic-collection-early-work-womens-t-shirt-Ggb4i4UV/02G5153NROY-L84
https://www.nike.com/t/new-york-mets-authentic-collection-early-work-womens-t-shirt-y3qi7SS5/02G5156NNME-L84
https://www.nike.com/t/toronto-blue-jays-authentic-collection-early-work-womens-t-shirt-RPaQGr6J/02G5158NTOR-L84
https://www.nike.com/t/philadelphia-phillies-authentic-collection-early-work-womens-t-shirt-6J8cN9us/02G5161NPP-L84
https://www.nike.com/t/washington-nationals-authentic-collection-early-work-womens-t-shirt-IDqM0xmh/02G5162NWTL-L84
https://www.nike.com/t/cleveland-guardians-authentic-collection-early-work-womens-t-shirt-xegDVqUn/02G5195NGUA-L84
https://www.nike.com/t/minnesota-twins-authentic-collection-early-work-womens-t-shirt-q6vXRhOr/02G5195NTIS-L84
https://www.nike.com/t/detroit-tigers-authentic-collection-early-work-womens-t-shirt-CRy7uQmY/02G5196NDG-L84
https://www.nike.com/t/texas-rangers-authentic-collection-early-work-womens-t-shirt-EPSTPtQG/02G5198NTER-L84
https://www.nike.com/t/chicago-cubs-authentic-collection-early-work-womens-t-shirt-XRNjJgtI/02G5199NEJ-L84
https://www.nike.com/t/san-diego-padres-authentic-collection-early-work-womens-t-shirt-3UhMKNKk/02G5917ZPYP-L84
https://www.nike.com/t/san-diego-padres-womens-full-zip-hoodie-KZLqdv8X/035D927ZPYP-HVV
https://www.nike.com/t/philadelphia-phillies-authentic-collection-velocity-alternate-logo-womens-dri-fit-t-shirt-5QGMjUYy/03EY69XPP-YGE
https://www.nike.com/t/seattle-mariners-authentic-collection-womens-therma-pullover-hoodie-6uTTdmFP/22MN015NMVR-N80
https://www.nike.com/t/athletics-authentic-collection-womens-therma-pullover-hoodie-sdZEETOM/22MN023NFZ-N80
https://www.nike.com/t/los-angeles-angels-authentic-collection-womens-therma-pullover-hoodie-sMwkE6IR/22MN036NANG-N80
https://www.nike.com/t/houston-astros-authentic-collection-womens-therma-pullover-hoodie-zjw8P9yd/22MN045NHUS-N80
https://www.nike.com/t/atlanta-braves-authentic-collection-womens-therma-pullover-hoodie-erPH5RHo/22MN046NAW-N80
https://www.nike.com/t/san-francisco-giants-authentic-collection-womens-therma-pullover-hoodie-EtUML9n7/22MN088NGIA-N80
https://www.nike.com/t/baltimore-orioles-authentic-collection-womens-therma-pullover-hoodie-F3pzqpe5/22MN088NOLE-N80
https://www.nike.com/t/arizona-diamondbacks-authentic-collection-womens-therma-pullover-hoodie-GQyqQUk4/22MN090NDQS-N80
https://www.nike.com/t/los-angeles-dodgers-authentic-collection-city-connect-womens-therma-pullover-hoodie-RvqGE6kd/22MN09C3LD-XJK
https://www.nike.com/t/new-york-yankees-authentic-collection-womens-therma-pullover-hoodie-3ZzwbkvF/22MN11L5NK-N80
https://www.nike.com/t/los-angeles-dodgers-authentic-collection-womens-therma-pullover-hoodie-gPkXqdaK/22MN11L6LD-N80
https://www.nike.com/t/philadelphia-phillies-authentic-collection-womens-therma-pullover-hoodie-7C7lhVhU/22MN161NPP-N80
https://www.nike.com/t/sb-ps8-mens-shoes-hGDFZr/FV8493-300
https://www.nike.com/t/sb-ps8-mens-shoes-hGDFZr/FV8493-003
https://www.nike.com/t/sb-ps8-mens-shoes-hGDFZr/FV8493-400
https://www.nike.com/t/jordan-11-mid-td-mens-football-cleats-fb1clD/HM7324-104
https://www.nike.com/t/jordan-11-retro-mcs-mens-baseball-cleats-Bt6zBj/HM7326-104
https://www.nike.com/t/reactx-rejuven8-big-kids-shoes-P62x5D/IF1746-001
https://www.nike.com/t/reactx-rejuven8-big-kids-shoes-P62x5D/IF1746-300
https://www.nike.com/t/reactx-rejuven8-big-kids-shoes-P62x5D/IF1746-600
https://www.nike.com/t/reactx-rejuven8-big-kids-shoes-P62x5D/IF1746-402
https://www.nike.com/t/pittsburgh-pirates-mens-dri-fit-adv-utDM2uWa/LM25PTA2PTB-1U2
https://www.nike.com/t/frank-thomas-chicago-white-sox-cooperstown-fuse-mens-t-shirt-RgXtU0Gd/N19900AQL5-1YS
https://www.nike.com/t/atlanta-braves-arched-mens-t-shirt-D7SJ70/N19906GAW-LXS
https://www.nike.com/t/houston-astros-arched-mens-t-shirt-TTTnTn/N19906GHUS-LXS
https://www.nike.com/t/paul-skenes-pittsburgh-pirates-fuse-mens-t-shirt-9TWMYST3/N19906GPT9-UE0
https://www.nike.com/t/kansas-city-royals-arched-mens-t-shirt-NN1pSF/N19906GROY-LXS
https://www.nike.com/t/texas-rangers-arched-mens-t-shirt-wMjWMm/N19906GTER-LXS
https://www.nike.com/t/tampa-bay-rays-arched-mens-t-shirt-03NGFj/N19906GTPA-LXS
https://www.nike.com/t/houston-astros-cooperstown-wordmark-mens-t-shirt-wp2pbg/N19944BH94-0B5
https://www.nike.com/t/houston-astros-cooperstown-retro-mens-t-shirt-wp2pbg/N19944BH94-CUE
https://www.nike.com/t/houston-astros-cooperstown-wordmark-mens-t-shirt-lFdC91/N19944BHST-0B5
https://www.nike.com/t/houston-astros-cooperstown-team-logo-mens-t-shirt-lFdC91/N19944BHST-UTY
https://www.nike.com/t/kansas-city-royals-cooperstown-wordmark-mens-t-shirt-0S08hW/N1994EWKCA-0B5
https://www.nike.com/t/vladimir-guerrero-montreal-expos-fuse-cooperstown-mens-t-shirt-orpo8pRm/N1994EWQTZ-QN7
https://www.nike.com/t/tampa-bay-rays-2-hit-mens-t-shirt-gevz8Sns/N1994EYTPA-9UX
https://www.nike.com/t/chicago-white-sox-club-mens-adjustable-hat-01nFrv/NB0100ARX-HBX
https://www.nike.com/t/milwaukee-brewers-club-mens-adjustable-hat-01DThm/NB0144BMZB-HBX
https://www.nike.com/t/boston-red-sox-pro-mens-dri-fit-adjustable-hat-1d8N7f/NB090FNYBQ-B77
https://www.nike.com/t/milwaukee-brewers-pro-mens-dri-fit-adjustable-hat-jp2tXf/NB1310MIMZB-8KY
https://www.nike.com/t/boston-red-sox-rise-mens-dri-fit-adjustable-hat-Ll7d5h/NB462FJBQ-HUA
https://www.nike.com/t/new-york-yankees-rise-mens-dri-fit-adjustable-hat-BlKvw8/NB462FJNK-HUA
https://www.nike.com/t/chicago-cubs-club-mens-adjustable-hat-SSRw6XIc/NB470FNZEJ-CHS
https://www.nike.com/t/san-francisco-giants-club-mens-adjustable-hat-hEKvYXZ7/NB470FNZGIA-CHS
https://www.nike.com/t/houston-astros-club-mens-adjustable-hat-q8cJ0HRj/NB470FNZHUS-CHS
https://www.nike.com/t/miami-marlins-local-legend-mens-dri-fit-t-shirt-dD5VZP/NKGK44IMQM-WWX
https://www.nike.com/t/atlanta-braves-local-legend-mens-dri-fit-t-shirt-3nmPsF/NKGK62QAW-WWX
https://www.nike.com/t/texas-rangers-local-legend-mens-dri-fit-t-shirt-PuxYQIxH/NKGK62QTER-WWX
https://www.nike.com/t/arizona-diamondbacks-velocity-mens-dri-fit-t-shirt-YWdgFXKQ/NKPQ00ADQS-3UD
https://www.nike.com/t/san-diego-padres-velocity-mens-dri-fit-t-shirt-X525PW/NKPQ20QPYP-3UD
https://www.nike.com/t/atlanta-braves-velocity-mens-dri-fit-t-shirt-DQf7G5/NKPQ44BAW-3UD
https://www.nike.com/t/los-angeles-dodgers-velocity-mens-dri-fit-t-shirt-xRLjNG/NKPQ4EWLD-3UD
https://www.nike.com/t/texas-rangers-velocity-mens-dri-fit-t-shirt-b8GmFJ/NKPQ4EWTER-3UD
https://www.nike.com/t/nikecourt-advantage-mens-tennis-top-4NfzRf/FZ9845-677
https://www.nike.com/t/nikecourt-advantage-mens-tennis-top-4NfzRf/FZ9845-478
https://www.nike.com/t/swim-womens-layered-tankini-extended-sizing-AdAjPqL0/NESSF341-440
https://www.nike.com/t/swim-womens-layered-tankini-extended-sizing-AdAjPqL0/NESSF341-001
https://www.nike.com/t/swim-essential-womens-scoop-neck-tankini-ext-GoouhQ8A/NESSF342-440
https://www.nike.com/t/swim-essential-womens-scoop-neck-tankini-ext-GoouhQ8A/NESSF342-001
https://www.nike.com/t/lsu-tigers-baseball-logo-menst-shirt-Dh4zzF/N19910ALSN-VM7
https://www.nike.com/t/lsu-tigers-primetime-logo-menst-shirt-Dh4zzF/N19910ALSN-PTF
https://www.nike.com/t/lsu-tigers-legend-baseball-icon-mens-dri-fitt-shirt-o4VbP7OT/NKGK15ALSN-W6G
https://www.nike.com/t/north-carolina-tar-heels-legend-baseball-icon-mens-dri-fitt-shirt-jrDFQTvF/NKGK15ANCN-W6G
https://www.nike.com/t/georgia-bulldogs-legend-baseball-icon-mens-dri-fitt-shirt-VG2MeSuM/NKGK15ANGB-W6G
https://www.nike.com/t/oklahoma-sooners-legend-baseball-icon-mens-dri-fitt-shirt-QppRKjqh/NKGK15AOKN-W6G
https://www.nike.com/t/florida-gators-legend-baseball-icon-mens-dri-fitt-shirt-tXIXkC5P/NKGK15AUFN-W6G
https://www.nike.com/t/oklahoma-sooners-legend-baseball-icon-mens-dri-fitt-shirt-RkOK8baS/NKGK69WOKN-W6G
https://www.nike.com/t/alabama-crimson-tide-velocity-baseball-wordmark-stack-mens-dri-fitt-shirt-AghSc7bM/NKPQ10AABN-XRD
https://www.nike.com/t/florida-state-seminoles-velocity-baseball-wordmark-stack-mens-dri-fitt-shirt-XmNUIMZV/NKPQ10AFTN-XRD
https://www.nike.com/t/north-carolina-tar-heels-velocity-baseball-wordmark-stack-mens-dri-fitt-shirt-uJEAJA0J/NKPQ10ANCN-XRD
https://www.nike.com/t/georgia-bulldogs-velocity-baseball-wordmark-stack-mens-dri-fitt-shirt-awYGy48C/NKPQ10ANGB-XRD
https://www.nike.com/t/tennessee-volunteers-velocity-baseball-wordmark-stack-mens-dri-fitt-shirt-a1jIT903/NKPQ10AUTN-XRD
https://www.nike.com/t/alabama-crimson-tide-velocity-baseball-wordmark-stack-mens-dri-fitt-shirt-UaCHsEuN/NKPQ69WABN-XRD
https://www.nike.com/t/michigan-state-spartans-legacy-football-icon-menst-shirt-F2Dg2v/CLF24GTN199AX3-MSU
https://www.nike.com/t/florida-gators-menslimited-baseball-jersey-gaTw4zHN/UNBB0CPTUFN-0YS
https://www.nike.com/t/florida-gators-menslimited-baseball-jersey-D6X327N4/UNBB0D9ZUFN-0YS
https://www.nike.com/t/arizona-wildcats-menslimited-baseball-jersey-qfWLUSYW/UNBB0DACUAN-0YS
https://www.nike.com/t/lsu-tigers-menslimited-baseball-jersey-nvgwhO4Z/UNBB0DUNLSN-0YS
https://www.nike.com/t/kentucky-wildcats-menslimited-baseball-jersey-5MBASrAx/UNBB0DUONKY-0YS
https://www.nike.com/t/alabama-crimson-tide-menslimited-baseball-jersey-IYqPIxBq/UNBB0DUXABN-0YS
https://www.nike.com/t/tennessee-volunteers-menslimited-baseball-jersey-74tHn1uy/UNBB0DV5UTN-0YS
https://www.nike.com/t/tennessee-volunteers-menslimited-baseball-jersey-xMZuIau6/UNBB0DV7UTN-0YS
https://www.nike.com/t/michigan-state-spartans-menslimited-baseball-jersey-x0Zduq8k/UNBB0DVLMST-0YS
https://www.nike.com/t/michigan-state-spartans-menslimited-baseball-jersey-jQwYQakJ/UNBB0DVMMST-0YS
https://www.nike.com/t/west-virginia-mountaineers-menslimited-baseball-jersey-OcfFkmvh/UNBB0DWYWVN-0YS
https://www.nike.com/t/jordan-jumpman-tote-38l-RkOdZET0/UA9024-023
https://www.nike.com/t/jordan-jumpman-tote-38l-RkOdZET0/UA9024-782
https://www.nike.com/t/tennessee-volunteers-vapor-mens-dri-fitpolo-pPTFOWhl/00HT0C34UTN-B3F
https://www.nike.com/t/pittsburgh-pirates-authentic-collection-dugout-mens-full-zip-bomber-jacket-KzR3nf/02F30C7FPTB-TZ7
https://www.nike.com/t/cleveland-guardians-authentic-collection-dugout-mens-full-zip-bomber-jacket-r05dwh/02F30C7IGUA-TZ7
https://www.nike.com/t/minnesota-twins-authentic-collection-dugout-mens-full-zip-bomber-jacket-XVnLL5/02F30C7ITIS-TZ7
https://www.nike.com/t/new-york-yankees-authentic-collection-dugout-mens-full-zip-bomber-jacket-74z0Rm/02F30CKUNK-TZ7
https://www.nike.com/t/cincinnati-reds-authentic-collection-dugout-mens-full-zip-bomber-jacket-ldm7Cc/02F311F6RED-TZ7
https://www.nike.com/t/philadelphia-phillies-authentic-collection-dugout-mens-full-zip-bomber-jacket-WtjQT9/02F311G8PP-TZ7
https://www.nike.com/t/rome-odunze-chicago-bears-mens-dri-fit-2mjrv7/31NMCCLH7QF-YZ4
https://www.nike.com/t/caleb-williams-chicago-bears-mens-dri-fit-2mjrv7/31NMCCLH7QF-YZ3
https://www.nike.com/t/club-golf-hat-kDQg3m/C16720WM25H-BLK
https://www.nike.com/t/club-golf-hat-kDQg3m/C16720WM25H-WHT
https://www.nike.com/t/united-jr-phantom-luna-2-academy-big-kids-tf-high-top-soccer-shoes-wssVkg/HF1581-500
https://www.nike.com/t/united-jr-phantom-luna-2-academy-big-kids-fg-high-top-soccer-cleats-Q6xpZv/HF1582-500
https://www.nike.com/t/united-jr-mercurial-vapor-16-academy-big-kids-mg-low-top-soccer-cleats-CXQpHt/HF1588-500
https://www.nike.com/t/sportswear-max90-t-shirt-pk6v3q/HJ0616-010
https://www.nike.com/t/sportswear-max90-t-shirt-pk6v3q/HJ0616-478
https://www.nike.com/t/academy-mens-dri-fit-soccer-pants-RHs9vq/HJ3776-025
https://www.nike.com/t/academy-mens-dri-fit-soccer-pants-RHs9vq/HJ3776-010
https://www.nike.com/t/academy-mens-dri-fit-soccer-pants-RHs9vq/HJ3776-492
https://www.nike.com/t/mens-dri-fit-golf-t-shirt-d68OBaJ2/M11843WM25-BLK
https://www.nike.com/t/mens-dri-fit-golf-t-shirt-d68OBaJ2/M11843WM25-DKH
https://www.nike.com/t/mens-dri-fit-golf-long-sleeve-t-shirt-kvKJ6h0g/M12844WM25-BLK
https://www.nike.com/t/mens-dri-fit-golf-long-sleeve-t-shirt-kvKJ6h0g/M12844WM25-DKH
https://www.nike.com/t/club-mens-golf-fleece-pullover-hoodie-N7zWf7ig/M31777WM25-BLK
https://www.nike.com/t/pro-big-kids-boys-hyperstrong-football-top-2cFWRL/N1013490-031
https://www.nike.com/t/texas-longhorns-baseball-logo-menst-shirt-jFgm9j/N19910ATXE-VM7
https://www.nike.com/t/texas-longhorns-primetime-logo-menst-shirt-jFgm9j/N19910ATXE-PTF
https://www.nike.com/t/florida-gators-baseball-logo-menst-shirt-JspkRf/N19910AUFN-VM7
https://www.nike.com/t/florida-gators-primetime-logo-menst-shirt-JspkRf/N19910AUFN-2KX
https://www.nike.com/t/florida-gators-baseball-logo-menst-shirt-hA1JKUOl/N1994EVUFN-VM7
https://www.nike.com/t/atlanta-braves-cooperstown-retro-mens-t-shirt-zQtPmM/N1994EWATB-CUE
https://www.nike.com/t/texas-rangers-cooperstown-retro-mens-t-shirt-3DVb4T/N1994EWT86-CUE
https://www.nike.com/t/clemson-tigers-baseball-logo-menst-shirt-cLnrDm/N19952MCLN-VM7
https://www.nike.com/t/clemson-tigers-menst-shirt-cLnrDm/N19952MCLN-8V3
https://www.nike.com/t/clemson-tigers-primetime-wordmark-menst-shirt-cLnrDm/N19952MCLN-UY7
https://www.nike.com/t/florida-gators-baseball-logo-menst-shirt-2BrWV3/N19989MUFN-VM7
https://www.nike.com/t/florida-gators-mens-jordant-shirt-2BrWV3/N19989MUFN-BCV
https://www.nike.com/t/colorado-rockies-club-mens-adjustable-hat-Cdt4J3/NB0100ADNV-HBX
https://www.nike.com/t/arizona-diamondbacks-club-mens-adjustable-hat-GVr0lt/NB0100ADQS-HBX
https://www.nike.com/t/san-francisco-giants-club-mens-adjustable-hat-z8FDSp/NB0100AGIA-HBX
https://www.nike.com/t/miami-marlins-club-mens-adjustable-hat-SjgkL9/NB0100AMQM-HBX
https://www.nike.com/t/pittsburgh-pirates-club-mens-adjustable-hat-Cmj4C3/NB0100APTB-HBX
https://www.nike.com/t/san-diego-padres-club-mens-adjustable-hat-NJvXz3/NB0120QPYP-HBX
https://www.nike.com/t/athletics-club-mens-adjustable-hat-rFWXFx/NB013EYFZ-HBX
https://www.nike.com/t/chicago-cubs-club-mens-adjustable-hat-65f3g0/NB014EUEJ-HBX
https://www.nike.com/t/los-angeles-dodgers-club-mens-adjustable-hat-JFvnC8/NB014EULD-HBX
https://www.nike.com/t/kansas-city-royals-club-mens-adjustable-hat-k9PpmC/NB014EWROY-HBX
https://www.nike.com/t/texas-rangers-club-mens-adjustable-hat-krdvwP/NB014EWTER-HBX
https://www.nike.com/t/detroit-tigers-club-mens-adjustable-hat-tlfR7K/NB014FADG-HBX
https://www.nike.com/t/seattle-mariners-club-mens-adjustable-hat-9Dp8Q7/NB014FAMVR-HBX
https://www.nike.com/t/los-angeles-angels-club-mens-adjustable-hat-d5Qd51/NB016DLANG-HBX
https://www.nike.com/t/cincinnati-reds-club-mens-adjustable-hat-bpFDfd/NB016DLRED-HBX
https://www.nike.com/t/detroit-tigers-pro-mens-dri-fit-adjustable-hat-5Hcq8Z/NB090FNYDG-B77
https://www.nike.com/t/chicago-cubs-pro-mens-dri-fit-adjustable-hat-K3DcMb/NB090FNYEJ-B77
https://www.nike.com/t/san-francisco-giants-pro-mens-dri-fit-adjustable-hat-BnKrST/NB090FNYGIA-B77
https://www.nike.com/t/houston-astros-pro-mens-dri-fit-adjustable-hat-NGBPBZ/NB090FNYHUS-B77
https://www.nike.com/t/los-angeles-dodgers-pro-mens-dri-fit-adjustable-hat-wb8dLr/NB090FNYLD-B77
https://www.nike.com/t/seattle-mariners-pro-mens-dri-fit-adjustable-hat-nq9ZWH/NB090FNYMVR-B77
https://www.nike.com/t/new-york-yankees-pro-mens-dri-fit-adjustable-hat-TpX0Tf/NB090FNYNK-B77
https://www.nike.com/t/san-diego-padres-pro-mens-dri-fit-adjustable-hat-kd4PmZ/NB090FNYPYP-B77
https://www.nike.com/t/athletics-pro-mens-dri-fit-adjustable-hat-c12fW0/NB13023NFZ-8KY
https://www.nike.com/t/san-diego-padres-pro-mens-dri-fit-adjustable-hat-8c18mz/NB13917ZPYP-8KY
https://www.nike.com/t/los-angeles-angels-rise-mens-dri-fit-adjustable-hat-NZbB0m/NB462FJANG-HUA
https://www.nike.com/t/detroit-tigers-rise-mens-dri-fit-adjustable-hat-pJ0zcX/NB462FJDG-HUA
https://www.nike.com/t/colorado-rockies-rise-mens-dri-fit-adjustable-hat-P7VKgk/NB462FJDNV-HUA
https://www.nike.com/t/arizona-diamondbacks-rise-mens-dri-fit-adjustable-hat-xrn8x0/NB462FJDQS-HUA
https://www.nike.com/t/chicago-cubs-rise-mens-dri-fit-adjustable-hat-9LjvhR/NB462FJEJ-HUA
https://www.nike.com/t/athletics-rise-mens-dri-fit-adjustable-hat-K0zTDQ/NB462FJFZ-HUA
https://www.nike.com/t/san-francisco-giants-rise-mens-dri-fit-adjustable-hat-sZ9sPc/NB462FJGIA-HUA
https://www.nike.com/t/houston-astros-rise-mens-dri-fit-adjustable-hat-gw6Dlj/NB462FJHUS-HUA
https://www.nike.com/t/los-angeles-dodgers-rise-mens-dri-fit-adjustable-hat-krWpWX/NB462FJLD-HUA
https://www.nike.com/t/seattle-mariners-rise-mens-dri-fit-adjustable-hat-zSqmtw/NB462FJMVR-HUA
https://www.nike.com/t/milwaukee-brewers-rise-mens-dri-fit-adjustable-hat-H6GPNM/NB462FJMZB-HUA
https://www.nike.com/t/pittsburgh-pirates-rise-mens-dri-fit-adjustable-hat-VrxMQP/NB462FJPTB-HUA
https://www.nike.com/t/san-diego-padres-rise-mens-dri-fit-adjustable-hat-fFZhL6/NB462FJPYP-HUA
https://www.nike.com/t/cincinnati-reds-rise-mens-dri-fit-adjustable-hat-SWTGpK/NB462FJRED-HUA
https://www.nike.com/t/kansas-city-royals-rise-mens-dri-fit-adjustable-hat-xQK8mF/NB462FJROY-HUA
https://www.nike.com/t/chicago-white-sox-rise-mens-dri-fit-adjustable-hat-r72gfL/NB462FJRX-HUA
https://www.nike.com/t/st-louis-cardinals-rise-mens-dri-fit-adjustable-hat-0S2fJd/NB462FJSCN-HUA
https://www.nike.com/t/toronto-blue-jays-rise-mens-dri-fit-adjustable-hat-bGdHnl/NB462FJTOR-HUA
https://www.nike.com/t/alabama-crimson-tide-legend-baseball-icon-mens-dri-fitt-shirt-8bk0gNE0/NKGK15AABN-W6G
https://www.nike.com/t/florida-state-seminoles-legend-baseball-icon-mens-dri-fitt-shirt-LKfkdpWo/NKGK15AFTN-W6G
https://www.nike.com/t/tennessee-volunteers-legend-baseball-icon-mens-dri-fitt-shirt-krtynsWy/NKGK15AUTN-W6G
https://www.nike.com/t/lsu-tigers-legend-baseball-icon-mens-dri-fitt-shirt-8RI1wmYC/NKGK51LLSN-W6G
https://www.nike.com/t/tennessee-volunteers-legend-baseball-icon-mens-dri-fitt-shirt-adJNguPg/NKGK87FUTN-W6G
https://www.nike.com/t/lsu-tigers-velocity-baseball-wordmark-stack-mens-dri-fitt-shirt-09cQBRRe/NKPQ10ALSN-XRD
https://www.nike.com/t/texas-longhorns-velocity-baseball-wordmark-stack-mens-dri-fitt-shirt-tKrdgXqA/NKPQ10ATXE-XRD
https://www.nike.com/t/florida-gators-velocity-baseball-wordmark-stack-mens-dri-fitt-shirt-rF3nLwdF/NKPQ10AUFN-XRD
https://www.nike.com/t/florida-gators-velocity-baseball-wordmark-stack-mens-dri-fitt-shirt-AqHFWrIQ/NKPQ4EVUFN-XRD
https://www.nike.com/t/lsu-tigers-velocity-baseball-wordmark-stack-mens-dri-fitt-shirt-bcw3gxjJ/NKPQ51LLSN-XRD
https://www.nike.com/t/clemson-tigers-velocity-baseball-wordmark-stack-mens-dri-fitt-shirt-LMLFaoNK/NKPQ52MCLN-XRD
https://www.nike.com/t/georgia-bulldogs-velocity-baseball-wordmark-stack-mens-dri-fitt-shirt-58gqBDjO/NKPQ65NNGB-XRD
https://www.nike.com/t/florida-state-seminoles-velocity-baseball-wordmark-stack-mens-dri-fitt-shirt-TjlYW9EU/NKPQ69XFTN-XRD
https://www.nike.com/t/texas-longhorns-velocity-baseball-wordmark-stack-mens-dri-fitt-shirt-saILC64Z/NKPQ81FTXE-XRD
https://www.nike.com/t/tennessee-volunteers-velocity-baseball-wordmark-stack-mens-dri-fitt-shirt-rr13Y7f0/NKPQ87FUTN-XRD
https://www.nike.com/t/baby-0-9m-striped-footed-coverall-MGznAydE/56M039-U90
https://www.nike.com/t/swim-hyper-flow-big-kids-goggles-LASDtd0u/NESSC167-576
https://www.nike.com/t/swim-hyper-flow-big-kids-goggles-LASDtd0u/NESSC167-965
https://www.nike.com/t/swim-big-kids-silicone-cap-uFHq3WJN/NESSF120-678
https://www.nike.com/t/swim-big-kids-silicone-cap-uFHq3WJN/NESSF120-576
https://www.nike.com/t/swim-big-kids-girls-asymmetrical-monokini-LkSx3nRp/NESSF734-001
https://www.nike.com/t/swim-big-kids-girls-asymmetrical-monokini-LkSx3nRp/NESSF734-678
https://www.nike.com/t/jordan-flight-mvp-mens-printed-t-shirt-8tqVqv/HJ2332-045
https://www.nike.com/t/jordan-flight-mvp-mens-printed-t-shirt-8tqVqv/HJ2332-133
https://www.nike.com/t/jordan-flight-mvp-mens-printed-t-shirt-8tqVqv/HJ2332-519
https://www.nike.com/t/maverick-valor-sunglasses-yEuaUsBq/IF0963X-011
https://www.nike.com/t/maverick-valor-sunglasses-yEuaUsBq/IF0963X-010
https://www.nike.com/t/maverick-valor-polarized-sunglasses-2sJHJqw4/IF0968X-900
https://www.nike.com/t/maverick-valor-course-tint-sunglasses-1TrBw8KB/IF0969X-021
https://www.nike.com/t/echo-shield-2-sunglasses-YQJ4YdFW/IF0986X-010
https://www.nike.com/t/echo-shield-2-sunglasses-YQJ4YdFW/IF0986X-015
https://www.nike.com/t/echo-shield-2-sunglasses-YQJ4YdFW/IF0986X-021
https://www.nike.com/t/echo-shield-2-sunglasses-YQJ4YdFW/IF0986X-500
https://www.nike.com/t/electric-daze-sunglasses-1qizp2NC/IF1009X-010
https://www.nike.com/t/electric-daze-sunglasses-1qizp2NC/IF1009X-400
https://www.nike.com/t/electric-daze-sunglasses-1qizp2NC/IF1009X-700
https://www.nike.com/t/electric-drip-sunglasses-PyW4EvrW/IF1011X-010
https://www.nike.com/t/electric-drip-sunglasses-PyW4EvrW/IF1011X-700
https://www.nike.com/t/electric-drip-sunglasses-PyW4EvrW/IF1011X-800
https://www.nike.com/t/zeus-rise-road-tint-sunglasses-mXLFWOIq/IF1113X-084
https://www.nike.com/t/zeus-rise-road-tint-sunglasses-mXLFWOIq/IF1113X-900
https://www.nike.com/t/zeus-rise-sunglasses-i5zvfeAM/IF1120X-010
https://www.nike.com/t/zeus-rise-sunglasses-i5zvfeAM/IF1120X-492
https://www.nike.com/t/zeus-rise-sunglasses-i5zvfeAM/IF1120X-355
https://www.nike.com/t/tide-solar-sunglasses-1Jz49iqh/IB3682X-009
https://www.nike.com/t/tide-solar-sunglasses-1Jz49iqh/IB3682X-010
https://www.nike.com/t/tide-solar-sunglasses-1Jz49iqh/IB3682X-338
https://www.nike.com/t/tide-solar-sunglasses-1Jz49iqh/IB3682X-538
https://www.nike.com/t/pursuit-flair-sunglasses-0acjx94h/IB3683X-010
https://www.nike.com/t/pursuit-flair-sunglasses-0acjx94h/IB3683X-600
https://www.nike.com/t/pursuit-flair-sunglasses-0acjx94h/IB3683X-946
https://www.nike.com/t/pursuit-flair-sunglasses-0acjx94h/IB3683X-711
https://www.nike.com/t/athena-edge-sunglasses-elAmNYA4/IB3517X-010
https://www.nike.com/t/athena-edge-sunglasses-elAmNYA4/IB3517X-011
https://www.nike.com/t/athena-edge-sunglasses-elAmNYA4/IB3517X-012
https://www.nike.com/t/athena-edge-sunglasses-elAmNYA4/IB3517X-412
https://www.nike.com/t/tide-cosmic-sunglasses-lXevvlVi/IB3681X-009
https://www.nike.com/t/tide-cosmic-sunglasses-lXevvlVi/IB3681X-010
https://www.nike.com/t/tide-cosmic-sunglasses-lXevvlVi/IB3681X-300
https://www.nike.com/t/tide-cosmic-sunglasses-lXevvlVi/IB3681X-783
https://www.nike.com/t/athletics-authentic-collection-dugout-mens-full-zip-bomber-jacket-QXVW01/02F30C7GFZ-TZ7
https://www.nike.com/t/los-angeles-dodgers-authentic-collection-dugout-mens-full-zip-bomber-jacket-WFgTsb/02F30C7KLD-TZ7
https://www.nike.com/t/kansas-city-royals-authentic-collection-dugout-mens-full-zip-bomber-jacket-dFv6nd/02F30C7LROY-TZ7
https://www.nike.com/t/arizona-diamondbacks-authentic-collection-dugout-mens-full-zip-bomber-jacket-nPTh5c/02F30C7NDQS-TZ7
https://www.nike.com/t/los-angeles-angels-authentic-collection-dugout-mens-full-zip-bomber-jacket-9dFtsK/02F311B5ANG-TZ7
https://www.nike.com/t/pittsburgh-pirates-authentic-collection-city-connect-velocity-womens-dri-fit-t-shirt-AB0hjYdp/03EY79QPTB-2UL
https://www.nike.com/t/swim-silicone-cap-e8Al9imm/NESS9159-040
https://www.nike.com/t/duke-blue-devils-military-appreciation-team-issue-mens-dri-fitt-shirt-9u1emM2z/02ET2DHDU-AH5
https://www.nike.com/t/iowa-hawkeyes-military-appreciation-team-issue-mens-dri-fitt-shirt-IPpTfusM/02ET2DHIA-AH5
https://www.nike.com/t/michigan-state-spartans-military-appreciation-team-issue-mens-dri-fitt-shirt-hTBsCh6F/02ET2DHMST-AH5
https://www.nike.com/t/kentucky-wildcats-military-appreciation-team-issue-mens-dri-fitt-shirt-3C6YAjQT/02ET2DHNKY-AH5
https://www.nike.com/t/west-virginia-mountaineers-military-appreciation-mens-dri-fitlong-sleeve-hooded-top-XpcIEDcm/02G900AWVN-51N
https://www.nike.com/t/arizona-wildcats-military-appreciation-club-menspullover-hoodie-nrrv0I6J/02GC09SFUAN-2QZ
https://www.nike.com/t/kansas-city-chiefs-super-bowl-lix-opening-night-tech-fleece-mens-1-2-zip-top-vQY3xIqS/033Y01X7GX-6Q7
https://www.nike.com/t/kansas-city-chiefs-super-bowl-lix-opening-night-tech-fleece-mens-pullover-crew-y9ojzgYh/034001X7GX-6Q7
https://www.nike.com/t/kansas-city-chiefs-super-bowl-lix-opening-night-tech-fleece-womens-full-zip-hoodie-cape-FctuA89i/034101X7GX-6Q7
https://www.nike.com/t/michigan-wolverines-military-appreciation-team-issue-mens-jordan-brand-dri-fitt-shirt-25OsKy4i/0JET2DHMWN-AH5
https://www.nike.com/t/oklahoma-sooners-military-appreciation-team-issue-mens-jordan-brand-dri-fitt-shirt-06Iu2xWR/0JET2DHOKN-AH5
https://www.nike.com/t/nikecourt-lite-4-mens-hard-court-tennis-shoes-gwPPWg/HF7832-200
https://www.nike.com/t/acg-orb-weaver-dri-fit-adv-uv-long-sleeve-shirt-FXhDVH/HJ2465-009
https://www.nike.com/t/acg-orb-weaver-dri-fit-adv-uv-long-sleeve-shirt-FXhDVH/HJ2465-297
https://www.nike.com/t/jordan-flight-lanyard-dtqTfN/J1011445-210
https://www.nike.com/t/jordan-flight-lanyard-dtqTfN/J1011445-061
https://www.nike.com/t/jordan-flight-lanyard-dtqTfN/J1011445-212
https://www.nike.com/t/jordan-flight-lanyard-dtqTfN/J1011445-662
https://www.nike.com/t/alpha-elite-2-football-lip-protector-mouth-guard-mphZ98/N1010725-098
https://www.nike.com/t/alpha-elite-2-football-lip-protector-mouth-guard-mphZ98/N1010725-096
https://www.nike.com/t/alpha-2-football-one-piece-lip-protecting-mouthguard-8ZW09h/N1012127-010
https://www.nike.com/t/alpha-2-football-one-piece-lip-protecting-mouthguard-8ZW09h/N1012127-101
https://www.nike.com/t/alpha-2-football-lip-protecting-mouthguard-jm6SSB/N1012128-010
https://www.nike.com/t/alpha-2-football-lip-protecting-mouthguard-jm6SSB/N1012128-101
https://www.nike.com/t/acg-towel-c9xRhT/N1013206-012
https://www.nike.com/t/swoosh-motion-baby-2-piece-set-irWOLkEz/06M700-AB6
https://www.nike.com/t/swoosh-motion-baby-2-piece-set-irWOLkEz/06M700-C60
https://www.nike.com/t/swoosh-motion-baby-2-piece-set-irWOLkEz/06M700-P6I
https://www.nike.com/t/swoosh-motion-baby-2-piece-set-1uFFwt5g/16M700-AB6
https://www.nike.com/t/swoosh-motion-baby-2-piece-set-1uFFwt5g/16M700-C60
https://www.nike.com/t/swoosh-motion-baby-2-piece-set-1uFFwt5g/16M700-P6I
https://www.nike.com/t/swoosh-motion-toddler-2-piece-set-1uFFwt5g/26M700-AB6
https://www.nike.com/t/swoosh-motion-toddler-2-piece-set-1uFFwt5g/26M700-C60
https://www.nike.com/t/swoosh-motion-toddler-2-piece-set-1uFFwt5g/26M700-P6I
https://www.nike.com/t/swoosh-motion-little-kids-2-piece-set-1uFFwt5g/36M700-AB6
https://www.nike.com/t/swoosh-motion-little-kids-2-piece-set-1uFFwt5g/36M700-C60
https://www.nike.com/t/swoosh-motion-little-kids-2-piece-set-1uFFwt5g/36M700-P6I
https://www.nike.com/t/essentials-baby-0-9m-3-piece-striped-swooshfetti-set-3xpthF2A/56M800-AAR
https://www.nike.com/t/essentials-baby-0-9m-3-piece-striped-swooshfetti-set-3xpthF2A/56M800-BA2
https://www.nike.com/t/e1d1-baby-short-sleeve-bodysuit-and-pants-set-eaiSYrV5/66M657-UAV
https://www.nike.com/t/e1d1-baby-short-sleeve-bodysuit-and-pants-set-eaiSYrV5/66M657-GAK
https://www.nike.com/t/e1d1-baby-short-sleeve-bodysuit-and-pants-set-eaiSYrV5/66M657-P3R
https://www.nike.com/t/dri-fit-e1d1-baby-tracksuit-E7rxukml/66M659-UAV
https://www.nike.com/t/dri-fit-e1d1-baby-tracksuit-E7rxukml/66M659-P3R
https://www.nike.com/t/dri-fit-baby-2-piece-track-set-9intdOiN/66M669-U6B
https://www.nike.com/t/dri-fit-baby-2-piece-track-set-9intdOiN/66M669-A9Y
https://www.nike.com/t/dri-fit-e1d1-toddler-tracksuit-E7rxukml/76M659-UAV
https://www.nike.com/t/dri-fit-e1d1-toddler-tracksuit-E7rxukml/26M659-P3R
https://www.nike.com/t/dri-fit-toddler-2-piece-track-set-9intdOiN/76M669-U6B
https://www.nike.com/t/sportswear-outside-the-lines-toddler-french-terry-crew-top-pU5RbZ2M/76M684-001
https://www.nike.com/t/toddler-kobe-t-shirt-bKDRAiny/76M852-023
https://www.nike.com/t/toddler-kobe-t-shirt-bKDRAiny/76M852-P51
https://www.nike.com/t/toddler-baseball-t-shirt-sPP7V0Zm/76M853-U10
https://www.nike.com/t/little-kids-kobe-t-shirt-bKDRAiny/86M852-023
https://www.nike.com/t/little-kids-kobe-t-shirt-bKDRAiny/86M852-P51
https://www.nike.com/t/jordan-festival-bag-ksdmdm/9A0631-001
https://www.nike.com/t/jordan-festival-bag-ksdmdm/9A0631-023
https://www.nike.com/t/jordan-festival-bag-ksdmdm/9A0631-R78
https://www.nike.com/t/jordan-rise-structured-metal-jumpman-hat-P1RW9w/HM5750-407
https://www.nike.com/t/jordan-rise-structured-metal-jumpman-hat-P1RW9w/HM5750-010
https://www.nike.com/t/jordan-rise-structured-metal-jumpman-hat-P1RW9w/HM5750-100
https://www.nike.com/t/jordan-lny-womens-cardigan-BF8j9R/HQ6074-394
https://www.nike.com/t/247-impossiblysoft-womens-dri-fit-mid-rise-joggers-QJ5xVW/HQ8184-233
https://www.nike.com/t/247-impossiblysoft-womens-dri-fit-mid-rise-joggers-QJ5xVW/HQ8184-010
https://www.nike.com/t/247-impossiblysoft-womens-dri-fit-mid-rise-joggers-QJ5xVW/HQ8184-104
https://www.nike.com/t/reactx-rejuven8-womens-shoes-b0L9JQ/HV5062-100
https://www.nike.com/t/reactx-rejuven8-womens-shoes-b0L9JQ/HV5062-400
https://www.nike.com/t/reactx-rejuven8-womens-shoes-b0L9JQ/HV5062-600
https://www.nike.com/t/reactx-rejuven8-womens-shoes-b0L9JQ/HV5062-001
https://www.nike.com/u/custom-nike-air-max-97-shoes-by-you-10002070/5769113129
https://www.nike.com/t/swim-silicone-cap-1hF8PiGS/NESSF123-001
https://www.nike.com/t/swim-silicone-cap-1hF8PiGS/NESSF123-100
https://www.nike.com/t/swim-silicone-cap-1hF8PiGS/NESSF123-440
https://www.nike.com/t/jayden-daniels-washington-commanders-mens-WSbH3l/67NMWSGR9EF-NZ5
https://www.nike.com/t/clogposite-mens-shoes-XMlc16/HF2900-001
https://www.nike.com/t/clogposite-mens-shoes-XMlc16/HF2900-300
https://www.nike.com/t/paris-saint-germain-strike-elite-fourth-mens-jordan-dri-fit-adv-soccer-knit-drill-top-HSSFdd/HJ1828-660
https://www.nike.com/t/paris-saint-germain-strike-elite-fourth-mens-jordan-dri-fit-adv-soccer-knit-pants-qm5L1w/HJ1882-492
https://www.nike.com/t/paris-saint-germain-strike-fourth-mens-jordan-dri-fit-soccer-knit-shorts-Rbcq9r/HJ1981-492
https://www.nike.com/t/paris-saint-germain-strike-fourth-mens-jordan-dri-fit-soccer-knit-pants-7Nz1Rl/HJ1994-492
https://www.nike.com/t/paris-saint-germain-strike-fourth-mens-jordan-dri-fit-soccer-knit-tracksuit-ZvSkGP/HJ2168-660
https://www.nike.com/t/paris-saint-germain-strike-fourth-womens-jordan-dri-fit-soccer-knit-pants-CkbG49/HJ2200-492
https://www.nike.com/t/paris-saint-germain-academy-pro-fourth-mens-jordan-dri-fit-soccer-short-sleeve-pre-match-top-vrXWMb/HJ2987-030
https://www.nike.com/t/paris-saint-germain-academy-pro-fourth-mens-jordan-dri-fit-soccer-short-sleeve-pre-match-top-vrXWMb/HJ2987-455
https://www.nike.com/t/paris-saint-germain-academy-pro-fourth-mens-jordan-dri-fit-soccer-short-sleeve-pre-match-top-vrXWMb/HJ2987-659
https://www.nike.com/t/paris-saint-germain-academy-pro-fourth-womens-jordan-dri-fit-soccer-short-sleeve-pre-match-top-RHskLs/HJ3194-455
https://www.nike.com/t/paris-saint-germain-strike-fourth-mens-jordan-dri-fit-soccer-knit-short-sleeve-top-mKwDSt/HJ3389-660
https://www.nike.com/t/paris-saint-germain-strike-fourth-big-kids-jordan-soccer-knit-drill-top-FCkWtz/HJ3508-660
https://www.nike.com/t/paris-saint-germain-strike-fourth-big-kids-jordan-dri-fit-soccer-knit-shorts-qRkgPk/HJ3513-492
https://www.nike.com/t/paris-saint-germain-strike-fourth-big-kids-jordan-dri-fit-soccer-knit-pants-Z1DHK4/HJ3653-492
https://www.nike.com/t/paris-saint-germain-strike-fourth-big-kids-jordan-dri-fit-soccer-knit-tracksuit-TqcbBd/HJ3666-660
https://www.nike.com/t/paris-saint-germain-strike-fourth-little-kids-jordan-dri-fit-soccer-knit-tracksuit-zhPFdH/HJ3696-660
https://www.nike.com/t/paris-saint-germain-strike-fourth-baby-toddler-jordan-dri-fit-soccer-knit-tracksuit-RBfCS5/HJ3697-660
https://www.nike.com/t/paris-saint-germain-academy-pro-fourth-big-kids-jordan-dri-fit-soccer-short-sleeve-pre-match-top-KB0B8B/HJ3702-455
https://www.nike.com/t/paris-saint-germain-supporter-womens-soccer-t-shirt-29hNrB/HQ0777-410
https://www.nike.com/t/dragoy-2-track-field-distance-spikes-03rvtN/HQ1855-400
https://www.nike.com/t/dragoy-2-track-field-distance-spikes-03rvtN/FD8413-102
https://www.nike.com/t/dragoy-2-track-field-distance-spikes-03rvtN/FD8413-600
https://www.nike.com/t/dragoy-2-track-field-distance-spikes-03rvtN/HQ2060-600
https://www.nike.com/t/jordan-brooklyn-womens-pants-2BTjH1/HF9465-231
https://www.nike.com/t/jordan-brooklyn-womens-pants-2BTjH1/HF9465-222
https://www.nike.com/t/jordan-brooklyn-womens-pants-2BTjH1/HF9465-010
https://www.nike.com/t/court-vision-womens-shoes-cKSttH/HF9552-100
https://www.nike.com/t/universa-womens-medium-support-high-waisted-7-8-leggings-with-pockets-tTQDxt/HQ6813-010
https://www.nike.com/t/universa-womens-medium-support-high-waisted-7-8-leggings-with-pockets-tTQDxt/HQ6813-233
https://www.nike.com/t/universa-womens-medium-support-high-waisted-7-8-leggings-with-pockets-tTQDxt/HQ6813-478
https://www.nike.com/t/universa-womens-medium-support-high-waisted-7-8-leggings-with-pockets-tTQDxt/HQ6813-657
https://www.nike.com/t/universa-womens-medium-support-high-waisted-7-8-leggings-with-pockets-tTQDxt/HQ6813-814
https://www.nike.com/t/jordan-mvp-mens-pullover-fleece-hoodie-k7fMQ2/HF9303-133
https://www.nike.com/t/jordan-mvp-mens-pullover-fleece-hoodie-k7fMQ2/HF9303-045
https://www.nike.com/t/jordan-mvp-mens-pullover-fleece-hoodie-k7fMQ2/HF9303-257
https://www.nike.com/t/tennessee-volunteers-primetime-logo-menst-shirt-GgZ0v0/N19910AUTN-PTF
https://www.nike.com/t/tennessee-volunteers-menst-shirt-GgZ0v0/N19910AUTN-8V3
https://www.nike.com/t/sportswear-club-big-kids-6-woven-shorts-klpMhx/HF8138-410
https://www.nike.com/t/sportswear-club-big-kids-6-woven-shorts-klpMhx/HF8138-010
https://www.nike.com/t/sportswear-club-big-kids-6-woven-shorts-klpMhx/HF8138-297
https://www.nike.com/t/kobe-big-kids-t-shirt-bKDRAiny/HM5667-010
https://www.nike.com/t/kobe-big-kids-t-shirt-bKDRAiny/HM5667-504
https://www.nike.com/t/swift-womens-dri-fit-uv-1-4-zip-running-top-plus-size-bPejmcSx/HQ0501-084
https://www.nike.com/t/swift-womens-dri-fit-uv-1-4-zip-running-top-plus-size-bPejmcSx/HQ0501-010
https://www.nike.com/t/nikecourt-advantage-womens-dri-fit-short-sleeve-tennis-top-kvZr3n/HQ2994-100
https://www.nike.com/t/nikecourt-advantage-womens-dri-fit-short-sleeve-tennis-top-kvZr3n/HQ2994-010
https://www.nike.com/t/nikecourt-advantage-womens-dri-fit-short-sleeve-tennis-top-kvZr3n/HQ2994-478
https://www.nike.com/t/247-impossiblysoft-womens-dri-fit-oversized-crew-neck-top-N92CKX/HQ8193-010
https://www.nike.com/t/247-impossiblysoft-womens-dri-fit-oversized-crew-neck-top-N92CKX/HQ8193-133
https://www.nike.com/launch/r/HQ1706-401
https://www.nike.com/t/cincinnati-bengals-rewind-club-logo-mens-pullover-hoodie-qd1ZJx/2KDK094N8XV-V7Q
https://www.nike.com/t/diamond-turf-93-td-football-shoes-qMQ9NS/HF5298-100
https://www.nike.com/t/liverpool-fc-strike-special-edition-big-kids-dri-fit-soccer-drill-top-jqQNfp/HJ3507-013
https://www.nike.com/t/liverpool-fc-strike-special-edition-big-kids-dri-fit-soccer-drill-top-jqQNfp/HJ3507-114
https://www.nike.com/t/247-impossiblysoft-womens-dri-fit-oversized-1-2-zip-top-BxwlWZ/HQ8188-104
https://www.nike.com/t/247-impossiblysoft-womens-dri-fit-oversized-1-2-zip-top-BxwlWZ/HQ8188-010
https://www.nike.com/t/247-impossiblysoft-womens-dri-fit-oversized-1-2-zip-top-BxwlWZ/HQ8188-233
https://www.nike.com/t/little-kids-tech-fleece-tee-and-shorts-set-h7OMOgtq/86M879-UU7
https://www.nike.com/t/little-kids-tech-fleece-tee-and-shorts-set-h7OMOgtq/86M879-023
https://www.nike.com/t/little-kids-tech-fleece-tee-and-shorts-set-h7OMOgtq/86M879-R1K
https://www.nike.com/t/one-duffel-bag-35l-QHpLrN/HV1197-010
https://www.nike.com/t/one-duffel-bag-35l-QHpLrN/HV1197-200
https://www.nike.com/t/lebron-all-court-8p-basketball-mVDWTB/N1003084-509
https://www.nike.com/t/jordan-1-retro-low-lny-baby-toddler-shoes-X7SjdxIg/HF3206-100
https://www.nike.com/t/air-jordan-1-retro-low-lny-big-kids-shoes-X7SjdxIg/HF3207-100
https://www.nike.com/t/jordan-1-retro-low-lny-little-kids-shoes-X7SjdxIg/HF3205-100
https://www.nike.com/t/air-jordan-1-retro-low-lny-mens-shoes-JcMPQx/HF3144-100
https://www.nike.com/t/arizona-diamondbacks-authentic-collection-velocity-womens-dri-fit-t-shirt-zICNZQZU/03EY00ADQS-WLZ
https://www.nike.com/t/san-francisco-giants-authentic-collection-velocity-womens-dri-fit-t-shirt-NA6mu9pQ/03EY00AGIA-WLZ
https://www.nike.com/t/los-angeles-dodgers-authentic-collection-velocity-womens-dri-fit-t-shirt-UoH02C4e/03EY00ALD-WLZ
https://www.nike.com/t/miami-marlins-authentic-collection-velocity-womens-dri-fit-t-shirt-3kyBWIPz/03EY00AMQM-WLZ
https://www.nike.com/t/baltimore-orioles-authentic-collection-city-connect-velocity-womens-dri-fit-t-shirt-vqIv9pQG/03EY00AOLE-2UL
https://www.nike.com/t/baltimore-orioles-authentic-collection-velocity-womens-dri-fit-t-shirt-vqIv9pQG/03EY00AOLE-WLZ
https://www.nike.com/t/pittsburgh-pirates-authentic-collection-velocity-womens-dri-fit-t-shirt-ZLKYQt49/03EY00APTB-WLZ
https://www.nike.com/t/cincinnati-reds-authentic-collection-city-connect-velocity-womens-dri-fit-t-shirt-f0aGmOsc/03EY00ARED-2UL
https://www.nike.com/t/chicago-white-sox-authentic-collection-velocity-womens-dri-fit-t-shirt-3pOUfT9C/03EY00ARX-WLZ
https://www.nike.com/t/tampa-bay-rays-authentic-collection-city-connect-velocity-womens-dri-fit-t-shirt-bxp4zMSN/03EY00ATPA-2UL
https://www.nike.com/t/atlanta-braves-authentic-collection-city-connect-velocity-womens-dri-fit-t-shirt-LbivIyNR/03EY10AAW-2UL
https://www.nike.com/t/los-angeles-dodgers-authentic-collection-city-connect-velocity-womens-dri-fit-t-shirt-w15FWW60/03EY11MLD-2UL
https://www.nike.com/t/los-angeles-angels-authentic-collection-city-connect-velocity-womens-dri-fit-t-shirt-lj9QQ3qs/03EY15AANG-2UL
https://www.nike.com/t/san-diego-padres-authentic-collection-velocity-womens-dri-fit-t-shirt-5lK9v0r2/03EY20QPYP-WLZ
https://www.nike.com/t/athletics-authentic-collection-velocity-womens-dri-fit-t-shirt-GVUk8rH2/03EY3EYFZ-WLZ
https://www.nike.com/t/atlanta-braves-authentic-collection-velocity-womens-dri-fit-t-shirt-7YAuvTRN/03EY44BAW-WLZ
https://www.nike.com/t/houston-astros-authentic-collection-velocity-womens-dri-fit-t-shirt-dPuTzYRV/03EY44BHUS-WLZ
https://www.nike.com/t/seattle-mariners-authentic-collection-velocity-womens-dri-fit-t-shirt-Vz5PceHX/03EY44BMVR-WLZ
https://www.nike.com/t/philadelphia-phillies-authentic-collection-city-connect-velocity-womens-dri-fit-t-shirt-lnAAkzkt/03EY44IPP-2UL
https://www.nike.com/t/los-angeles-dodgers-authentic-collection-velocity-womens-dri-fit-t-shirt-7HtysAEr/03EY47XLD-WLZ
https://www.nike.com/t/texas-rangers-authentic-collection-velocity-womens-dri-fit-t-shirt-REak3z0p/03EY47XTER-WLZ
https://www.nike.com/t/minnesota-twins-authentic-collection-city-connect-velocity-womens-dri-fit-t-shirt-uL0Dmlgy/03EY4EVTIS-2UL
https://www.nike.com/t/chicago-cubs-authentic-collection-velocity-womens-dri-fit-t-shirt-t9yA1WK8/03EY4EWEJ-WLZ
https://www.nike.com/t/seattle-mariners-authentic-collection-city-connect-velocity-womens-dri-fit-t-shirt-FcrvY96F/03EY4EWMVR-2UL
https://www.nike.com/t/kansas-city-royals-authentic-collection-velocity-womens-dri-fit-t-shirt-e8jQFiOB/03EY4EWROY-WLZ
https://www.nike.com/t/toronto-blue-jays-authentic-collection-velocity-womens-dri-fit-t-shirt-Zl5FxYdm/03EY4EWTOR-WLZ
https://www.nike.com/t/kansas-city-royals-authentic-collection-city-connect-velocity-womens-dri-fit-t-shirt-bMtUNgJU/03EY4EYROY-2UL
https://www.nike.com/t/detroit-tigers-authentic-collection-city-connect-velocity-womens-dri-fit-t-shirt-Y1FgyYoN/03EY4FADG-2UL
https://www.nike.com/t/detroit-tigers-authentic-collection-velocity-womens-dri-fit-t-shirt-Y1FgyYoN/03EY4FADG-WLZ
https://www.nike.com/t/cleveland-guardians-authentic-collection-velocity-womens-dri-fit-t-shirt-TQbxLjzb/03EY4FAGUA-WLZ
https://www.nike.com/t/new-york-yankees-authentic-collection-velocity-womens-dri-fit-t-shirt-9vDV3uh8/03EY4FANK-WLZ
https://www.nike.com/t/texas-rangers-authentic-collection-city-connect-velocity-womens-dri-fit-t-shirt-CMwKazQg/03EY4FATER-2UL
https://www.nike.com/t/toronto-blue-jays-authentic-collection-city-connect-velocity-womens-dri-fit-t-shirt-11563aSF/03EY4FATOR-2UL
https://www.nike.com/t/los-angeles-angels-authentic-collection-velocity-womens-dri-fit-t-shirt-4gaJbsK8/03EY62QANG-WLZ
https://www.nike.com/t/philadelphia-phillies-authentic-collection-velocity-womens-dri-fit-t-shirt-jCm21Dwv/03EY62QPP-WLZ
https://www.nike.com/t/cincinnati-reds-authentic-collection-velocity-womens-dri-fit-t-shirt-p1TUKckW/03EY62QRED-WLZ
https://www.nike.com/t/st-louis-cardinals-authentic-collection-city-connect-velocity-womens-dri-fit-t-shirt-W8TdfHKW/03EY62QSCN-2UL
https://www.nike.com/t/st-louis-cardinals-authentic-collection-velocity-womens-dri-fit-t-shirt-W8TdfHKW/03EY62QSCN-WLZ
https://www.nike.com/t/washington-nationals-authentic-collection-velocity-womens-dri-fit-t-shirt-l8Y4c7yV/03EY62QWTL-WLZ
https://www.nike.com/t/san-diego-padres-authentic-collection-city-connect-velocity-womens-dri-fit-t-shirt-bcfit8X9/03EY6CVPYP-2UL
https://www.nike.com/t/st-louis-cardinals-authentic-collection-womens-therma-pullover-hoodie-kCiDPYnq/22MN036NSCN-N80
https://www.nike.com/t/st-louis-cardinals-authentic-collection-city-connect-womens-therma-pullover-hoodie-kCiDPYnq/22MN036NSCN-XJK
https://www.nike.com/t/detroit-tigers-authentic-collection-city-connect-womens-therma-pullover-hoodie-LIxpZPEh/22MN09BTDG-XJK
https://www.nike.com/t/chicago-white-sox-authentic-collection-womens-therma-pullover-hoodie-DPIjRKGW/22MN12DARX-N80
https://www.nike.com/t/aj-brown-philadelphia-eagles-super-bowl-lix-mens-game-fashion-jersey-tGBzrnVQ/22NM00AF86-3G0
https://www.nike.com/t/jalen-hurts-philadelphia-eagles-super-bowl-lix-mens-game-fashion-jersey-tGBzrnVQ/22NM00AF86-LJ7
https://www.nike.com/t/saquon-barkley-philadelphia-eagles-super-bowl-lix-mens-game-fashion-jersey-tGBzrnVQ/22NM00AF86-Z9R
https://www.nike.com/t/travis-kelce-kansas-city-chiefs-super-bowl-lix-womens-game-fashion-jersey-cPT82XIH/22NW10AF7G-S15
https://www.nike.com/t/caleb-williams-chicago-bears-big-kids-RJCLZl/B7N1P90BRSWC-CHI
https://www.nike.com/t/puka-nacua-los-angeles-rams-big-kids-FsS4nr/B7N1P90RAMPN-LAR
https://www.nike.com/t/malik-nabers-new-york-giants-big-kids-dpDbwk/B7Z1P90NYGMN-NYG
https://www.nike.com/t/liverpool-fc-strike-special-edition-mens-soccer-knit-shorts-v52VgG/HJ1980-010
https://www.nike.com/t/club-mens-woven-tapered-pants-247zjn/HJ1997-297
https://www.nike.com/t/club-mens-woven-tapered-pants-247zjn/HJ1997-010
https://www.nike.com/t/club-mens-woven-tapered-pants-247zjn/HJ1997-222
https://www.nike.com/t/club-mens-woven-tapered-pants-247zjn/HJ1997-451
https://www.nike.com/t/247-impossiblysoft-mens-dri-fit-1-2-zip-top-s9Hx9b/HQ6953-010
https://www.nike.com/t/247-impossiblysoft-mens-dri-fit-1-2-zip-top-s9Hx9b/HQ6953-320
https://www.nike.com/t/247-impossiblysoft-mens-dri-fit-1-2-zip-top-s9Hx9b/HQ6953-289
https://www.nike.com/t/247-impossiblysoft-mens-dri-fit-1-2-zip-top-s9Hx9b/HQ6953-451
https://www.nike.com/t/247-impossiblysoft-mens-dri-fit-1-2-zip-top-s9Hx9b/HQ6953-455
https://www.nike.com/t/247-impossiblysoft-mens-dri-fit-crew-X6qnrK/HQ6964-010
https://www.nike.com/t/247-impossiblysoft-mens-dri-fit-crew-X6qnrK/HQ6964-289
https://www.nike.com/t/247-impossiblysoft-mens-dri-fit-crew-X6qnrK/HQ6964-320
https://www.nike.com/t/247-impossiblysoft-mens-dri-fit-crew-X6qnrK/HQ6964-455
https://www.nike.com/t/field-general-big-kids-shoes-R3DCzx/IF0465-602
https://www.nike.com/t/field-general-big-kids-shoes-R3DCzx/IF0465-001
https://www.nike.com/t/field-general-big-kids-shoes-R3DCzx/IF0465-101
https://www.nike.com/t/field-general-big-kids-shoes-R3DCzx/IF0465-600
https://www.nike.com/t/uplift-sc-big-kids-shoes-V0Zg7n/IF1749-600
https://www.nike.com/t/uplift-sc-big-kids-shoes-V0Zg7n/IF1749-002
https://www.nike.com/t/uplift-sc-big-kids-shoes-V0Zg7n/IF1749-400
https://www.nike.com/t/bryce-harper-philadelphia-phillies-fuse-womens-t-shirt-9WBsQbnT/NKAF4EYPP9-FC2
https://www.nike.com/t/bryce-harper-philadelphia-phillies-fuse-womens-t-shirt-aeoXCamI/NKAF62QPP9-303
https://www.nike.com/t/dri-fit-little-kids-trophy-t-shirt-q9XPwuGu/86M832-U10
https://www.nike.com/t/dri-fit-little-kids-trophy-t-shirt-q9XPwuGu/86M832-023
https://www.nike.com/t/nikecourt-advantage-womens-dri-fit-pleated-tennis-skirt-7dqGDJ/FZ6512-010
https://www.nike.com/t/nikecourt-advantage-womens-dri-fit-pleated-tennis-skirt-7dqGDJ/FZ6512-100
https://www.nike.com/t/nikecourt-advantage-womens-dri-fit-pleated-tennis-skirt-7dqGDJ/FZ6512-687
https://www.nike.com/t/sabrina-womens-long-sleeve-basketball-t-shirt-plus-size-Blcbc5/FZ8783-645
https://www.nike.com/t/sabrina-womens-long-sleeve-basketball-t-shirt-plus-size-Blcbc5/FZ8783-121
https://www.nike.com/t/jordan-alpha-duffel-bag-468l-xnfXpLZD/WA0919-782
https://www.nike.com/t/jordan-sport-crossbody-bag-5l-2X9wTHQb/UA9017-023
https://www.nike.com/t/jordan-sport-crossbody-bag-5l-2X9wTHQb/UA9017-R78
https://www.nike.com/t/alabama-crimson-tide-vapor-mens-dri-fitpolo-1dC15ZnV/00HT01RBABN-B3F
https://www.nike.com/t/florida-state-seminoles-vapor-mens-dri-fitpolo-mTK3eowe/00HT0C36FTN-B3F
https://www.nike.com/t/tennessee-titans-rewind-statement-max90-mens-t-shirt-jDnVNJ/01AY09DQ8F-NP1
https://www.nike.com/t/kentucky-wildcats-spring-break-tempo-womensshorts-NIjcxU7H/02650C3UNKY-WTE
https://www.nike.com/t/north-carolina-tar-heels-vapor-mens-jordan-brand-dri-fitpolo-PjjSra1n/0JHT19NUNCN-B3F
https://www.nike.com/t/malik-nabers-new-york-giants-mens-dri-fit-legend-jersey-bGuswozA/94NMHLNG8IF-KZ5
https://www.nike.com/t/vapor-12-premium-mens-hard-court-tennis-shoes-lWM2gC/HF7827-300
https://www.nike.com/t/chelsea-fc-strike-special-edition-mens-soccer-knit-shorts-vtbj50/HJ1979-451
https://www.nike.com/t/chelsea-fc-strike-special-edition-big-kids-dri-fit-soccer-short-sleeve-knit-top-8cS0X8/HJ3400-845
https://www.nike.com/t/cosmic-runner-big-kids-road-running-shoes-CWmuID5Q/HM4402-001
https://www.nike.com/t/cosmic-runner-big-kids-road-running-shoes-CWmuID5Q/HM4402-002
https://www.nike.com/t/cosmic-runner-big-kids-road-running-shoes-CWmuID5Q/HM4402-003
https://www.nike.com/t/cosmic-runner-big-kids-road-running-shoes-CWmuID5Q/HM4402-004
https://www.nike.com/t/cosmic-runner-big-kids-road-running-shoes-CWmuID5Q/HM4402-005
https://www.nike.com/t/cosmic-runner-big-kids-road-running-shoes-CWmuID5Q/HM4402-500
https://www.nike.com/t/cosmic-runner-big-kids-road-running-shoes-CWmuID5Q/HM4402-600
https://www.nike.com/t/cosmic-runner-big-kids-road-running-shoes-CWmuID5Q/HM4402-601
https://www.nike.com/t/cosmic-runner-big-kids-road-running-shoes-CWmuID5Q/HM4402-602
https://www.nike.com/t/vince-carter-north-carolina-tar-heels-replica-mens-jordan-brandbasketball-jersey-bpe1uJ1f/JCBJ09MDJ13-EEY
https://www.nike.com/t/rasheed-wallace-north-carolina-tar-heels-replica-mens-jordan-brandbasketball-jersey-o3MrimOg/JCBJ09MDJ14-GX2
https://www.nike.com/t/georgia-bulldogs-primetime-logo-menst-shirt-fLJVGz/N19900ANGB-PTF
https://www.nike.com/t/ohio-state-buckeyes-primetime-logo-menst-shirt-grnp02/N19900AOH-PTF
https://www.nike.com/t/duke-blue-devils-primetime-logo-menst-shirt-4CgTNh/N19906FDU-PTF
https://www.nike.com/t/lsu-tigers-primetime-logo-menst-shirt-fwlD0R/N19906FLSN-PTF
https://www.nike.com/t/michigan-state-spartans-primetime-logo-menst-shirt-HX641n/N19906FMST-PTF
https://www.nike.com/t/north-carolina-tar-heels-primetime-logo-menst-shirt-0DJpXN/N19906FNCN-2KX
https://www.nike.com/t/oklahoma-sooners-primetime-logo-menst-shirt-d1tx78/N19906FOKN-2KX
https://www.nike.com/t/oklahoma-sooners-primetime-wordmark-mens-jordant-shirt-d1tx78/N19906FOKN-42Q
https://www.nike.com/t/texas-longhorns-primetime-logo-menst-shirt-MLKmvk/N19906FTXE-PTF
https://www.nike.com/t/arizona-wildcats-primetime-logo-menst-shirt-nktpQM/N19906FUAN-PTF
https://www.nike.com/t/west-virginia-mountaineers-primetime-logo-menst-shirt-9V1tc1/N19906FWVN-PTF
https://www.nike.com/t/duke-blue-devils-primetime-logo-menst-shirt-rjx2MS/N19906GDU-PTF
https://www.nike.com/t/duke-blue-devils-dna-lockup-menst-shirt-rjx2MS/N19906GDU-PMR
https://www.nike.com/t/iowa-hawkeyes-primetime-logo-menst-shirt-PTt7xf/N19906GIA-PTF
https://www.nike.com/t/stanford-cardinal-primetime-logo-menst-shirt-zSLTWV/N19906GSDN-PTF
https://www.nike.com/t/texas-longhorns-primetime-logo-menst-shirt-kjcb4S/N19906GTXE-PTF
https://www.nike.com/t/ucla-bruins-primetime-logo-menst-shirt-RLw650/N19906GUCL-2KX
https://www.nike.com/t/florida-gators-primetime-logo-menst-shirt-Xc5QTk/N19906GUFN-2KX
https://www.nike.com/t/tennessee-volunteers-primetime-logo-menst-shirt-13K0Wm/N19906GUTN-PTF
https://www.nike.com/t/tennessee-volunteers-primetime-wordmark-menst-shirt-13K0Wm/N19906GUTN-UY7
https://www.nike.com/t/west-virginia-mountaineers-primetime-logo-menst-shirt-F2wsBZ/N19906GWVN-PTF
https://www.nike.com/t/duke-blue-devils-primetime-logo-menst-shirt-XTvCCV/N19910ADU-PTF
https://www.nike.com/t/duke-blue-devils-menst-shirt-XTvCCV/N19910ADU-8V3
https://www.nike.com/t/duke-blue-devils-primetime-wordmark-menst-shirt-XTvCCV/N19910ADU-UY7
https://www.nike.com/t/florida-state-seminoles-primetime-logo-menst-shirt-mmVCF6/N19910AFTN-PTF
https://www.nike.com/t/florida-state-seminoles-primetime-wordmark-menst-shirt-mmVCF6/N19910AFTN-UY7
https://www.nike.com/t/iowa-hawkeyes-primetime-logo-menst-shirt-QjQMHT/N19910AIA-PTF
https://www.nike.com/t/iowa-hawkeyes-primetime-wordmark-menst-shirt-QjQMHT/N19910AIA-UY7
https://www.nike.com/t/michigan-state-spartans-primetime-logo-menst-shirt-d5Lcwq/N19910AMST-PTF
https://www.nike.com/t/michigan-state-spartans-menst-shirt-d5Lcwq/N19910AMST-8V3
https://www.nike.com/t/ohio-state-buckeyes-primetime-logo-menst-shirt-RwFbmP/N19910AOH-PTF
https://www.nike.com/t/oklahoma-sooners-primetime-logo-menst-shirt-3JLWtM/N19910AOKN-2KX
https://www.nike.com/t/oklahoma-sooners-primetime-wordmark-mens-jordant-shirt-3JLWtM/N19910AOKN-BCV
https://www.nike.com/t/usc-trojans-primetime-logo-menst-shirt-K1Fghm/N19910ASCJ-PTF
https://www.nike.com/t/usc-trojans-primetime-wordmark-menst-shirt-K1Fghm/N19910ASCJ-UY7
https://www.nike.com/t/stanford-cardinal-primetime-logo-menst-shirt-5F894B/N19910ASDN-PTF
https://www.nike.com/t/menst-shirt-stanford-cardinal-blitz-5F894B/N19910ASDN-M6D
https://www.nike.com/t/stanford-cardinal-primetime-wordmark-menst-shirt-5F894B/N19910ASDN-UY7
https://www.nike.com/t/ucla-bruins-primetime-logo-menst-shirt-6ZSR3t/N19910AUCL-2KX
https://www.nike.com/t/mikaylah-williams-lsu-tigers-replica-mensbasketball-jersey-AB7jd8Dq/NCBJ0E5ZN8M-0V4
https://www.nike.com/t/little-kids-on-the-move-basic-t-shirt-Tn2tYHNF/86M758-001
https://www.nike.com/t/little-kids-on-the-move-basic-t-shirt-Tn2tYHNF/86M758-C60
https://www.nike.com/t/air-big-kids-fleece-full-zip-hoodie-MsJCq7/HV1219-010
https://www.nike.com/t/jordan-baby-6-12m-2-piece-rib-nep-bodysuit-set-OR5GHyFM/65D683-023
https://www.nike.com/t/jordan-baby-6-12m-2-piece-rib-nep-bodysuit-set-OR5GHyFM/65D683-X0L
https://www.nike.com/t/jordan-renegade-essentials-mens-jacket-JzNQ1D/HF9325-010
https://www.nike.com/t/jordan-sport-jam-mens-warm-up-jacket-ss5ZQF/HF9885-358
https://www.nike.com/t/jordan-sport-jam-mens-warm-up-jacket-ss5ZQF/HF9885-010
https://www.nike.com/t/sportswear-mens-long-sleeve-t-shirt-gl3VBl/HJ0588-100
https://www.nike.com/t/sportswear-mens-long-sleeve-t-shirt-gl3VBl/HJ0588-537
https://www.nike.com/t/life-mens-utility-pants-LtgVtf/HJ0643-901
https://www.nike.com/t/life-mens-utility-pants-LtgVtf/HJ0643-060
https://www.nike.com/t/life-mens-utility-pants-LtgVtf/HJ0643-297
https://www.nike.com/t/sportswear-tech-mens-button-down-top-Cm0kHS/HJ2936-480
https://www.nike.com/t/sportswear-tech-mens-button-down-top-Cm0kHS/HJ2936-010
https://www.nike.com/t/academy-mens-repel-soccer-anorak-jacket-fl1hWx/HJ3750-492
https://www.nike.com/t/academy-mens-repel-soccer-anorak-jacket-fl1hWx/HJ3750-010
https://www.nike.com/t/aone-aja-wilson-basketball-shoes-BQZY92uG/FZ8605-601
https://www.nike.com/t/aone-pink-aura-aja-wilson-big-kids-basketball-shoes-szIewTfI/HF7001-600
https://www.nike.com/t/dri-fit-swoosh-motion-little-kids-leggings-YW6PRK9T/36M697-C60
https://www.nike.com/t/jordan-1-mid-little-kids-shoes-jsfK9Nss/DQ8424-142
https://www.nike.com/t/jordan-1-mid-little-kids-shoes-jsfK9Nss/DQ8424-001
https://www.nike.com/t/jordan-1-mid-little-kids-shoes-jsfK9Nss/DQ8424-010
https://www.nike.com/t/jordan-1-mid-little-kids-shoes-jsfK9Nss/DQ8424-067
https://www.nike.com/t/jordan-1-mid-little-kids-shoes-jsfK9Nss/DQ8424-092
https://www.nike.com/t/jordan-1-mid-little-kids-shoes-jsfK9Nss/DQ8424-402
https://www.nike.com/t/jordan-1-mid-little-kids-shoes-jsfK9Nss/DQ8424-608
https://www.nike.com/t/jordan-1-mid-little-kids-shoes-jsfK9Nss/FD8781-400
https://www.nike.com/t/jr-phantom-luna-2-academy-little-big-kids-ag-high-top-soccer-cleats-Txz4kD/FJ2605-300
https://www.nike.com/t/jr-phantom-luna-2-academy-little-big-kids-ag-high-top-soccer-cleats-Txz4kD/FJ2605-002
https://www.nike.com/t/air-force-1-07-texture-mens-shoes-gFQJhj/HF2886-001
https://www.nike.com/t/air-force-1-07-texture-mens-shoes-gFQJhj/HF2886-100
https://www.nike.com/t/victory-2-track-field-distance-spikes-Xb1b5L/HQ2059-600
https://www.nike.com/t/victory-2-track-field-distance-spikes-Xb1b5L/FD8411-100
https://www.nike.com/t/victory-2-track-field-distance-spikes-Xb1b5L/FD8411-600
https://www.nike.com/t/stride-mens-dri-fit-adv-running-tank-top-QwXPwj/HV5210-437
https://www.nike.com/t/stride-mens-dri-fit-adv-running-tank-top-QwXPwj/HV5210-010
https://www.nike.com/t/stride-mens-dri-fit-adv-running-tank-top-QwXPwj/HV5210-084
https://www.nike.com/t/stride-mens-dri-fit-adv-running-tank-top-QwXPwj/HV5210-100
https://www.nike.com/t/stride-mens-dri-fit-adv-running-tank-top-QwXPwj/HV5210-345
https://www.nike.com/t/dunk-low-retro-mens-shoes-B4FqHd/HV5980-231
https://www.nike.com/t/air-force-1-big-kids-boys-shoes-1X33tK/HV6360-001
https://www.nike.com/t/gato-mens-shoes-IZnqPPCC/IB3082-133
https://www.nike.com/t/gato-mens-shoes-IZnqPPCC/HQ6019-001
https://www.nike.com/t/gato-mens-shoes-IZnqPPCC/HQ6019-100
https://www.nike.com/t/recharge-tritan-chug-bottle-24-oz-CzT0LQ/N1009669-093
https://www.nike.com/t/recharge-tritan-chug-bottle-24-oz-CzT0LQ/N1009669-080
https://www.nike.com/t/flow-ral-toddler-printed-pullover-hoodie-7LX9yvTN/26M611-U5M
https://www.nike.com/t/flow-ral-toddler-printed-bike-shorts-Y13FdoRy/26M614-P23
https://www.nike.com/t/flow-ral-toddler-printed-bike-shorts-Y13FdoRy/26M614-U5M
https://www.nike.com/t/essentials-toddler-printed-french-terry-crew-top-6RMJAiuQ/26M621-P6I
https://www.nike.com/t/game-swoosh-match-toddler-crew-top-T5PUVLxP/26M635-782
https://www.nike.com/t/game-swoosh-match-toddler-crew-top-T5PUVLxP/26M635-C60
https://www.nike.com/t/dri-fit-pro-toddler-tank-top-n3iIMsW2/26M805-ACG
https://www.nike.com/t/flow-ral-little-kids-printed-pullover-hoodie-7LX9yvTN/36M611-U5M
https://www.nike.com/t/flow-ral-little-kids-printed-bike-shorts-Y13FdoRy/36M614-P23
https://www.nike.com/t/flow-ral-little-kids-printed-bike-shorts-Y13FdoRy/36M614-U5M
https://www.nike.com/t/essentials-little-kids-printed-french-terry-crew-top-6RMJAiuQ/36M621-G9Q
https://www.nike.com/t/essentials-little-kids-printed-french-terry-crew-top-6RMJAiuQ/36M621-P6I
https://www.nike.com/t/little-kids-game-swoosh-match-crew-T5PUVLxP/36M635-782
https://www.nike.com/t/little-kids-game-swoosh-match-crew-T5PUVLxP/36M635-C60
https://www.nike.com/t/dri-fit-pro-little-kids-tank-top-n3iIMsW2/36M805-ACG
https://www.nike.com/t/dri-fit-pro-little-kids-tank-top-n3iIMsW2/36M805-UAV
https://www.nike.com/t/little-kids-will-shoe-be-mine-t-shirt-m4eh6pL8/36M901-U10
https://www.nike.com/t/little-kids-will-shoe-be-mine-t-shirt-m4eh6pL8/36M901-C60
https://www.nike.com/t/jordan-baby-0-9m-jumpman-nep-coverall-8qtaPONA/55D682-A9Y
https://www.nike.com/t/jordan-baby-0-9m-jumpman-nep-coverall-8qtaPONA/55D682-R78
https://www.nike.com/t/e1d1-baby-quarter-zip-top-and-pants-set-CG8cHy8b/66M660-P6I
https://www.nike.com/t/e1d1-baby-quarter-zip-top-and-pants-set-CG8cHy8b/66M660-X5C
https://www.nike.com/t/e1d1-toddler-quarter-zip-top-and-pants-set-CG8cHy8b/76M660-X5C
https://www.nike.com/t/sportswear-outside-the-lines-toddler-french-terry-pullover-hoodie-5spZkdd9/76M683-BA2
https://www.nike.com/t/sportswear-outside-the-lines-toddler-french-terry-pants-kHzMwf1d/76M685-GAK
https://www.nike.com/t/sportswear-outside-the-lines-toddler-french-terry-shorts-LugxrCVK/76M686-023
https://www.nike.com/t/sportswear-toddler-on-the-move-french-terry-shorts-YkAeSHMP/76M720-023
https://www.nike.com/t/sportswear-toddler-on-the-move-french-terry-shorts-YkAeSHMP/76M720-U89
https://www.nike.com/t/jordan-little-kids-roadtrip-x-ray-t-shirt-B3znEo1q/85D729-001
https://www.nike.com/t/jordan-little-kids-roadtrip-x-ray-t-shirt-B3znEo1q/85D729-023
https://www.nike.com/t/jordan-little-kids-dri-fit-colorblocked-tricot-taping-set-tDXJu8xq/85D762-J34
https://www.nike.com/t/sportswear-outside-the-lines-little-kids-french-terry-pullover-hoodie-5spZkdd9/86M683-BA2
https://www.nike.com/t/sportswear-outside-the-lines-little-kids-french-terry-pants-kHzMwf1d/86M685-023
https://www.nike.com/t/sportswear-outside-the-lines-little-kids-french-terry-pants-kHzMwf1d/86M685-GAK
https://www.nike.com/t/sportswear-outside-the-lines-little-kids-french-terry-shorts-LugxrCVK/86M686-023
https://www.nike.com/t/dri-fit-little-kids-multi-short-sleeve-top-mYnScg3r/86M746-K08
https://www.nike.com/t/dri-fit-little-kids-multi-short-sleeve-top-mYnScg3r/86M746-U1U
https://www.nike.com/t/jordan-dri-fit-sport-big-kids-statement-hoop-fleece-full-zip-hoodie-QBtdT1km/95D273-E2E
https://www.nike.com/t/jordan-dri-fit-sport-big-kids-statement-hoop-fleece-pants-ZtpOGmkQ/95D274-E2E
https://www.nike.com/t/jordan-big-kids-baseline-long-sleeve-t-shirt-u0Dn2gaU/95D668-R78
https://www.nike.com/t/jordan-big-kids-baseline-long-sleeve-t-shirt-u0Dn2gaU/95D668-U3C
https://www.nike.com/t/jordan-court-of-legends-big-kids-long-sleeve-knit-top-TOYCT0Ff/95D700-023
https://www.nike.com/t/jordan-court-of-legends-big-kids-long-sleeve-knit-top-TOYCT0Ff/95D700-E1P
https://www.nike.com/t/jordan-big-kids-cotton-mvp-boxer-briefs-2-pack-qTSw2jFT/9J0747-782
https://www.nike.com/t/air-max-plus-little-kids-shoes-0G20vpbF/FZ0023-411
https://www.nike.com/t/air-max-plus-little-kids-shoes-0G20vpbF/FZ0023-604
https://www.nike.com/t/air-max-plus-little-kids-shoes-0G20vpbF/FZ0023-032
https://www.nike.com/t/serena-williams-design-crew-everyday-plus-cushioned-crew-socks-1-pair-GM6f4q/HJ3745-133
https://www.nike.com/t/jordan-lny-womens-midi-skirt-QZDhqL/HQ6066-010
https://www.nike.com/t/air-force-1-big-kids-boys-shoes-STJC7t/HV6359-001
https://www.nike.com/t/jordan-jumpman-wristbands-BjVpVQ/J0003601-328
https://www.nike.com/t/jordan-jumpman-wristbands-BjVpVQ/J0003601-412
https://www.nike.com/t/jordan-monogram-tote-bag-32l-m2y72ns3/MA0896-782
https://www.nike.com/t/jordan-collectors-crossbody-bag-3l-sPgHZ8/MA0957-R78
https://www.nike.com/t/jordan-collectors-crossbody-bag-3l-sPgHZ8/MA0957-023
https://www.nike.com/t/jordan-collectors-crossbody-bag-3l-sPgHZ8/MA0957-E6F
https://www.nike.com/t/tr-recharge-shaker-bottle-16-oz-lxb9s5/N1012242-910
https://www.nike.com/t/aj-brown-philadelphia-eagles-super-bowl-lix-mens-eOQzNBUQ/67NM0ABRF86-3A7
https://www.nike.com/t/saquon-barkley-philadelphia-eagles-super-bowl-lix-mens-eOQzNBUQ/67NM0ABRF86-3AA
https://www.nike.com/t/saquon-barkley-philadelphia-eagles-super-bowl-lix-mens-t-shirt-8nXbwF/N19900AF86-4H5
https://www.nike.com/t/jalen-hurts-philadelphia-eagles-super-bowl-lix-mens-t-shirt-8nXbwF/N19900AF86-4HW
https://www.nike.com/t/247-perfectstretch-womens-dri-fit-high-waisted-loose-wide-leg-pants-VWVvMC/HM8389-004
https://www.nike.com/t/247-perfectstretch-womens-dri-fit-high-waisted-loose-wide-leg-pants-VWVvMC/HM8389-010
https://www.nike.com/t/247-impossiblysoft-mens-dri-fit-pants-4WtMC7/HQ6970-010
https://www.nike.com/t/247-impossiblysoft-mens-dri-fit-pants-4WtMC7/HQ6970-289
https://www.nike.com/t/247-impossiblysoft-mens-dri-fit-pants-4WtMC7/HQ6970-320
https://www.nike.com/t/247-impossiblysoft-mens-dri-fit-pants-4WtMC7/HQ6970-455
https://www.nike.com/t/sb-dunk-low-pro-b-skate-shoes-Q4xP1nqg/HJ0367-200
https://www.nike.com/t/super-bowl-lix-statement-max90-mens-t-shirt-5THLJc/01AY06FSUP-93M
https://www.nike.com/t/detroit-tigers-flowy-womens-dri-fit-t-shirt-il2GW4BD/0346045NDG-449
https://www.nike.com/t/atlanta-braves-flowy-womens-dri-fit-t-shirt-XsxYUEtD/0346046NAW-449
https://www.nike.com/t/chicago-cubs-womens-full-zip-hoodie-JKwERKq1/035D11TUEJ-HVV
https://www.nike.com/t/toronto-blue-jays-womens-full-zip-hoodie-0cmlzXnA/035D11TUTOR-HVV
https://www.nike.com/t/cincinnati-reds-womens-full-zip-hoodie-Kmz0R4Wq/035D912ZRED-HVV
https://www.nike.com/t/milwaukee-brewers-authentic-collection-city-connect-womens-therma-pullover-hoodie-tEvzADwY/22MN0BARMZB-XJK
https://www.nike.com/t/washington-nationals-authentic-collection-womens-therma-pullover-hoodie-9wEJjGWM/22MN162NWTL-N80
https://www.nike.com/t/caleb-williams-chicago-bears-mens-dri-fit-stMjSk/31NMBL2A7QF-YZ3
https://www.nike.com/t/jordan-womens-graphic-t-shirt-kPW91w/HJ0139-045
https://www.nike.com/t/jordan-womens-graphic-t-shirt-kPW91w/HJ0139-133
https://www.nike.com/t/liverpool-fc-strike-special-edition-mens-dri-fit-soccer-knit-track-jacket-fsVNKL/HV4037-113
https://www.nike.com/t/tatum-3-little-kids-shoes-tT4EGi0a/HV5895-300
https://www.nike.com/t/tatum-3-little-kids-shoes-tT4EGi0a/HF3137-001
https://www.nike.com/t/arizona-diamondbacks-mens-dri-fit-adv-MCU2Hjzv/LM25DKHODQS-1U2
https://www.nike.com/t/adley-rutschman-baltimore-orioles-mens-dri-fit-adv-SsXPd2sF/LM25OLA1OL9-YN0
https://www.nike.com/t/arizona-diamondbacks-cooperstown-wordmark-mens-t-shirt-Xw2fF0Je/N19900ADIA-0B5
https://www.nike.com/t/san-francisco-giants-cooperstown-team-logo-mens-t-shirt-7s0x63/N19900AG83-UTY
https://www.nike.com/t/san-francisco-giants-cooperstown-retro-mens-t-shirt-7s0x63/N19900AG83-CUE
https://www.nike.com/t/los-angeles-dodgers-2-hit-mens-t-shirt-lJB3lg/N19900ALD-9UX
https://www.nike.com/t/mike-trout-los-angeles-angels-fuse-mens-t-shirt-PAsrhZHX/N19906GAN9-FPT
https://www.nike.com/t/los-angeles-angels-2-hit-mens-t-shirt-cTJGJb/N19944BANG-9UX
https://www.nike.com/t/ken-griffey-jr-seattle-mariners-cooperstown-fuse-mens-t-shirt-qvRzrmz1/N19944BQFK-S8B
https://www.nike.com/t/colorado-rockies-2-hit-mens-t-shirt-rXVcdF/N19951LDNV-9UX
https://www.nike.com/t/san-diego-padres-2-hit-mens-t-shirt-QSPDvR/N19979QPYP-9UX
https://www.nike.com/t/seattle-mariners-cooperstown-wordmark-mens-t-shirt-8zrxL3DU/N19979QS77-0B5
https://www.nike.com/t/san-diego-padres-cooperstown-wordmark-mens-t-shirt-kpVb4W/N19979QSDP-0B5
https://www.nike.com/t/san-diego-padres-cooperstown-retro-mens-t-shirt-kpVb4W/N19979QSDP-CUE
https://www.nike.com/t/ronald-acuña-jr-atlanta-braves-fuse-womens-t-shirt-G4xiIqEE/NKAF44BAW9-0M6
https://www.nike.com/t/josé-ramírez-cleveland-guardians-fuse-womens-t-shirt-BGZDgBCK/NKAF44BGU9-FS5
https://www.nike.com/t/julio-rodríguez-seattle-mariners-fuse-womens-t-shirt-GVEGkYHH/NKAF44BMV9-EK6
https://www.nike.com/t/christian-yelich-milwaukee-brewers-fuse-womens-t-shirt-t7OcRn9q/NKAF44BMZ9-CB1
https://www.nike.com/t/aaron-judge-new-york-yankees-fuse-womens-t-shirt-543R3q/NKAF44BNK9-290
https://www.nike.com/t/seattle-mariners-local-legend-mens-dri-fit-t-shirt-wkW88C/NKGK44BMVR-WWX
https://www.nike.com/t/san-diego-padres-local-legend-mens-dri-fit-t-shirt-mxrVVb/NKGK79QPYP-WWX
https://www.nike.com/t/dri-fit-little-kids-v-day-cushioned-crew-socks-2-pairs-9cv1qttb/GN1220-A9Y
https://www.nike.com/t/elemental-big-kids-backpack-20l-Js7gjH/HJ4186-664
https://www.nike.com/t/elemental-big-kids-backpack-20l-Js7gjH/HJ4186-010
https://www.nike.com/t/toddler-blueprint-t-shirt-pXWBQQ/76M567-001
https://www.nike.com/t/toddler-blueprint-t-shirt-pXWBQQ/76M567-023
https://www.nike.com/t/dri-fit-toddler-bold-move-short-sleeve-top-jBDOFqLZ/76M750-EEK
https://www.nike.com/t/dri-fit-toddler-bold-move-short-sleeve-top-jBDOFqLZ/76M750-UAV
https://www.nike.com/t/dri-fit-toddler-bold-move-woven-shorts-MsGmAw3A/76M751-P3R
https://www.nike.com/t/dri-fit-toddler-bold-move-woven-shorts-MsGmAw3A/76M751-U89
https://www.nike.com/t/club-little-kids-long-sleeve-t-shirt-vest-and-pants-set-4S10lJ0l/86M622-U89
https://www.nike.com/t/club-little-kids-long-sleeve-t-shirt-vest-and-pants-set-4S10lJ0l/36M622-ACG
https://www.nike.com/t/air-jordan-womens-jacket-nmWkvh/HF9431-010
https://www.nike.com/t/air-jordan-womens-pants-tWXj5V/HF9441-010
https://www.nike.com/t/jordan-womens-graphic-t-shirt-2SlS27/HJ0142-010
https://www.nike.com/t/jordan-womens-graphic-t-shirt-2SlS27/HJ0142-100
https://www.nike.com/t/jordan-flight-fleece-womens-cropped-satin-lined-hoodie-XMHSfx/HJ0145-045
https://www.nike.com/t/jordan-flight-fleece-womens-cropped-satin-lined-hoodie-XMHSfx/HJ0145-636
https://www.nike.com/t/jordan-womens-t-shirt-54qNLN/HV5086-133
https://www.nike.com/t/jordan-brooklyn-fleece-womens-crew-neck-sweatshirt-f3ts5L/HV9370-100
https://www.nike.com/t/jordan-brooklyn-fleece-womens-crew-neck-sweatshirt-f3ts5L/HV9370-838
https://www.nike.com/t/2025-all-star-weekend-showtime-mens-jordan-nba-long-sleeve-full-zip-jacket-BtdH9Q/HF5808-100
https://www.nike.com/t/2025-all-star-weekend-showtime-mens-jordan-nba-pants-hsP5P7/HF5821-100
https://www.nike.com/t/air-jordan-11-retro-lny-mens-shoes-BbTBkf/HQ7000-001
https://www.nike.com/t/alate-medium-support-womens-longline-padded-sports-bra-6jzGTXbG/FQ7383-010
https://www.nike.com/t/alate-medium-support-womens-longline-padded-sports-bra-6jzGTXbG/FQ7383-214
https://www.nike.com/t/alate-medium-support-womens-longline-padded-sports-bra-6jzGTXbG/FQ7383-100
https://www.nike.com/t/jr-phantom-gx-2-academy-erling-haaland-big-kids-tf-low-top-soccer-shoes-mBLT90/HF1608-400
https://www.nike.com/t/paris-saint-germain-2025-stadium-fourth-mens-jordan-dri-fit-soccer-replica-shorts-Fzzw2r/HJ0892-492
https://www.nike.com/t/paris-saint-germain-2024-25-stadium-fourth-big-kids-jordan-dri-fit-soccer-replica-jersey-Xq7xc6/HJ0921-493
https://www.nike.com/t/paris-saint-germain-2024-25-stadium-fourth-big-kids-jordan-dri-fit-soccer-replica-long-sleeve-jersey-5WjR6c/HJ0924-493
https://www.nike.com/t/paris-saint-germain-2025-stadium-fourth-big-kids-jordan-dri-fit-soccer-replica-shorts-LNGplM/HJ0928-492
https://www.nike.com/t/jordan-sport-mens-dri-fit-t-shirt-KRfmmh/HJ2348-010
https://www.nike.com/t/jordan-sport-mens-dri-fit-t-shirt-KRfmmh/HJ2348-100
https://www.nike.com/t/jordan-sport-mens-dri-fit-t-shirt-KRfmmh/HJ2348-376
https://www.nike.com/t/paris-saint-germain-2024-25-match-fourth-big-kids-jordan-dri-fit-adv-soccer-authentic-long-sleeve-jersey-vtDgSC/HJ7333-494
https://www.nike.com/t/paris-saint-germain-2024-25-stadium-fourth-womens-jordan-dri-fit-soccer-replica-long-sleeve-jersey-BPZt5k/HJ7337-493
https://www.nike.com/t/aura-crescent-crossbody-bag-4l-6g4zgk/HQ4370-010
https://www.nike.com/t/aura-crescent-crossbody-bag-4l-6g4zgk/HQ4370-009
https://www.nike.com/t/aura-crescent-crossbody-bag-4l-6g4zgk/HQ4370-214
https://www.nike.com/t/aura-crescent-crossbody-bag-4l-6g4zgk/HQ4370-370
https://www.nike.com/t/aura-crescent-crossbody-bag-4l-6g4zgk/HQ4370-699
https://www.nike.com/t/paris-saint-germain-2025-match-fourth-mens-jordan-dri-fit-adv-soccer-authentic-shorts-369jWT/HQ6634-492
https://www.nike.com/t/recharge-stainless-steel-straw-bottle-24-oz-GtM9Jh/N1009697-520
https://www.nike.com/t/utility-power-2-duffel-bag-small-31-l-zjqs20/FN4206-251
https://www.nike.com/t/aura-crossbody-bag-5l-Sqsh58/HF7038-370
https://www.nike.com/t/aura-crossbody-bag-5l-Sqsh58/HF7038-010
https://www.nike.com/t/aura-crossbody-bag-5l-Sqsh58/HF7038-214
https://www.nike.com/t/aura-crossbody-bag-5l-Sqsh58/HF7038-699
https://www.nike.com/t/jordan-6-rings-mens-shoes-2VAD3Y/322992-164
https://www.nike.com/t/jordan-6-rings-mens-shoes-2VAD3Y/322992-015
https://www.nike.com/t/jordan-6-rings-mens-shoes-2VAD3Y/322992-026
https://www.nike.com/t/jordan-womens-sweater-Kq7K45/HF9453-011
https://www.nike.com/t/jordan-womens-sweater-Kq7K45/HF9453-407
https://www.nike.com/t/swift-womens-dri-fit-uv-long-sleeve-crew-neck-running-top-gDlLXZ/HQ0503-010
https://www.nike.com/t/swift-womens-dri-fit-uv-long-sleeve-crew-neck-running-top-gDlLXZ/HQ0503-233
https://www.nike.com/t/swift-womens-dri-fit-uv-long-sleeve-crew-neck-running-top-gDlLXZ/HQ0503-696
https://www.nike.com/t/air-jordan-mens-knit-sweater-mN74dZ/HQ1635-133
https://www.nike.com/t/jordan-flight-fleece-lny-womens-pullover-hoodie-gLS9tP/HQ6071-025
https://www.nike.com/t/jordan-6-rings-big-kids-shoes-C9j8IkFi/323419-164
https://www.nike.com/t/jordan-6-rings-baby-toddler-shoes-C9j8IkFi/323420-164
https://www.nike.com/t/jordan-6-rings-little-kids-shoes-C9j8IkFi/323432-164
https://www.nike.com/t/michigan-state-mens-t-shirt-qRdTNJ/00038522X-MS2
https://www.nike.com/t/ohio-state-mens-t-shirt-Kk1RcN/00038528X-OS1
https://www.nike.com/t/ohio-state-buckeyes-vapor-mens-dri-fitpolo-ZeebXLvE/00HT01RDOH-B3F
https://www.nike.com/t/lsu-tigers-primetime-club-mensjoggers-JXmLQ1/00SUCY51LSN-BRV
https://www.nike.com/t/pittsburgh-steelers-club-womens-pullover-hoodie-j74b5T/00Z500A7L-LT3
https://www.nike.com/t/minnesota-vikings-club-womens-pullover-hoodie-bpH5xQ/00Z500A9M-LT3
https://www.nike.com/t/ohio-state-buckeyes-2024football-playoff-national-champions-locker-room-womenspullover-hoodie-1fLVnH4h/00Z500AOHW-Z8F
https://www.nike.com/t/tampa-bay-buccaneers-club-womens-pullover-hoodie-2RQvwq/00Z56DL8B-LT3
https://www.nike.com/t/cleveland-browns-club-womens-pullover-hoodie-0RcN94/00Z589N93V-LT3
https://www.nike.com/t/atlanta-braves-authentic-collection-game-time-mens-breathe-long-sleeve-t-shirt-jMW4nH/013F019NAW-P3U
https://www.nike.com/t/boston-red-sox-authentic-collection-game-time-mens-breathe-long-sleeve-t-shirt-WgxV80/013F019NBQ-P3U
https://www.nike.com/t/san-diego-padres-authentic-collection-game-time-mens-breathe-long-sleeve-t-shirt-rtFwRf/013F03A5PYP-P3U
https://www.nike.com/t/colorado-rockies-authentic-collection-game-time-mens-dri-fit-1-2-zip-long-sleeve-top-7JQmH7/014G00ADNV-G5B
https://www.nike.com/t/new-york-mets-authentic-collection-game-time-mens-dri-fit-1-2-zip-long-sleeve-top-s0hQTW/014G00ANME-2TK
https://www.nike.com/t/atlanta-braves-authentic-collection-game-time-mens-dri-fit-1-2-zip-long-sleeve-top-x2d5Xs/014G44BAW-G5B
https://www.nike.com/t/seattle-mariners-authentic-collection-game-time-mens-dri-fit-1-2-zip-long-sleeve-top-M5LLdv/014G44BMVR-G5B
https://www.nike.com/t/milwaukee-brewers-authentic-collection-game-time-mens-dri-fit-1-2-zip-long-sleeve-top-VVNFDz/014G44BMZB-G5B
https://www.nike.com/t/chicago-white-sox-authentic-collection-game-time-mens-dri-fit-1-2-zip-long-sleeve-top-FVbgDv/014G44BRX-2TK
https://www.nike.com/t/chicago-cubs-authentic-collection-game-time-mens-dri-fit-1-2-zip-long-sleeve-top-pqkl7n/014G4EWEJ-G5B
https://www.nike.com/t/new-york-mets-authentic-collection-game-time-mens-dri-fit-1-2-zip-long-sleeve-top-VsDgm0/014G4EWNME-G5B
https://www.nike.com/t/minnesota-twins-authentic-collection-game-time-mens-dri-fit-1-2-zip-long-sleeve-top-8VKcQT/014G4FATIS-G5B
https://www.nike.com/t/los-angeles-angels-authentic-collection-game-time-mens-dri-fit-1-2-zip-long-sleeve-top-K9XNg4/014G62QANG-G5B
https://www.nike.com/t/seattle-mariners-authentic-collection-player-mens-dri-fit-pullover-jacket-TT79dj/015C160NMVR-5Z2
https://www.nike.com/t/los-angeles-angels-authentic-collection-player-mens-dri-fit-pullover-jacket-lMm9VN/015C163NANG-5Z2
https://www.nike.com/t/colorado-rockies-authentic-collection-player-mens-dri-fit-pullover-jacket-L9HbwV/015C912ZDNV-5Z2
https://www.nike.com/t/los-angeles-angels-authentic-collection-mens-full-zip-bomber-jacket-kPBTBG/015D03ATANG-132
https://www.nike.com/t/san-francisco-giants-authentic-collection-mens-full-zip-bomber-jacket-P8ZNt8/015D03AYGIA-132
https://www.nike.com/t/cleveland-guardians-authentic-collection-practice-mens-dri-fit-shorts-GGkFtN/015E11L5IAN-S0Z
https://www.nike.com/t/chicago-cubs-authentic-collection-practice-mens-dri-fit-shorts-3Rj6Kl/015E11TUEJ-S0Z
https://www.nike.com/t/seattle-mariners-authentic-collection-practice-mens-dri-fit-long-sleeve-t-shirt-CJnnDf/015H44BMVR-J37
https://www.nike.com/t/tampa-bay-rays-authentic-collection-practice-mens-dri-fit-long-sleeve-t-shirt-6Mv7WR/015H44BRAY-J37
https://www.nike.com/t/st-louis-cardinals-authentic-collection-practice-mens-dri-fit-long-sleeve-t-shirt-Sgbt1j/015H62QSCN-J37
https://www.nike.com/t/oregon-ducks-max90-menst-shirt-GGWRxx/01AY00AUOC-XXN
https://www.nike.com/t/chicago-bears-rewind-statement-max90-mens-t-shirt-5WBSqK/01AY09D7QV-NP1
https://www.nike.com/t/buffalo-bills-rewind-statement-max90-mens-t-shirt-hf8smq/01AY09D81V-NP1
https://www.nike.com/t/new-england-patriots-rewind-statement-max90-mens-t-shirt-Q1M0ck/01AY09D8KV-NP1
https://www.nike.com/t/cincinnati-bengals-rewind-statement-max90-mens-t-shirt-Bb3xWP/01AY09D8XV-NP1
https://www.nike.com/t/cleveland-browns-rewind-statement-max90-mens-t-shirt-tVSgqV/01AY09D93V-NP1
https://www.nike.com/t/miami-dolphins-rewind-statement-max90-mens-t-shirt-ML58kx/01AY09D9PV-NP1
https://www.nike.com/t/tampa-bay-buccaneers-rewind-statement-max90-mens-t-shirt-qMd99Z/01AY09D9YV-NP1
https://www.nike.com/t/dallas-cowboys-rewind-statement-max90-mens-t-shirt-TA8mju2B/01AY09DV6Z-NP1
https://www.nike.com/t/seattle-seahawks-rewind-statement-max90-mens-t-shirt-rXRt2L/01AY09DV78-NP1
https://www.nike.com/t/florida-state-seminoles-statement-max90-menst-shirt-C5h7pP/01AY10AFTN-QH8
https://www.nike.com/t/tennessee-volunteers-statement-max90-menst-shirt-zLfH07/01AY10AUTN-QH8
https://www.nike.com/t/pittsburgh-steelers-boxy-womens-t-shirt-hv1flv/01CM00A7L-KK1
https://www.nike.com/t/green-bay-packers-boxy-womens-t-shirt-vgxCRd/01CM3EE7T-KK1
https://www.nike.com/t/miami-dolphins-boxy-womens-t-shirt-9J8nLr/01CM3GT9P-KK1
https://www.nike.com/t/detroit-lions-boxy-womens-t-shirt-lkKL20/01CM45A9J-KK1
https://www.nike.com/t/buffalo-bills-boxy-womens-t-shirt-fVfMGJ/01CM4DA81-KK1
https://www.nike.com/t/kansas-city-chiefs-boxy-womens-t-shirt-Nwk6fG/01CM65N7G-KK1
https://www.nike.com/t/san-francisco-49ers-boxy-womens-t-shirt-l9DhVP/01CM6DL73-KK1
https://www.nike.com/t/penn-state-nittany-lions-statement-max90-menslong-sleeve-t-shirt-WG6m2D/01CW10APSN-4GZ
https://www.nike.com/t/tampa-bay-buccaneers-edge-mens-pullover-hoodie-sH5BJw/01D100A8B-RS5
https://www.nike.com/t/michigan-state-spartans-statement-wordmark-lockup-heavyweight-menspullover-hoodie-nK2jGc/01D100AMST-JU7
https://www.nike.com/t/florida-state-seminoles-statement-wordmark-lockup-heavyweight-menspullover-hoodie-xbg630/01D110AFTN-JU7
https://www.nike.com/t/arizona-wildcats-statement-wordmark-lockup-heavyweight-menspullover-hoodie-8CQtz0/01D110AUAN-JU7
https://www.nike.com/t/michigan-state-spartans-primetime-womenspullover-crew-59H3J9/01D7060NMST-88C
https://www.nike.com/t/duke-blue-devils-primetime-womenspullover-crew-hWRHsh/01D7062NDU-88C
https://www.nike.com/t/kentucky-wildcats-primetime-womenspullover-crew-5SCkHt/01D7062NNKY-88C
https://www.nike.com/t/iowa-hawkeyes-primetime-womenspullover-crew-dhxp8Q/01D7064NIA-88C
https://www.nike.com/t/georgia-bulldogs-primetime-womenspullover-crew-XkTVgN/01D7075KNGB-88C
https://www.nike.com/t/ohio-state-buckeyes-primetime-womenspullover-crew-kJFbFm/01D7075KOH-88C
https://www.nike.com/t/penn-state-nittany-lions-primetime-womenspullover-crew-csgLF0/01D7081KPSN-88C
https://www.nike.com/t/arizona-wildcats-primetime-womenspullover-crew-trZhSX/01D7081KUAN-88C
https://www.nike.com/t/west-virginia-mountaineers-primetime-womenspullover-crew-vlfBpr/01D7081KWVN-88C
https://www.nike.com/t/lsu-tigers-primetime-womenspullover-crew-GNjqGS/01D7082KLSN-88C
https://www.nike.com/t/alabama-crimson-tide-primetime-womenspullover-crew-mp77vK/01D708DVABN-88C
https://www.nike.com/t/usc-trojans-primetime-womenspullover-crew-r5bdHp/01D708DVSCJ-88C
https://www.nike.com/t/texas-longhorns-primetime-womenspullover-crew-VSGLVR/01D708DXTXE-88C
https://www.nike.com/t/tennessee-volunteers-primetime-womenspullover-crew-K3NF1q/01D708DZUTN-88C
https://www.nike.com/t/san-francisco-49ers-womens-pullover-crew-mclDQG/01D711QR73-AZ1
https://www.nike.com/t/clemson-tigers-primetime-womenspullover-crew-KBv50v/01D711VACLN-88C
https://www.nike.com/t/florida-state-seminoles-primetime-womenspullover-crew-G3g1kx/01D712ARFTN-88C
https://www.nike.com/t/michigan-wolverines-legacy-classic-arch-womenspullover-crew-nrP52P/01D7CY51MWV-SPN
https://www.nike.com/t/oklahoma-sooners-legacy-classic-arch-womenspullover-crew-SBcjQt/01D7CY51OKV-SPN
https://www.nike.com/t/texas-rangers-authentic-collection-practice-womens-dri-fit-shorts-QsrxD2/01DA47XTER-FB2
https://www.nike.com/t/new-york-mets-authentic-collection-practice-womens-dri-fit-shorts-gmkJkJ/01DA4EWNME-FB2
https://www.nike.com/t/cleveland-guardians-authentic-collection-practice-womens-dri-fit-shorts-4qZSpN/01DA4FAIAN-FB2
https://www.nike.com/t/los-angeles-angels-authentic-collection-practice-womens-dri-fit-shorts-t1gSrW/01DA62QANG-FB2
https://www.nike.com/t/chicago-white-sox-authentic-collection-early-work-womens-dri-fit-t-shirt-MNXbgm/01MM00ARX-K7E
https://www.nike.com/t/los-angeles-angels-authentic-collection-early-work-womens-dri-fit-t-shirt-GsjGSw/01MM62QANG-K7E
https://www.nike.com/t/toronto-blue-jays-authentic-collection-city-connect-practice-womens-dri-fit-pullover-hoodie-cjgblJ/01MNB348TOR-YC9
https://www.nike.com/t/kansas-city-chiefs-boxy-womens-long-sleeve-t-shirt-QpJLQq/01N265N7G-2QV
https://www.nike.com/t/cincinnati-bengals-womens-dri-fit-leggings-HlW3HH/01N3912Z9A-KNQ
https://www.nike.com/t/philadelphia-eagles-womens-dri-fit-full-zip-jacket-snT2VS/01N800A86-PZR
https://www.nike.com/t/denver-broncos-rewind-phoenix-womens-cropped-1-4-zip-crew-WkQSwn/01N94DAQ8W-S54
https://www.nike.com/t/seattle-seahawks-rewind-phoenix-womens-cropped-1-4-zip-crew-69Z7m8/01N94DAV78-S54
https://www.nike.com/t/detroit-lions-rewind-phoenix-womens-cropped-1-4-zip-crew-08C3Nf/01N94KR9SV-S54
https://www.nike.com/t/san-francisco-49ers-rewind-phoenix-womens-cropped-1-4-zip-crew-ddJgdq/01N965N73V-S54
https://www.nike.com/t/ohio-state-buckeyes-mens-dri-fitlong-sleeve-hooded-t-shirt-HTwcmN/01NB912ZOH-K9W
https://www.nike.com/t/clemson-tigers-blitz-mens-dri-fitlong-sleeve-hooded-t-shirt-swQ8f0/01NBCY51CLN-VRK
https://www.nike.com/t/duke-blue-devils-blitz-mens-dri-fitlong-sleeve-hooded-t-shirt-BMrp2j/01NBCY51DU-VRK
https://www.nike.com/t/florida-state-seminoles-blitz-mens-dri-fitlong-sleeve-hooded-t-shirt-2gVPP4/01NBCY51FTN-VRK
https://www.nike.com/t/iowa-hawkeyes-blitz-mens-dri-fitlong-sleeve-hooded-t-shirt-cHDrsQ/01NBCY51IA-VRK
https://www.nike.com/t/usc-trojans-blitz-mens-dri-fitlong-sleeve-hooded-t-shirt-R0G7Nl/01NBCY51SCJ-VRK
https://www.nike.com/t/stanford-cardinal-blitz-mens-dri-fitlong-sleeve-hooded-t-shirt-MXk97Z/01NBCY51SDN-VRK
https://www.nike.com/t/west-virginia-mountaineers-blitz-mens-dri-fitlong-sleeve-hooded-t-shirt-nTJJ4r/01NBCY51WVN-VRK
https://www.nike.com/t/seattle-seahawks-club-mens-full-zip-hoodie-dXDW8j/01NC447M78-WFH
https://www.nike.com/t/new-york-giants-rewind-max90-pocket-mens-long-sleeve-t-shirt-f3p1l9/01ND41SQ8I-EVL
https://www.nike.com/t/buffalo-bills-rewind-max90-pocket-mens-long-sleeve-t-shirt-kdsz5s/01ND4DA81V-EVL
https://www.nike.com/t/denver-broncos-rewind-max90-pocket-mens-long-sleeve-t-shirt-q3hN94/01ND4DAQ8W-EVL
https://www.nike.com/t/jalen-hurts-philadelphia-eagles-mens-dri-fit-elite-football-jersey-ND3ZnP/01PG0AAM86F-8Y1
https://www.nike.com/t/dallas-cowboys-womens-3-4-sleeve-t-shirt-xdzvSN/01UE00DH7RD-PVL
https://www.nike.com/t/atlanta-falcons-womens-3-4-sleeve-t-shirt-MgVkHM/01UE01PX96-PVL
https://www.nike.com/t/buffalo-bills-womens-3-4-sleeve-t-shirt-0jLC3P/01UE01PZ81-PVL
https://www.nike.com/t/chicago-bears-womens-3-4-sleeve-t-shirt-xvfjkt/01UE01QA7Q-PVL
https://www.nike.com/t/tennessee-titans-womens-3-4-sleeve-t-shirt-xc2qct/01UE01QC8F-PVL
https://www.nike.com/t/pittsburgh-steelers-womens-3-4-sleeve-t-shirt-kc3fn4/01UE01QD7L-PVL
https://www.nike.com/t/new-york-giants-womens-3-4-sleeve-t-shirt-vPdx9t/01UE01QE8I-PVL
https://www.nike.com/t/los-angeles-chargers-womens-3-4-sleeve-t-shirt-b35qWs/01UE01QH97-PVL
https://www.nike.com/t/las-vegas-raiders-womens-3-4-sleeve-t-shirt-tpzGvQ/01UE01QJ8D-PVL
https://www.nike.com/t/indianapolis-colts-womens-3-4-sleeve-t-shirt-XR6cl4/01UE01QK98-PVL
https://www.nike.com/t/green-bay-packers-womens-3-4-sleeve-t-shirt-0lfqRD/01UE01QM7T-PVL
https://www.nike.com/t/cincinnati-bengals-womens-3-4-sleeve-t-shirt-d8Fvtp/01UE01QO9A-PVL
https://www.nike.com/t/cleveland-browns-womens-3-4-sleeve-t-shirt-ctPH8Z/01UE01QP9I-PVL
https://www.nike.com/t/denver-broncos-womens-3-4-sleeve-t-shirt-ZR68hk/01UE01QQ8W-PVL
https://www.nike.com/t/jacksonville-jaguars-womens-3-4-sleeve-t-shirt-xrn59H/01UE01QR9N-PVL
https://www.nike.com/t/new-york-jets-womens-3-4-sleeve-t-shirt-mFCpLL/01UE01QV72-PVL
https://www.nike.com/t/tampa-bay-buccaneers-womens-3-4-sleeve-t-shirt-tfSw8f/01UE01T38B-PVL
https://www.nike.com/t/seattle-seahawks-womens-3-4-sleeve-t-shirt-0C9WwQ/01UE02C578-PVL
https://www.nike.com/t/carolina-panthers-womens-3-4-sleeve-t-shirt-9X5nFP/01UE02W49D-PVL
https://www.nike.com/t/los-angeles-rams-womens-3-4-sleeve-t-shirt-3f52L1/01UE06R195-PVL
https://www.nike.com/t/minnesota-vikings-womens-3-4-sleeve-t-shirt-2nLQPd/01UE08Y99M-PVL
https://www.nike.com/t/san-francisco-49ers-womens-3-4-sleeve-t-shirt-hQJT64/01UE0A7L73-PVL
https://www.nike.com/t/philadelphia-eagles-womens-3-4-sleeve-t-shirt-cPvcjd/01UE0A7M86-PVL
https://www.nike.com/t/miami-dolphins-womens-3-4-sleeve-t-shirt-qRTK2F/01UE0A7N9P-PVL
https://www.nike.com/t/arizona-cardinals-womens-3-4-sleeve-t-shirt-cFGKTc/01UE0A7P9C-PVL
https://www.nike.com/t/seattle-seahawks-sideline-velocity-mens-dri-fit-t-shirt-11vFDc/02ER06GQ78-EJ0
https://www.nike.com/t/green-bay-packers-sideline-velocity-mens-dri-fit-t-shirt-Ss5cP7/02ER06GQ7T-EJ0
https://www.nike.com/t/new-orleans-saints-sideline-velocity-mens-dri-fit-t-shirt-XzdLCR/02ER06GQ7W-EJ0
https://www.nike.com/t/philadelphia-eagles-sideline-velocity-mens-dri-fit-t-shirt-wrVgqq/02ER06GQ86-EJ0
https://www.nike.com/t/tampa-bay-buccaneers-sideline-velocity-mens-dri-fit-t-shirt-WcfPfh/02ER06GQ8B-EJ0
https://www.nike.com/t/tennessee-titans-sideline-velocity-mens-dri-fit-t-shirt-4n5r8G/02ER06GQ8F-EJ0
https://www.nike.com/t/new-york-giants-sideline-velocity-mens-dri-fit-t-shirt-fHmkRd/02ER06GQ8I-EJ0
https://www.nike.com/t/new-england-patriots-sideline-velocity-mens-dri-fit-t-shirt-hwg0z8/02ER06GQ8K-EJ0
https://www.nike.com/t/denver-broncos-sideline-velocity-mens-dri-fit-t-shirt-4F00qj/02ER06GQ8W-EJ0
https://www.nike.com/t/cleveland-browns-sideline-velocity-mens-dri-fit-t-shirt-Crzhl7/02ER06GQ93-EJ0
https://www.nike.com/t/atlanta-falcons-sideline-velocity-mens-dri-fit-t-shirt-GvMFJS/02ER06GQ96-EJ0
https://www.nike.com/t/minnesota-vikings-sideline-velocity-mens-dri-fit-t-shirt-Z2Zqt6/02ER06GQ9M-EJ0
https://www.nike.com/t/miami-dolphins-sideline-velocity-mens-dri-fit-t-shirt-7X9Hsn/02ER06GQ9P-EJ0
https://www.nike.com/t/cleveland-browns-sideline-coach-mens-dri-fit-top-VdQ77t/02ES010K9I-K0Z
https://www.nike.com/t/tampa-bay-buccaneers-sideline-coach-mens-dri-fit-top-9ZHg4d/02ES01T8Q8B-TSY
https://www.nike.com/t/new-york-jets-sideline-coach-mens-dri-fit-top-8LMZhs/02ES064NQ9Z-TSY
https://www.nike.com/t/new-orleans-saints-sideline-coach-mens-dri-fit-top-lHnGFL/02ES0BO6Q7W-TSY
https://www.nike.com/t/philadelphia-eagles-sideline-coach-mens-dri-fit-top-1R1J3j/02ES18KQ86-TSY
https://www.nike.com/t/green-bay-packers-sideline-coach-mens-dri-fit-top-wFnRdv/02ES472MQ7T-TSY
https://www.nike.com/t/seattle-seahawks-sideline-coach-mens-dri-fit-top-pPrfdS/02ES481MQ78-TSY
https://www.nike.com/t/new-england-patriots-sideline-coach-mens-dri-fit-top-K921jP/02ES481MQ8K-TSY
https://www.nike.com/t/new-york-giants-sideline-coach-mens-dri-fit-top-24bwgW/02ES557RQ8I-TSY
https://www.nike.com/t/jacksonville-jaguars-sideline-coach-mens-dri-fit-top-30ql96/02ES562RQ9N-TSY
https://www.nike.com/t/cleveland-browns-sideline-coach-mens-dri-fit-top-C4xHlC/02ES938ZQ93-TSY
https://www.nike.com/t/usc-trojans-military-appreciation-team-issue-mens-dri-fitt-shirt-3RC0ihGC/02ET2DHSCJ-AH5
https://www.nike.com/t/arizona-wildcats-military-appreciation-team-issue-mens-dri-fitt-shirt-7h6dzIDk/02ET2DHUAN-AH5
https://www.nike.com/t/west-virginia-mountaineers-military-appreciation-team-issue-mens-dri-fitt-shirt-AsTBCjVe/02ET2DHWVN-AH5
https://www.nike.com/t/cleveland-browns-sideline-coach-mens-dri-fit-long-sleeve-top-vCLGd8/02EV010K9I-M60
https://www.nike.com/t/new-york-jets-sideline-pre-game-player-mens-1-2-zip-hooded-jacket-znTC8m/02EZ066Y72-50K
https://www.nike.com/t/jacksonville-jaguars-sideline-pre-game-player-mens-1-2-zip-hooded-jacket-RWWF12/02EZ099K9N-50K
https://www.nike.com/t/tampa-bay-buccaneers-sideline-pre-game-player-mens-1-2-zip-hooded-jacket-4LTN9q/02EZ959Z8B-50K
https://www.nike.com/t/ohio-state-buckeyes-sideline-coach-mens1-2-zip-hooded-jacket-GkkKNS/02F0053YOH-MT3
https://www.nike.com/t/ohio-state-buckeyes-sideline-coach-mens1-2-zip-hooded-jacket-JNNXJf/02F0064YOH-MT3
https://www.nike.com/t/tennessee-volunteers-sideline-coach-mens1-2-zip-hooded-jacket-DLQlKx/02F008DAUTN-MT3
https://www.nike.com/t/usc-trojans-sideline-coach-mens1-2-zip-hooded-jacket-6HP0RD/02F008DBSCJ-MT3
https://www.nike.com/t/florida-state-seminoles-sideline-coach-mens1-2-zip-hooded-jacket-mGQNhw/02F008DEFTN-MT3
https://www.nike.com/t/clemson-tigers-sideline-coach-mens1-2-zip-hooded-jacket-pWjMtZ/02F008DQCLN-MT3
https://www.nike.com/t/michigan-state-spartans-sideline-coach-mens1-2-zip-hooded-jacket-t0VrJg/02F008DSMST-MT3
https://www.nike.com/t/oklahoma-sooners-sideline-coach-mens1-2-zip-hooded-jacket-cXSTH8/02F099MIOKN-G0W
https://www.nike.com/t/michigan-wolverines-sideline-coach-mens1-2-zip-hooded-jacket-xPdZGl/02F0CNAMMWN-G0W
https://www.nike.com/t/ohio-state-buckeyes-sideline-team-issue-club-menspullover-hoodie-XN1pZH/02F202N7OH-5AT
https://www.nike.com/t/cleveland-browns-sideline-team-issue-club-mens-pullover-hoodie-9Zh5Bv/02F2043M9I-87G
https://www.nike.com/t/san-francisco-49ers-sideline-team-issue-club-mens-pullover-hoodie-0TkFbq/02F2048Y73-87G
https://www.nike.com/t/atlanta-falcons-logo-team-issue-club-mens-pullover-hoodie-5m79k3/02F2048YQ96-CXM
https://www.nike.com/t/las-vegas-raiders-sideline-team-issue-club-mens-pullover-hoodie-g5Cq2h/02F2056Y8D-87G
https://www.nike.com/t/pittsburgh-steelers-sideline-team-issue-club-mens-pullover-hoodie-89dd94/02F2057Y7L-87G
https://www.nike.com/t/san-francisco-49ers-sideline-team-issue-club-mens-pullover-hoodie-bmmfVX/02F2058Y73-87G
https://www.nike.com/t/buffalo-bills-sideline-team-issue-club-mens-pullover-hoodie-NFWFxp/02F2059K81-87G
https://www.nike.com/t/denver-broncos-sideline-team-issue-club-mens-pullover-hoodie-MrmCnT/02F2061K8W-87G
https://www.nike.com/t/new-england-patriots-sideline-team-issue-club-mens-pullover-hoodie-llhfwp/02F2069K8K-87G
https://www.nike.com/t/seattle-seahawks-sideline-team-issue-club-mens-pullover-hoodie-mbFk5X/02F2074K78-87G
https://www.nike.com/t/oregon-ducks-club-menspullover-hoodie-2QjXqN/02F208DPUOC-713
https://www.nike.com/t/west-virginia-mountaineers-sideline-team-issue-club-menspullover-hoodie-fM3Rvf/02F208FEWVN-5AT
https://www.nike.com/t/usc-trojans-sideline-team-issue-club-menspullover-hoodie-98rn3R/02F208FJSCJ-5AT
https://www.nike.com/t/clemson-tigers-sideline-team-issue-club-menspullover-hoodie-4CffQG/02F208FRCLN-5AT
https://www.nike.com/t/michigan-wolverines-sideline-team-issue-club-menspullover-hoodie-PvBgjG/02F208G1MWN-5TV
https://www.nike.com/t/florida-state-seminoles-sideline-team-issue-club-menspullover-hoodie-H75Dw0/02F208G4FTN-5AT
https://www.nike.com/t/arizona-wildcats-sideline-team-issue-club-menspullover-hoodie-9Z0qbX/02F208G5UAN-5AT
https://www.nike.com/t/tennessee-volunteers-sideline-team-issue-club-menspullover-hoodie-MN8NH0/02F208G7UTN-5AT
https://www.nike.com/t/kentucky-wildcats-sideline-team-issue-club-menspullover-hoodie-ldT8FT/02F208GCNKY-5AT
https://www.nike.com/t/duke-blue-devils-sideline-team-issue-club-menspullover-hoodie-CBWCqJ/02F208GFDU-5AT
https://www.nike.com/t/florida-gators-sideline-team-issue-club-menspullover-hoodie-tDMXWh/02F208GFUFN-5TV
https://www.nike.com/t/alabama-crimson-tide-sideline-team-issue-club-menspullover-hoodie-QdQCjw/02F208GGABN-5AT
https://www.nike.com/t/oklahoma-sooners-sideline-team-issue-club-menspullover-hoodie-K1b4XN/02F208GGOKN-5TV
https://www.nike.com/t/michigan-wolverines-sideline-team-issue-club-menspullover-hoodie-sKDqpZ/02F2097SMWN-5TV
https://www.nike.com/t/jacksonville-jaguars-sideline-team-issue-club-mens-pullover-hoodie-L8q0GJ/02F2099K9N-87G
https://www.nike.com/t/north-carolina-tar-heels-sideline-team-issue-club-menspullover-hoodie-zLlVSG/02F209RHNCN-5TV
https://www.nike.com/t/tennessee-volunteers-sideline-team-issue-club-menspullover-hoodie-RSB4tW/02F20A0LUTN-5AT
https://www.nike.com/t/duke-blue-devils-sideline-team-issue-club-menspullover-hoodie-CXmwD5/02F20A0RDU-5AT
https://www.nike.com/t/kentucky-wildcats-sideline-team-issue-club-menspullover-hoodie-fNmV74/02F20A0RNKY-5AT
https://www.nike.com/t/florida-gators-sideline-team-issue-club-menspullover-hoodie-Ht5cnR/02F20A0RUFN-5TV
https://www.nike.com/t/iowa-hawkeyes-sideline-team-issue-club-menspullover-hoodie-1VB0tG/02F20AAQIA-5AT
https://www.nike.com/t/florida-state-seminoles-sideline-team-issue-club-menspullover-hoodie-XbsD12/02F20AARFTN-5AT
https://www.nike.com/t/iowa-hawkeyes-sideline-team-issue-club-menspullover-hoodie-g0L2Rt/02F210GOIA-5AT
https://www.nike.com/t/philadelphia-eagles-sideline-team-issue-club-mens-pullover-hoodie-P6bcdv/02F2149N86-87G
https://www.nike.com/t/miami-dolphins-logo-team-issue-club-mens-pullover-hoodie-SnV4SS/02F222KQ9P-CXM
https://www.nike.com/t/penn-state-nittany-lions-sideline-team-issue-club-menspullover-hoodie-cVFrr4/02F2497MPSN-5AT
https://www.nike.com/t/dallas-cowboys-sideline-team-issue-club-mens-pullover-hoodie-Xz5B5s/02F2505M7RD-87G
https://www.nike.com/t/cincinnati-bengals-sideline-team-issue-club-mens-pullover-hoodie-LM7rl4/02F251K9A-87G
https://www.nike.com/t/arizona-wildcats-sideline-team-issue-club-menspullover-hoodie-z4q8hJ/02F284JUAN-5AT
https://www.nike.com/t/los-angeles-chargers-sideline-team-issue-club-mens-pullover-hoodie-VQRDfk/02F2925Z97-87G
https://www.nike.com/t/cleveland-browns-logo-team-issue-club-mens-pullover-hoodie-PQ71Jh/02F2938ZQ93-CXM
https://www.nike.com/t/tampa-bay-buccaneers-sideline-team-issue-club-mens-pullover-hoodie-gVJQcv/02F2964Z8B-87G
https://www.nike.com/t/alabama-crimson-tide-sideline-team-issue-club-menspullover-hoodie-VmBp83/02F299RSABN-5AT
https://www.nike.com/t/oklahoma-sooners-sideline-team-issue-club-menspullover-hoodie-STSP72/02F299RSOKN-5TV
https://www.nike.com/t/stanford-cardinal-sideline-team-issue-club-menspullover-hoodie-9c0Jrv/02F299RSSDN-5AT
https://www.nike.com/t/georgia-bulldogs-sideline-team-issue-club-menspullover-hoodie-zzBQ3g/02F2CW43NGB-5AT
https://www.nike.com/t/seattle-seahawks-logo-team-issue-club-mens-pullover-hoodie-9hPlDD/02F2EI81Q78-CXM
https://www.nike.com/t/west-virginia-mountaineers-sideline-mensfull-zip-bomber-jacket-vz4LJK/02F308Y2WVN-HGK
https://www.nike.com/t/ohio-state-buckeyes-sideline-menslong-sleeve-windshirt-3Z66Jc/02F408D5OH-HJX
https://www.nike.com/t/texas-longhorns-sideline-menslong-sleeve-windshirt-XGJWDH/02F408Y4TXE-HJX
https://www.nike.com/t/tennessee-volunteers-sideline-menslong-sleeve-windshirt-kBTF9q/02F408Y5UTN-HJX
https://www.nike.com/t/north-carolina-tar-heels-sideline-menslong-sleeve-windshirt-d91rmB/02F408Y7NCN-2NV
https://www.nike.com/t/kentucky-wildcats-sideline-menslong-sleeve-windshirt-t8HDgV/02F408YANKY-HJX
https://www.nike.com/t/michigan-wolverines-sideline-menslong-sleeve-windshirt-8NwRn0/02F408YHMWN-2NV
https://www.nike.com/t/usc-trojans-sideline-menslong-sleeve-windshirt-fQ8sGZ/02F408YMSCJ-HJX
https://www.nike.com/t/new-york-jets-logo-mens-long-sleeve-windshirt-p7fh5J/02F43PCQ9Z-QG5
https://www.nike.com/t/buffalo-bills-sideline-mens-long-sleeve-windshirt-dHFFZw/02F44DA81-5UB
https://www.nike.com/t/philadelphia-eagles-sideline-team-issue-club-mens-pants-QGhCLC/02F700A86-4NZ
https://www.nike.com/t/michigan-state-spartans-sideline-mens-dri-fitpolo-BZQl2t/02F83EYMST-LUS
https://www.nike.com/t/philadelphia-eagles-sideline-mens-dri-fit-polo-VtK5rD/02F83JD86-5DL
https://www.nike.com/t/kentucky-wildcats-sideline-mens-dri-fitpolo-K71TrF/02F84EVNKY-LUS
https://www.nike.com/t/ohio-state-buckeyes-sideline-mens-dri-fitpolo-42bjTq/02F865NOH-LUS
https://www.nike.com/t/stanford-cardinal-sideline-mens-dri-fitpolo-mnsn6G/02F869WSDN-LUS
https://www.nike.com/t/florida-state-seminoles-sideline-mens-dri-fitpolo-Ql5jdp/02F869XFTN-LUS
https://www.nike.com/t/clemson-tigers-sideline-mens-dri-fitpolo-lcvZ9d/02F889MCLN-LUS
https://www.nike.com/t/arizona-cardinals-sideline-coach-mens-long-sleeve-top-f9bDlq/02FA047Y9C-UQ6
https://www.nike.com/t/new-orleans-saints-sideline-coach-mens-long-sleeve-top-rm131l/02FA054Y7W-UQ6
https://www.nike.com/t/new-york-jets-sideline-coach-mens-long-sleeve-top-ggwHPF/02FA055Y72-UQ6
https://www.nike.com/t/jacksonville-jaguars-sideline-coach-mens-long-sleeve-top-jTWgl4/02FA066K9N-UQ6
https://www.nike.com/t/new-york-jets-sideline-logo-coach-mens-long-sleeve-top-tz6kG5/02FA066YQ9Z-9BM
https://www.nike.com/t/new-england-patriots-sideline-coach-mens-long-sleeve-top-4FG8l3/02FA069K8K-UQ6
https://www.nike.com/t/kansas-city-chiefs-sideline-coach-mens-long-sleeve-top-P90Q2p/02FA080K7G-UQ6
https://www.nike.com/t/indianapolis-colts-sideline-coach-mens-long-sleeve-top-zFZJjd/02FA088K98-UQ6
https://www.nike.com/t/indianapolis-colts-sideline-logo-coach-mens-long-sleeve-top-HLnd2M/02FA088KQ98-9BM
https://www.nike.com/t/denver-broncos-logo-coach-mens-long-sleeve-top-Z14Nqm/02FA0BO9Q8W-9BM
https://www.nike.com/t/cincinnati-bengals-sideline-coach-mens-long-sleeve-top-hntXxT/02FA51K9A-UQ6
https://www.nike.com/t/tampa-bay-buccaneers-sideline-coach-mens-long-sleeve-top-DvcRZf/02FA959Z8B-UQ6
https://www.nike.com/t/new-orleans-saints-sideline-mens-dri-fit-long-sleeve-hooded-top-Rxlkzn/02FC00A7W-CAM
https://www.nike.com/t/las-vegas-raiders-sideline-mens-dri-fit-long-sleeve-hooded-top-2Ctz5f/02FC00A8D-CAM
https://www.nike.com/t/atlanta-falcons-sideline-mens-dri-fit-long-sleeve-hooded-top-FTThRh/02FC00A96-CAM
https://www.nike.com/t/cincinnati-bengals-sideline-mens-dri-fit-long-sleeve-hooded-top-73JH4F/02FC00A9A-CAM
https://www.nike.com/t/carolina-panthers-sideline-mens-dri-fit-long-sleeve-hooded-top-tsKwbj/02FC00A9D-CAM
https://www.nike.com/t/jacksonville-jaguars-sideline-mens-dri-fit-long-sleeve-hooded-top-XxXd1j/02FC00A9N-CAM
https://www.nike.com/t/lsu-tigers-sideline-mens-dri-fitlong-sleeve-hooded-top-Q0kzVq/02FC00ALSN-SXN
https://www.nike.com/t/cleveland-browns-sideline-mens-dri-fit-long-sleeve-hooded-top-xsXCfd/02FC2DI9I-CAM
https://www.nike.com/t/michigan-state-spartans-sideline-mens-dri-fitlong-sleeve-hooded-top-DnmJHx/02FC3EYMST-SXN
https://www.nike.com/t/miami-dolphins-sideline-mens-dri-fit-long-sleeve-hooded-top-0xV894/02FC3GT9P-CAM
https://www.nike.com/t/seattle-seahawks-sideline-mens-dri-fit-long-sleeve-hooded-top-5c1kjB/02FC41S78-CAM
https://www.nike.com/t/dallas-cowboys-sideline-mens-dri-fit-long-sleeve-hooded-top-8wZ0T4/02FC41S7RD-CAM
https://www.nike.com/t/new-england-patriots-sideline-mens-dri-fit-long-sleeve-hooded-top-pQc2mV/02FC41S8K-CAM
https://www.nike.com/t/buffalo-bills-sideline-mens-dri-fit-long-sleeve-hooded-top-fwCJ48/02FC4DA81-CAM
https://www.nike.com/t/new-york-giants-sideline-mens-dri-fit-long-sleeve-hooded-top-F3QF5x/02FC4EW8I-CAM
https://www.nike.com/t/indianapolis-colts-sideline-mens-dri-fit-long-sleeve-hooded-top-wp7tzk/02FC4LB98-CAM
https://www.nike.com/t/georgia-bulldogs-sideline-mens-dri-fitlong-sleeve-hooded-top-R68KZw/02FC65NNGB-SXN
https://www.nike.com/t/washington-commanders-sideline-mens-dri-fit-long-sleeve-hooded-top-lL6x8z/02FC67P9E-CAM
https://www.nike.com/t/tampa-bay-buccaneers-sideline-mens-dri-fit-long-sleeve-hooded-top-x3JbDg/02FC6DL8B-CAM
https://www.nike.com/t/arizona-cardinals-sideline-mens-dri-fit-long-sleeve-hooded-top-9g1QNQ/02FC6ED9C-CAM
https://www.nike.com/t/texas-longhorns-sideline-mens-dri-fitlong-sleeve-hooded-top-3Mt6Ts/02FC81FTXE-SXN
https://www.nike.com/t/michigan-state-spartans-on-court-basketball-mens-dri-fitfull-zip-hoodie-VC5SpV/02FD05RSMST-CRP
https://www.nike.com/t/kentucky-wildcats-on-court-basketball-mens-dri-fitfull-zip-hoodie-QvgFbw/02FD05RSNKY-CRP
https://www.nike.com/t/arizona-wildcats-on-court-basketball-mens-dri-fitfull-zip-hoodie-wbHzP6/02FD05RSUAN-CRP
https://www.nike.com/t/tennessee-volunteers-on-court-basketball-mens-dri-fitfull-zip-hoodie-WZm7xC/02FD05RSUTN-CRP
https://www.nike.com/t/new-york-jets-sideline-player-team-issue-mens-dri-fit-long-sleeve-top-fZqKsz/02FE00A72-B73
https://www.nike.com/t/new-orleans-saints-sideline-player-team-issue-mens-dri-fit-long-sleeve-top-4GVs8z/02FE00A7W-B73
https://www.nike.com/t/philadelphia-eagles-sideline-player-team-issue-mens-dri-fit-long-sleeve-top-72qzKj/02FE00A86-B73
https://www.nike.com/t/las-vegas-raiders-sideline-player-team-issue-mens-dri-fit-long-sleeve-top-2BP0pj/02FE00A8D-B73
https://www.nike.com/t/atlanta-falcons-sideline-player-team-issue-mens-dri-fit-long-sleeve-top-rTJ8Tq/02FE00A96-B73
https://www.nike.com/t/cincinnati-bengals-sideline-player-team-issue-mens-dri-fit-long-sleeve-top-mMvfSS/02FE00A9A-B73
https://www.nike.com/t/arizona-cardinals-sideline-player-team-issue-mens-dri-fit-long-sleeve-top-H0Qb9S/02FE00A9C-B73
https://www.nike.com/t/carolina-panthers-sideline-player-team-issue-mens-dri-fit-long-sleeve-top-JHQ0mk/02FE00A9D-B73
https://www.nike.com/t/jacksonville-jaguars-sideline-player-team-issue-mens-dri-fit-long-sleeve-top-D5DwfX/02FE00A9N-B73
https://www.nike.com/t/green-bay-packers-sideline-player-team-issue-mens-dri-fit-long-sleeve-top-BvdcTc/02FE3EE7T-B73
https://www.nike.com/t/miami-dolphins-sideline-player-team-issue-mens-dri-fit-long-sleeve-top-VqGlcv/02FE3GT9P-B73
https://www.nike.com/t/chicago-bears-sideline-player-team-issue-mens-dri-fit-long-sleeve-top-5XHXX4/02FE41L7Q-B73
https://www.nike.com/t/seattle-seahawks-sideline-player-team-issue-mens-dri-fit-long-sleeve-top-vM9r6J/02FE41S78-B73
https://www.nike.com/t/new-england-patriots-sideline-player-team-issue-mens-dri-fit-long-sleeve-top-04B3lm/02FE41S8K-B73
https://www.nike.com/t/denver-broncos-sideline-player-team-issue-mens-dri-fit-long-sleeve-top-7GmSJC/02FE41S8W-B73
https://www.nike.com/t/los-angeles-chargers-sideline-player-team-issue-mens-dri-fit-long-sleeve-top-2gRDLZ/02FE48Y97-B73
https://www.nike.com/t/buffalo-bills-sideline-player-team-issue-mens-dri-fit-long-sleeve-top-P8KRLR/02FE4DA81-B73
https://www.nike.com/t/new-york-giants-sideline-player-team-issue-mens-dri-fit-long-sleeve-top-NnQVKQ/02FE4EW8I-B73
https://www.nike.com/t/indianapolis-colts-sideline-player-team-issue-mens-dri-fit-long-sleeve-top-JMf9DW/02FE4LB98-B73
https://www.nike.com/t/los-angeles-rams-sideline-player-team-issue-mens-dri-fit-long-sleeve-top-9KCVZx/02FE4NP95-B73
https://www.nike.com/t/kansas-city-chiefs-sideline-player-team-issue-mens-dri-fit-long-sleeve-top-cxTNqc/02FE65N7G-B73
https://www.nike.com/t/washington-commanders-sideline-player-team-issue-mens-dri-fit-long-sleeve-top-z0pv8p/02FE67P9E-B73
https://www.nike.com/t/san-francisco-49ers-sideline-player-team-issue-mens-dri-fit-long-sleeve-top-kfCL9X/02FE6DL73-B73
https://www.nike.com/t/tampa-bay-buccaneers-sideline-player-team-issue-mens-dri-fit-long-sleeve-top-fqnqSW/02FE6DL8B-B73
https://www.nike.com/t/oklahoma-sooners-sideline-player-mens-dri-fitt-shirt-G5LtQj/02FE99MIOKN-ZDG
https://www.nike.com/t/pittsburgh-steelers-sideline-player-mens-dri-fit-t-shirt-C7cvQM/02FF00A7L-B73
https://www.nike.com/t/new-orleans-saints-sideline-player-mens-dri-fit-t-shirt-VmTJ6P/02FF00A7W-B73
https://www.nike.com/t/las-vegas-raiders-sideline-player-mens-dri-fit-t-shirt-WR4Hfc/02FF00A8D-B73
https://www.nike.com/t/baltimore-ravens-sideline-player-mens-dri-fit-t-shirt-1pRNpw/02FF00A8G-B73
https://www.nike.com/t/atlanta-falcons-sideline-player-mens-dri-fit-t-shirt-4q1hTM/02FF00A96-B73
https://www.nike.com/t/cincinnati-bengals-sideline-player-mens-dri-fit-t-shirt-bzNPFW/02FF00A9A-B73
https://www.nike.com/t/arizona-cardinals-sideline-player-mens-dri-fit-t-shirt-7JwRb2/02FF00A9C-B73
https://www.nike.com/t/carolina-panthers-sideline-player-mens-dri-fit-t-shirt-0fLrdP/02FF00A9D-B73
https://www.nike.com/t/jacksonville-jaguars-sideline-player-mens-dri-fit-t-shirt-hGQzfR/02FF00A9N-B73
https://www.nike.com/t/cleveland-browns-sideline-player-mens-dri-fit-t-shirt-dXFJFl/02FF2DI9I-B73
https://www.nike.com/t/green-bay-packers-sideline-player-mens-dri-fit-t-shirt-1lcrxQ/02FF3EE7T-B73
https://www.nike.com/t/miami-dolphins-sideline-player-mens-dri-fit-t-shirt-gRf9Dl/02FF3GT9P-B73
https://www.nike.com/t/chicago-bears-sideline-player-mens-dri-fit-t-shirt-7SDRjJ/02FF41L7Q-B73
https://www.nike.com/t/seattle-seahawks-sideline-player-mens-dri-fit-t-shirt-xRzJcg/02FF41S78-B73
https://www.nike.com/t/dallas-cowboys-sideline-player-mens-dri-fit-t-shirt-R7s3SZ/02FF41S7RD-B73
https://www.nike.com/t/tennessee-titans-sideline-player-mens-dri-fit-t-shirt-4bL91r/02FF41S8F-B73
https://www.nike.com/t/new-england-patriots-sideline-player-mens-dri-fit-t-shirt-5r9WWX/02FF41S8K-B73
https://www.nike.com/t/denver-broncos-sideline-player-mens-dri-fit-t-shirt-M5zPQC/02FF41S8W-B73
https://www.nike.com/t/los-angeles-chargers-sideline-player-mens-dri-fit-t-shirt-tvF2XM/02FF48Y97-B73
https://www.nike.com/t/buffalo-bills-sideline-player-mens-dri-fit-t-shirt-Jx4Q07/02FF4DA81-B73
https://www.nike.com/t/new-york-giants-sideline-player-mens-dri-fit-t-shirt-3R7qb7/02FF4EW8I-B73
https://www.nike.com/t/indianapolis-colts-sideline-player-mens-dri-fit-t-shirt-w8dgsq/02FF4LB98-B73
https://www.nike.com/t/los-angeles-rams-sideline-player-mens-dri-fit-t-shirt-FjtPz2/02FF4NP95-B73
https://www.nike.com/t/minnesota-vikings-sideline-player-mens-dri-fit-t-shirt-VxZ8vl/02FF51L9M-B73
https://www.nike.com/t/kansas-city-chiefs-sideline-player-mens-dri-fit-t-shirt-m3nDjK/02FF65N7G-B73
https://www.nike.com/t/tampa-bay-buccaneers-sideline-player-mens-dri-fit-t-shirt-hZx391/02FF6DL8B-B73
https://www.nike.com/t/oklahoma-sooners-sideline-player-mens-dri-fitt-shirt-llPzjQ/02FF99MIOKN-ZDG
https://www.nike.com/t/las-vegas-raiders-sideline-jersey-mens-dri-fit-pullover-hoodie-fxDsVS/02FI00A8D-L98
https://www.nike.com/t/san-francisco-49ers-sideline-jersey-mens-dri-fit-pullover-hoodie-PmtwvG/02FI6DL73-L98
https://www.nike.com/t/new-york-giants-crucial-catch-mens-t-shirt-jJ9PLp/02G300AZUN-GXZ
https://www.nike.com/t/arizona-cardinals-crucial-catch-club-mens-pullover-hoodie-sWzNGQ/02G400AZU1-GXZ
https://www.nike.com/t/los-angeles-chargers-crucial-catch-club-mens-pullover-hoodie-K5V902/02G400AZUH-GXZ
https://www.nike.com/t/new-york-jets-crucial-catch-club-mens-pullover-hoodie-DmM7fQ/02G400AZUP-GXZ
https://www.nike.com/t/las-vegas-raiders-crucial-catch-club-mens-pullover-hoodie-LwlVq7/02G400AZUQ-GXZ
https://www.nike.com/t/minnesota-vikings-crucial-catch-womens-t-shirt-mCdNJF/02G500AZUK-GXZ
https://www.nike.com/t/new-york-giants-crucial-catch-womens-t-shirt-sSPZ3W/02G500AZUN-GXZ
https://www.nike.com/t/pittsburgh-steelers-crucial-catch-club-womens-pullover-hoodie-ZLZnjh/02G600AZUS-GXZ
https://www.nike.com/t/cleveland-browns-salute-to-service-edge-arch-mens-dri-fit-t-shirt-VDL0qf/02G710AA28-ZGQ
https://www.nike.com/t/dallas-cowboys-salute-to-service-edge-arch-mens-dri-fit-t-shirt-I7zI7VOK/02G710AA29-ZGQ
https://www.nike.com/t/los-angeles-chargers-salute-to-service-edge-arch-mens-dri-fit-t-shirt-xsP57x/02G710AA2H-ZGQ
https://www.nike.com/t/new-york-giants-salute-to-service-edge-arch-mens-dri-fit-t-shirt-Xwwfk9/02G710AA2N-ZGQ
https://www.nike.com/t/new-york-jets-salute-to-service-edge-arch-mens-dri-fit-t-shirt-N9ctCP/02G710AA2P-ZGQ
https://www.nike.com/t/las-vegas-raiders-salute-to-service-edge-arch-mens-dri-fit-t-shirt-JhZzLc/02G710AA2Q-ZGQ
https://www.nike.com/t/pittsburgh-steelers-salute-to-service-edge-arch-mens-dri-fit-t-shirt-q5PdfQ/02G710AA2S-ZGQ
https://www.nike.com/t/tennessee-titans-salute-to-service-edge-arch-mens-dri-fit-t-shirt-TxZJx5/02G710AA2W-ZGQ
https://www.nike.com/t/buffalo-bills-salute-to-service-edge-mascot-lockup-mens-dri-fit-long-sleeve-hooded-top-ktblXz/02G904RA24-6QC
https://www.nike.com/t/chicago-bears-salute-to-service-edge-mascot-lockup-mens-dri-fit-long-sleeve-hooded-top-Kt4CfT/02G904RA26-6QC
https://www.nike.com/t/cleveland-browns-salute-to-service-edge-mascot-lockup-mens-dri-fit-long-sleeve-hooded-top-tFM7B6/02G904RA28-6QC
https://www.nike.com/t/dallas-cowboys-salute-to-service-edge-mascot-lockup-mens-dri-fit-long-sleeve-hooded-top-pERCYFdE/02G904RA29-6QC
https://www.nike.com/t/green-bay-packers-salute-to-service-edge-mascot-lockup-mens-dri-fit-long-sleeve-hooded-top-3XG6Qn/02G904RA2C-6QC
https://www.nike.com/t/houston-texans-salute-to-service-edge-mascot-lockup-mens-dri-fit-long-sleeve-hooded-top-g6MqMv/02G904RA2D-6QC
https://www.nike.com/t/indianapolis-colts-salute-to-service-edge-mascot-lockup-mens-dri-fit-long-sleeve-hooded-top-Q0NjB1/02G904RA2E-6QC
https://www.nike.com/t/jacksonville-jaguars-salute-to-service-edge-mascot-lockup-mens-dri-fit-long-sleeve-hooded-top-Bb3CMz/02G904RA2F-6QC
https://www.nike.com/t/los-angeles-chargers-salute-to-service-edge-mascot-lockup-mens-dri-fit-long-sleeve-hooded-top-1NsblH/02G904RA2H-6QC
https://www.nike.com/t/miami-dolphins-salute-to-service-edge-mascot-lockup-mens-dri-fit-long-sleeve-hooded-top-bGQzzG/02G904RA2J-6QC
https://www.nike.com/t/new-england-patriots-salute-to-service-edge-mascot-lockup-mens-dri-fit-long-sleeve-hooded-top-qvxfLp/02G904RA2L-6QC
https://www.nike.com/t/new-orleans-saints-salute-to-service-edge-mascot-lockup-mens-dri-fit-long-sleeve-hooded-top-13vgrM/02G904RA2M-6QC
https://www.nike.com/t/new-york-giants-salute-to-service-edge-mascot-lockup-mens-dri-fit-long-sleeve-hooded-top-nMJLlW/02G904RA2N-6QC
https://www.nike.com/t/new-york-jets-salute-to-service-edge-mascot-lockup-mens-dri-fit-long-sleeve-hooded-top-jD0Lrn/02G904RA2P-6QC
https://www.nike.com/t/las-vegas-raiders-salute-to-service-edge-mascot-lockup-mens-dri-fit-long-sleeve-hooded-top-hcfzds/02G904RA2Q-6QC
https://www.nike.com/t/philadelphia-eagles-salute-to-service-edge-mascot-lockup-mens-dri-fit-long-sleeve-hooded-top-BGpSdg/02G904RA2R-6QC
https://www.nike.com/t/seattle-seahawks-salute-to-service-edge-mascot-lockup-mens-dri-fit-long-sleeve-hooded-top-sLDTST/02G904RA2U-6QC
https://www.nike.com/t/tampa-bay-buccaneers-salute-to-service-edge-mascot-lockup-mens-dri-fit-long-sleeve-hooded-top-GxtTTc/02G904RA2V-6QC
https://www.nike.com/t/tennessee-titans-salute-to-service-edge-mascot-lockup-mens-dri-fit-long-sleeve-hooded-top-sMwlNG/02G904RA2W-6QC
https://www.nike.com/t/cincinnati-bengals-salute-to-service-edge-mascot-lockup-mens-dri-fit-long-sleeve-hooded-top-lVmn86/02G904RA2Y-6QC
https://www.nike.com/t/dallas-cowboys-salute-to-service-edge-lockup-mens-long-sleeve-top-gLNMEO0F/02GA06FA29-L8B
https://www.nike.com/t/duke-blue-devils-military-appreciation-club-menspullover-hoodie-w9hKft/02GC09SFDU-2QZ
https://www.nike.com/t/florida-state-seminoles-military-appreciation-club-menspullover-hoodie-45FZKs/02GC09SFFTN-2QZ
https://www.nike.com/t/iowa-hawkeyes-military-appreciation-club-menspullover-hoodie-TzmK6M/02GC09SFIA-2QZ
https://www.nike.com/t/baltimore-ravens-salute-to-service-primary-edge-club-mens-pullover-hoodie-J76Q1w/02GC0A9AA23-QXA
https://www.nike.com/t/miami-dolphins-salute-to-service-primary-edge-club-mens-pullover-hoodie-B4BR7T/02GC0A9AA2J-QXA
https://www.nike.com/t/minnesota-vikings-salute-to-service-primary-edge-club-mens-pullover-hoodie-2TxZck/02GC0A9AA2K-QXA
https://www.nike.com/t/new-orleans-saints-salute-to-service-primary-edge-club-mens-pullover-hoodie-dSgkFN/02GC0A9AA2M-QXA
https://www.nike.com/t/las-vegas-raiders-salute-to-service-primary-edge-club-mens-pullover-hoodie-rT0393/02GC0A9AA2Q-QXA
https://www.nike.com/t/seattle-seahawks-salute-to-service-primary-edge-club-mens-pullover-hoodie-Z8B71H/02GC0A9AA2U-QXA
https://www.nike.com/t/tennessee-titans-salute-to-service-primary-edge-club-mens-pullover-hoodie-smXHQg/02GC0A9AA2W-QXA
https://www.nike.com/t/cleveland-browns-salute-to-service-edge-lockup-womens-dri-fit-long-sleeve-t-shirt-NRzh63/02GD10AA28-C45
https://www.nike.com/t/houston-texans-salute-to-service-edge-lockup-womens-dri-fit-long-sleeve-t-shirt-3MltW7/02GD10AA2D-C45
https://www.nike.com/t/new-orleans-saints-salute-to-service-edge-lockup-womens-dri-fit-long-sleeve-t-shirt-4VgKbz/02GD10AA2M-C45
https://www.nike.com/t/new-york-giants-salute-to-service-edge-lockup-womens-dri-fit-long-sleeve-t-shirt-qz5Kz5/02GD10AA2N-C45
https://www.nike.com/t/new-york-jets-salute-to-service-edge-lockup-womens-dri-fit-long-sleeve-t-shirt-dXC301/02GD10AA2P-C45
https://www.nike.com/t/arizona-cardinals-salute-to-service-primary-edge-club-womens-pullover-hoodie-C8RdFt/02GE0A9AA21-AT0
https://www.nike.com/t/cleveland-browns-salute-to-service-primary-edge-club-womens-pullover-hoodie-PCZhHx/02GE0A9AA28-AT0
https://www.nike.com/t/houston-texans-salute-to-service-primary-edge-club-womens-pullover-hoodie-0gXQZM/02GE0A9AA2D-AT0
https://www.nike.com/t/jacksonville-jaguars-salute-to-service-primary-edge-club-womens-pullover-hoodie-4LqBb0/02GE0A9AA2F-AT0
https://www.nike.com/t/los-angeles-chargers-salute-to-service-primary-edge-club-womens-pullover-hoodie-VKNb3t/02GE0A9AA2H-AT0
https://www.nike.com/t/new-york-jets-salute-to-service-primary-edge-club-womens-pullover-hoodie-w1sdB5/02GE0A9AA2P-AT0
https://www.nike.com/t/tennessee-titans-salute-to-service-primary-edge-club-womens-pullover-hoodie-BDWJ6Q/02GE0A9AA2W-AT0
https://www.nike.com/t/michigan-state-spartans-legacy-retro-menspullover-hoodie-zRs7NS/02K303AUMSV-M2K
https://www.nike.com/t/alabama-crimson-tide-legacy-retro-menspullover-hoodie-b7fPS5/02K303AWABV-M2K
https://www.nike.com/t/stanford-cardinal-legacy-retro-menspullover-hoodie-WfrcJZ/02K303AWSVV-M2K
https://www.nike.com/t/west-virginia-mountaineers-legacy-retro-menspullover-hoodie-j5gDJC/02K308Y2WVV-M2K
https://www.nike.com/t/michigan-wolverines-legacy-retro-menspullover-hoodie-C9nb2g/02K308Y8MWV-M2K
https://www.nike.com/t/clemson-tigers-legacy-retro-menspullover-hoodie-w3q4Mn/02K308YFCLV-M2K
https://www.nike.com/t/oklahoma-sooners-legacy-retro-menspullover-hoodie-djBhJ6/02K30CWMOKV-M2K
https://www.nike.com/t/michigan-state-spartans-basketball-mens-dri-fitshorts-kmrS2N/02K7024NMST-E4C
https://www.nike.com/t/duke-blue-devils-basketball-mens-dri-fitshorts-rMbsQK/02K7054NDU-E4C
https://www.nike.com/t/texas-longhorns-basketball-mens-dri-fitshorts-jLGD9C/02K708D9TXE-E4C
https://www.nike.com/t/los-angeles-dodgers-authentic-collection-practice-velocity-womens-dri-fit-t-shirt-S9kMmn/02LQ00ALD-J37
https://www.nike.com/t/chicago-white-sox-authentic-collection-practice-velocity-womens-dri-fit-t-shirt-35PHWm/02LQ00ARX-J37
https://www.nike.com/t/san-diego-padres-authentic-collection-practice-velocity-womens-dri-fit-t-shirt-kj6kdp/02LQ20QPYP-J37
https://www.nike.com/t/oakland-athletics-authentic-collection-practice-velocity-womens-dri-fit-t-shirt-Vn4K8C/02LQ3EYFZ-J37
https://www.nike.com/t/milwaukee-brewers-authentic-collection-practice-velocity-womens-dri-fit-t-shirt-pbltxq/02LQ44BMZB-J37
https://www.nike.com/t/texas-rangers-authentic-collection-practice-velocity-womens-dri-fit-t-shirt-bzHP0L/02LQ47XTER-J37
https://www.nike.com/t/new-york-mets-authentic-collection-practice-velocity-womens-dri-fit-t-shirt-zffHwh/02LQ4EWNME-J37
https://www.nike.com/t/los-angeles-angels-authentic-collection-practice-velocity-womens-dri-fit-t-shirt-NwCdqq/02LQ62QANG-J37
https://www.nike.com/t/st-louis-cardinals-authentic-collection-practice-velocity-womens-dri-fit-t-shirt-5GvPgk/02LQ62QSCN-J37
https://www.nike.com/t/washington-nationals-authentic-collection-practice-velocity-womens-dri-fit-t-shirt-tv1bBN/02LQ62QWTL-J37
https://www.nike.com/t/clemson-tigers-performance-primary-statement-mens-dri-fitt-shirt-SFqChD/02OZ00ACLN-2VV
https://www.nike.com/t/michigan-wolverines-performance-primary-statement-mens-dri-fitt-shirt-CgTgkQ/02OZ00AMWN-2VV
https://www.nike.com/t/michigan-state-spartans-performance-primary-statement-mens-dri-fitt-shirt-G5B0pq/02OZ2AEMST-2VV
https://www.nike.com/t/usc-trojans-performance-primary-statement-mens-dri-fitt-shirt-S0HMp7/02OZ2AESCJ-2VV
https://www.nike.com/t/michigan-state-spartans-fitness-mens-thermapullover-hoodie-F8xXKW/02V6024NMST-6ZS
https://www.nike.com/t/penn-state-nittany-lions-fitness-mens-thermapullover-hoodie-ppPdhB/02V6044PPSN-6ZS
https://www.nike.com/t/duke-blue-devils-fitness-mens-thermapullover-hoodie-KfshFb/02V6054NDU-6ZS
https://www.nike.com/t/kentucky-wildcats-fitness-mens-thermapullover-hoodie-VcMb3w/02V6054NNKY-6ZS
https://www.nike.com/t/iowa-hawkeyes-fitness-mens-thermapullover-hoodie-ZTk9t5/02V6057YIA-6ZS
https://www.nike.com/t/georgia-bulldogs-fitness-mens-thermapullover-hoodie-RcvLk6/02V6064YNGB-6ZS
https://www.nike.com/t/ohio-state-buckeyes-fitness-mens-thermapullover-hoodie-p3m390/02V6064YOH-6ZS
https://www.nike.com/t/usc-trojans-fitness-mens-thermapullover-hoodie-BB6jST/02V608DBSCJ-6ZS
https://www.nike.com/t/florida-state-seminoles-fitness-mens-thermapullover-hoodie-V8CsWk/02V608DEFTN-6ZS
https://www.nike.com/t/alabama-crimson-tide-fitness-mens-thermapullover-hoodie-GBDKT4/02V699MIABN-6ZS
https://www.nike.com/t/iowa-hawkeyes-primetime-victory-legacy-vault-logo-mens-dri-fitpolo-cGVmxFep/035800AIAV-J2A
https://www.nike.com/t/los-angeles-rams-sideline-essential-womens-pullover-hoodie-WTr0V7/03FH01UE95-WEH
https://www.nike.com/t/cleveland-browns-sideline-essential-womens-pullover-hoodie-qscXV9/03FH043M9I-WEH
https://www.nike.com/t/san-francisco-49ers-sideline-essential-womens-pullover-hoodie-9Mbhz7/03FH048Y73-WEH
https://www.nike.com/t/new-orleans-saints-sideline-essential-womens-pullover-hoodie-tTbHwL/03FH054Y7W-WEH
https://www.nike.com/t/las-vegas-raiders-sideline-essential-womens-pullover-hoodie-4SBhqb/03FH056Y8D-WEH
https://www.nike.com/t/pittsburgh-steelers-sideline-essential-womens-pullover-hoodie-SXvQb4/03FH057Y7L-WEH
https://www.nike.com/t/buffalo-bills-sideline-essential-womens-pullover-hoodie-dhSvxS/03FH059K81-WEH
https://www.nike.com/t/arizona-cardinals-sideline-essential-womens-pullover-hoodie-JTCCNj/03FH060Y9C-WEH
https://www.nike.com/t/jacksonville-jaguars-sideline-essential-womens-pullover-hoodie-fN3r98/03FH066K9N-WEH
https://www.nike.com/t/new-england-patriots-sideline-essential-womens-pullover-hoodie-TC2Vrj/03FH069K8K-WEH
https://www.nike.com/t/new-york-giants-sideline-essential-womens-pullover-hoodie-jn8XQl/03FH073K8I-WEH
https://www.nike.com/t/tennessee-titans-sideline-essential-womens-pullover-hoodie-6009fP/03FH076K8F-WEH
https://www.nike.com/t/ohio-state-buckeyes-sideline-essential-womenspullover-hoodie-d6hX1g/03FH0A71OH-ZFC
https://www.nike.com/t/philadelphia-eagles-sideline-essential-womens-pullover-hoodie-XNrB64/03FH149N86-WEH
https://www.nike.com/t/cincinnati-bengals-sideline-essential-womens-pullover-hoodie-w67BX4/03FH51K9A-WEH
https://www.nike.com/t/los-angeles-chargers-sideline-essential-womens-pullover-hoodie-StSdNK/03FH925Z97-WEH
https://www.nike.com/t/west-virginia-mountaineers-victory-mens-dri-fit1-2-zip-long-sleeve-top-fVB5LT/044319MCWVN-6V3
https://www.nike.com/t/clemson-tigers-victory-mens-dri-fit1-2-zip-long-sleeve-top-ppsv9n/0443507MCLN-6V3
https://www.nike.com/t/michigan-wolverines-statement-max90-menst-shirt-M886wd/0JAY10AMWN-QH8
https://www.nike.com/t/florida-gators-statement-wordmark-lockup-heavyweight-menspullover-hoodie-gkKXzQ/0JD100AUFN-JU7
https://www.nike.com/t/michigan-wolverines-statement-wordmark-lockup-heavyweight-menspullover-hoodie-QWXFwl/0JD110AMWN-JU7
https://www.nike.com/t/north-carolina-tar-heels-primetime-womens-jordanpullover-crew-gmVtdN/0JD700LANCN-88C
https://www.nike.com/t/florida-gators-primetime-womens-jordanpullover-crew-hWGDmD/0JD7062NUFN-88C
https://www.nike.com/t/michigan-wolverines-primetime-womens-jordanpullover-crew-nhr5Rf/0JD7081KMWN-88C
https://www.nike.com/t/oklahoma-sooners-primetime-womens-jordanpullover-crew-zlp4kF/0JD708DVOKN-88C
https://www.nike.com/t/michigan-wolverines-on-court-basketball-mens-jordan-brand-dri-fitfull-zip-hoodie-X1XLHD/0JFD05RSMWN-CRP
https://www.nike.com/t/north-carolina-tar-heels-basketball-mens-jordan-brand-dri-fitshorts-N2m6Hq/0JK719NPNCN-E4C
https://www.nike.com/t/michigan-wolverines-basketball-mens-jordan-brand-dri-fitshorts-jb9dXp/0JK7CNAMMWN-E4C
https://www.nike.com/t/michigan-wolverines-mens-jordan-brand-dri-fitlong-sleeve-hooded-t-shirt-8WzPvj/0JNB02C4MWN-K9W
https://www.nike.com/t/oklahoma-sooners-blitz-mens-jordan-dri-fitlong-sleeve-hooded-t-shirt-3QLs5Z/0JNBCY51OKN-VRK
https://www.nike.com/t/florida-gators-fitness-mens-jordan-brand-thermapullover-hoodie-jJ4Jtv/0JV608DDUFN-6ZS
https://www.nike.com/t/ucla-bruins-fitness-mens-jordan-brand-thermapullover-hoodie-5TLGj5/0JV609WTUCL-6ZS
https://www.nike.com/t/michigan-wolverines-fitness-mens-jordan-brand-thermapullover-hoodie-BPvxxR/0JV6CNAMMWN-6ZS
https://www.nike.com/t/florida-gators-player-mens-jordan-brand-dri-fitshorts-N21XDc/0JYK021NUFN-BV9
https://www.nike.com/t/michigan-wolverines-player-mens-jordan-brand-dri-fitshorts-KtG6GP/0JYK045PMWN-BV9
https://www.nike.com/t/oklahoma-sooners-player-mens-jordan-brand-dri-fitshorts-kFfrs7/0JYK09YLOKN-BV9
https://www.nike.com/t/converse-x-a-cold-wall-t-shirt-KPCCHX/10026876-620
https://www.nike.com/t/converse-x-irak-nyc-rugby-shirt-2HQqVC/10027809-102
https://www.nike.com/t/converse-x-irak-nyc-gold-standard-hoodie-NgVSCX/10027810-035
https://www.nike.com/t/converse-x-irak-nyc-gold-standard-t-shirt-HwLkXT/10027812-245
https://www.nike.com/t/converse-x-daily-paper-malden-liner-jacket-3JDQPq/10027825-001
https://www.nike.com/t/converse-x-daily-paper-full-zip-hoodie-fZtTgz/10027826-001
https://www.nike.com/t/converse-x-daily-paper-gold-standard-tee-4XkD6V/10027828-001
https://www.nike.com/t/converse-x-daily-paper-cropped-shirt-gJ3ZS6/10027831-001
https://www.nike.com/t/mens-custom-fit-croco-golf-belt-with-ultralight-buckle-fsV7jS/11121A-001
https://www.nike.com/t/mens-stretch-woven-golf-belt-J2qZV3/11297A-001
https://www.nike.com/t/mens-stretch-woven-golf-belt-J2qZV3/11297A-051
https://www.nike.com/t/mens-stretch-woven-golf-belt-J2qZV3/11297A-440
https://www.nike.com/t/wide-stretch-web-golf-belt-WXR59F/131320-093
https://www.nike.com/u/custom-nike-mercurial-superfly-10-elite-by-you-10002058/1537919915
https://www.nike.com/u/custom-nike-mercurial-superfly-10-elite-by-you-10002058/1938448428
https://www.nike.com/u/custom-nike-mercurial-superfly-10-elite-by-you-10002058/4726421750
https://www.nike.com/u/custom-nike-mercurial-superfly-10-elite-by-you-10002058/5499746238
https://www.nike.com/u/custom-nike-mercurial-superfly-10-elite-by-you-10002058/9516612300
https://www.nike.com/u/custom-nike-mercurial-superfly-10-elite-by-you-10002058/9628305909
https://www.nike.com/u/custom-air-presto-by-you-10001759/1561229980
https://www.nike.com/u/custom-air-presto-by-you-10001759/2937008894
https://www.nike.com/u/custom-air-presto-by-you-10001759/3205657830
https://www.nike.com/u/custom-air-presto-by-you-10001759/5418925013
https://www.nike.com/u/custom-air-presto-by-you-10001759/5625301311
https://www.nike.com/u/custom-air-presto-by-you-10001759/6243434053
https://www.nike.com/u/custom-air-presto-by-you-10001759/6970882190
https://www.nike.com/u/custom-air-presto-by-you-10001759/7105162625
https://www.nike.com/u/custom-air-presto-by-you-10001759/7370806197
https://www.nike.com/u/custom-air-presto-by-you-10001759/9576153858
https://www.nike.com/u/custom-nike-p-6000-by-you-10001968/1563787041
https://www.nike.com/u/custom-nike-p-6000-by-you-10001968/1819426951
https://www.nike.com/u/custom-nike-p-6000-by-you-10001968/3292810502
https://www.nike.com/u/custom-nike-p-6000-by-you-10001968/3739464294
https://www.nike.com/u/custom-nike-p-6000-by-you-10001968/5278266845
https://www.nike.com/u/custom-nike-p-6000-by-you-10001968/7009858298
https://www.nike.com/u/custom-nike-blazer-low-77-by-you-10001281/1565896951
https://www.nike.com/u/custom-nike-blazer-low-77-by-you-10001281/3824793890
https://www.nike.com/u/custom-nike-blazer-low-77-by-you-10001281/8932186612
https://www.nike.com/u/custom-nike-blazer-low-77-by-you-10001281/9663637006
https://www.nike.com/u/custom-nike-blazer-low-77-by-you-10001281/9693201788
https://www.nike.com/u/custom-nike-air-max-97-shoes-by-you-10001609/1585533760
https://www.nike.com/u/custom-nike-air-max-97-shoes-by-you-10001609/2720404773
https://www.nike.com/u/custom-nike-air-max-97-shoes-by-you-10001609/6663364575
https://www.nike.com/u/custom-nike-air-max-97-shoes-by-you-10001609/7696941251
https://www.nike.com/u/custom-nike-air-max-97-shoes-by-you-10001609/7710133996
https://www.nike.com/u/custom-nike-air-max-97-shoes-by-you-10001609/8806623397
https://www.nike.com/t/jordan-baby-crafted-utility-2-piece-skort-set-WNWhJMV6/15D696-W3Z
https://www.nike.com/u/custom-phantom-luna-academy-2-by-you-10001769/1619688334
https://www.nike.com/u/custom-phantom-luna-academy-2-by-you-10001769/5470765926
https://www.nike.com/u/custom-phantom-luna-academy-2-by-you-10001769/6856678471
https://www.nike.com/u/custom-phantom-luna-academy-2-by-you-10001769/7022153907
https://www.nike.com/u/custom-phantom-luna-academy-2-by-you-10001769/7890053440
https://www.nike.com/u/custom-phantom-luna-academy-2-by-you-10001769/9244223537
https://www.nike.com/u/custom-nike-air-max-97-shoes-by-you-10001632/1624577766
https://www.nike.com/u/custom-nike-air-force-1-high-10001940/1659578885
https://www.nike.com/u/custom-nike-air-force-1-high-10001940/2779797581
https://www.nike.com/u/custom-nike-air-force-1-high-10001940/2969712773
https://www.nike.com/u/custom-nike-air-force-1-high-10001940/3335459222
https://www.nike.com/u/custom-nike-air-force-1-high-10001940/3551737301
https://www.nike.com/u/custom-nike-air-force-1-high-10001940/5487199426
https://www.nike.com/u/custom-nike-blazer-mid-77-shoes-by-you-10001870/1684248349
https://www.nike.com/u/custom-nike-blazer-mid-77-shoes-by-you-10001870/2459367925
https://www.nike.com/u/custom-nike-blazer-mid-77-shoes-by-you-10001870/2739284615
https://www.nike.com/u/custom-nike-blazer-mid-77-shoes-by-you-10001870/3287031645
https://www.nike.com/u/custom-nike-blazer-mid-77-shoes-by-you-10001870/4353806930
https://www.nike.com/u/custom-nike-blazer-mid-77-shoes-by-you-10001870/5015961614
https://www.nike.com/u/custom-nike-blazer-mid-77-shoes-by-you-10001870/5327501097
https://www.nike.com/u/custom-nike-blazer-mid-77-shoes-by-you-10001870/6508266905
https://www.nike.com/u/custom-nike-blazer-mid-77-shoes-by-you-10001870/7423563261
https://www.nike.com/u/custom-nike-blazer-mid-77-shoes-by-you-10001870/7984146380
https://www.nike.com/u/custom-nike-pegasus-trail-5-by-you-10001902/1694495036
https://www.nike.com/u/custom-nike-pegasus-trail-5-by-you-10001902/2552678403
https://www.nike.com/u/custom-nike-pegasus-trail-5-by-you-10001902/2857760575
https://www.nike.com/u/custom-nike-pegasus-trail-5-by-you-10001902/7810025798
https://www.nike.com/u/custom-nike-pegasus-trail-5-by-you-10001902/7841217929
https://www.nike.com/u/custom-nike-pegasus-trail-5-by-you-10001902/7967985738
https://www.nike.com/t/shine-baby-12-24m-crew-and-pants-set-cFZLbd/16M460-023
https://www.nike.com/t/femme-pop-baby-2-piece-leggings-set-Yll6qn0O/16M539-P63
https://www.nike.com/t/essentials-baby-2-piece-crew-set-8Ibutf24/16M606-P6I
https://www.nike.com/t/dri-fit-swoosh-motion-baby-2-piece-bike-shorts-set-Gs4SOSFd/16M698-U6B
https://www.nike.com/t/dri-fit-swoosh-motion-baby-2-piece-bike-shorts-set-Gs4SOSFd/16M698-UAV
https://www.nike.com/t/converse-x-drkshdw-turbowpn-boots-hK4dt9/172343C-100
https://www.nike.com/u/custom-phoenix-waffle-by-you-10001757/1748448223
https://www.nike.com/u/custom-phoenix-waffle-by-you-10001757/2164397994
https://www.nike.com/u/custom-phoenix-waffle-by-you-10001757/2697024363
https://www.nike.com/u/custom-phoenix-waffle-by-you-10001757/2891754698
https://www.nike.com/u/custom-phoenix-waffle-by-you-10001757/3734422821
https://www.nike.com/u/custom-phoenix-waffle-by-you-10001757/5872176206
https://www.nike.com/u/custom-phoenix-waffle-by-you-10001757/7637155525
https://www.nike.com/u/custom-phoenix-waffle-by-you-10001757/9459904423
https://www.nike.com/u/custom-phoenix-waffle-by-you-10001757/9631450386
https://www.nike.com/u/custom-nike-air-force-1-low-by-you-shoes-10001936/1761175599
https://www.nike.com/u/custom-nike-air-force-1-low-by-you-shoes-10001936/2301051577
https://www.nike.com/u/custom-nike-air-force-1-low-by-you-shoes-10001936/2750463352
https://www.nike.com/u/custom-nike-air-force-1-low-by-you-shoes-10001936/3288220992
https://www.nike.com/u/custom-nike-air-force-1-low-by-you-shoes-10001936/5208034222
https://www.nike.com/u/custom-nike-air-force-1-low-by-you-shoes-10001936/8523828616
https://www.nike.com/u/custom-nike-air-force-1-low-by-you-shoes-10001936/9402234932
https://www.nike.com/u/custom-nike-air-force-1-low-by-you-shoes-10001936/9570087669
https://www.nike.com/u/custom-nike-air-max-plus-by-you-10001901/1783605488
https://www.nike.com/u/custom-nike-air-max-plus-by-you-10001901/2563609006
https://www.nike.com/u/custom-nike-air-max-plus-by-you-10001901/3442437380
https://www.nike.com/u/custom-nike-air-max-plus-by-you-10001901/4088545884
https://www.nike.com/u/custom-nike-air-max-plus-by-you-10001901/4131555930
https://www.nike.com/u/custom-nike-air-max-plus-by-you-10001901/5793709056
https://www.nike.com/u/custom-nike-air-max-plus-by-you-10001901/6699427634
https://www.nike.com/u/custom-nike-air-max-plus-by-you-10001901/8612189895
https://www.nike.com/u/custom-nike-air-max-plus-by-you-10001901/9054676895
https://www.nike.com/u/custom-nike-air-max-plus-by-you-10001901/9219166385
https://www.nike.com/u/custom-nike-air-max-plus-by-you-10001901/9430230978
https://www.nike.com/u/custom-nike-air-max-plus-by-you-10001901/9450079003
https://www.nike.com/u/custom-nike-air-max-plus-by-you-10001901/9583171020
https://www.nike.com/t/ribbed-web-belt-lNqyqtdo/180010-411
https://www.nike.com/t/mens-belt-JrB3N4/180020-050
https://www.nike.com/t/mens-studded-belt-MZfbR9/180030-010
https://www.nike.com/t/mens-studded-belt-MZfbR9/180030-200
https://www.nike.com/t/mens-reversible-belt-ddjFH5/180050-003
https://www.nike.com/t/mens-reversible-belt-ddjFH5/180050-204
https://www.nike.com/t/mens-leather-belt-z7wvDh/180060-010
https://www.nike.com/t/mens-leather-belt-z7wvDh/180060-200
https://www.nike.com/u/custom-nike-p-6000-by-you-10001969/1815562918
https://www.nike.com/u/custom-nike-p-6000-by-you-10001969/2072641836
https://www.nike.com/u/custom-nike-p-6000-by-you-10001969/2464478717
https://www.nike.com/u/custom-nike-p-6000-by-you-10001969/4650161629
https://www.nike.com/u/custom-nike-p-6000-by-you-10001969/5730785952
https://www.nike.com/u/custom-nike-p-6000-by-you-10001969/6259250459
https://www.nike.com/u/custom-nike-p-6000-by-you-10001969/7396134730
https://www.nike.com/u/custom-invincible-3-by-you-10001804/1823491668
https://www.nike.com/u/custom-invincible-3-by-you-10001804/5577385268
https://www.nike.com/u/custom-invincible-3-by-you-10001804/6443720831
https://www.nike.com/u/custom-invincible-3-by-you-10001804/6818451160
https://www.nike.com/u/custom-invincible-3-by-you-10001804/7078152613
https://www.nike.com/u/custom-invincible-3-by-you-10001804/7830026596
https://www.nike.com/u/custom-invincible-3-by-you-10001804/8229281070
https://www.nike.com/u/custom-nike-mercurial-vapor-16-academy-by-you-10002036/1830014836
https://www.nike.com/u/custom-nike-mercurial-vapor-16-academy-by-you-10002036/4709158566
https://www.nike.com/u/custom-nike-mercurial-vapor-16-academy-by-you-10002036/7575623289
https://www.nike.com/u/custom-nike-mercurial-vapor-16-academy-by-you-10002036/7712495456
https://www.nike.com/u/custom-nike-mercurial-vapor-16-academy-by-you-10002036/8764879113
https://www.nike.com/u/custom-huarache-run-by-you-10001374/1830307208
https://www.nike.com/u/custom-huarache-run-by-you-10001374/2149425729
https://www.nike.com/u/custom-huarache-run-by-you-10001374/4041883818
https://www.nike.com/u/custom-huarache-run-by-you-10001374/4598316439
https://www.nike.com/u/custom-huarache-run-by-you-10001374/7691702521
https://www.nike.com/u/custom-huarache-run-by-you-10001374/8657341190
https://www.nike.com/u/custom-huarache-run-by-you-10001374/8839956032
https://www.nike.com/u/custom-dunk-low-premium-10001934/1859860196
https://www.nike.com/u/custom-dunk-low-premium-10001934/1921185502
https://www.nike.com/u/custom-dunk-low-premium-10001934/2959510257
https://www.nike.com/u/custom-dunk-low-premium-10001934/3765736252
https://www.nike.com/u/custom-dunk-low-premium-10001934/5085603551
https://www.nike.com/u/custom-dunk-low-premium-10001934/7014499780
https://www.nike.com/u/custom-invincible-3-by-you-10001805/1875471603
https://www.nike.com/u/custom-invincible-3-by-you-10001805/1954596551
https://www.nike.com/u/custom-invincible-3-by-you-10001805/3018843323
https://www.nike.com/u/custom-invincible-3-by-you-10001805/4062400312
https://www.nike.com/u/custom-invincible-3-by-you-10001805/5220381491
https://www.nike.com/u/custom-invincible-3-by-you-10001805/5719728677
https://www.nike.com/u/custom-invincible-3-by-you-10001805/8583373214
https://www.nike.com/u/custom-invincible-3-by-you-10001805/9625553881
https://www.nike.com/u/custom-nike-air-force-1-low-by-you-shoes-10001935/1885718112
https://www.nike.com/u/custom-nike-air-force-1-low-by-you-shoes-10001935/3466288579
https://www.nike.com/u/custom-nike-air-force-1-low-by-you-shoes-10001935/3887476025
https://www.nike.com/u/custom-nike-air-force-1-low-by-you-shoes-10001935/5067469423
https://www.nike.com/u/custom-nike-air-force-1-low-by-you-shoes-10001935/5295955654
https://www.nike.com/u/custom-nike-air-force-1-low-by-you-shoes-10001935/5525383855
https://www.nike.com/u/custom-nike-air-force-1-low-by-you-shoes-10001935/6412528929
https://www.nike.com/u/custom-nike-air-force-1-low-by-you-shoes-10001935/7068724557
https://www.nike.com/u/custom-nike-air-max-95-by-you-10001041/1922418042
https://www.nike.com/u/custom-nike-air-max-95-by-you-10001041/2978760131
https://www.nike.com/u/custom-nike-air-max-95-by-you-10001041/5568803190
https://www.nike.com/u/custom-nike-air-max-95-by-you-10001041/6656681795
https://www.nike.com/u/custom-nike-air-max-95-by-you-10001041/7900634307
https://www.nike.com/u/custom-nike-air-max-95-by-you-10001041/9007362103
https://www.nike.com/u/custom-nike-metcon-9-shoes-by-you-10001897/1958736075
https://www.nike.com/u/custom-nike-metcon-9-shoes-by-you-10001897/2158852420
https://www.nike.com/u/custom-nike-metcon-9-shoes-by-you-10001897/2556610804
https://www.nike.com/u/custom-nike-metcon-9-shoes-by-you-10001897/4020595931
https://www.nike.com/u/custom-nike-metcon-9-shoes-by-you-10001897/4055020085
https://www.nike.com/u/custom-nike-metcon-9-shoes-by-you-10001897/5438944970
https://www.nike.com/u/custom-nike-metcon-9-shoes-by-you-10001897/6220377631
https://www.nike.com/u/custom-nike-metcon-9-shoes-by-you-10001897/6256909631
https://www.nike.com/u/custom-nike-metcon-9-shoes-by-you-10001897/9704068370
https://www.nike.com/u/custom-nike-air-force-1-low-by-you-shoes-10001982/2003141793
https://www.nike.com/u/custom-nike-air-zoom-pegasus-41-shoes-by-you-10002039/2003701953
https://www.nike.com/u/custom-nike-air-zoom-pegasus-41-shoes-by-you-10002039/2544383762
https://www.nike.com/u/custom-nike-air-zoom-pegasus-41-shoes-by-you-10002039/3970870568
https://www.nike.com/u/custom-nike-air-zoom-pegasus-41-shoes-by-you-10002039/4829975341
https://www.nike.com/u/custom-nike-air-zoom-pegasus-41-shoes-by-you-10002039/5996440268
https://www.nike.com/u/custom-nike-air-zoom-pegasus-41-shoes-by-you-10002039/6602779290
https://www.nike.com/u/custom-nike-air-zoom-pegasus-41-shoes-by-you-10002039/6902286106
https://www.nike.com/u/custom-nike-air-zoom-pegasus-41-shoes-by-you-10002039/9815493135
https://www.nike.com/u/custom-nike-gt-cut-academy-10001836/2025227571
https://www.nike.com/u/custom-nike-gt-cut-academy-10001836/2889750039
https://www.nike.com/u/custom-nike-gt-cut-academy-10001836/3518284490
https://www.nike.com/u/custom-nike-gt-cut-academy-10001836/4104893522
https://www.nike.com/u/custom-nike-gt-cut-academy-10001836/8679885289
https://www.nike.com/u/custom-nike-gt-cut-academy-10001836/9402958718
https://www.nike.com/u/custom-nike-gt-cut-academy-10001836/9532317607
https://www.nike.com/u/custom-nike-air-max-1-by-you-10002032/2035800128
https://www.nike.com/u/custom-nike-air-max-1-by-you-10002032/2211381062
https://www.nike.com/u/custom-nike-air-max-1-by-you-10002032/3670336232
https://www.nike.com/u/custom-nike-air-max-1-by-you-10002032/5507308244
https://www.nike.com/u/custom-nike-air-max-1-by-you-10002032/7182963673
https://www.nike.com/u/custom-nike-air-force-1-mid-10001938/2082135281
https://www.nike.com/u/custom-nike-air-force-1-mid-10001938/2990365798
https://www.nike.com/u/custom-nike-air-force-1-mid-10001938/5482226289
https://www.nike.com/u/custom-nike-air-force-1-mid-10001938/5959275651
https://www.nike.com/u/custom-nike-air-force-1-mid-10001938/6502490177
https://www.nike.com/u/custom-nike-air-force-1-mid-10001938/7605047396
https://www.nike.com/u/custom-nike-air-force-1-mid-10001937/2119385027
https://www.nike.com/u/custom-nike-air-force-1-mid-10001937/2723270707
https://www.nike.com/u/custom-nike-air-force-1-mid-10001937/3429604009
https://www.nike.com/u/custom-nike-air-force-1-mid-10001937/6784951900
https://www.nike.com/u/custom-nike-air-force-1-mid-10001937/8812144482
https://www.nike.com/u/custom-nike-air-force-1-mid-10001937/9358423270
https://www.nike.com/u/custom-nike-mercurial-superfly-10-academy-by-you-10002038/2125696413
https://www.nike.com/u/custom-nike-mercurial-superfly-10-academy-by-you-10002038/2420359958
https://www.nike.com/u/custom-nike-mercurial-superfly-10-academy-by-you-10002038/2476819006
https://www.nike.com/u/custom-nike-mercurial-superfly-10-academy-by-you-10002038/6505274613
https://www.nike.com/u/custom-nike-mercurial-superfly-10-academy-by-you-10002038/6572304420
https://www.nike.com/u/custom-nike-mercurial-superfly-10-academy-by-you-10002038/6838210571
https://www.nike.com/u/nike-dunk-low-unlocked-by-you-10001614/2163524019
https://www.nike.com/u/nike-dunk-low-unlocked-by-you-10001614/3845842805
https://www.nike.com/u/nike-dunk-low-unlocked-by-you-10001614/5150220534
https://www.nike.com/u/nike-dunk-low-unlocked-by-you-10001614/6157429261
https://www.nike.com/u/nike-dunk-low-unlocked-by-you-10001614/6980807903
https://www.nike.com/u/nike-dunk-low-unlocked-by-you-10001614/6990459769
https://www.nike.com/u/nike-dunk-low-unlocked-by-you-10001614/9156761718
https://www.nike.com/u/custom-nike-dunk-high-by-you-shoes-10001378/2190276125
https://www.nike.com/u/custom-nike-dunk-high-by-you-shoes-10001378/2841795202
https://www.nike.com/u/custom-nike-dunk-high-by-you-shoes-10001378/7477492029
https://www.nike.com/u/custom-nike-dunk-high-by-you-shoes-10001378/9309678008
https://www.nike.com/u/custom-nike-mercurial-superfly-10-academy-by-you-10002037/2196253315
https://www.nike.com/u/custom-nike-mercurial-superfly-10-academy-by-you-10002037/2526077402
https://www.nike.com/u/custom-nike-mercurial-superfly-10-academy-by-you-10002037/2568729658
https://www.nike.com/u/custom-nike-mercurial-superfly-10-academy-by-you-10002037/6372230192
https://www.nike.com/u/custom-nike-mercurial-superfly-10-academy-by-you-10002037/7924705796
https://www.nike.com/u/custom-nike-internationalist-by-you-10001857/2208538813
https://www.nike.com/u/custom-nike-internationalist-by-you-10001857/3094857127
https://www.nike.com/u/custom-nike-internationalist-by-you-10001857/4329435847
https://www.nike.com/u/custom-nike-internationalist-by-you-10001857/5208281853
https://www.nike.com/u/custom-nike-internationalist-by-you-10001857/9095921807
https://www.nike.com/u/custom-air-presto-by-you-10001760/2213294416
https://www.nike.com/u/custom-air-presto-by-you-10001760/3400514603
https://www.nike.com/u/custom-air-presto-by-you-10001760/4584401332
https://www.nike.com/u/custom-air-presto-by-you-10001760/4898055284
https://www.nike.com/u/custom-air-presto-by-you-10001760/5415549103
https://www.nike.com/u/custom-air-presto-by-you-10001760/6243491094
https://www.nike.com/u/custom-air-presto-by-you-10001760/6857068424
https://www.nike.com/u/custom-air-presto-by-you-10001760/7142727793
https://www.nike.com/u/custom-air-presto-by-you-10001760/8214320899
https://www.nike.com/u/custom-air-presto-by-you-10001760/8548792843
https://www.nike.com/u/custom-air-presto-by-you-10001760/9665221666
https://www.nike.com/u/custom-freak-5-by-you-10001704/2256055055
https://www.nike.com/u/custom-freak-5-by-you-10001704/4362524713
https://www.nike.com/u/custom-freak-5-by-you-10001704/5695906149
https://www.nike.com/u/custom-freak-5-by-you-10001704/7799778487
https://www.nike.com/u/custom-freak-5-by-you-10001704/8156204856
https://www.nike.com/u/custom-freak-5-by-you-10001704/8993120000
https://www.nike.com/u/custom-dunk-low-premium-10001971/2327676837
https://www.nike.com/u/custom-dunk-low-premium-10001971/6412447413
https://www.nike.com/u/custom-dunk-low-premium-10001971/6596091760
https://www.nike.com/u/custom-dunk-low-premium-10001971/9900856595
https://www.nike.com/u/custom-nike-gt-cut-academy-10001922/2384083055
https://www.nike.com/u/custom-nike-gt-cut-academy-10001922/6213866831
https://www.nike.com/u/custom-nike-gt-cut-academy-10001922/9711966055
https://www.nike.com/u/custom-nike-air-max-90-shoes-by-you-10002042/2431358085
https://www.nike.com/u/custom-nike-air-max-90-shoes-by-you-10002042/3042123399
https://www.nike.com/u/custom-nike-air-max-90-shoes-by-you-10002042/5323229428
https://www.nike.com/u/custom-nike-air-max-90-shoes-by-you-10002042/5886878171
https://www.nike.com/u/custom-nike-air-max-90-shoes-by-you-10002042/9132839457
https://www.nike.com/u/custom-nike-air-max-90-shoes-by-you-10002042/9592431549
https://www.nike.com/u/custom-nike-blazer-low-77-by-you-10001280/2474643534
https://www.nike.com/u/custom-nike-blazer-low-77-by-you-10001280/6358708613
https://www.nike.com/u/custom-nike-blazer-low-77-by-you-10001280/8503720255
https://www.nike.com/u/custom-nike-blazer-low-77-by-you-10001280/9323980455
https://www.nike.com/t/tampa-bay-buccaneers-rewind-womens-ringer-t-shirt-KbKbG7/24901U79YV-2DT
https://www.nike.com/t/buffalo-bills-rewind-womens-ringer-t-shirt-TQWCK9/2490A8181V-2DT
https://www.nike.com/u/custom-nike-air-zoom-pegasus-41-shoes-by-you-10002040/2600730533
https://www.nike.com/u/custom-nike-air-zoom-pegasus-41-shoes-by-you-10002040/3211211673
https://www.nike.com/u/custom-nike-air-zoom-pegasus-41-shoes-by-you-10002040/4330660244
https://www.nike.com/u/custom-nike-air-zoom-pegasus-41-shoes-by-you-10002040/4432937500
https://www.nike.com/u/custom-nike-air-zoom-pegasus-41-shoes-by-you-10002040/4694081243
https://www.nike.com/u/custom-nike-air-zoom-pegasus-41-shoes-by-you-10002040/5654849280
https://www.nike.com/u/custom-nike-air-zoom-pegasus-41-shoes-by-you-10002040/5825221994
https://www.nike.com/u/custom-nike-air-zoom-pegasus-41-shoes-by-you-10002040/8628467750
https://www.nike.com/t/buffalo-bills-tempo-womens-dri-fit-shorts-qZvq2p/26501MS81-LUR
https://www.nike.com/u/custom-nike-sabrina-2-by-you-10001993/2677446636
https://www.nike.com/t/dri-fit-pro-toddler-shorts-srNpNk3p/26K562-023
https://www.nike.com/t/dri-fit-pro-toddler-shorts-srNpNk3p/26K562-ACG
https://www.nike.com/t/dri-fit-one-toddler-woven-shorts-HksBaMNd/26L792-023
https://www.nike.com/t/dri-fit-one-toddler-woven-shorts-HksBaMNd/26L792-ACG
https://www.nike.com/t/dri-fit-one-toddler-woven-shorts-HksBaMNd/26L792-EEK
https://www.nike.com/t/femme-pop-toddler-2-piece-leggings-set-xr9W1S/26M418-EIG
https://www.nike.com/t/shine-toddler-crew-and-pants-set-cFZLbd/26M460-023
https://www.nike.com/t/femme-pop-toddler-2-piece-leggings-set-Yll6qn0O/26M539-P63
https://www.nike.com/t/essentials-toddler-french-terry-wide-leg-pants-rArHYsUA/26M601-P3R
https://www.nike.com/t/essentials-toddler-2-piece-crew-set-8Ibutf24/26M606-G3O
https://www.nike.com/t/essentials-toddler-2-piece-crew-set-8Ibutf24/26M606-P6I
https://www.nike.com/t/readyset-toddler-tee-and-joggers-set-P4BPbF5C/26M651-A9Y
https://www.nike.com/t/dri-fit-toddler-2-piece-track-set-FdbZ9Jtn/26M669-A9Y
https://www.nike.com/t/dri-fit-swoosh-motion-toddler-leggings-YW6PRK9T/26M697-C60
https://www.nike.com/t/dri-fit-swoosh-motion-toddler-2-piece-bike-shorts-set-Gs4SOSFd/26M698-U6B
https://www.nike.com/t/dri-fit-swoosh-motion-toddler-2-piece-bike-shorts-set-Gs4SOSFd/26M698-UAV
https://www.nike.com/t/flow-ral-toddler-2-piece-colorblocked-tempo-set-EqEt8u1w/26M836-ACG
https://www.nike.com/t/flow-ral-toddler-2-piece-colorblocked-tempo-set-EqEt8u1w/26M836-UAV
https://www.nike.com/t/tech-fleece-toddler-dress-HpXXzX5x/26M883-023
https://www.nike.com/t/tech-fleece-toddler-dress-HpXXzX5x/26M883-G25
https://www.nike.com/t/tech-fleece-toddler-dress-HpXXzX5x/26M883-GGP
https://www.nike.com/t/tech-fleece-toddler-dress-HpXXzX5x/26M883-N5L
https://www.nike.com/t/toddler-will-shoe-be-mine-t-shirt-m4eh6pL8/26M901-C60
https://www.nike.com/u/custom-nike-gamma-force-by-you-10001858/2708998522
https://www.nike.com/u/custom-nike-gamma-force-by-you-10001858/2749445191
https://www.nike.com/u/custom-nike-gamma-force-by-you-10001858/3371564954
https://www.nike.com/u/custom-nike-gamma-force-by-you-10001858/4630981493
https://www.nike.com/u/custom-nike-gamma-force-by-you-10001858/5803753009
https://www.nike.com/u/custom-nike-gamma-force-by-you-10001858/7579529005
https://www.nike.com/u/custom-nike-pegasus-trail-5-by-you-10001921/2729408591
https://www.nike.com/u/custom-nike-pegasus-trail-5-by-you-10001921/3168882892
https://www.nike.com/u/custom-nike-pegasus-trail-5-by-you-10001921/3511952711
https://www.nike.com/u/custom-nike-pegasus-trail-5-by-you-10001921/5578506290
https://www.nike.com/u/custom-nike-pegasus-trail-5-by-you-10001921/5609121756
https://www.nike.com/u/custom-nike-pegasus-trail-5-by-you-10001921/9175197078
https://www.nike.com/u/custom-nike-dunk-high-by-you-shoes-10001379/2761001430
https://www.nike.com/u/custom-nike-dunk-high-by-you-shoes-10001379/7564995822
https://www.nike.com/u/custom-nike-dunk-high-by-you-shoes-10001379/9626270046
https://www.nike.com/u/custom-nike-dunk-high-by-you-shoes-10001379/9974591129
https://www.nike.com/u/custom-phantom-luna-2-elite-by-you-10001758/2834615820
https://www.nike.com/u/custom-phantom-luna-2-elite-by-you-10001758/4357260120
https://www.nike.com/u/custom-phantom-luna-2-elite-by-you-10001758/5082830351
https://www.nike.com/u/custom-phantom-luna-2-elite-by-you-10001758/5552858727
https://www.nike.com/u/custom-phantom-luna-2-elite-by-you-10001758/5765077112
https://www.nike.com/u/custom-phantom-luna-2-elite-by-you-10001758/8777413058
https://www.nike.com/u/custom-phantom-luna-2-elite-by-you-10001758/9192706282
https://www.nike.com/u/custom-phantom-luna-2-elite-by-you-10001758/9946860498
https://www.nike.com/u/custom-nike-sabrina-2-by-you-10001914/2848340758
https://www.nike.com/u/custom-nike-sabrina-2-by-you-10001914/3853469482
https://www.nike.com/u/custom-nike-sabrina-2-by-you-10001914/4722603964
https://www.nike.com/u/custom-nike-sabrina-2-by-you-10001914/9094633997
https://www.nike.com/u/custom-nike-sabrina-2-by-you-10001914/9576265925
https://www.nike.com/u/custom-nike-sabrina-2-by-you-10001914/9601621944
https://www.nike.com/u/custom-nike-free-metcon-6-shoes-by-you-10002001/2860414187
https://www.nike.com/u/custom-nike-free-metcon-6-shoes-by-you-10002001/4845394497
https://www.nike.com/u/custom-nike-free-metcon-6-shoes-by-you-10002001/5150707861
https://www.nike.com/u/custom-nike-free-metcon-6-shoes-by-you-10002001/5415549355
https://www.nike.com/u/custom-nike-free-metcon-6-shoes-by-you-10002001/5802028092
https://www.nike.com/u/custom-nike-free-metcon-6-shoes-by-you-10002001/8437429961
https://www.nike.com/u/custom-nike-free-rn-by-you-10001731/2913789077
https://www.nike.com/u/custom-nike-free-rn-by-you-10001731/3065382787
https://www.nike.com/u/custom-nike-free-rn-by-you-10001731/3622710272
https://www.nike.com/u/custom-nike-free-rn-by-you-10001731/4072862857
https://www.nike.com/u/custom-nike-free-rn-by-you-10001731/4207083542
https://www.nike.com/u/custom-nike-p-6000-by-you-10001983/2924431148
https://www.nike.com/t/detroit-lions-rewind-club-logo-mens-pullover-hoodie-MP400k/2KDK002Y9SV-V7Q
https://www.nike.com/t/new-york-giants-rewind-club-logo-mens-pullover-hoodie-mpvSdF/2KDK006YQ8I-V7Q
https://www.nike.com/t/buffalo-bills-rewind-club-logo-mens-pullover-hoodie-cSs461/2KDK067P81V-V7Q
https://www.nike.com/t/new-england-patriots-rewind-club-logo-mens-pullover-hoodie-KQNcnK/2KDK067P8KV-V7Q
https://www.nike.com/t/dallas-cowboys-rewind-tailsweep-club-mens-pullover-hoodie-DKzcHXfr/2KDK067PV6Z-V7Q
https://www.nike.com/t/seattle-seahawks-rewind-club-logo-mens-pullover-hoodie-NqM03g/2KDK067PV78-V7Q
https://www.nike.com/t/chicago-bears-rewind-club-logo-mens-pullover-hoodie-sH7f2Q/2KDK068P7QV-V7Q
https://www.nike.com/t/cleveland-browns-rewind-club-logo-mens-pullover-hoodie-63jNxf/2KDK082M93V-V7Q
https://www.nike.com/t/pittsburgh-steelers-rewind-club-logo-mens-pullover-hoodie-5BL6fn/2KDK094N7LV-V7Q
https://www.nike.com/t/atlanta-falcons-rewind-club-logo-mens-pullover-hoodie-6SP7TX/2KDK094N87V-V7Q
https://www.nike.com/t/philadelphia-eagles-rewind-club-logo-mens-pullover-hoodie-GDgGnf/2KDK0BL7Q86-V7Q
https://www.nike.com/u/custom-nike-cortez-by-you-10001987/3002479599
https://www.nike.com/u/custom-nike-sabrina-2-by-you-10001913/3101211593
https://www.nike.com/t/freek-mens-wrestling-shoes-f1K4hL/316403-011
https://www.nike.com/t/freek-mens-wrestling-shoes-f1K4hL/316403-100
https://www.nike.com/t/freek-mens-wrestling-shoes-f1K4hL/316403-411
https://www.nike.com/t/cj-stroud-houston-texans-mens-dri-fit-limited-football-jersey-bS3j31/31NM0B9G9HF-JN0
https://www.nike.com/t/will-anderson-jr-houston-texans-mens-dri-fit-limited-football-jersey-bS3j31/31NM0B9G9HF-JN1
https://www.nike.com/t/cj-stroud-houston-texans-mens-dri-fit-limited-football-jersey-hHjTfg/31NM0B9H9HF-JN0
https://www.nike.com/t/cj-stroud-houston-texans-mens-dri-fit-limited-football-jersey-CPp58M/31NM0B9N9HF-JN0
https://www.nike.com/t/jj-mccarthy-minnesota-vikings-mens-dri-fit-9pZ5Kz/31NM0BAZ9MF-ZZ3
https://www.nike.com/t/michael-penix-jr-atlanta-falcons-mens-dri-fit-5QwX0c/31NMAFLH96F-QZ5
https://www.nike.com/t/joe-burrow-cincinnati-bengals-mens-dri-fit-limited-football-jersey-QxZsQt/31NMBCLH9AF-0Y0
https://www.nike.com/t/jamarr-chase-cincinnati-bengals-mens-dri-fit-limited-football-jersey-QxZsQt/31NMBCLH9AF-1Y0
https://www.nike.com/t/lamar-jackson-baltimore-ravens-mens-dri-fit-limited-football-jersey-mt19Bq/31NMBLLC8GF-WZ0
https://www.nike.com/t/caleb-williams-chicago-bears-mens-dri-fit-S3xcPl/31NMCCLA7QF-YZ3
https://www.nike.com/t/caleb-williams-chicago-bears-mens-dri-fit-0ZnvDB/31NMCCLR7QF-YZ3
https://www.nike.com/t/aaron-donald-los-angeles-rams-mens-dri-fit-MLn7sD/31NMLRLR95F-6Y0
https://www.nike.com/t/tyreek-hill-miami-dolphins-mens-dri-fit-limited-football-jersey-XNgN3x/31NMMDLR9PF-XZ0
https://www.nike.com/t/tua-tagovailoa-miami-dolphins-mens-dri-fit-limited-football-jersey-XNgN3x/31NMMDLR9PF-ZZ0
https://www.nike.com/t/alvin-kamara-new-orleans-saints-mens-dri-fit-limited-football-jersey-cJjZCP/31NMNSLH7WF-YZ0
https://www.nike.com/t/maxx-crosby-las-vegas-raiders-mens-dri-fit-limited-football-jersey-2Zvg2L/31NMORLR8DF-DY0
https://www.nike.com/t/jordan-6-rings-baby-toddler-shoes-pCOxD84S/323420-026
https://www.nike.com/u/custom-nike-mercurial-vapor-16-elite-by-you-10002046/3284398714
https://www.nike.com/u/custom-nike-mercurial-vapor-16-elite-by-you-10002046/5346757689
https://www.nike.com/u/custom-nike-mercurial-vapor-16-elite-by-you-10002046/5648827351
https://www.nike.com/u/custom-nike-mercurial-vapor-16-elite-by-you-10002046/6468251962
https://www.nike.com/u/custom-nike-mercurial-vapor-16-elite-by-you-10002046/8139610110
https://www.nike.com/u/custom-nike-air-force-1-high-10001939/3296150038
https://www.nike.com/u/custom-nike-air-force-1-high-10001939/4052322114
https://www.nike.com/u/custom-nike-air-force-1-high-10001939/6718869198
https://www.nike.com/u/custom-nike-air-force-1-high-10001939/7662659819
https://www.nike.com/u/custom-nike-air-force-1-high-10001939/8947855059
https://www.nike.com/u/custom-nike-air-force-1-high-10001939/9547646422
https://www.nike.com/t/garrett-wilson-new-york-jets-mens-dri-fit-HW4T9f/32NM08BY9ZF-NZ4
https://www.nike.com/u/custom-nike-dunk-low-shoes-by-you-10002017/3330868809
https://www.nike.com/u/custom-nike-dunk-low-shoes-by-you-10002017/3610419222
https://www.nike.com/u/custom-nike-dunk-low-shoes-by-you-10002017/4360375084
https://www.nike.com/u/custom-nike-dunk-low-shoes-by-you-10002017/4403433442
https://www.nike.com/u/custom-nike-dunk-low-shoes-by-you-10002017/4617606963
https://www.nike.com/u/custom-nike-dunk-low-shoes-by-you-10002017/4864110645
https://www.nike.com/u/custom-nike-internationalist-by-you-10001856/3350736395
https://www.nike.com/u/custom-nike-internationalist-by-you-10001856/4022099046
https://www.nike.com/u/custom-nike-internationalist-by-you-10001856/5789231317
https://www.nike.com/u/custom-nike-internationalist-by-you-10001856/8949953378
https://www.nike.com/u/custom-nike-internationalist-by-you-10001856/8998070984
https://www.nike.com/u/custom-nike-internationalist-by-you-10001856/9572295414
https://www.nike.com/u/custom-v2k-by-you-10001753/3379967762
https://www.nike.com/u/custom-v2k-by-you-10001753/6741504995
https://www.nike.com/u/custom-v2k-by-you-10001753/7737203766
https://www.nike.com/u/custom-v2k-by-you-10001753/8560993739
https://www.nike.com/u/custom-v2k-by-you-10001753/9103034981
https://www.nike.com/u/custom-v2k-by-you-10001753/9108654018
https://www.nike.com/u/custom-nike-cortez-by-you-10001835/3398098430
https://www.nike.com/u/custom-nike-cortez-by-you-10001835/4100783039
https://www.nike.com/u/custom-nike-cortez-by-you-10001835/5723789679
https://www.nike.com/u/custom-nike-cortez-by-you-10001835/8719650126
https://www.nike.com/t/air-max-torch-4-mens-shoes-AKTdGZxX/343846-002
https://www.nike.com/u/custom-dunk-low-premium-10001933/3453536290
https://www.nike.com/u/custom-dunk-low-premium-10001933/3660302098
https://www.nike.com/u/custom-dunk-low-premium-10001933/6892895076
https://www.nike.com/u/custom-dunk-low-premium-10001933/7083470059
https://www.nike.com/u/custom-dunk-low-premium-10001933/7187999065
https://www.nike.com/u/custom-dunk-low-premium-10001933/8425335084
https://www.nike.com/u/custom-nike-metcon-9-shoes-by-you-10001898/3492452441
https://www.nike.com/u/custom-nike-metcon-9-shoes-by-you-10001898/4908620206
https://www.nike.com/u/custom-nike-metcon-9-shoes-by-you-10001898/5622340159
https://www.nike.com/u/custom-nike-metcon-9-shoes-by-you-10001898/5973919066
https://www.nike.com/u/custom-nike-metcon-9-shoes-by-you-10001898/6516860858
https://www.nike.com/u/custom-nike-metcon-9-shoes-by-you-10001898/7120066351
https://www.nike.com/u/custom-nike-metcon-9-shoes-by-you-10001898/8496498778
https://www.nike.com/u/custom-nike-metcon-9-shoes-by-you-10001898/8973889128
https://www.nike.com/u/custom-nike-metcon-9-shoes-by-you-10001898/9705889886
https://www.nike.com/u/custom-nike-air-max-95-by-you-10001245/3524937763
https://www.nike.com/u/custom-nike-air-max-95-by-you-10001245/6124601354
https://www.nike.com/u/custom-nike-air-max-95-by-you-10001245/8951100390
https://www.nike.com/t/big-low-mens-shoes-mm22NB/355152-016
https://www.nike.com/t/big-low-mens-shoes-mm22NB/355152-106
https://www.nike.com/t/big-low-mens-shoes-mm22NB/355152-140
https://www.nike.com/t/big-low-mens-shoes-mm22NB/355152-150
https://www.nike.com/u/custom-nike-air-max-1-by-you-10002031/3678968471
https://www.nike.com/u/custom-nike-air-max-1-by-you-10002031/3834000664
https://www.nike.com/u/custom-nike-air-max-1-by-you-10002031/5073863239
https://www.nike.com/u/custom-nike-air-max-1-by-you-10002031/8163998325
https://www.nike.com/u/custom-nike-air-max-1-by-you-10002031/9805777900
https://www.nike.com/t/sportswear-little-kids-embroidered-futura-t-shirt-1qjsf4/36C545-ACG
https://www.nike.com/t/femme-pop-little-kids-2-piece-leggings-set-xr9W1S/36M418-EIG
https://www.nike.com/t/shine-little-kids-full-zip-hoodie-and-leggings-set-pm66cg/36M459-PC1
https://www.nike.com/t/essentials-little-kids-french-terry-wide-leg-pants-rArHYsUA/36M601-P3R
https://www.nike.com/t/essentials-little-kids-2-piece-crew-set-8Ibutf24/36M606-G3O
https://www.nike.com/t/essentials-little-kids-2-piece-crew-set-8Ibutf24/36M606-P6I
https://www.nike.com/t/dri-fit-e1d1-little-kids-tracksuit-E7rxukml/36M659-P3R
https://www.nike.com/t/dri-fit-e1d1-little-kids-tracksuit-E7rxukml/86M659-UAV
https://www.nike.com/t/dri-fit-little-kids-2-piece-track-set-FdbZ9Jtn/36M669-A9Y
https://www.nike.com/t/dri-fit-swoosh-motion-little-kids-2-piece-bike-shorts-set-Gs4SOSFd/36M698-U6B
https://www.nike.com/t/dri-fit-swoosh-motion-little-kids-2-piece-bike-shorts-set-Gs4SOSFd/36M698-UAV
https://www.nike.com/t/tech-fleece-little-kids-dress-HpXXzX5x/36M883-023
https://www.nike.com/t/tech-fleece-little-kids-dress-HpXXzX5x/36M883-G25
https://www.nike.com/t/tech-fleece-little-kids-dress-HpXXzX5x/36M883-GGP
https://www.nike.com/t/tech-fleece-little-kids-dress-HpXXzX5x/36M883-N5L
https://www.nike.com/u/custom-v2k-by-you-10001989/3739264689
https://www.nike.com/u/custom-huarache-run-by-you-10001375/4029421024
https://www.nike.com/u/custom-huarache-run-by-you-10001375/4162835404
https://www.nike.com/u/custom-huarache-run-by-you-10001375/7537913055
https://www.nike.com/u/custom-huarache-run-by-you-10001375/8552613439
https://www.nike.com/u/custom-huarache-run-by-you-10001375/8646611085
https://www.nike.com/u/custom-huarache-run-by-you-10001375/9883632294
https://www.nike.com/u/custom-nike-air-max-97-shoes-by-you-10001610/4147842727
https://www.nike.com/u/custom-nike-air-max-97-shoes-by-you-10001610/5975058159
https://www.nike.com/u/custom-nike-air-max-97-shoes-by-you-10001610/6555291597
https://www.nike.com/u/custom-nike-air-max-97-shoes-by-you-10001610/6754241528
https://www.nike.com/u/custom-nike-air-max-97-shoes-by-you-10001610/7464941823
https://www.nike.com/u/custom-nike-air-max-97-shoes-by-you-10001610/9491576550
https://www.nike.com/u/custom-nike-free-rn-by-you-10001730/4384303174
https://www.nike.com/u/custom-nike-free-rn-by-you-10001730/5382211927
https://www.nike.com/u/custom-nike-free-rn-by-you-10001730/8663724782
https://www.nike.com/u/custom-nike-free-rn-by-you-10001730/8943430795
https://www.nike.com/u/custom-nike-free-rn-by-you-10001730/9183972503
https://www.nike.com/u/custom-nike-free-rn-by-you-10001730/9732723518
https://www.nike.com/t/air-jordan-5-retro-white-and-black-big-kids-shoes-ptZz4s/440888-110
https://www.nike.com/u/custom-nike-dunk-low-shoes-by-you-10002018/4521590485
https://www.nike.com/u/custom-nike-dunk-low-shoes-by-you-10002018/4725801136
https://www.nike.com/u/custom-nike-dunk-low-shoes-by-you-10002018/6467776847
https://www.nike.com/u/custom-nike-dunk-low-shoes-by-you-10002018/6766487165
https://www.nike.com/u/custom-nike-dunk-low-shoes-by-you-10002018/9694129438
https://www.nike.com/u/custom-nike-dunk-low-shoes-by-you-10002018/9985510228
https://www.nike.com/t/jordan-dri-fit-essentials-big-kids-leggings-BW2DSW/45D296-A2B
https://www.nike.com/t/jordan-dri-fit-big-kids-jumpman-bra-xFDyPVBt/45D381-GEH
https://www.nike.com/t/jordan-brooklyn-fleece-big-kids-printed-pants-dcMRyNNw/45D600-782
https://www.nike.com/t/jordan-brooklyn-fleece-big-kids-printed-pants-dcMRyNNw/45D600-E6F
https://www.nike.com/t/jordan-big-kids-y2k-heart-graphic-t-shirt-c59eAxlk/45D906-782
https://www.nike.com/u/custom-dunk-low-premium-10001970/4643463062
https://www.nike.com/u/custom-dunk-low-premium-10001970/7514079507
https://www.nike.com/u/custom-dunk-low-premium-10001970/9207645777
https://www.nike.com/u/custom-dunk-low-premium-10001970/9279566191
https://www.nike.com/u/custom-nike-sabrina-2-by-you-10001965/4664152003
https://www.nike.com/u/custom-nike-free-metcon-6-shoes-by-you-10002002/4723382431
https://www.nike.com/u/custom-nike-kd-16-by-you-10001742/4758821816
https://www.nike.com/u/custom-nike-sabrina-2-by-you-10001964/4816154692
https://www.nike.com/u/custom-nike-pegasus-trail-5-by-you-10001986/5026139783
https://www.nike.com/u/custom-converse-chuck-taylor-all-star-low-top-10001124/5175179609
https://www.nike.com/t/woodside-ii-mens-boot-RmRXZm/525393-770
https://www.nike.com/t/woodside-chukka-2-womens-boots-lZ4o48/537345-001
https://www.nike.com/t/woodside-chukka-2-womens-boots-lZ4o48/537345-200
https://www.nike.com/t/jordan-flight-club-91-big-kids-shoes-r7bZjt/555472-102
https://www.nike.com/t/jordan-hydro-5-retro-mens-slides-vmMMYE/555501-061
https://www.nike.com/t/jordan-hydro-5-retro-big-kids-slides-4GT0lw/555511-061
https://www.nike.com/t/jordan-baby-0-9m-jumpman-footed-coverall-dSGagNLu/55D336-W3Z
https://www.nike.com/t/readyset-baby-2-piece-set-KdjHTK/56L347-023
https://www.nike.com/t/baby-essentials-baby-0-9m-long-sleeve-bodysuits-3-pack-x7bNsZ/56M164-042
https://www.nike.com/t/baby-essentials-baby-coveralls-2-pack-5knq6yJG/56M767-AFN
https://www.nike.com/t/baby-essentials-baby-coveralls-2-pack-5knq6yJG/56M767-R78
https://www.nike.com/t/baby-essentials-baby-coveralls-2-pack-5knq6yJG/56M767-U90
https://www.nike.com/t/baby-essentials-baby-0-9m-pointelle-coverall-KKcX6FVF/56M768-BA2
https://www.nike.com/t/baby-essentials-baby-0-9m-pointelle-coverall-KKcX6FVF/56M768-X0L
https://www.nike.com/t/sportswear-baby-tech-fleece-coverall-vx4Sg7g5/56M884-X27
https://www.nike.com/u/custom-nike-kd-16-by-you-10001667/5705433083
https://www.nike.com/u/custom-nike-kd-16-by-you-10001667/6375549502
https://www.nike.com/u/custom-nike-kd-16-by-you-10001667/8830964023
https://www.nike.com/u/custom-nike-kd-16-by-you-10001667/8868510296
https://www.nike.com/u/custom-nike-kd-16-by-you-10001667/9012268898
https://www.nike.com/u/nike-dunk-low-unlocked-by-you-10001638/5729010199
https://www.nike.com/t/aaron-rodgers-new-york-jets-mens-dri-fit-elite-football-jersey-6DnsrC/58NM03T672F-NR0
https://www.nike.com/t/aidan-hutchinson-detroit-lions-mens-dri-fit-elite-football-jersey-GJeXHQwE/58NM0B9K9JF-DU0
https://www.nike.com/t/barry-sanders-detroit-lions-mens-dri-fit-elite-football-jersey-GJeXHQwE/58NM0B9KW1K-XKM
https://www.nike.com/t/aidan-hutchinson-detroit-lions-mens-dri-fit-elite-football-jersey-VLPDzt/58NM0B9L9JF-DU0
https://www.nike.com/t/aidan-hutchinson-detroit-lions-mens-dri-fit-elite-football-jersey-yzPyD5bI/58NM0B9M9JF-DU0
https://www.nike.com/t/barry-sanders-detroit-lions-mens-dri-fit-elite-football-jersey-yzPyD5bI/58NM0B9MW1K-XKM
https://www.nike.com/t/lamar-jackson-baltimore-ravens-mens-dri-fit-elite-football-jersey-x4l7z9/58NMBLEA8GF-3Y0
https://www.nike.com/t/caleb-williams-chicago-bears-mens-dri-fit-elite-jersey-5Abt2RW1/58NMCBEA7QF-ZZ1
https://www.nike.com/t/caleb-williams-chicago-bears-mens-dri-fit-elite-jersey-M8mJREAD/58NMCBEH7QF-ZZ1
https://www.nike.com/u/custom-nike-mercurial-vapor-16-elite-by-you-10002056/5919081474
https://www.nike.com/t/sb-reversible-jacquard-webbing-belt-FPvVpD/62006A-205
https://www.nike.com/t/jordan-mj-brooklyn-fleece-baby-12-24m-2-piece-pullover-hoodie-set-SbbHKVD3/65D326-R78
https://www.nike.com/t/jordan-mj-brooklyn-fleece-baby-12-24m-2-piece-pullover-hoodie-set-SbbHKVD3/65D326-U3C
https://www.nike.com/t/jordan-mj-moto-baby-12-24m-2-piece-fleece-pullover-hoodie-set-cftBW6/65D412-U5H
https://www.nike.com/t/jordan-baby-12-24m-baseline-2-piece-mesh-shorts-set-FKv1EMne/65D676-U3C
https://www.nike.com/t/cozy-comfort-baby-12-24m-2-piece-long-sleeve-bodysuit-set-2TccWW/66M470-X0L
https://www.nike.com/t/cozy-comfort-baby-12-24m-2-piece-crew-set-LqFKCf/66M558-X0L
https://www.nike.com/t/readyset-baby-tee-and-joggers-set-ekUNnlyr/66M651-782
https://www.nike.com/t/readyset-baby-tee-and-joggers-set-ekUNnlyr/66M651-A9Y
https://www.nike.com/t/readyset-baby-tee-and-joggers-set-ekUNnlyr/66M651-U5M
https://www.nike.com/t/dri-fit-sportswear-baby-2-piece-futura-propus-set-HHX8jHD4/66M713-023
https://www.nike.com/t/12th-fan-seattle-seahawks-mens-game-football-jersey-zARHBr1N/67NM03LD78-EEO
https://www.nike.com/t/dk-metcalf-seattle-seahawks-mens-game-football-jersey-zARHBr1N/67NM03LD78F-1W0
https://www.nike.com/t/kenneth-walker-iii-seattle-seahawks-mens-game-football-jersey-zARHBr1N/67NM03LD78F-5Z0
https://www.nike.com/t/steve-largent-seattle-seahawks-mens-game-football-jersey-zARHBr1N/67NM03LDW6Q-5M2
https://www.nike.com/t/cj-stroud-houston-texans-mens-game-football-jersey-q4lc3M/67NM0B9F9HF-D1B
https://www.nike.com/t/tank-dell-houston-texans-mens-game-football-jersey-q4lc3M/67NM0B9F9HF-D1E
https://www.nike.com/t/nico-collins-houston-texans-mens-game-football-jersey-q4lc3M/67NM0B9F9HF-D1F
https://www.nike.com/t/myles-garrett-cleveland-browns-mens-SkGb7k/67NM0BAU9IF-2DC
https://www.nike.com/t/buffalo-bills-josh-allen-mens-game-football-jersey-JTZZFJ/67NM2NH-BB1
https://www.nike.com/t/kirk-cousins-atlanta-falcons-mens-game-football-jersey-RzDBtH/67NMATGR96F-AZ6
https://www.nike.com/t/amari-cooper-buffalo-bills-mens-ZDP6Vx/67NMBB2A81F-H5B
https://www.nike.com/t/amari-cooper-buffalo-bills-mens-6jsb32/67NMBBGH81F-H5B
https://www.nike.com/t/keon-coleman-buffalo-bills-mens-6jsb32/67NMBBGH81F-RZ7
https://www.nike.com/t/detroit-lions-jack-campbell-mens-game-football-jersey-HKXQbj/67NMDLGH9SF-00D
https://www.nike.com/t/josh-jacobs-green-bay-packers-mens-ZRpXwd/67NMGPGH7TF-AZ7
https://www.nike.com/t/minnesota-vikings-justin-jefferson-mens-PFx4tQ/67NMMVGH9MF-2NR
https://www.nike.com/t/malik-nabers-new-york-giants-mens-5ZXPTH/67NMNGGH8IF-6ZC
https://www.nike.com/t/drake-maye-new-england-patriots-mens-t0NNVG/67NMNPGH8KF-XZ7
https://www.nike.com/t/tyree-wilson-las-vegas-raiders-mens-game-football-jersey-QTC7ct/67NMORGH8DF-LZ0
https://www.nike.com/t/brock-bowers-las-vegas-raiders-mens-QTC7ct/67NMORGH8DF-VY4
https://www.nike.com/t/12-fan-seattle-seahawks-mens-bU3BAu55/67NMSSGH78-EEO
https://www.nike.com/t/baker-mayfield-tampa-bay-buccaneers-mens-mjTGkp/67NMTBGH8BF-PY7
https://www.nike.com/t/tony-pollard-tennessee-titans-mens-game-football-jersey-JZqDPH/67NMTTGH8FF-QZ2
https://www.nike.com/t/calvin-ridley-tennessee-titans-mens-game-football-jersey-JZqDPH/67NMTTGH8FF-QZ3
https://www.nike.com/t/zaven-collins-arizona-cardinals-womens-game-football-jersey-5VjbDv/67NW02PJ9CF-1Y0
https://www.nike.com/t/kyler-murray-arizona-cardinals-womens-game-football-jersey-5VjbDv/67NW02PJ9CF-WZ0
https://www.nike.com/t/deandre-hopkins-arizona-cardinals-womens-game-football-jersey-5VjbDv/67NW02PJ9CF-YZ0
https://www.nike.com/t/kyler-murray-arizona-cardinals-womens-game-football-jersey-2QZVdw/67NW02PK9CF-WZ0
https://www.nike.com/t/sauce-gardner-new-york-jets-womens-game-football-jersey-TqLBApM2/67NW03T672F-GT6
https://www.nike.com/t/breece-hall-new-york-jets-womens-game-football-jersey-TqLBApM2/67NW03T672F-GT9
https://www.nike.com/t/aaron-rodgers-new-york-jets-womens-game-football-jersey-TqLBApM2/67NW03T672F-GTB
https://www.nike.com/t/garrett-wilson-new-york-jets-womens-game-football-jersey-TqLBApM2/67NW03T672F-GTF
https://www.nike.com/t/aaron-rodgers-new-york-jets-womens-game-football-jersey-TqLBApM2/67NWNJGH9ZF-00S
https://www.nike.com/t/dallas-goedert-philadelphia-eagles-womens-0HZmWt/67NW0AAM86F-8Z0
https://www.nike.com/t/derek-stingley-jr-houston-texans-womens-game-football-jersey-KChfdt/67NW0B9F9HF-D13
https://www.nike.com/t/cj-stroud-houston-texans-womens-game-football-jersey-KChfdt/67NW0B9F9HF-D1B
https://www.nike.com/t/cj-stroud-houston-texans-womens-game-football-jersey-gDKfSG/67NW0B9H9HF-D1B
https://www.nike.com/t/kirk-cousins-atlanta-falcons-womens-game-football-jersey-PZuWZQ3Q/67NWATGH96F-AZ6
https://www.nike.com/t/amari-cooper-buffalo-bills-womens-v9w78J/67NWBBGH81F-H5B
https://www.nike.com/t/caleb-williams-chicago-bears-womens-ztxPrM/67NWBG2A7QF-DZ8
https://www.nike.com/t/caleb-williams-chicago-bears-womens-VStFX4/67NWCBGA7QF-DZ8
https://www.nike.com/t/caleb-williams-chicago-bears-womens-8051nK/67NWCBGH7QF-DZ8
https://www.nike.com/t/anthony-richardson-indianapolis-colts-womens-cdtZDw/67NWICGH98F-00Y
https://www.nike.com/t/gabe-davis-jacksonville-jaguars-womens-game-football-jersey-4fjNVX/67NWJJGA9NF-AZ9
https://www.nike.com/t/brock-purdy-san-francisco-49ers-womens-game-football-jersey-PKpHw5/67NWSAGR9BF-6Z4
https://www.nike.com/t/baker-mayfield-tampa-bay-buccaneers-womens-game-football-jersey-wljX17/67NWTBGH8BF-PY7
https://www.nike.com/t/tony-pollard-tennessee-titans-womens-game-football-jersey-4483zg/67NWTTGH8FF-QZ2
https://www.nike.com/t/calvin-ridley-tennessee-titans-womens-game-football-jersey-4483zg/67NWTTGH8FF-QZ3
https://www.nike.com/t/austin-ekeler-washington-commanders-womens-game-football-jersey-3Wf0cd/67NWWSGH9EF-NZ3
https://www.nike.com/t/jayden-daniels-washington-commanders-womens-3Wf0cd/67NWWSGH9EF-NZ5
https://www.nike.com/t/cozy-comfort-baby-12-24m-2-piece-beanie-set-wJqMxx/6A3100-G6U
https://www.nike.com/t/cozy-comfort-baby-12-24m-2-piece-beanie-set-wJqMxx/6A3100-W5T
https://www.nike.com/u/custom-nike-free-metcon-6-shoes-by-you-10002000/7074828440
https://www.nike.com/u/custom-nike-free-metcon-6-shoes-by-you-10002000/7778329274
https://www.nike.com/u/custom-nike-free-metcon-6-shoes-by-you-10002000/8022468569
https://www.nike.com/u/custom-nike-free-metcon-6-shoes-by-you-10002000/9145910007
https://www.nike.com/u/custom-nike-free-metcon-6-shoes-by-you-10002000/9468997179
https://www.nike.com/u/custom-nike-free-metcon-6-shoes-by-you-10002000/9619833820
https://www.nike.com/t/jordan-brooklyn-fleece-toddler-2-piece-full-zip-hoodie-set-OEu5NYt3/75D325-023
https://www.nike.com/t/jordan-mj-moto-toddler-2-piece-fleece-pullover-hoodie-set-mQb4w3/75D412-U5H
https://www.nike.com/t/jordan-toddler-40th-anniversary-t-shirt-FZoa9fpT/75D619-G0T
https://www.nike.com/t/jordan-toddler-mvp-ring-2-piece-shorts-set-jqP6Dikw/75D659-C5A
https://www.nike.com/t/jordan-mvp-toddler-2-piece-fleece-pullover-hoodie-set-sLHuwe5t/75D660-G0T
https://www.nike.com/t/jordan-court-of-legends-toddler-2-piece-pants-set-iqHxluRa/75D706-G2H
https://www.nike.com/t/jordan-toddler-bball-fire-mixed-2-piece-shorts-set-DD1lWlPk/75D764-U3C
https://www.nike.com/u/custom-converse-chuck-taylor-all-star-high-top-10001123/7623600336
https://www.nike.com/t/dri-fit-toddler-icon-woven-shorts-GtEKsVI6/76L978-U10
https://www.nike.com/t/dri-fit-toddler-icon-woven-shorts-GtEKsVI6/76L978-U89
https://www.nike.com/t/cozy-comfort-toddler-hoodie-and-joggers-set-ZqNpgs/76M468-G7H
https://www.nike.com/t/sportswear-powder-play-toddler-lightweight-fleece-2-piece-pullover-hoodie-set-lWZhQ2/76M511-X0L
https://www.nike.com/t/toddler-boxy-got-em-t-shirt-0DrJBx/76M569-042
https://www.nike.com/t/ready-set-toddler-tee-and-joggers-set-ekUNnlyr/76M651-782
https://www.nike.com/t/ready-set-toddler-tee-and-joggers-set-ekUNnlyr/76M651-U5M
https://www.nike.com/t/sportswear-toddler-on-the-move-printed-tee-and-french-terry-shorts-set-49akVkpb/76M723-023
https://www.nike.com/t/sportswear-toddler-on-the-move-printed-tee-and-french-terry-shorts-set-49akVkpb/76M723-X3E
https://www.nike.com/t/dri-fit-toddler-trophy-t-shirt-q9XPwuGu/76M832-023
https://www.nike.com/t/dri-fit-toddler-trophy-t-shirt-q9XPwuGu/76M832-U10
https://www.nike.com/t/dri-fit-toddler-icon-tee-D1G9Vexh/76M855-U90
https://www.nike.com/t/jordan-airborne-hip-bag-05l-Fz3HqP/7A0747-U25
https://www.nike.com/t/cozy-comfort-toddler-2-piece-beanie-set-4DCpqm/7A3100-G6U
https://www.nike.com/t/cozy-comfort-toddler-2-piece-beanie-set-4DCpqm/7A3100-W5T
https://www.nike.com/t/jordan-brooklyn-fleece-essentials-little-kids-shorts-xp7QLRJ3/85D233-023
https://www.nike.com/t/jordan-mj-moto-little-kids-2-piece-fleece-pullover-hoodie-set-W5DpzX/85D412-U5H
https://www.nike.com/t/jordan-jumpman-pe-little-kids-2-piece-bomber-set-kBNFxs/85D426-B1Q
https://www.nike.com/t/jordan-little-kids-mvp-ring-2-piece-shorts-set-jqP6Dikw/85D659-C5A
https://www.nike.com/t/jordan-mvp-little-kids-2-piece-fleece-pullover-hoodie-set-sLHuwe5t/85D660-J34
https://www.nike.com/t/jordan-little-kids-baseline-2-piece-mesh-shorts-set-FKv1EMne/85D676-023
https://www.nike.com/t/jordan-little-kids-baseline-2-piece-mesh-shorts-set-FKv1EMne/85D676-U3C
https://www.nike.com/t/dri-fit-little-kids-printed-shorts-dP3GMv/86G870-E6F
https://www.nike.com/t/dri-fit-little-kids-tee-ball-pants-Ni2dRWZ8/86J023-001
https://www.nike.com/t/dri-fit-little-kids-icon-woven-shorts-GtEKsVI6/86L978-023
https://www.nike.com/t/dri-fit-little-kids-icon-woven-shorts-GtEKsVI6/86L978-U10
https://www.nike.com/t/dri-fit-little-kids-icon-woven-shorts-GtEKsVI6/86L978-U89
https://www.nike.com/t/shine-little-kids-long-sleeve-t-shirt-f43mdTp8/86M455-U8H
https://www.nike.com/t/sportswear-powder-play-little-kids-lightweight-fleece-2-piece-pullover-hoodie-set-lWZhQ2/86M511-X0L
https://www.nike.com/t/little-kids-metallic-futura-t-shirt-kCpQwg/86M545-U10
https://www.nike.com/t/little-kids-have-a-nike-day-t-shirt-mfrkkQ/86M566-U8H
https://www.nike.com/t/little-kids-blueprint-t-shirt-pXWBQQ/86M567-001
https://www.nike.com/t/little-kids-blueprint-t-shirt-pXWBQQ/86M567-023
https://www.nike.com/t/little-kids-boxy-got-em-t-shirt-0DrJBx/86M569-042
https://www.nike.com/t/sportswear-outside-the-lines-little-kids-french-terry-crew-top-pU5RbZ2M/86M684-001
https://www.nike.com/t/sportswear-outside-the-lines-little-kids-french-terry-crew-top-pU5RbZ2M/86M684-GAK
https://www.nike.com/t/dri-fit-sportswear-little-kids-2-piece-futura-propus-set-HHX8jHD4/86M713-023
https://www.nike.com/t/dri-fit-sportswear-little-kids-2-piece-futura-propus-set-HHX8jHD4/86M713-GAK
https://www.nike.com/t/dri-fit-little-kids-bold-move-short-sleeve-top-jBDOFqLZ/86M750-EEK
https://www.nike.com/t/dri-fit-little-kids-bold-move-short-sleeve-top-jBDOFqLZ/86M750-UAV
https://www.nike.com/t/dri-fit-little-kids-bold-move-woven-shorts-MsGmAw3A/86M751-P3R
https://www.nike.com/t/dri-fit-little-kids-bold-move-woven-shorts-MsGmAw3A/86M751-U89
https://www.nike.com/t/little-kids-futura-block-t-shirt-gWiofTVt/86M783-023
https://www.nike.com/t/dri-fit-little-kids-icon-tee-D1G9Vexh/86M855-U90
https://www.nike.com/t/jordan-little-kids-jumpman-air-cap-QgxfMvEn/8A0128-023
https://www.nike.com/t/upf-40-futura-bucket-hat-little-kids-hat-HZDEnS25/8A2942-C60
https://www.nike.com/t/upf-40-futura-bucket-hat-little-kids-hat-HZDEnS25/8A2942-P6I
https://www.nike.com/t/upf-40-futura-bucket-hat-little-kids-hat-HZDEnS25/8A2942-Y09
https://www.nike.com/t/little-kids-patch-toss-club-cap-DJx7NQfK/8A3121-001
https://www.nike.com/t/nolan-arenado-st-louis-cardinals-city-connect-mens-dri-fit-adv-elite-jersey-zsdFG4/90B007YKSC9-008
https://www.nike.com/t/christian-yelich-milwaukee-brewers-mens-dri-fit-adv-elite-jersey-nxWCFQ/90B0MZHOMZ9-PNL
https://www.nike.com/t/fernando-tatís-jr-san-diego-padres-mens-dri-fit-adv-elite-jersey-BGXZLg/90B0PYA1PY9-00P
https://www.nike.com/t/fernando-tatís-jr-san-diego-padres-mens-dri-fit-adv-elite-jersey-QSZzt6/90B0PYRDPY9-003
https://www.nike.com/t/manny-machado-san-diego-padres-mens-dri-fit-adv-elite-jersey-QSZzt6/90B0PYRDPY9-XRF
https://www.nike.com/u/nike-dunk-low-unlocked-by-you-10001992/9112089145
https://www.nike.com/t/bo-nix-denver-broncos-mens-dri-fit-legend-jersey-NyDA9yqz/94NM0B8M8WF-9Z4
https://www.nike.com/t/jj-mccarthy-minnesota-vikings-mens-dri-fit-legend-jersey-Q0V9wQJd/94NM0BAZ9MF-BY2
https://www.nike.com/t/caleb-williams-chicago-bears-mens-dri-fit-legend-jersey-DUbtyOvj/94NMALCG7QF-LE0
https://www.nike.com/t/caleb-williams-chicago-bears-mens-dri-fit-legend-jersey-d5HaRyUV/94NMCLCO7QF-LE0
https://www.nike.com/t/michael-penix-jr-atlanta-falcons-mens-dri-fit-legend-jersey-Uqz5MN7H/94NMHLAF96F-LZ1
https://www.nike.com/t/joe-alt-los-angeles-chargers-mens-dri-fit-legend-jersey-2r3RyR8p/94NMHLLC97F-9Z1
https://www.nike.com/t/jj-mccarthy-minnesota-vikings-mens-dri-fit-legend-jersey-NyxjKByy/94NMHLMV9MF-BY2
https://www.nike.com/t/drake-maye-new-england-patriots-mens-dri-fit-legend-jersey-xerQFXNr/94NMHLNP8KF-7G0
https://www.nike.com/t/caleb-williams-chicago-bears-womens-dri-fit-legend-jersey-Ei0i33sz/94NWALCG7QF-LE0
https://www.nike.com/t/caleb-williams-chicago-bears-womens-dri-fit-legend-jersey-NkZmPeLy/94NWCLCO7QF-LE0
https://www.nike.com/t/air-jordan-1-big-kids-patch-t-shirt-zfkQ6L/95C899-H15
https://www.nike.com/t/air-jordan-1-big-kids-patch-t-shirt-zfkQ6L/95C899-U3C
https://www.nike.com/t/jordan-dri-fit-sport-big-kids-statement-hoop-fleece-pants-fw1Wgq/95D274-023
https://www.nike.com/t/jordan-mj-moto-big-kids-fleece-pullover-hoodie-sDTZkL/95D408-U5H
https://www.nike.com/t/jordan-dri-fit-big-kids-mj-printed-sport-diamond-shorts-NARzNI7F/95D429-GF5
https://www.nike.com/t/jordan-dri-fit-big-kids-mj-printed-sport-diamond-shorts-NARzNI7F/95D429-I2G
https://www.nike.com/t/jordan-big-kids-40th-anniversary-t-shirt-g512fvyj/95D619-782
https://www.nike.com/t/jordan-big-kids-40th-anniversary-t-shirt-g512fvyj/95D619-G0T
https://www.nike.com/t/jordan-big-kids-mj-photo-t-shirt-dloWFBcG/95D626-001
https://www.nike.com/t/jordan-big-kids-mj-photo-t-shirt-dloWFBcG/95D626-GEH
https://www.nike.com/t/air-jordan-big-kids-skyline-jacket-rDgeO3OB/95D636-023
https://www.nike.com/t/jordan-big-kids-baseline-pullover-hoodie-FVN2X0EB/95D665-023
https://www.nike.com/t/jordan-big-kids-baseline-pullover-hoodie-FVN2X0EB/95D665-B5K
https://www.nike.com/t/air-jordan-3-big-kids-jordan-panther-graphic-t-shirt-B3o4wiK0/95D669-G0T
https://www.nike.com/t/jordan-j-day-big-kids-t-shirt-t8nHZJ/95D674-G0T
https://www.nike.com/t/jordan-j-day-big-kids-brooklyn-fleece-pullover-hoodie-Wgmswg/95D690-G0T
https://www.nike.com/t/jordan-j-day-big-kids-brooklyn-fleece-pullover-hoodie-Wgmswg/95D690-G38
https://www.nike.com/t/jordan-big-kids-court-of-legends-pullover-hoodie-62AtFedL/95D697-023
https://www.nike.com/t/jordan-big-kids-court-of-legends-pullover-hoodie-62AtFedL/95D697-G2H
https://www.nike.com/t/jordan-big-kids-hi-vis-printed-t-shirt-N7rI5tNc/95D905-G4Y
https://www.nike.com/u/custom-nike-metcon-9-shoes-by-you-10001988/9773568587
https://www.nike.com/t/jordan-dri-fit-big-kids-beanie-VBbN1p/9A0063-023
https://www.nike.com/t/jordan-dri-fit-big-kids-beanie-VBbN1p/9A0063-AA7
https://www.nike.com/t/jordan-backpack-large-qhkmgP/9A0670-023
https://www.nike.com/t/jordan-backpack-large-qhkmgP/9A0670-GEH
https://www.nike.com/t/jordan-big-kids-structured-strapback-cap-dSZcCt/9A0710-023
https://www.nike.com/t/jordan-big-kids-structured-strapback-cap-dSZcCt/9A0710-R78
https://www.nike.com/t/jordan-big-kids-structured-strapback-cap-dSZcCt/9A0710-U90
https://www.nike.com/t/jordan-big-kids-foam-trucker-hat-YT79fzKr/9A0940-E1P
https://www.nike.com/t/powder-play-big-kids-2-piece-beanie-set-5wz3Q5/9A3099-023
https://www.nike.com/t/big-kids-2-piece-cable-gifting-beanie-set-p8X6jl/9A3110-W3Z
https://www.nike.com/t/jordan-big-kids-signature-curved-brim-cap-80S9v6Uh/9A9028-023
https://www.nike.com/t/jordan-big-kids-retro-5-cap-qBA8pNEg/9A9054-023
https://www.nike.com/t/lebron-james-los-angeles-lakers-baby-jordan-nba-bodysuit-CTbFCD/9Y2I1NBDY-LAL
https://www.nike.com/t/kevin-durant-phoenix-suns-baby-jordan-nba-bodysuit-CTbFCD/9Y2I1NBDY-PHX
https://www.nike.com/t/victor-wembanyama-france-big-kids-jordan-basketball-t-shirt-vqZnjj/9YGB7NBC5-NGX
https://www.nike.com/t/oklahoma-city-thunder-big-kids-nba-t-shirt-vgsSNL/9Z2B7BAWH-OT1
https://www.nike.com/t/new-york-knicks-big-kids-nba-t-shirt-Gq3SZK/9Z2B7BAYS-NKK
https://www.nike.com/t/james-harden-houston-rockets-icon-edition-big-kids-nba-swingman-jersey-pzmZ1k/9Z2B7BZ2P-JH8
https://www.nike.com/t/paul-george-la-clippers-icon-edition-swingman-big-kids-nba-replica-jersey-pzmZ1k/9Z2B7BZ2P-PG2
https://www.nike.com/t/brooklyn-nets-essential-big-kids-nba-pullover-hoodie-DSmTmp/9Z2B7FDB7-BN2
https://www.nike.com/t/brooklyn-nets-starting-5-big-kids-dri-fit-nba-shorts-tNR6HZ/9Z2B7FGTE-NAW
https://www.nike.com/t/converse-x-drkshdw-turbowpn-shoes-LkjFjD/A10960C-020
https://www.nike.com/t/converse-x-stüssy-chuck-70-snakeskin-3qqcPH/A11674C-020
https://www.nike.com/t/memphis-brasiliagym-sack-h3WJnP/A11863H276-MEM
https://www.nike.com/t/memphis-brasiliabackpack-Jd4zhB/A11864H714-MEM
https://www.nike.com/t/converse-x-thisisneverthat-one-star-pro-gdWlj0/A12052C-300
https://www.nike.com/t/converse-x-daily-paper-chuck-70-dOQzVJMf/A12069C-001
https://www.nike.com/t/converse-x-undefeated-one-star-academy-pro-TxcFL2/A12131C-001
https://www.nike.com/t/converse-x-undefeated-one-star-academy-pro-1lKj6V/A12132C-200
https://www.nike.com/t/converse-x-patta-chuck-70-Mt5H7Q/A12831C-103
https://www.nike.com/launch/r/A13560C-103
https://www.nike.com/t/converse-x-irak-nyc-one-star-pro-JeEKkgsh/A13646C-410
https://www.nike.com/t/converse-x-irak-nyc-one-star-pro-ZxYh8Oay/A13648C-200
https://www.nike.com/t/converse-x-patta-chuck-70-8DCHMz/A13857C-001
https://www.nike.com/t/mini-football-J5Pl4G/A91661-OE4
https://www.nike.com/t/core-big-kids-boys-baseball-pants-HDbMr3/AA9804-010
https://www.nike.com/t/miami-heat-icon-edition-mens-nba-swingman-shorts-plM222/AJ5620-010
https://www.nike.com/t/alpha-elite-a-m-mens-sc-ti-lacrosse-handle-rRxQf8/ALPEAA-090
https://www.nike.com/t/womens-cheer-t-shirt-wNJZVm/APS377NKCH-100
https://www.nike.com/t/womens-volleyball-t-shirt-T7Wqlv/APS379NKVB-063
https://www.nike.com/t/swoosh-mens-volleyball-t-shirt-97GMB7/APS461-063
https://www.nike.com/t/swoosh-mens-volleyball-t-shirt-97GMB7/APS461-460
https://www.nike.com/t/swoosh-mens-volleyball-t-shirt-97GMB7/APS461-648
https://www.nike.com/t/swoosh-womens-volleyball-t-shirt-bMHGgw/APS462-063
https://www.nike.com/t/swoosh-womens-volleyball-t-shirt-bMHGgw/APS462-460
https://www.nike.com/t/swoosh-womens-volleyball-t-shirt-bMHGgw/APS462-600
https://www.nike.com/t/swoosh-womens-volleyball-t-shirt-bMHGgw/APS462-648
https://www.nike.com/t/mens-volleyball-pullover-hoodie-Jf69Jt/APS464-010
https://www.nike.com/t/mens-volleyball-pullover-hoodie-Jf69Jt/APS464-460
https://www.nike.com/t/womens-volleyball-pullover-hoodie-2msVV8/APS465-010
https://www.nike.com/t/womens-volleyball-pullover-hoodie-2msVV8/APS465-100
https://www.nike.com/t/womens-volleyball-pullover-hoodie-2msVV8/APS465-600
https://www.nike.com/t/womens-volleyball-pullover-hoodie-2msVV8/APS465-648
https://www.nike.com/t/big-kids-volleyball-pullover-hoodie-rl2Bqf/APS466-100
https://www.nike.com/t/big-kids-volleyball-pullover-hoodie-rl2Bqf/APS466-600
https://www.nike.com/t/swoosh-mens-wrestling-t-shirt-nxSWlL/APS467-001
https://www.nike.com/t/swoosh-mens-wrestling-t-shirt-nxSWlL/APS467-063
https://www.nike.com/t/swoosh-mens-wrestling-t-shirt-nxSWlL/APS467-100
https://www.nike.com/t/swoosh-womens-wrestling-t-shirt-HN97q6/APS468-001
https://www.nike.com/t/swoosh-womens-wrestling-t-shirt-HN97q6/APS468-063
https://www.nike.com/t/swoosh-womens-wrestling-t-shirt-HN97q6/APS468-100
https://www.nike.com/t/swoosh-womens-wrestling-t-shirt-HN97q6/APS468-600
https://www.nike.com/t/mens-wrestling-pullover-hoodie-p3V2vv/APS470-001
https://www.nike.com/t/mens-wrestling-pullover-hoodie-p3V2vv/APS470-100
https://www.nike.com/t/womens-wrestling-pullover-hoodie-G2XP3k/APS471-001
https://www.nike.com/t/womens-wrestling-pullover-hoodie-G2XP3k/APS471-100
https://www.nike.com/t/womens-wrestling-pullover-hoodie-G2XP3k/APS471-600
https://www.nike.com/t/big-kids-wrestling-pullover-hoodie-p5nnJL/APS472-100
https://www.nike.com/t/big-kids-wrestling-pullover-hoodie-p5nnJL/APS472-600
https://www.nike.com/t/swoosh-mens-cheer-t-shirt-Cwh1Vj/APS473-010
https://www.nike.com/t/swoosh-mens-cheer-t-shirt-Cwh1Vj/APS473-063
https://www.nike.com/t/swoosh-mens-cheer-t-shirt-Cwh1Vj/APS473-648
https://www.nike.com/t/swoosh-womens-cheer-t-shirt-BBghFD/APS474-010
https://www.nike.com/t/swoosh-womens-cheer-t-shirt-BBghFD/APS474-063
https://www.nike.com/t/swoosh-womens-cheer-t-shirt-BBghFD/APS474-460
https://www.nike.com/t/swoosh-womens-cheer-t-shirt-BBghFD/APS474-648
https://www.nike.com/t/swoosh-big-kids-cheer-t-shirt-rHsrST/APS475-010
https://www.nike.com/t/swoosh-big-kids-cheer-t-shirt-rHsrST/APS475-063
https://www.nike.com/t/swoosh-big-kids-cheer-t-shirt-rHsrST/APS475-600
https://www.nike.com/t/swoosh-big-kids-cheer-t-shirt-rHsrST/APS475-648
https://www.nike.com/t/mens-cheer-pullover-hoodie-TJ20gq/APS476-100
https://www.nike.com/t/mens-cheer-pullover-hoodie-TJ20gq/APS476-460
https://www.nike.com/t/womens-cheer-pullover-hoodie-b9vL0j/APS477-010
https://www.nike.com/t/womens-cheer-pullover-hoodie-b9vL0j/APS477-100
https://www.nike.com/t/womens-cheer-pullover-hoodie-b9vL0j/APS477-460
https://www.nike.com/t/womens-cheer-pullover-hoodie-b9vL0j/APS477-600
https://www.nike.com/t/womens-cheer-pullover-hoodie-b9vL0j/APS477-648
https://www.nike.com/t/big-kids-cheer-pullover-hoodie-FV1JGL/APS478-010
https://www.nike.com/t/big-kids-cheer-pullover-hoodie-FV1JGL/APS478-460
https://www.nike.com/t/big-kids-cheer-pullover-hoodie-FV1JGL/APS478-648
https://www.nike.com/t/swoosh-mens-weightlifting-t-shirt-LnzLGJ/APS479-001
https://www.nike.com/t/swoosh-mens-weightlifting-t-shirt-LnzLGJ/APS479-063
https://www.nike.com/t/swoosh-womens-weightlifting-t-shirt-pKPdsJ/APS480-001
https://www.nike.com/t/swoosh-womens-weightlifting-t-shirt-pKPdsJ/APS480-063
https://www.nike.com/t/mens-weightlifting-pullover-hoodie-M1v1Fx/APS481-001
https://www.nike.com/t/mens-weightlifting-pullover-hoodie-M1v1Fx/APS481-100
https://www.nike.com/t/womens-weightlifting-pullover-hoodie-BnsxCB/APS482-001
https://www.nike.com/t/womens-weightlifting-pullover-hoodie-BnsxCB/APS482-100
https://www.nike.com/t/womens-weightlifting-pullover-hoodie-BnsxCB/APS482-600
https://www.nike.com/t/womens-volleyball-tank-top-T2FWZ3/APS483-010
https://www.nike.com/t/womens-volleyball-tank-top-T2FWZ3/APS483-460
https://www.nike.com/t/womens-cheer-tank-top-mbF49D/APS484-010
https://www.nike.com/t/womens-wrestling-tank-top-RVFbZJ/APS485-001
https://www.nike.com/t/air-force-1-sage-low-womens-shoes-CprflJ/AR5339-100
https://www.nike.com/t/air-force-1-sage-low-womens-shoes-CprflJ/AR5339-201
https://www.nike.com/t/team-31-mens-dri-fit-nba-t-shirt-5vZh2n/AT0515-063
https://www.nike.com/t/shox-tl-mens-shoes-NfeK8Awe/AV3595-004
https://www.nike.com/t/shox-tl-mens-shoes-NfeK8Awe/AV3595-005
https://www.nike.com/t/shox-tl-mens-shoes-NfeK8Awe/AV3595-008
https://www.nike.com/t/shox-tl-mens-shoes-NfeK8Awe/AV3595-100
https://www.nike.com/t/shox-tl-mens-shoes-NfeK8Awe/AV3595-102
https://www.nike.com/t/shox-tl-shoes-NfeK8Awe/CI7692-400
https://www.nike.com/t/shox-tl-mens-shoes-NfeK8Awe/CN0151-001
https://www.nike.com/t/shox-tl-mens-shoes-NfeK8Awe/CN0151-002
https://www.nike.com/t/shox-tl-mens-shoes-NfeK8Awe/CN0151-004
https://www.nike.com/t/nj-ny-gotham-fc-2023-nwsl-champions-big-kids-t-shirt-MJmzJJ/B113779499-GOT
https://www.nike.com/t/swoosh-big-kids-baseball-t-shirt-WSBWgP/B11377BS24-10A
https://www.nike.com/t/swoosh-big-kids-golf-t-shirt-K6bmQL/B11377GO24-06G
https://www.nike.com/t/swoosh-big-kids-golf-t-shirt-K6bmQL/B11377GO24-10A
https://www.nike.com/t/swoosh-big-kids-golf-t-shirt-K6bmQL/B11377GO24-47N
https://www.nike.com/t/swoosh-big-kids-golf-t-shirt-K6bmQL/B11377GO24-4KY
https://www.nike.com/t/swoosh-big-kids-softball-t-shirt-pwpW7l/B11377SB188-00A
https://www.nike.com/t/swoosh-big-kids-softball-t-shirt-pwpW7l/B11377SB188-06G
https://www.nike.com/t/swoosh-big-kids-soccer-t-shirt-HF5blR/B11377SC24-10A
https://www.nike.com/t/swoosh-big-kids-tennis-t-shirt-1Kk4V3/B11377TN24-00A
https://www.nike.com/t/swoosh-big-kids-tennis-t-shirt-1Kk4V3/B11377TN24-06G
https://www.nike.com/t/swoosh-big-kids-tennis-t-shirt-1Kk4V3/B11377TN24-10A
https://www.nike.com/t/swoosh-big-kids-football-long-sleeve-t-shirt-nQsph2/B12461FB24-10A
https://www.nike.com/t/swoosh-big-kids-football-long-sleeve-t-shirt-nQsph2/B12461FB24-4KY
https://www.nike.com/t/swoosh-big-kids-lacrosse-long-sleeve-t-shirt-5Tt6gL/B12461LX24-00A
https://www.nike.com/t/swoosh-big-kids-lacrosse-long-sleeve-t-shirt-5Tt6gL/B12461LX24-10A
https://www.nike.com/t/swoosh-big-kids-lacrosse-long-sleeve-t-shirt-5Tt6gL/B12461LX24-4KY
https://www.nike.com/t/swoosh-club-fleece-big-kids-baseball-pullover-hoodie-vNZzK9/B31048BS24-00A
https://www.nike.com/t/swoosh-club-fleece-big-kids-baseball-pullover-hoodie-vNZzK9/B31048BS24-06G
https://www.nike.com/t/swoosh-club-fleece-big-kids-baseball-pullover-hoodie-vNZzK9/B31048BS24-10A
https://www.nike.com/t/swoosh-club-fleece-big-kids-baseball-pullover-hoodie-vNZzK9/B31048BS24-4KY
https://www.nike.com/t/swoosh-club-fleece-big-kids-baseball-pullover-hoodie-vNZzK9/B31048BS24-85S
https://www.nike.com/t/swoosh-club-fleece-big-kids-football-pullover-hoodie-pTT4Lz/B31048FB24-00A
https://www.nike.com/t/swoosh-club-fleece-big-kids-football-pullover-hoodie-pTT4Lz/B31048FB24-06G
https://www.nike.com/t/swoosh-club-fleece-big-kids-football-pullover-hoodie-pTT4Lz/B31048FB24-10A
https://www.nike.com/t/swoosh-club-fleece-big-kids-football-pullover-hoodie-pTT4Lz/B31048FB24-47N
https://www.nike.com/t/swoosh-club-fleece-big-kids-football-pullover-hoodie-pTT4Lz/B31048FB24-4KY
https://www.nike.com/t/swoosh-club-fleece-big-kids-football-pullover-hoodie-pTT4Lz/B31048FB24-85S
https://www.nike.com/t/swoosh-club-fleece-big-kids-golf-pullover-hoodie-fK47tg/B31048GO24-00A
https://www.nike.com/t/swoosh-club-fleece-big-kids-golf-pullover-hoodie-fK47tg/B31048GO24-06G
https://www.nike.com/t/swoosh-club-fleece-big-kids-golf-pullover-hoodie-fK47tg/B31048GO24-10A
https://www.nike.com/t/swoosh-club-fleece-big-kids-golf-pullover-hoodie-fK47tg/B31048GO24-47N
https://www.nike.com/t/swoosh-club-fleece-big-kids-golf-pullover-hoodie-fK47tg/B31048GO24-4KY
https://www.nike.com/t/swoosh-club-fleece-big-kids-lacrosse-pullover-hoodie-N8NWs5/B31048LX24-00A
https://www.nike.com/t/swoosh-club-fleece-big-kids-lacrosse-pullover-hoodie-N8NWs5/B31048LX24-06G
https://www.nike.com/t/swoosh-club-fleece-big-kids-lacrosse-pullover-hoodie-N8NWs5/B31048LX24-10A
https://www.nike.com/t/swoosh-club-fleece-big-kids-lacrosse-pullover-hoodie-N8NWs5/B31048LX24-4KY
https://www.nike.com/t/swoosh-club-fleece-big-kids-softball-pullover-hoodie-JBjDhk/B31048SB188-06G
https://www.nike.com/t/swoosh-club-fleece-big-kids-tennis-pullover-hoodie-2Mrgtf/B31048TN24-00A
https://www.nike.com/t/swoosh-club-fleece-big-kids-tennis-pullover-hoodie-2Mrgtf/B31048TN24-06G
https://www.nike.com/t/swoosh-club-fleece-big-kids-tennis-pullover-hoodie-2Mrgtf/B31048TN24-10A
https://www.nike.com/t/swoosh-club-fleece-big-kids-tennis-pullover-hoodie-2Mrgtf/B31048TN24-47N
https://www.nike.com/t/cj-stroud-houston-texans-salute-to-service-big-kids-dri-fit-2LL9MGiH/B7FEOT0-HTX
https://www.nike.com/t/ahmad-sauce-gardner-new-york-jets-salute-to-service-big-kids-dri-fit-YnVKnUea/B7FEOT0-NYJ
https://www.nike.com/t/russell-wilson-pittsburgh-steelers-big-kids-3WMKsx/B7N1P90-PIT
https://www.nike.com/t/jalen-hurts-philadelphia-eagles-big-kids-dri-fit-football-jersey-OhOs3CTL/B7N1P9EAGJU-EAG
https://www.nike.com/t/cj-stroud-houston-texans-big-kids-2gbTy7pF/B7N1P9TEXCS-HOU
https://www.nike.com/t/will-anderson-jr-houston-texans-big-kids-2gbTy7pF/B7N1P9TEXWA-HOU
https://www.nike.com/t/jalen-hurts-philadelphia-eagles-big-kids-dri-fit-football-jersey-Ud9iL9Bf/B7N2P9EAGJU-EAG
https://www.nike.com/t/aidan-hutchinson-detroit-lions-big-kids-dcaJnW1m/B7N2P9LIOAH-LIO
https://www.nike.com/t/jared-goff-detroit-lions-big-kids-dcaJnW1m/B7N2P9LIOJG-LIO
https://www.nike.com/t/jalen-hurts-philadelphia-eagles-big-kids-dri-fit-football-jersey-fgoqOhOi/B7N3P9EAGJU-EAG
https://www.nike.com/t/new-england-patriots-salute-to-service-primary-edge-club-big-kids-pullover-hoodie-fGvtjW/B7NFFV0-PAT
https://www.nike.com/t/new-york-jets-salute-to-service-primary-edge-legend-big-kids-dri-fit-t-shirt-5GH5Pp/B7NFFW0-NYJ
https://www.nike.com/t/cj-stroud-houston-texans-big-kids-cKuYAKke/B7Z1P9TEXCS-HOU
https://www.nike.com/t/brasilia-mesh-training-backpack-26l-FQFdKx/BA6050-010
https://www.nike.com/t/jordan-big-kids-holiday-crew-gift-box-9-pairs-Vx4Ddx/BJ0729-782
https://www.nike.com/t/jordan-big-kids-holiday-crew-gift-box-9-pairs-Vx4Ddx/BJ0729-R78
https://www.nike.com/t/5509-kids-blue-light-glasses-blTKpg/BL5509-025
https://www.nike.com/t/court-borough-low-2-big-kids-shoes-5n5Wzk/BQ5448-200
https://www.nike.com/t/court-borough-low-2-little-kids-shoes-8j4qrd/BQ5451-107
https://www.nike.com/t/p-6000-shoes-w3WN6X/BV1021-101
https://www.nike.com/t/kawa-baby-toddler-slides-v0ChQn/BV1094-402
https://www.nike.com/t/kawa-baby-toddler-slides-v0ChQn/BV1094-800
https://www.nike.com/t/lsubeanie-LGSlK8/C002327C327-LSU
https://www.nike.com/t/baseball-campus-cap-5TQz7l/C11127C602-BLK
https://www.nike.com/t/club-unstructured-baseball-cap-861LG0/C11350BS008-00A
https://www.nike.com/t/club-unstructured-baseball-cap-861LG0/C11350BS008-01V
https://www.nike.com/t/club-unstructured-baseball-cap-861LG0/C11350BS008-10A
https://www.nike.com/t/club-unstructured-baseball-cap-861LG0/C11350BS008-4KY
https://www.nike.com/t/club-unstructured-baseball-cap-861LG0/C11350BS008-79W
https://www.nike.com/t/club-unstructured-golf-cap-w9DpLd/C11350GO012-00A
https://www.nike.com/t/club-unstructured-golf-cap-w9DpLd/C11350GO012-01V
https://www.nike.com/t/club-unstructured-golf-cap-w9DpLd/C11350GO012-10A
https://www.nike.com/t/club-unstructured-golf-cap-w9DpLd/C11350GO012-33X
https://www.nike.com/t/club-unstructured-golf-cap-w9DpLd/C11350GO012-4KY
https://www.nike.com/t/club-unstructured-soccer-cap-BLK7Zc/C11350SC017-00A
https://www.nike.com/t/club-unstructured-soccer-cap-BLK7Zc/C11350SC017-01V
https://www.nike.com/t/club-unstructured-soccer-cap-BLK7Zc/C11350SC017-10A
https://www.nike.com/t/club-unstructured-soccer-cap-BLK7Zc/C11350SC017-33X
https://www.nike.com/t/club-unstructured-soccer-cap-BLK7Zc/C11350SC017-4KY
https://www.nike.com/t/club-unstructured-soccer-cap-BLK7Zc/C11350SC017-79W
https://www.nike.com/t/club-unstructured-tennis-cap-ndScdG/C11350TN020-00A
https://www.nike.com/t/club-unstructured-tennis-cap-ndScdG/C11350TN020-01V
https://www.nike.com/t/club-unstructured-tennis-cap-ndScdG/C11350TN020-10A
https://www.nike.com/t/club-unstructured-tennis-cap-ndScdG/C11350TN020-33X
https://www.nike.com/t/club-unstructured-tennis-cap-ndScdG/C11350TN020-4KY
https://www.nike.com/t/club-unstructured-tennis-cap-ndScdG/C11350TN020-79W
https://www.nike.com/t/club-unstructured-baseball-swoosh-trucker-cap-l6dK38/C11351BS009-00A
https://www.nike.com/t/club-unstructured-baseball-swoosh-trucker-cap-l6dK38/C11351BS009-01V
https://www.nike.com/t/club-unstructured-baseball-swoosh-trucker-cap-l6dK38/C11351BS009-10A
https://www.nike.com/t/club-unstructured-baseball-swoosh-trucker-cap-l6dK38/C11351BS009-4KY
https://www.nike.com/t/club-unstructured-baseball-swoosh-trucker-cap-l6dK38/C11351BS009-79W
https://www.nike.com/t/club-unstructured-football-swoosh-trucker-cap-THfhwC/C11351FB006-00A
https://www.nike.com/t/club-unstructured-football-swoosh-trucker-cap-THfhwC/C11351FB006-01V
https://www.nike.com/t/club-unstructured-football-swoosh-trucker-cap-THfhwC/C11351FB006-10A
https://www.nike.com/t/club-unstructured-football-swoosh-trucker-cap-THfhwC/C11351FB006-4KY
https://www.nike.com/t/club-unstructured-football-swoosh-trucker-cap-THfhwC/C11351FB006-79W
https://www.nike.com/t/club-unstructured-golf-swoosh-trucker-cap-8Zj3FK/C11351GO013-00A
https://www.nike.com/t/club-unstructured-golf-swoosh-trucker-cap-8Zj3FK/C11351GO013-01V
https://www.nike.com/t/club-unstructured-golf-swoosh-trucker-cap-8Zj3FK/C11351GO013-10A
https://www.nike.com/t/club-unstructured-golf-swoosh-trucker-cap-8Zj3FK/C11351GO013-33X
https://www.nike.com/t/club-unstructured-golf-swoosh-trucker-cap-8Zj3FK/C11351GO013-4KY
https://www.nike.com/t/club-unstructured-lacrosse-swoosh-trucker-cap-Fs3CB8/C11351LX027-00A
https://www.nike.com/t/club-unstructured-lacrosse-swoosh-trucker-cap-Fs3CB8/C11351LX027-01V
https://www.nike.com/t/club-unstructured-lacrosse-swoosh-trucker-cap-Fs3CB8/C11351LX027-10A
https://www.nike.com/t/club-unstructured-softball-swoosh-trucker-cap-FL4g8K/C11351SB030-00A
https://www.nike.com/t/club-unstructured-softball-swoosh-trucker-cap-FL4g8K/C11351SB030-01V
https://www.nike.com/t/club-unstructured-softball-swoosh-trucker-cap-FL4g8K/C11351SB030-10A
https://www.nike.com/t/club-unstructured-softball-swoosh-trucker-cap-FL4g8K/C11351SB030-79W
https://www.nike.com/t/club-unstructured-soccer-swoosh-trucker-cap-jNr92t/C11351SC018-00A
https://www.nike.com/t/club-unstructured-soccer-swoosh-trucker-cap-jNr92t/C11351SC018-01V
https://www.nike.com/t/club-unstructured-soccer-swoosh-trucker-cap-jNr92t/C11351SC018-79W
https://www.nike.com/t/club-unstructured-football-cap-2D4qcq/C1135FB005-00A
https://www.nike.com/t/club-unstructured-football-cap-2D4qcq/C1135FB005-01V
https://www.nike.com/t/club-unstructured-football-cap-2D4qcq/C1135FB005-10A
https://www.nike.com/t/club-unstructured-football-cap-2D4qcq/C1135FB005-4KY
https://www.nike.com/t/club-unstructured-football-cap-2D4qcq/C1135FB005-79W
https://www.nike.com/t/rise-baseball-swoosh-flex-cap-m04snC/C11405BS010-00A
https://www.nike.com/t/rise-baseball-swoosh-flex-cap-m04snC/C11405BS010-01V
https://www.nike.com/t/rise-baseball-swoosh-flex-cap-m04snC/C11405BS010-10A
https://www.nike.com/t/rise-baseball-swoosh-flex-cap-m04snC/C11405BS010-79W
https://www.nike.com/t/rise-lacrosse-swoosh-flex-cap-9384c4/C11405LX029-00A
https://www.nike.com/t/rise-lacrosse-swoosh-flex-cap-9384c4/C11405LX029-01V
https://www.nike.com/t/rise-lacrosse-swoosh-flex-cap-9384c4/C11405LX029-10A
https://www.nike.com/t/ace-golf-swoosh-visor-BZr2Qp/C11449GO016-00A
https://www.nike.com/t/ace-golf-swoosh-visor-BZr2Qp/C11449GO016-01V
https://www.nike.com/t/ace-golf-swoosh-visor-BZr2Qp/C11449GO016-10A
https://www.nike.com/t/ace-softball-swoosh-visor-P50TgC/C11449SB032-00A
https://www.nike.com/t/ace-softball-swoosh-visor-P50TgC/C11449SB032-10A
https://www.nike.com/t/ace-softball-swoosh-visor-P50TgC/C11449SB032-79W
https://www.nike.com/t/ace-tennis-swoosh-visor-fKTjtf/C11449TN022-00A
https://www.nike.com/t/ace-tennis-swoosh-visor-fKTjtf/C11449TN022-10A
https://www.nike.com/t/ace-tennis-swoosh-visor-fKTjtf/C11449TN022-79W
https://www.nike.com/t/club-structured-dri-fit-golf-futura-swoosh-cap-CCfrVL/C11451GO014-00A
https://www.nike.com/t/club-structured-dri-fit-golf-futura-swoosh-cap-CCfrVL/C11451GO014-06F
https://www.nike.com/t/club-structured-dri-fit-golf-futura-swoosh-cap-CCfrVL/C11451GO014-10A
https://www.nike.com/t/club-structured-dri-fit-golf-futura-swoosh-cap-CCfrVL/C11451GO014-39Y
https://www.nike.com/t/club-structured-dri-fit-golf-futura-swoosh-cap-CCfrVL/C11451GO014-41S
https://www.nike.com/t/club-structured-dri-fit-lacrosse-futura-swoosh-cap-CrfrZ7/C11451LX028-00A
https://www.nike.com/t/club-structured-dri-fit-lacrosse-futura-swoosh-cap-CrfrZ7/C11451LX028-06F
https://www.nike.com/t/club-structured-dri-fit-lacrosse-futura-swoosh-cap-CrfrZ7/C11451LX028-10A
https://www.nike.com/t/club-structured-dri-fit-lacrosse-futura-swoosh-cap-CrfrZ7/C11451LX028-41S
https://www.nike.com/t/club-structured-dri-fit-pickleball-futura-swoosh-cap-FnZth4/C11451PB026-00A
https://www.nike.com/t/club-structured-dri-fit-pickleball-futura-swoosh-cap-FnZth4/C11451PB026-06F
https://www.nike.com/t/club-structured-dri-fit-pickleball-futura-swoosh-cap-FnZth4/C11451PB026-39Y
https://www.nike.com/t/club-structured-dri-fit-pickleball-futura-swoosh-cap-FnZth4/C11451PB026-41S
https://www.nike.com/t/club-structured-dri-fit-softball-futura-swoosh-cap-nn6WM6/C11451SB031-00A
https://www.nike.com/t/club-structured-dri-fit-softball-futura-swoosh-cap-nn6WM6/C11451SB031-06F
https://www.nike.com/t/club-structured-dri-fit-softball-futura-swoosh-cap-nn6WM6/C11451SB031-10A
https://www.nike.com/t/club-structured-dri-fit-softball-futura-swoosh-cap-nn6WM6/C11451SB031-39Y
https://www.nike.com/t/club-structured-dri-fit-softball-futura-swoosh-cap-nn6WM6/C11451SB031-41S
https://www.nike.com/t/club-structured-dri-fit-soccer-futura-swoosh-cap-kcwdRs/C11451SC019-00A
https://www.nike.com/t/club-structured-dri-fit-soccer-futura-swoosh-cap-kcwdRs/C11451SC019-06F
https://www.nike.com/t/club-structured-dri-fit-soccer-futura-swoosh-cap-kcwdRs/C11451SC019-10A
https://www.nike.com/t/club-structured-dri-fit-soccer-futura-swoosh-cap-kcwdRs/C11451SC019-39Y
https://www.nike.com/t/club-structured-dri-fit-soccer-futura-swoosh-cap-kcwdRs/C11451SC019-41S
https://www.nike.com/t/club-structured-dri-fit-tennis-futura-swoosh-cap-1DJMPs/C11451TN021-00A
https://www.nike.com/t/club-structured-dri-fit-tennis-futura-swoosh-cap-1DJMPs/C11451TN021-06F
https://www.nike.com/t/club-structured-dri-fit-tennis-futura-swoosh-cap-1DJMPs/C11451TN021-10A
https://www.nike.com/t/club-structured-dri-fit-tennis-futura-swoosh-cap-1DJMPs/C11451TN021-39Y
https://www.nike.com/t/club-structured-dri-fit-tennis-futura-swoosh-cap-1DJMPs/C11451TN021-41S
https://www.nike.com/t/air-force-rise-mensstructured-trucker-cap-3PCT32JZ/C1150725FH-AIR
https://www.nike.com/t/arkansas-rise-mensstructured-trucker-cap-3PCT32JZ/C1150725FH-ARK
https://www.nike.com/t/army-rise-mensstructured-trucker-cap-3PCT32JZ/C1150725FH-ARM
https://www.nike.com/t/illinois-rise-mensstructured-trucker-cap-3PCT32JZ/C1150725FH-ILL
https://www.nike.com/t/iowa-state-rise-mensstructured-trucker-cap-3PCT32JZ/C1150725FH-IOA
https://www.nike.com/t/oklahoma-state-rise-mensstructured-trucker-cap-3PCT32JZ/C1150725FH-OKS
https://www.nike.com/t/ole-miss-rise-mensstructured-trucker-cap-3PCT32JZ/C1150725FH-OMS
https://www.nike.com/t/purdue-rise-mensstructured-trucker-cap-3PCT32JZ/C1150725FH-PUR
https://www.nike.com/t/vanderbilt-rise-mensstructured-trucker-cap-3PCT32JZ/C1150725FH-VAN
https://www.nike.com/t/virginia-rise-mensstructured-trucker-cap-3PCT32JZ/C1150725FH-VIR
https://www.nike.com/t/virginia-tech-rise-mensstructured-trucker-cap-3PCT32JZ/C1150725FH-VIT
https://www.nike.com/t/washington-state-rise-mensstructured-trucker-cap-3PCT32JZ/C1150725FH-WSU
https://www.nike.com/t/air-force-club-menscap-KCIDDiRR/C1160225FH-AIR
https://www.nike.com/t/arkansas-club-menscap-KCIDDiRR/C1160225FH-ARK
https://www.nike.com/t/army-club-menscap-KCIDDiRR/C1160225FH-ARM
https://www.nike.com/t/baylor-club-menscap-KCIDDiRR/C1160225FH-BAY
https://www.nike.com/t/boise-state-club-menscap-KCIDDiRR/C1160225FH-BST
https://www.nike.com/t/byu-club-menscap-KCIDDiRR/C1160225FH-BYU
https://www.nike.com/t/cincinnati-club-menscap-KCIDDiRR/C1160225FH-CIN
https://www.nike.com/t/illinois-club-menscap-KCIDDiRR/C1160225FH-ILL
https://www.nike.com/t/iowa-state-club-menscap-KCIDDiRR/C1160225FH-IOA
https://www.nike.com/t/kansas-state-club-menscap-KCIDDiRR/C1160225FH-KSS
https://www.nike.com/t/minnesota-club-menscap-KCIDDiRR/C1160225FH-MIN
https://www.nike.com/t/missouri-club-menscap-KCIDDiRR/C1160225FH-MIZ
https://www.nike.com/t/oklahoma-state-club-menscap-KCIDDiRR/C1160225FH-OKS
https://www.nike.com/t/ole-miss-club-menscap-KCIDDiRR/C1160225FH-OMS
https://www.nike.com/t/oregon-state-club-menscap-KCIDDiRR/C1160225FH-ORS
https://www.nike.com/t/pittsburgh-club-menscap-KCIDDiRR/C1160225FH-PIT
https://www.nike.com/t/purdue-club-menscap-KCIDDiRR/C1160225FH-PUR
https://www.nike.com/t/syracuse-club-menscap-KCIDDiRR/C1160225FH-SYR
https://www.nike.com/t/tcu-club-menscap-KCIDDiRR/C1160225FH-TCU
https://www.nike.com/t/uconn-club-menscap-KCIDDiRR/C1160225FH-UCN
https://www.nike.com/t/vanderbilt-club-menscap-KCIDDiRR/C1160225FH-VAN
https://www.nike.com/t/virginia-club-menscap-KCIDDiRR/C1160225FH-VIR
https://www.nike.com/t/virginia-tech-club-menscap-KCIDDiRR/C1160225FH-VIT
https://www.nike.com/t/wake-forest-club-menscap-KCIDDiRR/C1160225FH-WAK
https://www.nike.com/t/washington-state-club-menscap-KCIDDiRR/C1160225FH-WSU
https://www.nike.com/t/atlanta-hawks-terra-city-edition-nika-nba-beanie-3LrpFh/C12358C162-ATL
https://www.nike.com/t/brooklyn-nets-terra-city-edition-nika-nba-beanie-3LrpFh/C12358C162-BKN
https://www.nike.com/t/boston-celtics-terra-city-edition-nika-nba-beanie-3LrpFh/C12358C162-BOS
https://www.nike.com/t/charlotte-hornets-terra-city-edition-nika-nba-beanie-3LrpFh/C12358C162-CHA
https://www.nike.com/t/chicago-bulls-terra-city-edition-nika-nba-beanie-3LrpFh/C12358C162-CHI
https://www.nike.com/t/cleveland-cavaliers-terra-city-edition-nika-nba-beanie-3LrpFh/C12358C162-CLE
https://www.nike.com/t/dallas-mavericks-terra-city-edition-nika-nba-beanie-3LrpFh/C12358C162-DAL
https://www.nike.com/t/denver-nuggets-terra-city-edition-nika-nba-beanie-3LrpFh/C12358C162-DEN
https://www.nike.com/t/detroit-terra-city-edition-nika-nba-beanie-3LrpFh/C12358C162-DET
https://www.nike.com/t/golden-state-warriors-terra-city-edition-nika-nba-beanie-3LrpFh/C12358C162-GSW
https://www.nike.com/t/houston-rockets-terra-city-edition-nika-nba-beanie-3LrpFh/C12358C162-HOU
https://www.nike.com/t/indiana-pacers-terra-city-edition-nika-nba-beanie-3LrpFh/C12358C162-IND
https://www.nike.com/t/la-clippers-terra-city-edition-nika-nba-beanie-3LrpFh/C12358C162-LAC
https://www.nike.com/t/los-angeles-lakers-terra-city-edition-nika-nba-beanie-3LrpFh/C12358C162-LAL
https://www.nike.com/t/memphis-grizzlies-terra-city-edition-nika-nba-beanie-3LrpFh/C12358C162-MEM
https://www.nike.com/t/miami-heat-terra-city-edition-nika-nba-beanie-3LrpFh/C12358C162-MIA
https://www.nike.com/t/milwaukee-bucks-terra-city-edition-nika-nba-beanie-3LrpFh/C12358C162-MIL
https://www.nike.com/t/minnesota-timberwolves-terra-city-edition-nika-nba-beanie-3LrpFh/C12358C162-MIN
https://www.nike.com/t/new-york-knicks-terra-city-edition-nika-nba-beanie-3LrpFh/C12358C162-NYK
https://www.nike.com/t/oklahoma-city-thunder-terra-city-edition-nika-nba-beanie-3LrpFh/C12358C162-OKC
https://www.nike.com/t/orlando-magic-terra-city-edition-nika-nba-beanie-3LrpFh/C12358C162-OLM
https://www.nike.com/t/philadelphia-76ers-terra-city-edition-nika-nba-beanie-3LrpFh/C12358C162-PHI
https://www.nike.com/t/phoenix-suns-terra-city-edition-nika-nba-beanie-3LrpFh/C12358C162-PHX
https://www.nike.com/t/portland-trail-blazers-terra-city-edition-nika-nba-beanie-3LrpFh/C12358C162-POR
https://www.nike.com/t/sacramento-kings-terra-city-edition-nika-nba-beanie-3LrpFh/C12358C162-SAC
https://www.nike.com/t/san-antonio-spurs-terra-city-edition-nika-nba-beanie-3LrpFh/C12358C162-SAS
https://www.nike.com/t/toronto-raptors-terra-city-edition-nika-nba-beanie-3LrpFh/C12358C162-TOR
https://www.nike.com/t/utah-jazz-terra-city-edition-nika-nba-beanie-3LrpFh/C12358C162-UTA
https://www.nike.com/t/washington-wizards-terra-city-edition-nika-nba-beanie-3LrpFh/C12358C162-WAS
https://www.nike.com/t/memphis-club-structured-dri-fitcap-w7C39M/C13292C237-MEM
https://www.nike.com/t/apex-baseball-bucket-hat-tSDSq1/C13299BS011-00A
https://www.nike.com/t/apex-baseball-bucket-hat-tSDSq1/C13299BS011-06F
https://www.nike.com/t/apex-baseball-bucket-hat-tSDSq1/C13299BS011-10A
https://www.nike.com/t/apex-baseball-bucket-hat-tSDSq1/C13299BS011-79W
https://www.nike.com/t/apex-baseball-bucket-hat-tSDSq1/C13299BS011-GCW
https://www.nike.com/t/memphis-apex-dri-fitbucket-hat-Dlz3cc/C13299C243-MEM
https://www.nike.com/t/apex-football-bucket-hat-zqRgS5/C13299FB007-00A
https://www.nike.com/t/apex-football-bucket-hat-zqRgS5/C13299FB007-06F
https://www.nike.com/t/apex-football-bucket-hat-zqRgS5/C13299FB007-10A
https://www.nike.com/t/apex-football-bucket-hat-zqRgS5/C13299FB007-79W
https://www.nike.com/t/apex-football-bucket-hat-zqRgS5/C13299FB007-GCW
https://www.nike.com/t/apex-golf-bucket-hat-v6zKZG/C14356GO015-00A
https://www.nike.com/t/apex-golf-bucket-hat-v6zKZG/C14356GO015-01V
https://www.nike.com/t/apex-golf-bucket-hat-v6zKZG/C14356GO015-10A
https://www.nike.com/t/apex-pickleball-bucket-hat-Sv86LJ/C14356PB025-00A
https://www.nike.com/t/apex-pickleball-bucket-hat-Sv86LJ/C14356PB025-01V
https://www.nike.com/t/apex-pickleball-bucket-hat-Sv86LJ/C14356PB025-10A
https://www.nike.com/t/apex-pickleball-bucket-hat-Sv86LJ/C14356PB025-79W
https://www.nike.com/t/apex-tennis-bucket-hat-G0tNTk/C14356TN024-00A
https://www.nike.com/t/apex-tennis-bucket-hat-G0tNTk/C14356TN024-01V
https://www.nike.com/t/apex-tennis-bucket-hat-G0tNTk/C14356TN024-10A
https://www.nike.com/t/apex-tennis-bucket-hat-G0tNTk/C14356TN024-79W
https://www.nike.com/t/sacramento-kings-icon-edition-nba-corduroy-campus-cap-8QGz7N/C16326C262-SAC
https://www.nike.com/t/smucampus-cap-DBAWwXFa/C16417C536B-SMU
https://www.nike.com/t/clark-atlanta-risetrucker-cap-kQPx18/C16603C103-CLK
https://www.nike.com/t/famu-risetrucker-cap-kQPx18/C16603C103-FAM
https://www.nike.com/t/hampton-risetrucker-cap-kQPx18/C16603C103-HAM
https://www.nike.com/t/howard-risetrucker-cap-kQPx18/C16603C103-HOW
https://www.nike.com/t/morehouse-risetrucker-cap-kQPx18/C16603C103-MOR
https://www.nike.com/t/north-carolina-at-risetrucker-cap-kQPx18/C16603C103-NCA
https://www.nike.com/t/prairie-view-am-risetrucker-cap-kQPx18/C16603C103-PRV
https://www.nike.com/t/southern-risetrucker-cap-kQPx18/C16603C103-SOU
https://www.nike.com/t/spelman-risetrucker-cap-kQPx18/C16603C103-SPE
https://www.nike.com/t/tennessee-state-risetrucker-cap-kQPx18/C16603C103-TSU
https://www.nike.com/t/winston-salem-risetrucker-cap-kQPx18/C16603C103-WNS
https://www.nike.com/t/atlanta-hawks-2024-25-rise-icon-edition-nba-trucker-cap-1W5CgP/C16653C160-ATL
https://www.nike.com/t/brooklyn-nets-2024-25-rise-icon-edition-nba-trucker-cap-1W5CgP/C16653C160-BKN
https://www.nike.com/t/boston-celtics-2024-25-rise-icon-edition-nba-trucker-cap-1W5CgP/C16653C160-BOS
https://www.nike.com/t/chicago-bulls-2024-25-rise-icon-edition-nba-trucker-cap-1W5CgP/C16653C160-CHI
https://www.nike.com/t/cleveland-cavaliers-2024-25-rise-icon-edition-nba-trucker-cap-1W5CgP/C16653C160-CLE
https://www.nike.com/t/dallas-mavericks-2024-25-rise-icon-edition-nba-trucker-cap-1W5CgP/C16653C160-DAL
https://www.nike.com/t/denver-nuggets-2024-25-rise-icon-edition-nba-trucker-cap-1W5CgP/C16653C160-DEN
https://www.nike.com/t/detroit-pistons-2024-25-rise-icon-edition-nba-trucker-cap-1W5CgP/C16653C160-DET
https://www.nike.com/t/golden-state-warriors-2024-25-rise-icon-edition-nba-trucker-cap-1W5CgP/C16653C160-GSW
https://www.nike.com/t/houston-rockets-2024-25-rise-icon-edition-nba-trucker-cap-1W5CgP/C16653C160-HOU
https://www.nike.com/t/indiana-pacers-2024-25-rise-icon-edition-nba-trucker-cap-1W5CgP/C16653C160-IND
https://www.nike.com/t/la-clippers-2024-25-rise-icon-edition-nba-trucker-cap-1W5CgP/C16653C160-LAC
https://www.nike.com/t/los-angeles-lakers-2024-25-rise-icon-edition-nba-trucker-cap-1W5CgP/C16653C160-LAL
https://www.nike.com/t/memphis-grizzlies-2024-25-rise-icon-edition-nba-trucker-cap-1W5CgP/C16653C160-MEM
https://www.nike.com/t/miami-heat-2024-25-rise-icon-edition-nba-trucker-cap-1W5CgP/C16653C160-MIA
https://www.nike.com/t/milwaukee-bucks-2024-25-rise-icon-edition-nba-trucker-cap-1W5CgP/C16653C160-MIL
https://www.nike.com/t/minnesota-timberwolves-2024-25-rise-icon-edition-nba-trucker-cap-1W5CgP/C16653C160-MIN
https://www.nike.com/t/new-orleans-pelicans-2024-25-rise-icon-edition-nba-trucker-cap-1W5CgP/C16653C160-NOP
https://www.nike.com/t/new-york-knicks-2024-25-rise-icon-edition-nba-trucker-cap-1W5CgP/C16653C160-NYK
https://www.nike.com/t/oklahoma-city-thunder-2024-25-rise-icon-edition-nba-trucker-cap-1W5CgP/C16653C160-OKC
https://www.nike.com/t/orlando-magic-2024-25-rise-icon-edition-nba-trucker-cap-1W5CgP/C16653C160-OLM
https://www.nike.com/t/philadelphia-76ers-2024-25-rise-icon-edition-nba-trucker-cap-1W5CgP/C16653C160-PHI
https://www.nike.com/t/phoenix-suns-2024-25-rise-icon-edition-nba-trucker-cap-1W5CgP/C16653C160-PHX
https://www.nike.com/t/portland-trail-blazers-2024-25-rise-icon-edition-nba-trucker-cap-1W5CgP/C16653C160-POR
https://www.nike.com/t/sacramento-kings-2024-25-rise-icon-edition-nba-trucker-cap-1W5CgP/C16653C160-SAC
https://www.nike.com/t/san-antonio-spurs-2024-25-rise-icon-edition-nba-trucker-cap-1W5CgP/C16653C160-SAS
https://www.nike.com/t/team-13-rise-icon-edition-wnba-trucker-cap-1W5CgP/C16653C160-T13
https://www.nike.com/t/team-31-rise-icon-edition-nba-trucker-cap-1W5CgP/C16653C160-T31
https://www.nike.com/t/toronto-raptors-2024-25-rise-icon-edition-nba-trucker-cap-1W5CgP/C16653C160-TOR
https://www.nike.com/t/utah-jazz-2024-25-rise-icon-edition-nba-trucker-cap-1W5CgP/C16653C160-UTA
https://www.nike.com/t/washington-wizards-2024-25-rise-icon-edition-nba-trucker-cap-1W5CgP/C16653C160-WAS
https://www.nike.com/t/atlanta-hawks-2024-25-club-city-edition-nba-cap-rtkx9H/C16654C161-ATL
https://www.nike.com/t/brooklyn-nets-2024-25-club-city-edition-nba-cap-rtkx9H/C16654C161-BKN
https://www.nike.com/t/boston-celtics-2024-25-club-city-edition-nba-cap-rtkx9H/C16654C161-BOS
https://www.nike.com/t/charlotte-hornets-2024-25-club-city-edition-nba-cap-rtkx9H/C16654C161-CHA
https://www.nike.com/t/chicago-bulls-2024-25-club-city-edition-nba-cap-rtkx9H/C16654C161-CHI
https://www.nike.com/t/cleveland-cavaliers-2024-25-club-city-edition-nba-cap-rtkx9H/C16654C161-CLE
https://www.nike.com/t/dallas-mavericks-2024-25-club-city-edition-nba-cap-rtkx9H/C16654C161-DAL
https://www.nike.com/t/denver-nuggets-2024-25-club-city-edition-nba-cap-rtkx9H/C16654C161-DEN
https://www.nike.com/t/detroit-pistons-2024-25-club-city-edition-nba-cap-rtkx9H/C16654C161-DET
https://www.nike.com/t/golden-state-warriors-2024-25-club-city-edition-nba-cap-rtkx9H/C16654C161-GSW
https://www.nike.com/t/houston-rockets-2024-25-club-city-edition-nba-cap-rtkx9H/C16654C161-HOU
https://www.nike.com/t/indiana-pacers-2024-25-club-city-edition-nba-cap-rtkx9H/C16654C161-IND
https://www.nike.com/t/la-clippers-2024-25-club-city-edition-nba-cap-rtkx9H/C16654C161-LAC
https://www.nike.com/t/los-angeles-lakers-2024-25-club-city-edition-nba-cap-rtkx9H/C16654C161-LAL
https://www.nike.com/t/memphis-grizzlies-2024-25-club-city-edition-nba-cap-rtkx9H/C16654C161-MEM
https://www.nike.com/t/miami-heat-2024-25-club-city-edition-nba-cap-rtkx9H/C16654C161-MIA
https://www.nike.com/t/milwaukee-bucks-2024-25-club-city-edition-nba-cap-rtkx9H/C16654C161-MIL
https://www.nike.com/t/minnesota-timberwolves-2024-25-club-city-edition-nba-cap-rtkx9H/C16654C161-MIN
https://www.nike.com/t/new-orleans-pelicans-2024-25-club-city-edition-nba-cap-rtkx9H/C16654C161-NOP
https://www.nike.com/t/new-york-knicks-2024-25-club-city-edition-nba-cap-rtkx9H/C16654C161-NYK
https://www.nike.com/t/oklahoma-city-thunder-2024-25-club-city-edition-nba-cap-rtkx9H/C16654C161-OKC
https://www.nike.com/t/orlando-magic-2024-25-club-city-edition-nba-cap-rtkx9H/C16654C161-OLM
https://www.nike.com/t/philadelphia-76ers-2024-25-club-city-edition-nba-cap-rtkx9H/C16654C161-PHI
https://www.nike.com/t/phoenix-suns-2024-25-club-city-edition-nba-cap-rtkx9H/C16654C161-PHX
https://www.nike.com/t/portland-trail-blazers-2024-25-club-city-edition-nba-cap-rtkx9H/C16654C161-POR
https://www.nike.com/t/sacramento-kings-2024-25-club-city-edition-nba-cap-rtkx9H/C16654C161-SAC
https://www.nike.com/t/san-antonio-spurs-2024-25-club-city-edition-nba-cap-rtkx9H/C16654C161-SAS
https://www.nike.com/t/toronto-raptors-2024-25-club-city-edition-nba-cap-rtkx9H/C16654C161-TOR
https://www.nike.com/t/utah-jazz-2024-25-club-city-edition-nba-cap-rtkx9H/C16654C161-UTA
https://www.nike.com/t/washington-wizards-2024-25-club-city-edition-nba-cap-rtkx9H/C16654C161-WAS
https://www.nike.com/t/golden-state-warriors-rise-hardwood-classics-nba-adjustable-cap-Qd9c91/C16655C163-GSW
https://www.nike.com/t/memphis-grizzlies-rise-hardwood-classics-nba-adjustable-cap-Qd9c91/C16655C163-MEM
https://www.nike.com/t/sacramento-kings-rise-hardwood-classics-nba-adjustable-cap-Qd9c91/C16655C163-SAC
https://www.nike.com/t/toronto-raptors-rise-hardwood-classics-nba-adjustable-cap-Qd9c91/C16655C163-TOR
https://www.nike.com/t/brooklyn-nets-rise-nba-adjustable-cap-FLTdMQ/C16656C164-BKN
https://www.nike.com/t/boston-celtics-rise-nba-adjustable-cap-FLTdMQ/C16656C164-BOS
https://www.nike.com/t/chicago-bulls-rise-nba-adjustable-cap-FLTdMQ/C16656C164-CHI
https://www.nike.com/t/dallas-mavericks-rise-nba-adjustable-cap-FLTdMQ/C16656C164-DAL
https://www.nike.com/t/golden-state-warriors-rise-nba-adjustable-cap-FLTdMQ/C16656C164-GSW
https://www.nike.com/t/los-angeles-lakers-rise-nba-adjustable-cap-FLTdMQ/C16656C164-LAL
https://www.nike.com/t/memphis-grizzlies-rise-nba-adjustable-cap-FLTdMQ/C16656C164-MEM
https://www.nike.com/t/miami-heat-rise-nba-adjustable-cap-FLTdMQ/C16656C164-MIA
https://www.nike.com/t/milwaukee-bucks-rise-nba-adjustable-cap-FLTdMQ/C16656C164-MIL
https://www.nike.com/t/new-york-knicks-rise-nba-adjustable-cap-FLTdMQ/C16656C164-NYK
https://www.nike.com/t/philadelphia-76ers-rise-nba-adjustable-cap-FLTdMQ/C16656C164-PHI
https://www.nike.com/t/phoenix-suns-rise-nba-adjustable-cap-FLTdMQ/C16656C164-PHX
https://www.nike.com/t/surge-elite-composite-a-m-lacrosse-handle-bRK3MW/CAX4SE-010
https://www.nike.com/t/jordan-jumpman-mens-t-shirt-208CL7/CJ0921-011
https://www.nike.com/t/jordan-jumpman-mens-t-shirt-208CL7/CJ0921-091
https://www.nike.com/t/jordan-jumpman-mens-t-shirt-208CL7/CJ0921-100
https://www.nike.com/t/jordan-jumpman-mens-t-shirt-208CL7/CJ0921-687
https://www.nike.com/t/florida-gators-primetime-logo-menst-shirt-zXtpd5/CLEVGGTN1992KX-FLO
https://www.nike.com/t/michigan-wolverines-primetime-logo-menst-shirt-zXtpd5/CLEVGGTN1992KX-MIC
https://www.nike.com/t/oklahoma-sooners-primetime-logo-menst-shirt-zXtpd5/CLEVGGTN1992KX-OKL
https://www.nike.com/t/florida-gators-primetime-wordmark-mens-jordant-shirt-lJQDRG/CLEVGGTN19942Q-FLO
https://www.nike.com/t/michigan-wolverines-primetime-wordmark-mens-jordant-shirt-lJQDRG/CLEVGGTN19942Q-MIC
https://www.nike.com/t/arizona-wildcats-primetime-wordmark-menst-shirt-WxPThC/CLEVGGTN199UY7-ARI
https://www.nike.com/t/florida-state-seminoles-primetime-wordmark-menst-shirt-WxPThC/CLEVGGTN199UY7-FLO
https://www.nike.com/t/michigan-wolverines-primetime-wordmark-menst-shirt-WxPThC/CLEVGGTN199UY7-MIC
https://www.nike.com/t/penn-state-nittany-lions-primetime-wordmark-menst-shirt-WxPThC/CLEVGGTN199UY7-PSU
https://www.nike.com/t/stanford-cardinal-primetime-wordmark-menst-shirt-WxPThC/CLEVGGTN199UY7-STA
https://www.nike.com/t/ucla-bruins-primetime-wordmark-menst-shirt-WxPThC/CLEVGGTN199UY7-UCL
https://www.nike.com/t/north-carolina-tar-heels-primetime-wordmark-menst-shirt-WxPThC/CLEVGGTN199UY7-UNC
https://www.nike.com/t/west-virginia-mountaineers-primetime-wordmark-menst-shirt-WxPThC/CLEVGGTN199UY7-WVU
https://www.nike.com/t/north-carolina-tar-heels-mens-dri-fitgame-jersey-KwZrZh/CLEVGRJJC2FUNC-NC2
https://www.nike.com/t/florida-gators-replica-mens-jordan-brandbasketball-jersey-h2X8Px/CLEVGRJJCBJFLO-FLO
https://www.nike.com/t/michigan-wolverines-replica-mens-jordan-brandbasketball-jersey-fkMtN4/CLEVGRJJCBJMIC-MI1
https://www.nike.com/t/michigan-wolverines-replica-mens-jordan-brandbasketball-jersey-fkMtN4/CLEVGRJJCBJMIC-MI2
https://www.nike.com/t/michigan-wolverines-replica-mens-jordan-brandbasketball-jersey-fkMtN4/CLEVGRJJCBJMIC-MIC
https://www.nike.com/t/oklahoma-sooners-replica-mens-jordan-brandbasketball-jersey-cxz1SX/CLEVGRJJCBJOKL-OKL
https://www.nike.com/t/ucla-bruins-replica-mens-jordan-brandbasketball-jersey-VnqNkw/CLEVGRJJCBJUCL-UCL
https://www.nike.com/t/north-carolina-tar-heels-replica-mens-jordan-brandbasketball-jersey-Wkr5VJ/CLEVGRJJCBJUNC-NC1
https://www.nike.com/t/north-carolina-tar-heels-replica-mens-jordan-brandbasketball-jersey-Wkr5VJ/CLEVGRJJCBJUNC-NC2
https://www.nike.com/t/north-carolina-tar-heels-replica-mens-jordan-brandbasketball-jersey-Wkr5VJ/CLEVGRJJCBJUNC-NC3
https://www.nike.com/t/north-carolina-tar-heels-replica-mens-jordan-brandbasketball-jersey-Wkr5VJ/CLEVGRJJCBJUNC-UNC
https://www.nike.com/t/arizona-wildcats-mens-dri-fitgame-jersey-WWc4k6/CLEVGRJNC2FARI-ARI
https://www.nike.com/t/duke-blue-devils-mens-dri-fitgame-jersey-BB7sJf/CLEVGRJNC2FDUK-DUK
https://www.nike.com/t/florida-state-seminoles-mens-dri-fitgame-jersey-lgQ0SL/CLEVGRJNC2FFSU-FS2
https://www.nike.com/t/florida-state-seminoles-mens-dri-fitgame-jersey-lgQ0SL/CLEVGRJNC2FFSU-FSU
https://www.nike.com/t/lsu-tigers-mens-dri-fitgame-jersey-bPDWLN/CLEVGRJNC2FLSU-LS2
https://www.nike.com/t/lsu-tigers-mens-dri-fitgame-jersey-bPDWLN/CLEVGRJNC2FLSU-LSU
https://www.nike.com/t/penn-state-nittany-lions-mens-dri-fitgame-jersey-12SKTg/CLEVGRJNC2FPSU-PSU
https://www.nike.com/t/usc-2024-home-mens-football-MTCbTg/CLEVGRJNC2FUSC-U24
https://www.nike.com/t/west-virginia-mountaineers-mens-dri-fitgame-jersey-421xwD/CLEVGRJNC2FWVU-WVU
https://www.nike.com/t/arizona-wildcats-replica-mensbasketball-jersey-Hj3WQx/CLEVGRJNCBJARI-ARI
https://www.nike.com/t/clemson-tigers-replica-mensbasketball-jersey-32v9hv/CLEVGRJNCBJCLM-CLM
https://www.nike.com/t/duke-blue-devils-replica-mensbasketball-jersey-LK8lkQ/CLEVGRJNCBJDUK-DU1
https://www.nike.com/t/duke-blue-devils-replica-mensbasketball-jersey-LK8lkQ/CLEVGRJNCBJDUK-DU2
https://www.nike.com/t/florida-state-seminoles-replica-mensbasketball-jersey-NpHxjS/CLEVGRJNCBJFSU-FS2
https://www.nike.com/t/georgia-bulldogs-replica-mensbasketball-jersey-pCk3jp/CLEVGRJNCBJGEO-GEO
https://www.nike.com/t/iowa-hawkeyes-replica-mensbasketball-jersey-4vB5zL/CLEVGRJNCBJIOW-IOW
https://www.nike.com/t/kentucky-wildcats-replica-mensbasketball-jersey-9RsbVW/CLEVGRJNCBJKEN-KE1
https://www.nike.com/t/kentucky-wildcats-replica-mensbasketball-jersey-9RsbVW/CLEVGRJNCBJKEN-KE2
https://www.nike.com/t/kentucky-wildcats-replica-mensbasketball-jersey-9RsbVW/CLEVGRJNCBJKEN-KEN
https://www.nike.com/t/lsu-tigers-replica-mensbasketball-jersey-TlkzwG/CLEVGRJNCBJLSU-LSU
https://www.nike.com/t/michigan-state-spartans-replica-mensbasketball-jersey-8CrTLZ/CLEVGRJNCBJMSU-MS1
https://www.nike.com/t/michigan-state-spartans-replica-mensbasketball-jersey-8CrTLZ/CLEVGRJNCBJMSU-MS2
https://www.nike.com/t/michigan-state-spartans-replica-mensbasketball-jersey-8CrTLZ/CLEVGRJNCBJMSU-MSU
https://www.nike.com/t/tennessee-volunteers-replica-mensbasketball-jersey-sl3Rlt/CLEVGRJNCBJTEN-TEN
https://www.nike.com/t/texas-longhorns-replica-mensbasketball-jersey-vpx51F/CLEVGRJNCBJTEX-TEX
https://www.nike.com/t/michigan-state-spartans-primetime-wordmark-menst-shirt-mpsL6M/CLEVGTN199UY7-MSU
https://www.nike.com/t/michigan-wolverines-legacy-elevated-logo-womenscropped-1-4-zip-crew-k1DQx2/CLF24FT01N9E3J-MIC
https://www.nike.com/t/alabama-crimson-tide-sideline-team-issue-club-menspullover-hoodie-vmlpB8/CLF24FT02F25AT-ALA
https://www.nike.com/t/clemson-tigers-sideline-team-issue-club-menspullover-hoodie-vmlpB8/CLF24FT02F25AT-CLM
https://www.nike.com/t/florida-state-seminoles-sideline-team-issue-club-menspullover-hoodie-vmlpB8/CLF24FT02F25AT-FSU
https://www.nike.com/t/georgia-bulldogs-sideline-team-issue-club-menspullover-hoodie-vmlpB8/CLF24FT02F25AT-GEO
https://www.nike.com/t/ohio-state-buckeyes-sideline-team-issue-club-menspullover-hoodie-vmlpB8/CLF24FT02F25AT-OHI
https://www.nike.com/t/penn-state-nittany-lions-sideline-team-issue-club-menspullover-hoodie-vmlpB8/CLF24FT02F25AT-PSU
https://www.nike.com/t/usc-trojans-sideline-team-issue-club-menspullover-hoodie-vmlpB8/CLF24FT02F25AT-USC
https://www.nike.com/t/florida-gators-sideline-team-issue-club-menspullover-hoodie-zNRC8b/CLF24FT02F25TV-FLO
https://www.nike.com/t/michigan-wolverines-sideline-team-issue-club-menspullover-hoodie-zNRC8b/CLF24FT02F25TV-MIC
https://www.nike.com/t/north-carolina-tar-heels-sideline-team-issue-club-menspullover-hoodie-zNRC8b/CLF24FT02F25TV-UNC
https://www.nike.com/t/florida-gators-on-field-featherlight-mens-dri-fitadjustable-hat-41Lf0m/CLF24HWJC192MA-FLO
https://www.nike.com/t/michigan-state-spartans-primetime-peak-menscuffed-pom-beanie-3dzWT2/CLF24HWNC34X46-MSU
https://www.nike.com/t/usc-trojans-primetime-peak-menscuffed-pom-beanie-3dzWT2/CLF24HWNC34X46-USC
https://www.nike.com/t/oregon-ducks-legacy-club-menspolo-K85zdr/CLF24PO027CKS5-ORE
https://www.nike.com/t/georgia-bulldogs-legacy-essential-mensshorts-90zVNT/CLF24SH027D1AD-GEO
https://www.nike.com/t/michigan-wolverines-legacy-essential-mensshorts-90zVNT/CLF24SH027D1AD-MIC
https://www.nike.com/t/oregon-ducks-legacy-essential-mensshorts-90zVNT/CLF24SH027D1AD-ORE
https://www.nike.com/t/menst-shirt-michigan-wolverines-blitz-Jc9bc9/CLU24GTN199UZE-MIC
https://www.nike.com/t/menst-shirt-oklahoma-sooners-blitz-Jc9bc9/CLU24GTN199UZE-OKL
https://www.nike.com/t/menst-shirt-ucla-bruins-blitz-Jc9bc9/CLU24GTN199UZE-UCL
https://www.nike.com/t/menst-shirt-north-carolina-tar-heels-blitz-Jc9bc9/CLU24GTN199UZE-UNC
https://www.nike.com/t/florida-gators-blitz-mens-dri-fitlong-sleeve-hooded-t-shirt-KQrkLF/CLU24TP0JNBVRK-FLO
https://www.nike.com/t/michigan-wolverines-blitz-mens-dri-fitlong-sleeve-hooded-t-shirt-KQrkLF/CLU24TP0JNBVRK-MIC
https://www.nike.com/t/react-gato-indoor-court-low-top-soccer-shoes-7rKX9f/CT0550-601
https://www.nike.com/t/ryz-365-2-womens-shoes-RHv33t/CU4874-005
https://www.nike.com/t/ryz-365-2-womens-shoes-RHv33t/CU4874-102
https://www.nike.com/t/court-vision-mid-mens-shoes-K8pNkX/CU6620-001
https://www.nike.com/t/dri-fit-gardien-1-goalkeeper-mens-soccer-pants-bT2qdk/CV0045-010
https://www.nike.com/t/giannis-antetokounmpo-bucks-icon-edition-2020-mens-nba-authentic-jersey-X57gV2/CW3451-324
https://www.nike.com/t/air-jordan-1-low-game-royal-big-kids-shoes-okM0xegA/CZ0858-140
https://www.nike.com/t/react-sfb-carbon-low-mens-elite-outdoor-shoes-3xfJmb/CZ7399-005
https://www.nike.com/t/react-sfb-carbon-low-mens-elite-outdoor-shoes-3xfJmb/CZ7399-006
https://www.nike.com/t/therma-fit-victory-womens-long-sleeve-1-2-zip-golf-top-gF7lfH/DA3236-010
https://www.nike.com/t/therma-fit-victory-womens-long-sleeve-1-2-zip-golf-top-gF7lfH/DA3236-100
https://www.nike.com/t/acg-cinder-cone-mens-windproof-jacket-hqhGBC/DB0978-009
https://www.nike.com/t/acg-cinder-cone-mens-windproof-jacket-hqhGBC/DB0978-480
https://www.nike.com/t/dodge-lacrosse-duffel-bag-large-Cc1sZ5/DBDG-010
https://www.nike.com/t/nikecourt-mens-tennis-jacket-PFrCzF/DC0620-430
https://www.nike.com/t/dallas-cowboys-d4k-dak-prescott-mens-pullover-hoodie-0C2Mfn/DC220810260-200
https://www.nike.com/t/repel-park-womens-synthetic-fill-soccer-jacket-m2bTgk/DC8036-010
https://www.nike.com/t/air-max-goaterra-2-mens-boots-5mjdGp/DD5016-200
https://www.nike.com/t/dri-fit-victory-mens-striped-golf-polo-m4nDHs/DH0835-010
https://www.nike.com/t/us-mens-1-2-zip-hoodie-6Hss4w/DH4910-010
https://www.nike.com/t/made-in-the-usa-mens-full-zip-hoodie-DCTFj3/DH5042-247
https://www.nike.com/t/dri-fit-duke-zion-williamson-mens-MC0NlM/DH7928-010
https://www.nike.com/t/tawa-se-mens-wrestling-shoes-VVM1GQ/DJ4474-900
https://www.nike.com/t/zoom-hyperspeed-court-se-volleyball-shoes-m4Fqj0/DJ4476-900
https://www.nike.com/t/caitlin-clark-indiana-fever-explorer-edition-dri-fit-wnba-victory-jersey-sV8blJ/DJ4568-422
https://www.nike.com/t/los-angeles-sparks-explorer-edition-dri-fit-wnba-victory-jersey-wg1QP2/DJ4571-506
https://www.nike.com/t/alpha-huarache-varsity-4-low-mens-baseball-cleats-q4tT0B/DJ6516-001
https://www.nike.com/t/alpha-huarache-varsity-4-low-mens-baseball-cleats-q4tT0B/DJ6516-002
https://www.nike.com/t/alpha-huarache-varsity-4-low-mens-baseball-cleats-q4tT0B/DJ6516-101
https://www.nike.com/t/alpha-huarache-varsity-4-low-mens-baseball-cleats-q4tT0B/DJ6516-102
https://www.nike.com/t/alpha-huarache-varsity-4-low-mens-baseball-cleats-q4tT0B/DJ6516-105
https://www.nike.com/t/alpha-huarache-nxt-mcs-mens-baseball-cleats-n1JPFt/DJ6519-002
https://www.nike.com/t/alpha-huarache-nxt-mcs-mens-baseball-cleats-n1JPFt/DJ6519-003
https://www.nike.com/t/alpha-huarache-nxt-mcs-mens-baseball-cleats-n1JPFt/DJ6519-105
https://www.nike.com/t/alpha-huarache-nxt-mcs-mens-baseball-cleats-n1JPFt/DJ6519-106
https://www.nike.com/t/alpha-huarache-nxt-mcs-mens-baseball-cleats-n1JPFt/DJ6519-107
https://www.nike.com/t/sportswear-essentials-sling-bag-8l-2gM57K/DJ9796-247
https://www.nike.com/t/air-jordan-3-retro-black-cat-big-kids-shoes-8SXlSb/DM0967-001
https://www.nike.com/t/air-jordan-3-retro-black-cement-big-kids-shoes-8SXlSb/DM0967-010
https://www.nike.com/t/jordan-3-retro-black-cat-baby-toddler-shoes-7JpdBh/DM0968-001
https://www.nike.com/t/dallas-mavericks-icon-edition-2022-23-mens-dri-fit-nba-swingman-jersey-PDV5Hq/DN2002-485
https://www.nike.com/t/indiana-pacers-association-edition-2022-23-mens-dri-fit-nba-swingman-jersey-qKXjr7/DN2079-103
https://www.nike.com/t/minnesota-timberwolves-association-edition-2022-23-mens-dri-fit-nba-swingman-jersey-cmQzvG/DN2085-105
https://www.nike.com/t/new-york-knicks-association-edition-2022-23-mens-dri-fit-nba-swingman-jersey-RH4T4D/DN2087-104
https://www.nike.com/t/oklahoma-city-thunder-association-edition-2022-23-mens-dri-fit-nba-swingman-jersey-VKWMmq/DN2088-100
https://www.nike.com/t/mercurial-hardshell-soccer-shin-guards-8nsvVM/DN3614-850
https://www.nike.com/t/dunk-low-big-kids-shoes-x6Nw8xKa/DO6485-600
https://www.nike.com/t/boston-celtics-statement-edition-mens-jordan-dri-fit-nba-swingman-jersey-CDv5xT/DO9519-012
https://www.nike.com/t/milwaukee-bucks-statement-edition-mens-jordan-dri-fit-nba-swingman-jersey-rW6J6C/DO9533-010
https://www.nike.com/t/minnesota-timberwolves-statement-edition-mens-jordan-dri-fit-nba-swingman-jersey-6GbT4N/DO9534-065
https://www.nike.com/t/san-antonio-spurs-statement-edition-mens-jordan-dri-fit-nba-swingman-jersey-70gD5H/DO9543-014
https://www.nike.com/t/utah-jazz-statement-edition-mens-jordan-dri-fit-nba-swingman-jersey-kXRZ15/DO9545-015
https://www.nike.com/t/utah-jazz-statement-edition-mens-jordan-dri-fit-nba-swingman-jersey-kXRZ15/DO9545-017
https://www.nike.com/t/air-max-1-86-premium-mens-shoes-CgQJFm/DQ3989-103
https://www.nike.com/t/zenvy-womens-gentle-support-high-waisted-8-biker-shorts-p4HMh0/DQ6003-237
https://www.nike.com/t/lebron-witness-7-little-kids-shoes-CT9KvM/DQ8647-003
https://www.nike.com/t/offcourt-adjust-mens-slides-n7mcwr/DQ9624-005
https://www.nike.com/t/offcourt-adjust-mens-slides-n7mcwr/DQ9624-100
https://www.nike.com/t/zoom-mamba-6-track-field-distance-spikes-lrzr1g/DR2733-102
https://www.nike.com/t/zoom-mamba-6-track-field-distance-spikes-lrzr1g/DR2733-601
https://www.nike.com/t/ja-fly-4-track-and-field-sprinting-spikes-hcvHZn/DR2741-102
https://www.nike.com/t/ja-fly-4-track-and-field-sprinting-spikes-hcvHZn/DR2741-601
https://www.nike.com/t/us-academy-pro-womens-dri-fit-soccer-top-sdH72R/DR5046-670
https://www.nike.com/t/jordan-1-low-alt-little-kids-shoes-w9HO9jOz/DR9748-042
https://www.nike.com/t/jordan-1-low-alt-little-kids-shoes-w9HO9jOz/DR9748-043
https://www.nike.com/t/jordan-1-low-alt-little-kids-shoes-w9HO9jOz/DR9748-067
https://www.nike.com/t/jordan-1-low-alt-little-kids-shoes-w9HO9jOz/DR9748-092
https://www.nike.com/t/jordan-1-low-alt-little-kids-shoes-w9HO9jOz/DR9748-152
https://www.nike.com/t/jordan-1-low-alt-little-kids-shoes-w9HO9jOz/DR9748-161
https://www.nike.com/t/jordan-1-low-alt-little-kids-shoes-w9HO9jOz/DR9748-608
https://www.nike.com/t/offcourt-adjust-womens-slides-PLGCnm/DV1033-002
https://www.nike.com/t/jordan-1-mid-se-baby-toddler-shoes-W79Fqc/DV1338-004
https://www.nike.com/t/jordan-1-mid-se-little-kids-shoes-QSTrdx/DV1339-004
https://www.nike.com/t/nikecourt-vapor-lite-2-womens-hard-court-tennis-shoes-xF3fQg/DV2019-110
https://www.nike.com/t/air-jordan-7-retro-big-kids-shoes-wjVXr8/DV2255-400
https://www.nike.com/t/jordan-7-retro-baby-toddler-shoes-TBsXXk/DV2256-400
https://www.nike.com/t/jordan-7-retro-little-kids-shoes-4L7H3m/DV2257-400
https://www.nike.com/t/rafa-challenger-mens-dri-fit-short-sleeve-tennis-top-JK46Dz/DV2887-376
https://www.nike.com/t/rafa-challenger-mens-dri-fit-short-sleeve-tennis-top-JK46Dz/DV2887-777
https://www.nike.com/t/dri-fit-academy-big-kids-soccer-drill-top-BPcV78/DX5470-061
https://www.nike.com/t/storm-fit-academy-big-kids-soccer-rain-jacket-bd3jPz/DX5494-010
https://www.nike.com/t/sportswear-air-mens-woven-over-shirt-top-4jNS7p/DX7868-012
https://www.nike.com/t/sportswear-air-mens-woven-cargo-pants-jWkt1J/DX8052-133
https://www.nike.com/t/joel-embiid-philadelphia-76ers-2023-24-association-edition-mens-dri-fit-nba-swingman-jersey-7PP7sx/DX8472-101
https://www.nike.com/t/tyrese-maxey-philadelphia-76ers-2023-24-association-edition-mens-dri-fit-nba-swingman-jersey-7PP7sx/DX8472-103
https://www.nike.com/t/brooklyn-nets-2023-24-city-edition-mens-dri-fit-nba-swingman-shorts-2JK3h6/DX8694-010
https://www.nike.com/t/vapor-select-2-big-kids-high-baseball-pants-HTrQhG/DX9168-012
https://www.nike.com/t/vapor-select-2-big-kids-high-baseball-pants-HTrQhG/DX9168-100
https://www.nike.com/t/vapor-select-2-big-kids-high-piped-baseball-pants-Zr4Sd3/DX9169-014
https://www.nike.com/t/vapor-select-2-big-kids-high-piped-baseball-pants-Zr4Sd3/DX9169-015
https://www.nike.com/t/vapor-select-2-big-kids-high-piped-baseball-pants-Zr4Sd3/DX9169-100
https://www.nike.com/t/vapor-select-2-big-kids-piped-baseball-pants-9ZPG3n/DX9171-012
https://www.nike.com/t/vapor-select-2-big-kids-piped-baseball-pants-9ZPG3n/DX9171-014
https://www.nike.com/t/vapor-select-2-big-kids-piped-baseball-pants-9ZPG3n/DX9171-101
https://www.nike.com/t/vapor-select-2-big-kids-piped-baseball-pants-9ZPG3n/DX9171-102
https://www.nike.com/t/zeus-edge-mirrored-sunglasses-ZTGNGg/EV24030-410
https://www.nike.com/t/zeus-edge-mirrored-sunglasses-ZTGNGg/EV24030-700
https://www.nike.com/t/zeus-edge-road-tint-sunglasses-SW95Wp/EV24031-891
https://www.nike.com/t/zeus-edge-polarized-sunglasses-8jmVTh/EV24032-010
https://www.nike.com/t/flyfree-shield-polarized-sunglasses-xxQv9r/EV24035-410
https://www.nike.com/t/force-zoom-trout-9-elite-baseball-cleats-r4Q245/FB2906-003
https://www.nike.com/t/force-zoom-trout-9-elite-baseball-cleats-r4Q245/FB2906-101
https://www.nike.com/t/force-zoom-trout-9-elite-baseball-cleats-r4Q245/FB2906-102
https://www.nike.com/t/force-zoom-trout-9-elite-baseball-cleats-r4Q245/FB2906-105
https://www.nike.com/t/force-zoom-trout-9-pro-baseball-cleats-7t3QD9/FB2907-003
https://www.nike.com/t/force-zoom-trout-9-pro-baseball-cleats-7t3QD9/FB2907-101
https://www.nike.com/t/force-zoom-trout-9-pro-baseball-cleats-7t3QD9/FB2907-102
https://www.nike.com/t/force-zoom-trout-9-pro-baseball-cleats-7t3QD9/FB2907-103
https://www.nike.com/t/force-zoom-trout-9-pro-baseball-cleats-7t3QD9/FB2907-104
https://www.nike.com/t/dri-fit-club-unstructured-acg-cap-HZcmJ4/FB6533-010
https://www.nike.com/t/totality-mens-dri-fit-tapered-versatile-pants-gtZC8L/FB7509-010
https://www.nike.com/t/totality-mens-dri-fit-tapered-versatile-pants-gtZC8L/FB7509-084
https://www.nike.com/t/life-mens-long-sleeve-chamois-field-shirt-hmMPv8/FB7742-060
https://www.nike.com/t/acg-smith-summit-womens-zip-off-pants-6rkHLP/FB7883-010
https://www.nike.com/t/force-trout-9-keystone-baseball-cleats-knC3Jd/FB9728-003
https://www.nike.com/t/force-trout-9-keystone-baseball-cleats-knC3Jd/FB9728-004
https://www.nike.com/t/force-trout-9-keystone-baseball-cleats-knC3Jd/FB9728-102
https://www.nike.com/t/force-trout-9-keystone-baseball-cleats-knC3Jd/FB9728-103
https://www.nike.com/t/force-trout-9-keystone-baseball-cleats-knC3Jd/FB9728-104
https://www.nike.com/t/force-trout-9-keystone-baseball-cleats-knC3Jd/FB9728-105
https://www.nike.com/t/force-trout-9-keystone-big-kids-baseball-cleats-nL7ktxCP/FB9731-003
https://www.nike.com/t/force-trout-9-keystone-big-kids-baseball-cleats-nL7ktxCP/FB9731-004
https://www.nike.com/t/force-trout-9-keystone-big-kids-baseball-cleats-nL7ktxCP/FB9731-101
https://www.nike.com/t/force-trout-9-keystone-big-kids-baseball-cleats-nL7ktxCP/FB9731-102
https://www.nike.com/t/force-trout-9-keystone-big-kids-baseball-cleats-nL7ktxCP/FB9731-103
https://www.nike.com/t/force-trout-9-keystone-big-kids-baseball-cleats-nL7ktxCP/FB9731-104
https://www.nike.com/t/force-trout-9-keystone-big-kids-baseball-cleats-nL7ktxCP/FZ8656-300
https://www.nike.com/t/sportswear-club-essentials-womens-t-shirt-plus-size-mpZQyESq/FD0646-100
https://www.nike.com/t/sportswear-club-essentials-womens-t-shirt-plus-size-mpZQyESq/FD0646-645
https://www.nike.com/t/air-force-1-lv8-big-kids-shoes-TfYBodJv/FD1031-600
https://www.nike.com/t/force-1-lv8-little-kids-shoes-TfYBodJv/FD1032-600
https://www.nike.com/t/force-1-lv8-baby-toddler-shoes-TfYBodJv/FD1033-600
https://www.nike.com/t/echo-shield-mirrored-sunglasses-HZKchr/FD1884-750
https://www.nike.com/t/dri-fit-multi-big-kids-boys-long-sleeve-top-JBB9g3/FD3925-100
https://www.nike.com/t/nikecourt-advantage-mens-dri-fit-tennis-jacket-l9hH2Q/FD5341-478
https://www.nike.com/t/rafa-mens-dri-fit-adv-short-sleeve-tennis-top-l5VSMm/FD5409-777
https://www.nike.com/t/tour-mens-dri-fit-adv-golf-polo-5cH9sM/FD5731-325
https://www.nike.com/t/vapor-dynamic-fit-soccer-goalkeeper-gloves-TvZX1r/FD5766-420
https://www.nike.com/t/tour-mens-dri-fit-striped-golf-polo-9F1VMq/FD5931-405
https://www.nike.com/t/maxfly-2-track-field-sprinting-spikes-fBfStC/FD8395-102
https://www.nike.com/t/maxfly-2-track-field-sprinting-spikes-fBfStC/FD8395-600
https://www.nike.com/t/maxfly-2-track-field-sprinting-spikes-fBfStC/HQ2058-600
https://www.nike.com/t/phoenix-suns-standard-issue-courtside-mens-dri-fit-nba-hoodie-KzZnhP/FD8602-566
https://www.nike.com/t/usmnt-2024-match-home-big-kids-dri-fit-adv-soccer-authentic-jersey-cNkqR6/FJ1527-100
https://www.nike.com/t/victory-tour-3-x-eastside-golf-golf-shoes-H5CsDQ/FJ2241-101
https://www.nike.com/t/dri-fit-mens-running-t-shirt-LcNlt3/FJ2362-010
https://www.nike.com/t/dri-fit-mens-running-t-shirt-LcNlt3/FJ2362-121
https://www.nike.com/t/phantom-gx-2-pro-tf-low-top-soccer-shoes-qsssR4/FJ2583-002
https://www.nike.com/t/phantom-gx-2-pro-tf-low-top-soccer-shoes-qsssR4/FJ2583-300
https://www.nike.com/t/jr-phantom-luna-2-club-little-big-kids-tf-high-top-soccer-shoes-s6q6HC/FJ2607-300
https://www.nike.com/t/usmnt-academy-pro-big-kids-dri-fit-soccer-crew-neck-long-sleeve-top-qPFrHF/FJ3103-100
https://www.nike.com/t/usmnt-2024-stadium-home-big-kids-dri-fit-soccer-replica-shorts-WQlRSN/FJ4428-417
https://www.nike.com/t/therma-fit-academy-big-kids-soccer-drill-top-0G4l5x/FJ6181-010
https://www.nike.com/t/usmnt-club-mens-soccer-french-terry-joggers-BS8X6f/FJ7274-417
https://www.nike.com/t/brazil-club-mens-soccer-pants-pbtwKv/FJ7280-455
https://www.nike.com/t/fff-standard-issue-mens-dri-fit-soccer-pullover-hoodie-cWGzZr/FJ7880-714
https://www.nike.com/t/brazil-big-kids-air-soccer-pullover-hoodie-Lkgnfm/FJ8120-744
https://www.nike.com/t/jr-tiempo-legend-10-club-little-kids-tf-low-top-soccer-shoes-1jvs5f/FN1038-600
https://www.nike.com/t/los-angeles-lakers-essential-mens-jordan-nba-long-sleeve-t-shirt-QwWTjK/FN1268-504
https://www.nike.com/t/jordan-hydro-xi-mens-slides-9SMW3f/FN2452-104
https://www.nike.com/t/offcourt-san-francisco-49ers-offcourt-slides-hwcMZb/FN2631-600
https://www.nike.com/t/offcourt-chicago-bears-offcourt-slides-hrLQH7/FN2685-400
https://www.nike.com/t/offcourt-buffalo-bills-offcourt-slides-wnSW8g/FN2687-400
https://www.nike.com/t/offcourt-atlanta-braves-offcourt-slides-f50X7W/FN2695-600
https://www.nike.com/t/offcourt-milwaukee-brewers-offcourt-slides-19SvZL/FN2701-700
https://www.nike.com/t/one-relaxed-womens-dri-fit-long-sleeve-top-plus-size-ehLLVbdd/FN2819-010
https://www.nike.com/t/one-relaxed-womens-dri-fit-long-sleeve-top-plus-size-ehLLVbdd/FN2819-100
https://www.nike.com/t/offcourt-denver-broncos-offcourt-slides-PgF3fV/FN2958-800
https://www.nike.com/t/offcourt-tampa-bay-buccaneers-offcourt-slides-qdxQSz/FN2966-600
https://www.nike.com/t/offcourt-los-angeles-chargers-offcourt-slides-Bcml90/FN2991-400
https://www.nike.com/t/lebron-x-liverpool-fc-mens-dri-fit-dna-8-basketball-shorts-z4jk8s/FN3012-392
https://www.nike.com/t/lebron-x-liverpool-fc-mens-dri-fit-dna-basketball-jersey-652sKK/FN3025-392
https://www.nike.com/t/lebron-james-x-liverpool-fc-mens-standard-issue-dri-fit-1-4-zip-basketball-top-7f02Mv/FN3029-104
https://www.nike.com/t/offcourt-dallas-cowboys-offcourt-slides-WlkBKK/FN3334-001
https://www.nike.com/t/offcourt-miami-dolphins-offcourt-slides-sCGk1W/FN4129-300
https://www.nike.com/t/offcourt-new-york-giants-offcourt-slides-plsZmB/FN4141-600
https://www.nike.com/t/offcourt-cleveland-guardians-offcourt-slides-CvTx6P/FN4144-600
https://www.nike.com/t/offcourt-new-york-jets-offcourt-slides-TMGTt4/FN4146-300
https://www.nike.com/t/offcourt-washington-nationals-offcourt-slides-cR6v2s/FN4300-600
https://www.nike.com/t/offcourt-baltimore-orioles-offcourt-slides-Q0jND1/FN4311-800
https://www.nike.com/t/offcourt-san-diego-padres-offcourt-slides-lN9mpD/FN4314-200
https://www.nike.com/t/offcourt-new-england-patriots-offcourt-slides-5GdP4H/FN4317-400
https://www.nike.com/t/offcourt-los-angeles-rams-offcourt-slides-ZwRJRc/FN4455-400
https://www.nike.com/t/offcourt-texas-rangers-offcourt-slides-gLplCL/FN4456-400
https://www.nike.com/t/offcourt-baltimore-ravens-offcourt-slides-GgZPvB/FN4457-500
https://www.nike.com/t/offcourt-boston-red-sox-offcourt-slides-PfNsR6/FN4460-600
https://www.nike.com/t/offcourt-seattle-seahawks-offcourt-slides-5sj62g/FN4466-300
https://www.nike.com/t/offcourt-minnesota-twins-offcourt-slides-vCnJdj/FN4480-600
https://www.nike.com/t/offcourt-minnesota-vikings-offcourt-slides-Sbz26h/FN4484-500
https://www.nike.com/t/jordan-peak-essential-beanie-dVlGC9/FN4672-010
https://www.nike.com/t/jordan-peak-essential-beanie-dVlGC9/FN4672-223
https://www.nike.com/t/sb-dunk-high-pro-skate-shoes-W6fDZS/FN5107-700
https://www.nike.com/t/lebron-x-liverpool-fc-mens-dri-fit-basketball-tracksuit-N8NjN9/FN7132-104
https://www.nike.com/t/jordan-1-low-alt-little-kids-shoes-c1hSQ3/FN7376-400
https://www.nike.com/t/jordan-1-low-alt-baby-toddler-shoes-xb7FSp/FN7398-400
https://www.nike.com/t/nocta-nocta-big-body-cs-tee-18pdnb/FN7663-382
https://www.nike.com/t/nocta-nocta-big-body-cs-tee-18pdnb/FN7663-698
https://www.nike.com/t/nocta-mens-fleece-cs-crew-DCg4XX/FN8160-010
https://www.nike.com/t/nocta-mens-fleece-cs-crew-DCg4XX/FN8160-063
https://www.nike.com/t/nocta-mens-fleece-cs-crew-DCg4XX/FN8160-382
https://www.nike.com/t/nocta-mens-fleece-cs-crew-DCg4XX/FN8160-667
https://www.nike.com/t/nocta-cardinal-nylon-shorts-Zg29Pc/FN8194-040
https://www.nike.com/t/nocta-cardinal-nylon-shorts-Zg29Pc/FN8194-382
https://www.nike.com/t/fc-barcelona-polo-mens-nike-dri-fit-soccer-polo-rjZRTV/FN8286-418
https://www.nike.com/t/dri-fit-strike-big-kids-soccer-pants-xfCzXr/FN8418-010
https://www.nike.com/t/dri-fit-strike-big-kids-soccer-shorts-Q0PZjw/FN8419-010